[Bootstrap]
SetupTitle=Install
SetupText=Copying Files, please stand by.
CabFile=TQBE.CAB
Spawn=Setup1.exe
Uninstal=st6unst.exe
TmpDir=msftqws.pdw
Cabs=1

[Bootstrap Files]
File1=@VB6STKIT.DLL,$(WinSysPathSysFile),,,6/18/98 12:00:00 AM,102912,6.0.81.69
File2=@COMCAT.DLL,$(WinSysPathSysFile),$(DLLSelfRegister),,5/31/98 12:00:00 AM,22288,4.71.1460.1
File3=@STDOLE2.TLB,$(WinSysPathSysFile),$(TLBRegister),,5/4/01 12:05:02 PM,16896,2.40.4517.0
File4=@ASYCFILT.DLL,$(WinSysPathSysFile),,,5/4/01 12:05:02 PM,143632,2.40.4517.0
File5=@OLEPRO32.DLL,$(WinSysPathSysFile),$(DLLSelfRegister),,5/4/01 12:05:02 PM,164112,5.0.4517.0
File6=@OLEAUT32.DLL,$(WinSysPathSysFile),$(DLLSelfRegister),,5/4/01 12:05:02 PM,626960,2.40.4517.0
File7=@MSVBVM60.DLL,$(WinSysPathSysFile),$(DLLSelfRegister),,12/7/99 12:00:00 PM,1384448,6.0.84.95

[IconGroups]
Group0=TQBE
PrivateGroup0=True
Parent0=$(Programs)

[TQBE]
Icon1="TQBE.exe"
Title1=TQBE
StartIn1=$(AppPath)

[Setup]
Title=TQBE
DefaultDir=$(ProgramFiles)\Project1
AppExe=TQBE.exe
AppToUninstall=TQBE.exe

[Setup1 Files]
File1=@MDAC_TYP.EXE,$(AppPath),,,6/26/98 12:00:00 AM,8124720,4.71.1015.0
File2=@MSSTDFMT.DLL,$(WinSysPath),$(DLLSelfRegister),$(Shared),2/13/02 2:54:16 AM,118784,6.0.81.69
File3=@MSADODC.OCX,$(WinSysPath),$(DLLSelfRegister),$(Shared),3/11/02 11:01:00 PM,118064,6.0.81.71
File4=@COMDLG32.OCX,$(WinSysPath),$(DLLSelfRegister),$(Shared),2/13/02 2:54:18 AM,140096,6.0.81.69
File5=@CacheList.ocx,$(WinSysPath),$(DLLSelfRegister),$(Shared),12/22/00 4:11:24 PM,53248,4.0.818.0
File6=@CacheQuery.ocx,$(WinSysPath),$(DLLSelfRegister),$(Shared),12/22/00 4:11:30 PM,57344,4.0.818.0
File7=@TABCTL32.OCX,$(WinSysPath),$(DLLSelfRegister),$(Shared),2/13/02 2:54:22 AM,209192,6.0.81.69
File8=@MSFLXGRD.OCX,$(WinSysPath),$(DLLSelfRegister),$(Shared),2/13/02 2:54:22 AM,244024,6.0.81.69
File9=@MSCOMCT2.OCX,$(WinSysPath),$(DLLSelfRegister),$(Shared),2/13/02 2:54:24 AM,644400,6.0.81.77
File10=@MSCOMCTL.OCX,$(WinSysPath),$(DLLSelfRegister),$(Shared),2/13/02 2:54:24 AM,1062704,6.0.81.77
File11=@MSBIND.DLL,$(WinSysPath),$(DLLSelfRegister),$(Shared),2/13/02 2:54:26 AM,77824,6.0.81.69
File12=@CacheObject.dll,$(WinSysPath),$(DLLSelfRegister),$(Shared),12/22/00 4:11:16 PM,147456,4.0.818.0
File13=@CacheFormWizard.dll,$(WinSysPath),$(DLLSelfRegister),$(Shared),2/13/02 2:54:26 AM,417792,4.0.0.818
File14=@TQBE.exe,$(AppPath),,,3/25/02 9:55:48 PM,184320,1.0.0.0

; The following lines may be deleted in order to obtain extra 
; space for customizing this file on a full installation diskette.
; 
; XXXXXXXXXXXXXXXXXXXXXXXXXXXXXXXXXXXXXXXXXXXXXXXXXXXXXXXXXXXX
; XXXXXXXXXXXXXXXXXXXXXXXXXXXXXXXXXXXXXXXXXXXXXXXXXXXXXXXXXXXX
; XXXXXXXXXXXXXXXXXXXXXXXXXXXXXXXXXXXXXXXXXXXXXXXXXXXXXXXXXXXX
; XXXXXXXXXXXXXXXXXXXXXXXXXXXXXXXXXXXXXXXXXXXXXXXXXXXXXXXXXXXX
; XXXXXXXXXXXXXXXXXXXXXXXXXXXXXXXXXXXXXXXXXXXXXXXXXXXXXXXXXXXX
; XXXXXXXXXXXXXXXXXXXXXXXXXXXXXXXXXXXXXXXXXXXXXXXXXXXXXXXXXXXX
; XXXXXXXXXXXXXXXXXXXXXXXXXXXXXXXXXXXXXXXXXXXXXXXXXXXXXXXXXXXX
; XXXXXXXXXXXXXXXXXXXXXXXXXXXXXXXXXXXXXXXXXXXXXXXXXXXXXXXXXXXX
; XXXXXXXXXXXXXXXXXXXXXXXXXXXXXXXXXXXXXXXXXXXXXXXXXXXXXXXXXXXX
; XXXXXXXXXXXXXXXXXXXXXXXXXXXXXXXXXXXXXXXXXXXXXXXXXXXXXXXXXXXX
; XXXXXXXXXXXXXXXXXXXXXXXXXXXXXXXXXXXXXXXXXXXXXXXXXXXXXXXXXXXX
; XXXXXXXXXXXXXXXXXXXXXXXXXXXXXXXXXXXXXXXXXXXXXXXXXXXXXXXXXXXX
; XXXXXXXXXXXXXXXXXXXXXXXXXXXXXXXXXXXXXXXXXXXXXXXXXXXXXXXXXXXX
; XXXXXXXXXXXXXXXXXXXXXXXXXXXXXXXXXXXXXXXXXXXXXXXXXXXXXXXXXXXX
; XXXXXXXXXXXXXXXXXXXXXXXXXXXXXXXXXXXXXXXXXXXXXXXXXXXXXXXXXXXX
; XXXXXXXXXXXXXXXXXXXXXXXXXXXXXXXXXXXXXXXXXXXXXXXXXXXXXXXXXXXX
; XXXXXXXXXXXXXXXXXXXXXXXXXXXXXXXXXXXXXXXXXXXXXXXXXXXXXXXXXXXX
; XXXXXXXXXXXXXXXXXXXXXXXXXXXXXXXXXXXXXXXXXXXXXXXXXXXXXXXXXXXX
; XXXXXXXXXXXXXXXXXXXXXXXXXXXXXXXXXXXXXXXXXXXXXXXXXXXXXXXXXXXX
; XXXXXXXXXXXXXXXXXXXXXXXXXXXXXXXXXXXXXXXXXXXXXXXXXXXXXXXXXXXX
; XXXXXXXXXXXXXXXXXXXXXXXXXXXXXXXXXXXXXXXXXXXXXXXXXXXXXXXXXXXX
; XXXXXXXXXXXXXXXXXXXXXXXXXXXXXXXXXXXXXXXXXXXXXXXXXXXXXXXXXXXX
; XXXXXXXXXXXXXXXXXXXXXXXXXXXXXXXXXXXXXXXXXXXXXXXXXXXXXXXXXXXX
; XXXXXXXXXXXXXXXXXXXXXXXXXXXXXXXXXXXXXXXXXXXXXXXXXXXXXXXXXXXX
; XXXXXXXXXXXXXXXXXXXXXXXXXXXXXXXXXXXXXXXXXXXXXXXXXXXXXXXXXXXX
; XXXXXXXXXXXXXXXXXXXXXXXXXXXXXXXXXXXXXXXXXXXXXXXXXXXXXXXXXXXX
; XXXXXXXXXXXXXXXXXXXXXXXXXXXXXXXXXXXXXXXXXXXXXXXXXXXXXXXXXXXX
; XXXXXXXXXXXXXXXXXXXXXXXXXXXXXXXXXXXXXXXXXXXXXXXXXXXXXXXXXXXX
; XXXXXXXXXXXXXXXXXXXXXXXXXXXXXXXXXXXXXXXXXXXXXXXXXXXXXXXXXXXX
; XXXXXXXXXXXXXXXXXXXXXXXXXXXXXXXXXXXXXXXXXXXXXXXXXXXXXXXXXXXX
; XXXXXXXXXXXXXXXXXXXXXXXXXXXXXXXXXXXXXXXXXXXXXXXXXXXXXXXXXXXX
; XXXXXXXXXXXXXXXXXXXXXXXXXXXXXXXXXXXXXXXXXXXXXXXXXXXXXXXXXXXX
; XXXXXXXXXXXXXXXXXXXXXXXXXXXXXXXXXXXXXXXXXXXXXXXXXXXXXXXXXXXX
; XXXXXXXXXXXXXXXXXXXXXXXXXXXXXXXXXXXXXXXXXXXXXXXXXXXXXXXXXXXX
; XXXXXXXXXXXXXXXXXXXXXXXXXXXXXXXXXXXXXXXXXXXXXXXXXXXXXXXXXXXX
