03/20/05, 14:57:20, 4, 0, InitTDGLIB catch(...)

03/20/05, 14:57:20, 4, 0, SetGraphTitle catch(...)

03/20/05, 14:57:20, 4, 0, SetGraphSubTitle catch(...)

03/20/05, 14:57:20, 4, 0, SetGraphFootNote catch(...)

03/20/05, 14:57:20, 4, 0, SetGraphGroupsTitle catch(...)

03/20/05, 14:57:20, 4, 0, SetGraphY1AxisTitle catch(...)

03/20/05, 14:57:20, 4, 0, SetGraphY2AxisTitle catch(...)

03/20/05, 14:57:20, 4, 0, SetGraphSeriesLabel catch(...)

03/20/05, 14:57:20, 4, 0, SetGraphGroupsLabel catch(...)

03/20/05, 14:57:20, 4, 0, SetGraphGroupsLabel catch(...)

03/20/05, 14:57:20, 4, 0, SetGraphGroupsLabel catch(...)

03/20/05, 14:57:20, 4, 0, _SetGraphRowColData catch(...)

03/20/05, 14:57:20, 4, 0, _SetGraphRowColData catch(...)

03/20/05, 14:57:20, 4, 0, _SetGraphRowColData catch(...)

03/20/05, 14:57:20, 4, 0, DryRunTheGraph catch(...)

03/21/05, 19:03:52, 4, 0, InitTDGLIB catch(...)

03/21/05, 19:03:52, 4, 0, SetGraphTitle catch(...)

03/21/05, 19:03:52, 4, 0, SetGraphSubTitle catch(...)

03/21/05, 19:03:52, 4, 0, SetGraphFootNote catch(...)

03/21/05, 19:03:52, 4, 0, SetGraphGroupsTitle catch(...)

03/21/05, 19:03:52, 4, 0, SetGraphY1AxisTitle catch(...)

03/21/05, 19:03:52, 4, 0, SetGraphY2AxisTitle catch(...)

03/21/05, 19:03:52, 4, 0, SetGraphSeriesLabel catch(...)

03/21/05, 19:03:52, 4, 0, SetGraphGroupsLabel catch(...)

03/21/05, 19:03:52, 4, 0, SetGraphGroupsLabel catch(...)

03/21/05, 19:03:52, 4, 0, SetGraphGroupsLabel catch(...)

03/21/05, 19:03:52, 4, 0, _SetGraphRowColData catch(...)

03/21/05, 19:03:52, 4, 0, _SetGraphRowColData catch(...)

03/21/05, 19:03:52, 4, 0, _SetGraphRowColData catch(...)

03/21/05, 19:03:52, 4, 0, DryRunTheGraph catch(...)

03/21/05, 19:06:23, 4, 0, InitTDGLIB catch(...)

03/21/05, 19:06:23, 4, 0, SetGraphTitle catch(...)

03/21/05, 19:06:23, 4, 0, SetGraphSubTitle catch(...)

03/21/05, 19:06:23, 4, 0, SetGraphFootNote catch(...)

03/21/05, 19:06:23, 4, 0, SetGraphGroupsTitle catch(...)

03/21/05, 19:06:23, 4, 0, SetGraphY1AxisTitle catch(...)

03/21/05, 19:06:23, 4, 0, SetGraphY2AxisTitle catch(...)

03/21/05, 19:06:23, 4, 0, SetGraphSeriesLabel catch(...)

03/21/05, 19:06:23, 4, 0, SetGraphGroupsLabel catch(...)

03/21/05, 19:06:23, 4, 0, SetGraphGroupsLabel catch(...)

03/21/05, 19:06:23, 4, 0, SetGraphGroupsLabel catch(...)

03/21/05, 19:06:23, 4, 0, _SetGraphRowColData catch(...)

03/21/05, 19:06:23, 4, 0, _SetGraphRowColData catch(...)

03/21/05, 19:06:23, 4, 0, _SetGraphRowColData catch(...)

03/21/05, 19:06:23, 4, 0, DryRunTheGraph catch(...)

