GAS LISTING C:\WINDOWS\TEMP/ccrGqdgb.s 			page 1


   1               		.file	"ataSNMP2.c"
   2               		.arch atmega128
   3               	__SREG__ = 0x3f
   4               	__SP_H__ = 0x3e
   5               	__SP_L__ = 0x3d
   6               	__tmp_reg__ = 0
   7               	__zero_reg__ = 1
   8               	_PC_ = 2
   9               		.global __do_copy_data
  10               		.global __do_clear_bss
  11               		.data
  12               		.type	my_mac,@object
  13               		.size	my_mac,6
  14               	my_mac:
  15 0000 00        		.byte	0
  16 0001 06        		.byte	6
  17 0002 98        		.byte	-104
  18 0003 20        		.byte	32
  19 0004 00        		.byte	0
  20 0005 00        		.byte	0
  21               	.LC0:
  22 0006 7561 7274 		.string	"uart0"
  22      3000 
  23               	.LC1:
  24 000c 0D0A 3D3D 		.string	"\r\n==== (^_^) ATA SNMP ver  2.1 ====\r\n"
  24      3D3D 2028 
  24      5E5F 5E29 
  24      2041 5441 
  24      2053 4E4D 
  25               	.LC2:
  26 0032 436F 6E66 		.string	"Configuring Ethernet interface\r\n"
  26      6967 7572 
  26      696E 6720 
  26      4574 6865 
  26      726E 6574 
  27               	.LC3:
  28 0053 3235 352E 		.string	"255.255.255.0"
  28      3235 352E 
  28      3235 352E 
  28      3000 
  29               	.LC4:
  30 0061 3136 312E 		.string	"161.246.5.97"
  30      3234 362E 
  30      352E 3937 
  30      00
  31               	.LC5:
  32 006e 6574 6830 		.string	"eth0"
  32      00
  33               	.LC6:
  34 0073 3136 312E 		.string	"161.246.5.1"
  34      3234 362E 
  34      352E 3100 
  35               	.LC7:
  36 007f 3136 312E 		.string	"161.246.4.3"
  36      3234 362E 
  36      342E 3300 
  37               	.LC8:
GAS LISTING C:\WINDOWS\TEMP/ccrGqdgb.s 			page 2


  38 008b 0D0A 2063 		.string	"\r\n connect to  %s\r\n\n"
  38      6F6E 6E65 
  38      6374 2074 
  38      6F20 2025 
  38      730D 0A0A 
  39               		.text
  40               	.global	NutMain
  41               		.type	NutMain,@function
  42               	NutMain:
  43               	/* prologue: frame size=4 */
  44 0000 CF93      		push r28
  45 0002 DF93      		push r29
  46 0004 CDB7      		in r28,__SP_L__
  47 0006 DEB7      		in r29,__SP_H__
  48 0008 2497      		sbiw r28,4
  49 000a 0FB6      		in __tmp_reg__,__SREG__
  50 000c F894      		cli
  51 000e DEBF      		out __SP_H__,r29
  52 0010 0FBE      		out __SREG__,__tmp_reg__
  53 0012 CDBF      		out __SP_L__,r28
  54               	/* prologue end (size=10) */
  55 0014 80E0      		ldi r24,lo8(115200)
  56 0016 92EC      		ldi r25,hi8(115200)
  57 0018 A1E0      		ldi r26,hlo8(115200)
  58 001a B0E0      		ldi r27,hhi8(115200)
  59 001c 8983      		std Y+1,r24
  60 001e 9A83      		std Y+2,r25
  61 0020 AB83      		std Y+3,r26
  62 0022 BC83      		std Y+4,r27
  63 0024 8824      		clr r8
  64 0026 9924      		clr r9
  65 0028 5401      		movw r10,r8
  66 002a 40E0      		ldi r20,lo8(0)
  67 002c 60E0      		ldi r22,lo8(0)
  68 002e 70E0      		ldi r23,hi8(0)
  69 0030 80E0      		ldi r24,lo8(devUart0)
  70 0032 90E0      		ldi r25,hi8(devUart0)
  71 0034 0E94 0000 		call NutRegisterDevice
  72 0038 80E0      		ldi r24,lo8(.LC0)
  73 003a 90E0      		ldi r25,hi8(.LC0)
  74 003c 0E94 0000 		call NutDeviceOpen
  75 0040 AE01      		movw r20,r28
  76 0042 4F5F      		subi r20,lo8(-(1))
  77 0044 5F4F      		sbci r21,hi8(-(1))
  78 0046 61E0      		ldi r22,lo8(257)
  79 0048 71E0      		ldi r23,hi8(257)
  80 004a 0E94 0000 		call NutDeviceIOCtl
  81 004e 80E0      		ldi r24,lo8(.LC1)
  82 0050 90E0      		ldi r25,hi8(.LC1)
  83 0052 0E94 0000 		call NutKPrintString
  84 0056 80E0      		ldi r24,lo8(.LC2)
  85 0058 90E0      		ldi r25,hi8(.LC2)
  86 005a 0E94 0000 		call NutKPrintString
  87 005e 45E0      		ldi r20,lo8(5)
  88 0060 60E0      		ldi r22,lo8(-32000)
  89 0062 73E8      		ldi r23,hi8(-32000)
  90 0064 80E0      		ldi r24,lo8(devEth0)
GAS LISTING C:\WINDOWS\TEMP/ccrGqdgb.s 			page 3


  91 0066 90E0      		ldi r25,hi8(devEth0)
  92 0068 0E94 0000 		call NutRegisterDevice
  93 006c 80E0      		ldi r24,lo8(.LC3)
  94 006e 90E0      		ldi r25,hi8(.LC3)
  95 0070 0E94 0000 		call inet_addr
  96 0074 7B01      		movw r14,r22
  97 0076 8C01      		movw r16,r24
  98 0078 80E0      		ldi r24,lo8(.LC4)
  99 007a 90E0      		ldi r25,hi8(.LC4)
 100 007c 0E94 0000 		call inet_addr
 101 0080 DC01      		movw r26,r24
 102 0082 CB01      		movw r24,r22
 103 0084 9C01      		movw r18,r24
 104 0086 AD01      		movw r20,r26
 105 0088 60E0      		ldi r22,lo8(my_mac)
 106 008a 70E0      		ldi r23,hi8(my_mac)
 107 008c 80E0      		ldi r24,lo8(.LC5)
 108 008e 90E0      		ldi r25,hi8(.LC5)
 109 0090 0E94 0000 		call NutNetIfConfig
 110 0094 80E0      		ldi r24,lo8(.LC6)
 111 0096 90E0      		ldi r25,hi8(.LC6)
 112 0098 0E94 0000 		call inet_addr
 113 009c DC01      		movw r26,r24
 114 009e CB01      		movw r24,r22
 115 00a0 20E0      		ldi r18,lo8(devEth0)
 116 00a2 C22E      		mov r12,r18
 117 00a4 20E0      		ldi r18,hi8(devEth0)
 118 00a6 D22E      		mov r13,r18
 119 00a8 7C01      		movw r14,r24
 120 00aa 8D01      		movw r16,r26
 121 00ac A501      		movw r20,r10
 122 00ae 9401      		movw r18,r8
 123 00b0 C501      		movw r24,r10
 124 00b2 B401      		movw r22,r8
 125 00b4 0E94 0000 		call NutIpRouteAdd
 126 00b8 80E0      		ldi r24,lo8(.LC7)
 127 00ba 90E0      		ldi r25,hi8(.LC7)
 128 00bc 0E94 0000 		call inet_addr
 129 00c0 DC01      		movw r26,r24
 130 00c2 CB01      		movw r24,r22
 131 00c4 9C01      		movw r18,r24
 132 00c6 AD01      		movw r20,r26
 133 00c8 60E0      		ldi r22,lo8(0)
 134 00ca 70E0      		ldi r23,hi8(0)
 135 00cc CB01      		movw r24,r22
 136 00ce 0E94 0000 		call NutDnsConfig
 137 00d2 80E0      		ldi r24,lo8(.LC4)
 138 00d4 90E0      		ldi r25,hi8(.LC4)
 139 00d6 0E94 0000 		call inet_addr
 140 00da 0E94 0000 		call inet_ntoa
 141 00de 9F93      		push r25
 142 00e0 8F93      		push r24
 143 00e2 80E0      		ldi r24,lo8(.LC8)
 144 00e4 90E0      		ldi r25,hi8(.LC8)
 145 00e6 9F93      		push r25
 146 00e8 8F93      		push r24
 147 00ea 0E94 0000 		call NutKPrintFormat
GAS LISTING C:\WINDOWS\TEMP/ccrGqdgb.s 			page 4


 148 00ee 0F90      		pop __tmp_reg__
 149 00f0 0F90      		pop __tmp_reg__
 150 00f2 0F90      		pop __tmp_reg__
 151 00f4 0F90      		pop __tmp_reg__
 152               	.L2:
 153 00f6 68EE      		ldi r22,lo8(1000)
 154 00f8 73E0      		ldi r23,hi8(1000)
 155 00fa 80E0      		ldi r24,hlo8(1000)
 156 00fc 90E0      		ldi r25,hhi8(1000)
 157 00fe 0E94 0000 		call NutSleep
 158 0102 F9CF      		rjmp .L2
 159               	/* epilogue: frame size=4 */
 160               	/* epilogue: noreturn */
 161               	/* epilogue end (size=0) */
 162               	/* function NutMain size 130 (120) */
 163               	.Lfe1:
 164               		.size	NutMain,.Lfe1-NutMain
 165               	/* File "ataSNMP2.c": code  130 = 0x0082 ( 120), prologues  10, epilogues   0 */
GAS LISTING C:\WINDOWS\TEMP/ccrGqdgb.s 			page 5


DEFINED SYMBOLS
                            *ABS*:00000000 ataSNMP2.c
                            *ABS*:0000003f __SREG__
                            *ABS*:0000003e __SP_H__
                            *ABS*:0000003d __SP_L__
                            *ABS*:00000000 __tmp_reg__
                            *ABS*:00000001 __zero_reg__
                            *ABS*:00000002 _PC_
C:\WINDOWS\TEMP/ccrGqdgb.s:14     .data:00000000 my_mac
C:\WINDOWS\TEMP/ccrGqdgb.s:42     .text:00000000 NutMain
                            *ABS*:00000000 *ABS*

UNDEFINED SYMBOLS
__do_copy_data
__do_clear_bss
devUart0
NutRegisterDevice
NutDeviceOpen
NutDeviceIOCtl
NutKPrintString
devEth0
inet_addr
NutNetIfConfig
NutIpRouteAdd
NutDnsConfig
inet_ntoa
NutKPrintFormat
NutSleep
