
SQL*Loader: Release 10.1.0.2.0 - Production on ¨. ¡.¾. 27 03:58:42 2006

Copyright (c) 1982, 2004, Oracle.  All rights reserved.

Control File:   iris_load.ctl
Data File:      sonar.dat
  Bad File:     data_airport.bad
  Discard File: data_airport.dsc 
 (Allow all discards)

Number to load: ALL
Number to skip: 0
Errors allowed: 50
Bind array:     64 rows, maximum of 256000 bytes
Continuation:    none specified
Path used:      Conventional

Table AI.IRIS, loaded from every logical record.
Insert option in effect for this table: REPLACE

   Column Name                  Position   Len  Term Encl Datatype
------------------------------ ---------- ----- ---- ---- ---------------------
I1                                  FIRST     *   ,       CHARACTER            
I2                                   NEXT     *   ,       CHARACTER            
I3                                   NEXT     *   ,       CHARACTER            
I4                                   NEXT     *   ,       CHARACTER            
I5                                   NEXT     *   ,       CHARACTER            


Table AI.IRIS:
  208 Rows successfully loaded.
  0 Rows not loaded due to data errors.
  0 Rows not loaded because all WHEN clauses were failed.
  0 Rows not loaded because all fields were null.


Space allocated for bind array:                  82560 bytes(64 rows)
Read   buffer bytes: 1048576

Total logical records skipped:          0
Total logical records read:           208
Total logical records rejected:         0
Total logical records discarded:        0

Run began on ¨.  ¡.¾.  27 03:58:42 2006
Run ended on ¨.  ¡.¾.  27 03:58:46 2006

Elapsed time was:     00:00:03.48
CPU time was:         00:00:00.03
