C51 COMPILER V3.20,  SN-50203013  LIB_IFR                                                  05/20/01  01:43:22  PAGE 1   


DOS C51 COMPILER V3.20, COMPILATION OF MODULE LIB_IFR
OBJECT MODULE PLACED IN LIB_IFR.OBJ
COMPILER INVOKED BY: C:\C51\BIN\C51.EXE LIB_IFR.C

stmt level    source

   1          #ifndef	_INCLUDED
   2          #define _INCLUDED 1
   3          #include "c:\c51\bin\library\lib_i2c.c"
   4          #endif
   5          #define		L_INFRARED			0x04
   6          //interrupt 1
   7          
   8          bdata	unsigned char infrared_data_lo = 0xFF;
   9          bdata	unsigned char infrared_data_hi = 0xFF;
  10          sbit	infrared_01 = infrared_data_lo^0;
  11          sbit	infrared_02 = infrared_data_lo^1;
  12          sbit	infrared_03 = infrared_data_lo^2;
  13          sbit	infrared_04 = infrared_data_lo^3;
  14          sbit	infrared_05 = infrared_data_lo^4;
  15          sbit	infrared_06 = infrared_data_lo^5;
  16          sbit	infrared_07 = infrared_data_lo^6;
  17          sbit	infrared_08 = infrared_data_lo^7;
  18          sbit	infrared_09 = infrared_data_hi^0;
  19          sbit	infrared_10 = infrared_data_hi^1;
  20          sbit	infrared_11 = infrared_data_hi^2;
  21          sbit	infrared_12 = infrared_data_hi^3;
  22          
  23          unsigned char IR_get_data_no(unsigned char no)
  24          {
  25   1      	unsigned char temp = 0xFF;		//error value flag
  26   1      	if (ACK)
  27   1      	{
  28   2      		if (no > 11)
  29   2      		{
  30   3      			no = 11;
  31   3      		}
  32   2      		countdown = 0;
  33   2      		INT_1 = 0;
  34   2      		ACK = 1;
  35   2      		temp = 0;
  36   2      		while (ACK && (countdown < L_TIMEOUT)) {countdown++;}
  37   2      		if (countdown < L_TIMEOUT)
  38   2      		{
  39   3      			WriteI2C(L_INFRARED,no);
  40   3      			//delay(10,10);
  41   3      			temp = I2CReceiveDataByte();
  42   3      			//delay(10,50);
  43   3      			INT_1 = 1;
  44   3      			while (!ACK) {}
  45   3      		}
  46   2      		else INT_1 = 1;
  47   2      	}
  48   1      	return temp;
  49   1      }
  50          
  51          void IR_get_data(void)
  52          {
  53   1      	if (ACK)
  54   1      	{
  55   2      		countdown = 0;
C51 COMPILER V3.20,  SN-50203013  LIB_IFR                                                  05/20/01  01:43:22  PAGE 2   

  56   2      		INT_1 = 0;
  57   2      		ACK = 1;
  58   2      		while (ACK && (countdown < L_TIMEOUT)) {countdown++;}
  59   2      		if (countdown < L_TIMEOUT)
  60   2      		{
  61   3      			WriteI2C(L_INFRARED,0x0F);
  62   3      			//delay(10,10);
  63   3      			infrared_data_hi = I2CReceiveDataByte();
  64   3      			//delay(10,50);
  65   3      			infrared_data_lo = I2CReceiveDataByte();
  66   3      			//delay(10,50);
  67   3      			INT_1 = 1;
  68   3      			while (!ACK) {}
  69   3      		}
  70   2      		else INT_1 = 1;
  71   2      	}
  72   1      }
  73          
  74          void IR_get_sample(void)
  75          {
  76   1      	if (ACK)
  77   1      	{
  78   2      		countdown = 0;
  79   2      		INT_1 = 0;
  80   2      		ACK = 1;
  81   2      		while (ACK && (countdown < L_TIMEOUT)) {countdown++;}
  82   2      		if (countdown < L_TIMEOUT)
  83   2      		{
  84   3      			WriteI2C(L_INFRARED,L_ADDRESS);
  85   3      			//delay(10,10);
  86   3      			infrared_data_hi = I2CReceiveDataByte();
  87   3      			//delay(10,50);
  88   3      			infrared_data_lo = I2CReceiveDataByte();
  89   3      			//delay(10,50);
  90   3      			INT_1 = 1;
  91   3      			while (!ACK) {}
  92   3      		}
  93   2      		else INT_1 = 1;
  94   2      	}
  95   1      }
  96          
  97          void IR_enable_interrupt(void)
  98          {
  99   1      	if (ACK)
 100   1      	{
 101   2      		countdown = 0;
 102   2      		INT_1 = 0;
 103   2      		ACK = 1;
 104   2      		while (ACK && (countdown < L_TIMEOUT)) {countdown++;}
 105   2      		if (countdown < L_TIMEOUT)
 106   2      		{
 107   3      			WriteI2C(L_INFRARED,0x11);
 108   3      			//delay(10,50);
 109   3      			INT_1 = 1;
 110   3      			while (!ACK) {}
 111   3      		}
 112   2      		else INT_1 = 1;
 113   2      	}
 114   1      }
 115          
 116          void IR_disable_interrupt(void)
 117          {
C51 COMPILER V3.20,  SN-50203013  LIB_IFR                                                  05/20/01  01:43:22  PAGE 3   

 118   1      	if (ACK)
 119   1      	{
 120   2      		countdown = 0;
 121   2      		INT_1 = 0;
 122   2      		ACK = 1;
 123   2      		while (ACK && (countdown < L_TIMEOUT)) {countdown++;}
 124   2      		if (countdown < L_TIMEOUT)
 125   2      		{
 126   3      			WriteI2C(L_INFRARED,0x12);
 127   3      			//delay(10,50);
 128   3      			INT_1 = 1;
 129   3      			while (!ACK) {}
 130   3      		}
 131   2      		else INT_1 = 1;
 132   2      	}
 133   1      }


MODULE INFORMATION:   STATIC OVERLAYABLE
   CODE SIZE        =    554    ----
   CONSTANT SIZE    =   ----    ----
   XDATA SIZE       =   ----    ----
   PDATA SIZE       =   ----    ----
   DATA SIZE        =      5       2
   IDATA SIZE       =      2    ----
   BIT SIZE         =   ----    ----
END OF MODULE INFORMATION.


C51 COMPILATION COMPLETE.  0 WARNING(S),  0 ERROR(S)
