C51 COMPILER V3.20,  SN-50203013  LIB_ITF                                                  05/20/01  01:43:20  PAGE 1   


DOS C51 COMPILER V3.20, COMPILATION OF MODULE LIB_ITF
OBJECT MODULE PLACED IN LIB_ITF.OBJ
COMPILER INVOKED BY: C:\C51\BIN\C51.EXE LIB_ITF.C

stmt level    source

   1          #ifndef	_INCLUDED
   2          #define _INCLUDED 1
   3          #include "c:\c51\bin\library\lib_i2c.c"
   4          #endif
   5          
   6          #define		L_INTERFACE			0x08
   7          //interrupt 3
   8          
   9          void LCD_write_char(unsigned char ch)
  10          {
  11   1      	if (ACK)
  12   1      	{
  13   2      		countdown =0;
  14   2      		INT_3 = 0;
  15   2      		ACK = 1;
  16   2      		while (ACK && (countdown < L_TIMEOUT)) {countdown++;}
  17   2      		if (countdown < L_TIMEOUT)
  18   2      		{
  19   3      			WriteI2C(L_INTERFACE,0x01);
  20   3      			delay(10,20);
  21   3      			WriteI2C(L_INTERFACE,ch);
  22   3      			//delay(10,20);
  23   3      			INT_3 = 1;
  24   3      			while (!ACK) {}
  25   3      		}
  26   2      		else INT_3 = 1;
  27   2      	}
  28   1      }
  29          
  30          void LCD_write_byte(unsigned char in)
  31          {
  32   1      	unsigned char first = 0;
  33   1      	if (in / 100 > 0)
  34   1      	{
  35   2      		LCD_write_char((in / 100)+48);
  36   2      		first = 1;
  37   2      		in %= 100;
  38   2      	}
  39   1      	if (in / 10 > 0)
  40   1      	{
  41   2      		LCD_write_char((in / 10)+48);
  42   2      		first = 1;
  43   2      		in %= 10;
  44   2      	}
  45   1      	else
  46   1      	{
  47   2      		if (first)
  48   2      		{
  49   3      			LCD_write_char('0');
  50   3      		}
  51   2      	}
  52   1      	LCD_write_char((in+48));
  53   1      	first = 1;
  54   1      }
  55          
C51 COMPILER V3.20,  SN-50203013  LIB_ITF                                                  05/20/01  01:43:20  PAGE 2   

  56          void LCD_write_int(unsigned int in)
  57          {
  58   1      	unsigned char first = 0;
  59   1      	if (in / 10000 > 0)
  60   1      	{
  61   2      		LCD_write_char((in / 10000)+48);
  62   2      		first = 1;
  63   2      		in %= 10000;
  64   2      	}
  65   1      	if (in / 1000 > 0)
  66   1      	{
  67   2      		LCD_write_char((in / 1000)+48);
  68   2      		first = 1;
  69   2      		in %= 1000;
  70   2      	}
  71   1      	else
  72   1      	{
  73   2      		if (first)
  74   2      		{
  75   3      			LCD_write_char('0');
  76   3      		}
  77   2      	}
  78   1      	if (in / 100 > 0)
  79   1      	{
  80   2      		LCD_write_char((in / 100)+48);
  81   2      		first = 1;
  82   2      		in %= 100;
  83   2      	}
  84   1      	else
  85   1      	{
  86   2      		if (first)
  87   2      		{
  88   3      			LCD_write_char('0');
  89   3      		}
  90   2      	}
  91   1      	if (in / 10 > 0)
  92   1      	{
  93   2      		LCD_write_char((in / 10)+48);
  94   2      		first = 1;
  95   2      		in %= 10;
  96   2      	}
  97   1      	else
  98   1      	{
  99   2      		if (first)
 100   2      		{
 101   3      			LCD_write_char('0');
 102   3      		}
 103   2      	}
 104   1      	LCD_write_char((in+48));
 105   1      	first = 1;
 106   1      }
 107          
 108          void LCD_write_string(unsigned char* str)
 109          {
 110   1      	while (*str != '\0')
 111   1      	{
 112   2      		LCD_write_char(*str);
 113   2      		str++;
 114   2      	}
 115   1      }
 116          
 117          void LCD_gotoxy(unsigned char x,y)
C51 COMPILER V3.20,  SN-50203013  LIB_ITF                                                  05/20/01  01:43:20  PAGE 3   

 118          {
 119   1      	if (ACK)
 120   1      	{
 121   2      		countdown = 0;
 122   2      		INT_3 = 0;
 123   2      		ACK = 1;
 124   2      		while (ACK && (countdown < L_TIMEOUT)) {countdown++;}
 125   2      		if (countdown < L_TIMEOUT)
 126   2      		{
 127   3      			WriteI2C(L_INTERFACE,0x02);
 128   3      			delay(10,20);
 129   3      			WriteI2C(L_INTERFACE,x);
 130   3      			delay(10,20);
 131   3      			WriteI2C(L_INTERFACE,y);
 132   3      			//delay(10,20);
 133   3      			INT_3 = 1;
 134   3      			while (!ACK) {}
 135   3      		}
 136   2      		else INT_3 = 1;
 137   2      	}
 138   1      }
 139          
 140          void LCD_clear(void)
 141          {
 142   1      	if (ACK)
 143   1      	{
 144   2      		countdown = 0;
 145   2      		INT_3 = 0;
 146   2      		ACK = 1;
 147   2      		while (ACK && (countdown < L_TIMEOUT)) {countdown++;}
 148   2      		if (countdown < L_TIMEOUT)
 149   2      		{
 150   3      			WriteI2C(L_INTERFACE,0x03);
 151   3      			//delay(10,20);
 152   3      			INT_3 = 1;
 153   3      			while (!ACK) {}
 154   3      		}
 155   2      		else INT_3 = 1;
 156   2      	}
 157   1      }
 158          
 159          unsigned char KBD_get_key(void)
 160          {
 161   1      	unsigned char temp;
 162   1      	temp = 0;
 163   1      	if (ACK)
 164   1      	{
 165   2      		countdown = 0;
 166   2      		INT_3 = 0;
 167   2      		ACK = 1;
 168   2      		while (ACK && (countdown < L_TIMEOUT)) {countdown++;}
 169   2      		if (countdown < L_TIMEOUT)
 170   2      		{
 171   3      			WriteI2C(L_INTERFACE,0x07);
 172   3      			//delay(10,10);
 173   3      			temp = I2CReceiveDataByte();
 174   3      			//delay(10,10);
 175   3      			INT_3 = 1;
 176   3      			while (!ACK) {}
 177   3      			delay(80,255);
 178   3      		}
 179   2      		else INT_3 = 1;
C51 COMPILER V3.20,  SN-50203013  LIB_ITF                                                  05/20/01  01:43:20  PAGE 4   

 180   2      	}
 181   1      	return temp;
 182   1      }
 183          
 184          unsigned char KBD_scan_key(void)
 185          {
 186   1      	unsigned char temp;
 187   1      	temp = 0xFF;
 188   1      	if (ACK)
 189   1      	{
 190   2      		countdown = 0;
 191   2      		INT_3 = 0;
 192   2      		ACK = 1;
 193   2      		while (ACK && (countdown < L_TIMEOUT)) {countdown++;}
 194   2      		if (countdown < L_TIMEOUT)
 195   2      		{
 196   3      			WriteI2C(L_INTERFACE,0x08);
 197   3      			//delay(10,10);
 198   3      			temp = I2CReceiveDataByte();
 199   3      			//delay(10,10);
 200   3      			INT_3 = 1;
 201   3      			while (!ACK) {}
 202   3      		}
 203   2      		else INT_3 = 1;
 204   2      	}
 205   1      	return temp;
 206   1      }
 207          
 208          void SND_gen_freq(unsigned int freq)
 209          {
 210   1      	unsigned char freq_hi,freq_lo;
 211   1      	if (ACK)
 212   1      	{
 213   2      		countdown = 0;
 214   2      		INT_3 = 0;
 215   2      		ACK = 1;
 216   2      		while (ACK && (countdown < L_TIMEOUT)) {countdown++;}
 217   2      		if (countdown < L_TIMEOUT)
 218   2      		{
 219   3      			freq_hi = (unsigned char)(freq >> 8);
 220   3      			freq <<= 8;
 221   3      			freq >>= 8;
 222   3      			freq_lo = (unsigned char)(freq);
 223   3      			WriteI2C(L_INTERFACE,0x05);
 224   3      			delay(10,10);
 225   3      			WriteI2C(L_INTERFACE,freq_hi);
 226   3      			delay(10,10);
 227   3      			WriteI2C(L_INTERFACE,freq_lo);
 228   3      			//delay(10,10);
 229   3      			INT_3 = 1;
 230   3      			while (!ACK) {}
 231   3      		}
 232   2      		else INT_3 = 1;
 233   2      	}
 234   1      }
 235          
 236          void SND_stop_freq(void)
 237          {
 238   1      	if (ACK)
 239   1      	{
 240   2      		countdown = 0;
 241   2      		INT_3 = 0;
C51 COMPILER V3.20,  SN-50203013  LIB_ITF                                                  05/20/01  01:43:20  PAGE 5   

 242   2      		ACK = 1;
 243   2      		while (ACK && (countdown < L_TIMEOUT)) {countdown++;}
 244   2      		if (countdown < L_TIMEOUT)
 245   2      		{
 246   3      			WriteI2C(L_INTERFACE,0x06);
 247   3      			//delay(10,10);
 248   3      			INT_3 = 1;
 249   3      			while (!ACK) {}
 250   3      		}
 251   2      		else INT_3 = 1;
 252   2      	}
 253   1      }


MODULE INFORMATION:   STATIC OVERLAYABLE
   CODE SIZE        =   1057    ----
   CONSTANT SIZE    =   ----    ----
   XDATA SIZE       =   ----    ----
   PDATA SIZE       =   ----    ----
   DATA SIZE        =      3       7
   IDATA SIZE       =      2    ----
   BIT SIZE         =   ----    ----
END OF MODULE INFORMATION.


C51 COMPILATION COMPLETE.  0 WARNING(S),  0 ERROR(S)
