Project Navigator Auto-Make Log File
-------------------------------------










Started process "Synthesize".

WARNING:Xst:1530 - You are using an evaluation version of Xilinx Software. In 3
   days, this program will not operate. For more information about this product,
   please refer to the Evaluation Agreement, which was shipped to you along with
   the Evaluation CDs.
   To purchase an annual license for this software, please contact your local
   Field Applications Engineer (FAE) or salesperson. If you have any questions,
   or if we can assist in any way, please send an email to: eval@xilinx.com
   Thank You!

=========================================================================
*                          HDL Compilation                              *
=========================================================================
WARNING:HDLParsers:3498 - No primary, secondary unit in the file "C:/Project/USBHost_v1/datamem.vhd. Ignore this file from project file "usbhost_vhdl.prj".
WARNING:HDLParsers:3498 - No primary, secondary unit in the file "C:/Project/USBHost_v1/fifo1bit.vhd. Ignore this file from project file "usbhost_vhdl.prj".
WARNING:HDLParsers:3498 - No primary, secondary unit in the file "C:/Project/USBHost_v1/tdque2.vhd. Ignore this file from project file "usbhost_vhdl.prj".
Compiling vhdl file "C:/Project/USBHost_v1/Transceiver_Out.vhd" in Library work.
Entity <Transceiver_out> compiled.
Entity <Transceiver_out> (Architecture <A_Transceiver_out>) compiled.
Compiling vhdl file "C:/Project/USBHost_v1/BitStuff_Out.vhd" in Library work.
Entity <BitStuff_out> compiled.
Entity <BitStuff_out> (Architecture <A_BitStuff_out>) compiled.
Compiling vhdl file "C:/Project/USBHost_v1/Transceiver_In.vhd" in Library work.
Entity <Transceiver_in> compiled.
Entity <Transceiver_in> (Architecture <A_Transceiver_in>) compiled.
Compiling vhdl file "C:/Project/USBHost_v1/BitStuff_In.vhd" in Library work.
Entity <BitStuff_in> compiled.
Entity <BitStuff_in> (Architecture <A_BitStuff_in>) compiled.
Compiling vhdl file "C:/Project/USBHost_v1/USBCrc.vhd" in Library work.
Entity <USBCrc> compiled.
Entity <USBCrc> (Architecture <A_USBCrc>) compiled.
Compiling vhdl file "C:/Project/USBHost_v1/Physical_In.vhd" in Library work.
Entity <Physical_In> compiled.
Entity <Physical_In> (Architecture <A_Physical_In>) compiled.
Compiling vhdl file "C:/Project/USBHost_v1/Physical_Out.vhd" in Library work.
Entity <Physical_out> compiled.
Entity <Physical_out> (Architecture <A_Physical_out>) compiled.
Compiling vhdl file "C:/Project/USBHost_v1/ClockDiv.vhd" in Library work.
Entity <ClockDiv> compiled.
Entity <ClockDiv> (Architecture <A_ClockDiv>) compiled.
Compiling vhdl file "C:/Project/USBHost_v1/USBDriver.vhd" in Library work.
Entity <USBDriver> compiled.
Entity <USBDriver> (Architecture <A_USBDriver>) compiled.
Compiling vhdl file "C:/Project/USBHost_v1/Physical.vhd" in Library work.
Entity <Physical> compiled.
Entity <Physical> (Architecture <A_Physical>) compiled.
Compiling vhdl file "C:/Project/USBHost_v1/Protocol.vhd" in Library work.
Entity <Protocol> compiled.
Entity <Protocol> (Architecture <A_Protocol>) compiled.
Compiling vhdl file "C:/Project/USBHost_v1/USBHost.vhd" in Library work.
Entity <USBHost> compiled.
Entity <USBHost> (Architecture <A_USBHost>) compiled.

=========================================================================
*                            HDL Analysis                               *
=========================================================================
Analyzing Entity <usbhost> (Architecture <A_USBHost>).
WARNING:Xst:766 - "C:/Project/USBHost_v1/USBHost.vhd" line 304: Generating a Black Box for component <datamem>.
Entity <usbhost> analyzed. Unit <usbhost> generated.

Analyzing Entity <ClockDiv> (Architecture <a_clockdiv>).
Entity <ClockDiv> analyzed. Unit <ClockDiv> generated.

Analyzing Entity <USBDriver> (Architecture <a_usbdriver>).
Entity <USBDriver> analyzed. Unit <USBDriver> generated.

Analyzing Entity <Physical> (Architecture <a_physical>).
Entity <Physical> analyzed. Unit <Physical> generated.

Analyzing Entity <Physical_in> (Architecture <a_physical_in>).
Entity <Physical_in> analyzed. Unit <Physical_in> generated.

Analyzing Entity <Transceiver_in> (Architecture <a_transceiver_in>).
Entity <Transceiver_in> analyzed. Unit <Transceiver_in> generated.

Analyzing Entity <BitStuff_in> (Architecture <a_bitstuff_in>).
WARNING:Xst:828 - "C:/Project/USBHost_v1/BitStuff_In.vhd" line 23: Constant <Delay> of type Time is ignored.
WARNING:Xst:1960 - "C:/Project/USBHost_v1/BitStuff_In.vhd" line 48: Potential simulation mismatch, variable <Count_one> declared in block <BitStuff_in> is assigned in block <u_rStuff_EN>.
WARNING:Xst:1960 - "C:/Project/USBHost_v1/BitStuff_In.vhd" line 52: Potential simulation mismatch, variable <Count_one> declared in block <BitStuff_in> is assigned in block <u_rStuff_EN>.
WARNING:Xst:1960 - "C:/Project/USBHost_v1/BitStuff_In.vhd" line 57: Potential simulation mismatch, variable <Count_one> declared in block <BitStuff_in> is assigned in block <u_rStuff_EN>.
WARNING:Xst:1960 - "C:/Project/USBHost_v1/BitStuff_In.vhd" line 61: Potential simulation mismatch, variable <Count_one> declared in block <BitStuff_in> is assigned in block <u_rStuff_EN>.
Entity <BitStuff_in> analyzed. Unit <BitStuff_in> generated.

Analyzing Entity <Physical_out> (Architecture <a_physical_out>).
WARNING:Xst:753 - "C:/Project/USBHost_v1/Physical_Out.vhd" line 99: Unconnected output port 'DataNRZI' of component 'Transceiver_out'.
Entity <Physical_out> analyzed. Unit <Physical_out> generated.

Analyzing Entity <Transceiver_out> (Architecture <a_transceiver_out>).
Entity <Transceiver_out> analyzed. Unit <Transceiver_out> generated.

Analyzing Entity <BitStuff_out> (Architecture <a_bitstuff_out>).
WARNING:Xst:1960 - "C:/Project/USBHost_v1/BitStuff_Out.vhd" line 57: Potential simulation mismatch, variable <count_one> declared in block <BitStuff_in> is assigned in block <u_rStuff_EN>.
WARNING:Xst:1960 - "C:/Project/USBHost_v1/BitStuff_Out.vhd" line 61: Potential simulation mismatch, variable <count_one> declared in block <BitStuff_in> is assigned in block <u_rStuff_EN>.
WARNING:Xst:1960 - "C:/Project/USBHost_v1/BitStuff_Out.vhd" line 66: Potential simulation mismatch, variable <count_one> declared in block <BitStuff_in> is assigned in block <u_rStuff_EN>.
WARNING:Xst:1960 - "C:/Project/USBHost_v1/BitStuff_Out.vhd" line 70: Potential simulation mismatch, variable <count_one> declared in block <BitStuff_in> is assigned in block <u_rStuff_EN>.
Entity <BitStuff_out> analyzed. Unit <BitStuff_out> generated.

Analyzing Entity <Protocol> (Architecture <a_protocol>).
WARNING:Xst:819 - "C:/Project/USBHost_v1/Protocol.vhd" line 287: The following signals are missing in the process sensitivity list:
   DATA_STATE, FF_Empty, FF_Dout.
WARNING:Xst:753 - "C:/Project/USBHost_v1/Protocol.vhd" line 678: Unconnected output port 'crc5_res' of component 'USBCrc'.
WARNING:Xst:753 - "C:/Project/USBHost_v1/Protocol.vhd" line 678: Unconnected output port 'crc16_res' of component 'USBCrc'.
WARNING:Xst:753 - "C:/Project/USBHost_v1/Protocol.vhd" line 708: Unconnected output port 'almost_empty' of component 'TDQue2'.
WARNING:Xst:753 - "C:/Project/USBHost_v1/Protocol.vhd" line 708: Unconnected output port 'almost_full' of component 'TDQue2'.
WARNING:Xst:766 - "C:/Project/USBHost_v1/Protocol.vhd" line 708: Generating a Black Box for component <TDQue2>.
WARNING:Xst:766 - "C:/Project/USBHost_v1/Protocol.vhd" line 722: Generating a Black Box for component <fifo1bit>.
WARNING:Xst:819 - "C:/Project/USBHost_v1/Protocol.vhd" line 1094: The following signals are missing in the process sensitivity list:
   TD_Rd.
Entity <Protocol> analyzed. Unit <Protocol> generated.

Analyzing Entity <USBCrc> (Architecture <a_usbcrc>).
WARNING:Xst:819 - "C:/Project/USBHost_v1/USBCrc.vhd" line 56: The following signals are missing in the process sensitivity list:
   crc5_clr.
WARNING:Xst:819 - "C:/Project/USBHost_v1/USBCrc.vhd" line 76: The following signals are missing in the process sensitivity list:
   crc16_clr.
Entity <USBCrc> analyzed. Unit <USBCrc> generated.


=========================================================================
*                           HDL Synthesis                               *
=========================================================================

Synthesizing Unit <USBCrc>.
    Related source file is "C:/Project/USBHost_v1/USBCrc.vhd".
    Found 16-bit register for signal <rcrc16>.
    Found 5-bit register for signal <rcrc5>.
    Found 1-bit xor2 for signal <rxor16_en>.
    Found 1-bit xor2 for signal <rxor5_en>.
    Summary:
	inferred  21 D-type flip-flop(s).
Unit <USBCrc> synthesized.


Synthesizing Unit <BitStuff_out>.
    Related source file is "C:/Project/USBHost_v1/BitStuff_Out.vhd".
WARNING:Xst:646 - Signal <rRd_lat> is assigned but never used.
WARNING:Xst:646 - Signal <rDataS_out> is assigned but never used.
WARNING:Xst:646 - Signal <rStuff_EN_lat> is assigned but never used.
    Found 32-bit 4-to-1 multiplexer for signal <$n0008>.
    Found 1-bit 4-to-1 multiplexer for signal <$n0010>.
    Found 32-bit adder for signal <$n0011> created at line 66.
    Found 32-bit register for signal <count_one>.
    Found 1-bit register for signal <dout>.
    Found 1-bit register for signal <rRd>.
    Found 1-bit register for signal <rStuff_EN>.
    Summary:
	inferred  35 D-type flip-flop(s).
	inferred   1 Adder/Subtractor(s).
	inferred  33 Multiplexer(s).
Unit <BitStuff_out> synthesized.


Synthesizing Unit <Transceiver_out>.
    Related source file is "C:/Project/USBHost_v1/Transceiver_Out.vhd".
WARNING:Xst:1780 - Signal <plus> is never used or assigned.
WARNING:Xst:1780 - Signal <minus> is never used or assigned.
    Found 1-bit register for signal <rCE_lat>.
    Found 1-bit register for signal <rNrzi>.
    Summary:
	inferred   2 D-type flip-flop(s).
Unit <Transceiver_out> synthesized.


Synthesizing Unit <BitStuff_in>.
    Related source file is "C:/Project/USBHost_v1/BitStuff_In.vhd".
WARNING:Xst:646 - Signal <rRd_lat> is assigned but never used.
    Found 1-bit tristate buffer for signal <DataR_out>.
    Found 32-bit 4-to-1 multiplexer for signal <$n0005>.
    Found 32-bit adder for signal <$n0006> created at line 57.
    Found 32-bit register for signal <Count_one>.
    Found 1-bit register for signal <rData_out>.
    Found 1-bit register for signal <rStuff_EN>.
    Found 1-bit register for signal <rWr>.
    Summary:
	inferred  35 D-type flip-flop(s).
	inferred   1 Adder/Subtractor(s).
	inferred  32 Multiplexer(s).
	inferred   1 Tristate(s).
Unit <BitStuff_in> synthesized.


Synthesizing Unit <Transceiver_in>.
    Related source file is "C:/Project/USBHost_v1/Transceiver_In.vhd".
WARNING:Xst:1305 - Output <status_connect> is never assigned. Tied to value 0.
    Found finite state machine <FSM_0> for signal <bus_state>.
    -----------------------------------------------------------------------
    | States             | 5                                              |
    | Transitions        | 14                                             |
    | Inputs             | 6                                              |
    | Outputs            | 4                                              |
    | Clock              | Clock (rising_edge)                            |
    | Reset              | Reset (positive)                               |
    | Reset type         | asynchronous                                   |
    | Reset State        | bus_reset                                      |
    | Power Up State     | bus_init                                       |
    | Encoding           | automatic                                      |
    | Implementation     | LUT                                            |
    -----------------------------------------------------------------------
WARNING:Xst:737 - Found 1-bit latch for signal <rData_in>.
    Found 32-bit comparator less for signal <$n0011> created at line 67.
    Found 32-bit comparator less for signal <$n0012> created at line 96.
    Found 32-bit adder for signal <$n0024> created at line 59.
    Found 1-bit xor2 for signal <$n0033> created at line 147.
    Found 32-bit register for signal <count>.
    Found 1-bit register for signal <rData_out>.
    Found 1-bit register for signal <rPrevState>.
    Found 1-bit register for signal <wait_fs>.
    Found 1-bit register for signal <wait_ls>.
    Summary:
	inferred   1 Finite State Machine(s).
	inferred  36 D-type flip-flop(s).
	inferred   1 Adder/Subtractor(s).
	inferred   2 Comparator(s).
Unit <Transceiver_in> synthesized.


Synthesizing Unit <Physical_out>.
    Related source file is "C:/Project/USBHost_v1/Physical_Out.vhd".
WARNING:Xst:647 - Input <DataS_Empty> is never used.
WARNING:Xst:647 - Input <DataS_AEmpty> is never used.
    Found 1-bit register for signal <prev>.
    Found 1-bit register for signal <TR_CE>.
    Summary:
	inferred   2 D-type flip-flop(s).
Unit <Physical_out> synthesized.


Synthesizing Unit <Physical_in>.
    Related source file is "C:/Project/USBHost_v1/Physical_In.vhd".
WARNING:Xst:647 - Input <DataR_AFull> is never used.
WARNING:Xst:647 - Input <DataR_Full> is never used.
WARNING:Xst:1305 - Output <DataR_Wr> is never assigned. Tied to value 0.
WARNING:Xst:646 - Signal <TR_Dir> is assigned but never used.
WARNING:Xst:1780 - Signal <TR_Data_in> is never used or assigned.
WARNING:Xst:646 - Signal <BS_Wr> is assigned but never used.
Unit <Physical_in> synthesized.


Synthesizing Unit <Protocol>.
    Related source file is "C:/Project/USBHost_v1/Protocol.vhd".
WARNING:Xst:647 - Input <TD_WrClk> is never used.
WARNING:Xst:646 - Signal <FF_AFull> is assigned but never used.
WARNING:Xst:1780 - Signal <rbus_sof> is never used or assigned.
WARNING:Xst:646 - Signal <TD_Dout<0>> is assigned but never used.
WARNING:Xst:1780 - Signal <rTD_Dout> is never used or assigned.
WARNING:Xst:1780 - Signal <rMemDataR> is never used or assigned.
WARNING:Xst:646 - Signal <FF_RdEn> is assigned but never used.
WARNING:Xst:646 - Signal <Clock1K> is assigned but never used.
WARNING:Xst:1780 - Signal <rMemData_Addr> is never used or assigned.
WARNING:Xst:646 - Signal <rMemData_Rd> is assigned but never used.
WARNING:Xst:646 - Signal <FF_Full> is assigned but never used.
WARNING:Xst:646 - Signal <test<0>> is assigned but never used.
WARNING:Xst:646 - Signal <rMemData_Wr> is assigned but never used.
    Register <CRC_16clr> equivalent to <CRC_5clr> has been removed
WARNING:Xst:737 - Found 1-bit latch for signal <TD_Rd>.
WARNING:Xst:737 - Found 32-bit latch for signal <count>.
WARNING:Xst:737 - Found 1-bit latch for signal <rbus_data>.
WARNING:Xst:737 - Found 1-bit latch for signal <dir_0>.
WARNING:Xst:737 - Found 1-bit latch for signal <rbus_se0>.
WARNING:Xst:737 - Found 19-bit latch for signal <DATA_STATE>.
WARNING:Xst:737 - Found 1-bit latch for signal <rdatas_rd>.
WARNING:Xst:737 - Found 4-bit latch for signal <pid>.
WARNING:Xst:737 - Found 9-bit latch for signal <packet>.
WARNING:Xst:737 - Found 4-bit latch for signal <test>.
WARNING:Xst:737 - Found 1-bit latch for signal <rFF_RdEn>.
    Using one-hot encoding for signal <DATA_STATE>.
    Using one-hot encoding for signal <PTC_STATE>.
    Using one-hot encoding for signal <packet0>.
    Using one-hot encoding for signal <$n0002>.
    Found 32-bit comparator less for signal <$n0107> created at line 1700.
    Found 32-bit comparator less for signal <$n0108> created at line 1732.
    Found 32-bit comparator less for signal <$n0115> created at line 1827.
    Found 32-bit comparator less for signal <$n0116> created at line 1837.
    Found 32-bit comparator greater for signal <$n0117> created at line 1854.
    Found 32-bit comparator less for signal <$n0119> created at line 1896.
    Found 32-bit comparator less for signal <$n0120> created at line 1906.
    Found 1-bit 4-to-1 multiplexer for signal <$n0134> created at line 1100.
    Found 1-bit 4-to-1 multiplexer for signal <$n0143> created at line 1542.
    Found 4-bit 4-to-1 multiplexer for signal <$n0161>.
    Found 32-bit subtractor for signal <$n0165> created at line 1854.
    Found 32-bit adder for signal <$n0166> created at line 312.
    Found 32-bit adder for signal <$n0167> created at line 1696.
    Found 32-bit comparator less for signal <$n0173> created at line 532.
    Found 32-bit comparator less for signal <$n0188> created at line 316.
    Found 32-bit comparator less for signal <$n0189> created at line 387.
    Found 32-bit comparator less for signal <$n0190> created at line 397.
    Found 32-bit comparator less for signal <$n0191> created at line 407.
    Found 32-bit comparator less for signal <$n0192> created at line 425.
    Found 32-bit comparator less for signal <$n0193> created at line 461.
    Found 32-bit comparator less for signal <$n0194> created at line 518.
    Found 32-bit register for signal <count0>.
    Found 1-bit register for signal <CRC_16en>.
    Found 1-bit register for signal <CRC_5clr>.
    Found 1-bit register for signal <CRC_5en>.
    Found 32-bit down counter for signal <DataCount>.
    Found 1-bit register for signal <DataDir>.
    Found 1-bit register for signal <dir0<0>>.
    Found 1-bit register for signal <FF_Din<0>>.
    Found 1-bit register for signal <FF_Wr>.
    Found 9-bit register for signal <packet0>.
    Found 20-bit register for signal <PTC_STATE>.
    Found 7-bit register for signal <rAddress>.
    Found 1-bit register for signal <rbus_eop>.
    Found 16-bit register for signal <rCrc16>.
    Found 5-bit register for signal <rCrc5>.
    Found 8-bit register for signal <rdata>.
    Found 4-bit register for signal <rEndpoint>.
    Found 11-bit register for signal <rFrameno>.
    Found 8-bit register for signal <rPid>.
    Found 8-bit register for signal <rSync>.
    Summary:
	inferred   1 Counter(s).
	inferred 116 D-type flip-flop(s).
	inferred   3 Adder/Subtractor(s).
	inferred  15 Comparator(s).
	inferred   6 Multiplexer(s).
Unit <Protocol> synthesized.


Synthesizing Unit <Physical>.
    Related source file is "C:/Project/USBHost_v1/Physical.vhd".
WARNING:Xst:647 - Input <BUS_SOP> is never used.
WARNING:Xst:647 - Input <DataDir> is never used.
    Found 1-bit tristate buffer for signal <dminus>.
    Found 1-bit tristate buffer for signal <dplus>.
    Found 1-bit register for signal <BUS_DATA_delay>.
    Found 1-bit register for signal <BUS_EOP_delay>.
    Found 1-bit register for signal <BUS_SE0_delay>.
    Found 1-bit register for signal <prev>.
    Summary:
	inferred   4 D-type flip-flop(s).
	inferred   2 Tristate(s).
Unit <Physical> synthesized.


Synthesizing Unit <USBDriver>.
    Related source file is "C:/Project/USBHost_v1/USBDriver.vhd".
WARNING:Xst:1305 - Output <DataS> is never assigned. Tied to value 00000000.
WARNING:Xst:647 - Input <Clock1K> is never used.
WARNING:Xst:1305 - Output <DataS_Wr> is never assigned. Tied to value 0.
WARNING:Xst:647 - Input <UserRd> is never used.
WARNING:Xst:647 - Input <TD_Full> is never used.
WARNING:Xst:646 - Signal <rDataS> is assigned but never used.
WARNING:Xst:1780 - Signal <PACKET> is never used or assigned.
WARNING:Xst:1780 - Signal <CONST_ADDRESS> is never used or assigned.
WARNING:Xst:646 - Signal <rDataS_Wr> is assigned but never used.
WARNING:Xst:1780 - Signal <Int_Flag> is never used or assigned.
WARNING:Xst:1780 - Signal <CONST_ENDPOINT> is never used or assigned.
INFO:Xst:1799 - State t_write is never reached in FSM <write_state>.
    Found finite state machine <FSM_1> for signal <write_state>.
    -----------------------------------------------------------------------
    | States             | 8                                              |
    | Transitions        | 11                                             |
    | Inputs             | 2                                              |
    | Outputs            | 4                                              |
    | Clock              | Clock (rising_edge)                            |
    | Reset              | Reset (positive)                               |
    | Reset type         | asynchronous                                   |
    | Reset State        | t_rst                                          |
    | Power Up State     | t_init                                         |
    | Encoding           | automatic                                      |
    | Implementation     | LUT                                            |
    -----------------------------------------------------------------------
    Using one-hot encoding for signal <step>.
    Found 32-bit comparator less for signal <$n0007> created at line 177.
    Found 32-bit adder for signal <$n0014> created at line 178.
    Found 32-bit register for signal <count>.
    Found 16-bit register for signal <rTD_Din>.
    Found 1-bit register for signal <rTD_Wr>.
    Found 9-bit register for signal <step>.
    Summary:
	inferred   1 Finite State Machine(s).
	inferred  49 D-type flip-flop(s).
	inferred   1 Adder/Subtractor(s).
	inferred   1 Comparator(s).
Unit <USBDriver> synthesized.


Synthesizing Unit <ClockDiv>.
    Related source file is "C:/Project/USBHost_v1/ClockDiv.vhd".
WARNING:Xst:2110 - Clock of register <rClock1K> seems to be also used in the data or control logic of that element.
WARNING:Xst:2110 - Clock of register <rClock1M> seems to be also used in the data or control logic of that element.
WARNING:Xst:2110 - Clock of register <rClock8M> seems to be also used in the data or control logic of that element.
WARNING:Xst:2110 - Clock of register <rClock12M> seems to be also used in the data or control logic of that element.
    Found 32-bit 4-to-1 multiplexer for signal <$n0017>.
    Found 32-bit adder for signal <$n0018> created at line 62.
    Found 32-bit register for signal <clk_count>.
    Found 32-bit up counter for signal <clk_count0>.
    Found 32-bit up counter for signal <clk_count1>.
    Found 1-bit register for signal <rClock12M>.
    Found 1-bit register for signal <rClock1K>.
    Found 1-bit register for signal <rClock1M>.
    Found 1-bit register for signal <rClock8M>.
    Summary:
	inferred   2 Counter(s).
	inferred  35 D-type flip-flop(s).
	inferred   1 Adder/Subtractor(s).
	inferred  32 Multiplexer(s).
Unit <ClockDiv> synthesized.


Synthesizing Unit <usbhost>.
    Related source file is "C:/Project/USBHost_v1/USBHost.vhd".
WARNING:Xst:1778 - Inout <dminus> is assigned but never used.
WARNING:Xst:1778 - Inout <dplus> is assigned but never used.
WARNING:Xst:653 - Signal <PHY_DataR_AFull> is used but never assigned. Tied to value 0.
WARNING:Xst:646 - Signal <DM_afull> is assigned but never used.
WARNING:Xst:1780 - Signal <PT_Dout_ShClk> is never used or assigned.
WARNING:Xst:653 - Signal <selfReset> is used but never assigned. Tied to value 0.
WARNING:Xst:1780 - Signal <DR_Mem_En> is never used or assigned.
WARNING:Xst:646 - Signal <rDataS_in> is assigned but never used.
WARNING:Xst:653 - Signal <Data_out> is used but never assigned. Tied to value 0.
WARNING:Xst:646 - Signal <DM_empty> is assigned but never used.
WARNING:Xst:646 - Signal <DM_full> is assigned but never used.
WARNING:Xst:1780 - Signal <PT_Mem_En> is never used or assigned.
WARNING:Xst:646 - Signal <PHY_DataR_Out> is assigned but never used.
WARNING:Xst:653 - Signal <PHY_DataDir> is used but never assigned. Tied to value 0.
WARNING:Xst:646 - Signal <DM_aempty> is assigned but never used.
WARNING:Xst:653 - Signal <PHY_DataR_Full> is used but never assigned. Tied to value 0.
WARNING:Xst:1780 - Signal <DR_Mem_We> is never used or assigned.
WARNING:Xst:1780 - Signal <DR_MemR_Data> is never used or assigned.
WARNING:Xst:1780 - Signal <PT_TD_WrClk> is never used or assigned.
WARNING:Xst:1780 - Signal <PT_Mem_We> is never used or assigned.
WARNING:Xst:646 - Signal <PHY_DataR_Wr> is assigned but never used.
WARNING:Xst:1780 - Signal <DR_MemS_Data> is never used or assigned.
WARNING:Xst:1780 - Signal <sysClock1M> is never used or assigned.
WARNING:Xst:1780 - Signal <DR_MemS_Addr> is never used or assigned.
Unit <usbhost> synthesized.

INFO:Xst:1767 - HDL ADVISOR - Resource sharing has identified that some arithmetic operations in this design can share the same physical resources for reduced device utilization. For improved clock frequency you may try to disable resource sharing.

=========================================================================
*                       Advanced HDL Synthesis                          *
=========================================================================

Advanced RAM inference ...
Advanced multiplier inference ...
Advanced Registered AddSub inference ...
Analyzing FSM <FSM_1> for best encoding.
Optimizing FSM <FSM_1> on signal <write_state[1:3]> with sequential encoding.
-----------------------
 State     | Encoding
-----------------------
 t_init    | 000
 t_rst     | 001
 t_wait    | 010
 t_wdata   | 100
 t_write   | unreached
 t_unwrite | 101
 t_setup   | 011
 t_pout    | 110
 t_end     | 111
-----------------------
Analyzing FSM <FSM_0> for best encoding.
Optimizing FSM <FSM_0> on signal <bus_state[1:5]> with one-hot encoding.
------------------------
 State      | Encoding
------------------------
 bus_init   | 00001
 bus_reset  | 00010
 bus_discon | 00100
 bus_fs     | 10000
 bus_ls     | 01000
------------------------
Dynamic shift register inference ...

=========================================================================
HDL Synthesis Report

Macro Statistics
# FSMs                             : 2
# Adders/Subtractors               : 7
 32-bit adder                      : 6
 32-bit subtractor                 : 1
# Counters                         : 2
 32-bit down counter               : 1
 32-bit up counter                 : 1
# Registers                        : 54
 1-bit register                    : 36
 11-bit register                   : 1
 16-bit register                   : 3
 20-bit register                   : 1
 32-bit register                   : 5
 4-bit register                    : 1
 5-bit register                    : 2
 7-bit register                    : 1
 8-bit register                    : 3
 9-bit register                    : 1
# Latches                          : 11
 1-bit latch                       : 7
 19-bit latch                      : 1
 32-bit latch                      : 1
 4-bit latch                       : 1
 9-bit latch                       : 1
# Comparators                      : 18
 32-bit comparator greater         : 1
 32-bit comparator less            : 17
# Multiplexers                     : 5
 1-bit 4-to-1 multiplexer          : 3
 32-bit 4-to-1 multiplexer         : 2
# Tristates                        : 3
 1-bit tristate buffer             : 3
# Xors                             : 3
 1-bit xor2                        : 3

=========================================================================

=========================================================================
*                         Low Level Synthesis                           *
=========================================================================
Executing edif2ngd -noa "datamem.edn" "datamem.ngo"
Release 7.1i - edif2ngd H.38
Copyright (c) 1995-2005 Xilinx, Inc.  All rights reserved.
INFO:NgdBuild - Release 7.1i edif2ngd H.38
INFO:NgdBuild - Copyright (c) 1995-2005 Xilinx, Inc.  All rights reserved.
Writing module to "datamem.ngo"...
Reading core <datamem_fifo_generator_v2_0_as_1.ngc>.
Executing edif2ngd -noa "TDQue2.edn" "TDQue2.ngo"
Release 7.1i - edif2ngd H.38
Copyright (c) 1995-2005 Xilinx, Inc.  All rights reserved.
INFO:NgdBuild - Release 7.1i edif2ngd H.38
INFO:NgdBuild - Copyright (c) 1995-2005 Xilinx, Inc.  All rights reserved.
Writing module to "TDQue2.ngo"...
Reading core <tdque2_fifo_generator_v2_0_ss_1.ngc>.
Executing edif2ngd -noa "fifo1bit.edn" "fifo1bit.ngo"
Release 7.1i - edif2ngd H.38
Copyright (c) 1995-2005 Xilinx, Inc.  All rights reserved.
INFO:NgdBuild - Release 7.1i edif2ngd H.38
INFO:NgdBuild - Copyright (c) 1995-2005 Xilinx, Inc.  All rights reserved.
Writing module to "fifo1bit.ngo"...
Reading core <fifo1bit_fifo_generator_v2_0_as_1.ngc>.
Loading core <datamem_fifo_generator_v2_0_as_1> for timing and area information for instance <BU2>.
Loading core <datamem> for timing and area information for instance <u_datamem>.
Loading core <tdque2_fifo_generator_v2_0_ss_1> for timing and area information for instance <BU2>.
Loading core <TDQue2> for timing and area information for instance <u_TDQue_out>.
Loading core <fifo1bit_fifo_generator_v2_0_as_1> for timing and area information for instance <BU2>.
Loading core <fifo1bit> for timing and area information for instance <u_fifo1bit>.
WARNING:Xst:1710 - FF/Latch  <rTD_Din_0> (without init value) has a constant value of 0 in block <USBDriver>.
WARNING:Xst:1895 - Due to other FF/Latch trimming, FF/Latch  <rTD_Din_1> (without init value) has a constant value of 0 in block <USBDriver>.
WARNING:Xst:1895 - Due to other FF/Latch trimming, FF/Latch  <rTD_Din_2> (without init value) has a constant value of 0 in block <USBDriver>.
WARNING:Xst:1895 - Due to other FF/Latch trimming, FF/Latch  <rTD_Din_3> (without init value) has a constant value of 0 in block <USBDriver>.
WARNING:Xst:1895 - Due to other FF/Latch trimming, FF/Latch  <rTD_Din_4> (without init value) has a constant value of 0 in block <USBDriver>.
WARNING:Xst:1895 - Due to other FF/Latch trimming, FF/Latch  <rTD_Din_5> (without init value) has a constant value of 0 in block <USBDriver>.
WARNING:Xst:1895 - Due to other FF/Latch trimming, FF/Latch  <rTD_Din_6> (without init value) has a constant value of 0 in block <USBDriver>.
WARNING:Xst:1895 - Due to other FF/Latch trimming, FF/Latch  <rTD_Din_7> (without init value) has a constant value of 0 in block <USBDriver>.
WARNING:Xst:1895 - Due to other FF/Latch trimming, FF/Latch  <rTD_Din_8> (without init value) has a constant value of 0 in block <USBDriver>.
WARNING:Xst:1895 - Due to other FF/Latch trimming, FF/Latch  <rTD_Din_9> (without init value) has a constant value of 0 in block <USBDriver>.
WARNING:Xst:1895 - Due to other FF/Latch trimming, FF/Latch  <rTD_Din_10> (without init value) has a constant value of 0 in block <USBDriver>.
WARNING:Xst:1291 - FF/Latch <packet0_8> is unconnected in block <Protocol>.
WARNING:Xst:1291 - FF/Latch <packet0_6> is unconnected in block <Protocol>.
WARNING:Xst:1291 - FF/Latch <packet0_7> is unconnected in block <Protocol>.
WARNING:Xst:1291 - FF/Latch <rWr> is unconnected in block <u_BitStuff_in>.
WARNING:Xst:1291 - FF/Latch <rData_out> is unconnected in block <u_BitStuff_in>.
WARNING:Xst:1293 - FF/Latch  <PTC_STATE_10> has a constant value of 0 in block <Protocol>.
WARNING:Xst:1291 - FF/Latch <packet_6> is unconnected in block <Protocol>.
WARNING:Xst:1291 - FF/Latch <packet_8> is unconnected in block <Protocol>.
WARNING:Xst:1291 - FF/Latch <packet_7> is unconnected in block <Protocol>.
WARNING:Xst:524 - All outputs of the instance <u_Physical/u_Physical_in/u_BitStuff_in> of the block <BitStuff_in> are unconnected in block <usbhost>.
   This instance will be removed from the design along with all underlying logic
WARNING:Xst:2041 - Unit BitStuff_in: 1 internal tristate is replaced by logic (pull-up yes): DataR_out.

Optimizing unit <usbhost> ...

Optimizing unit <BitStuff_in> ...

Optimizing unit <Transceiver_in> ...

Optimizing unit <ClockDiv> ...

Optimizing unit <Transceiver_out> ...

Optimizing unit <BitStuff_out> ...

Optimizing unit <Protocol> ...
WARNING:Xst:1293 - FF/Latch  <DATA_STATE_2> has a constant value of 0 in block <Protocol>.
WARNING:Xst:1896 - Due to other FF/Latch trimming, FF/Latch  <DATA_STATE_3> has a constant value of 0 in block <Protocol>.
WARNING:Xst:1293 - FF/Latch  <DATA_STATE_4> has a constant value of 0 in block <Protocol>.

Optimizing unit <USBDriver> ...

Optimizing unit <USBCrc> ...
Loading device for application Rf_Device from file '3s200.nph' in environment C:/Xilinx.

Mapping all equations...
WARNING:Xst:1291 - FF/Latch <u_Physical/u_Physical_in/u_Transceiver_in/rData_in> is unconnected in block <usbhost>.
WARNING:Xst:1291 - FF/Latch <u_Physical/u_Physical_in/u_Transceiver_in/rPrevState> is unconnected in block <usbhost>.
WARNING:Xst:1291 - FF/Latch <u_Physical/u_Physical_in/u_Transceiver_in/rData_out> is unconnected in block <usbhost>.
Building and optimizing final netlist ...
Register <u_Physical/u_Physical_out/u_BitStuff_out/rRd> equivalent to <u_Physical/u_Physical_out/prev> has been removed
Found area constraint ratio of 100 (+ 5) on block usbhost, actual ratio is 43.
WARNING:Xst:382 - Register U0/inblk/rd_rst_fb_1 is equivalent to U0/inblk/rd_rst_fb
WARNING:Xst:382 - Register U0/inblk/rd_rst_fb_1 is equivalent to U0/inblk/rd_rst_fb
WARNING:Xst:382 - Register U0/inblk/rd_rst_fb_1 is equivalent to U0/inblk/rd_rst_fb
WARNING:Xst:382 - Register U0/inblk/rd_rst_fb_1 is equivalent to U0/inblk/rd_rst_fb
FlipFlop u_Physical/u_Physical_out/prev has been replicated 2 time(s)
FlipFlop u_Physical/u_Physical_out/u_BitStuff_out/rStuff_EN has been replicated 3 time(s)
FlipFlop u_Protocol/PTC_STATE_6 has been replicated 1 time(s)

=========================================================================
*                            Final Report                               *
=========================================================================

Device utilization summary:
---------------------------

Selected Device : 3s200tq144-5 

 Number of Slices:                     848  out of   1920    44%  
 Number of Slice Flip Flops:           693  out of   3840    18%  
 Number of 4 input LUTs:              1395  out of   3840    36%  
 Number of bonded IOBs:                 11  out of     97    11%  
 Number of BRAMs:                        3  out of     12    25%  
 Number of GCLKs:                        3  out of      8    37%  


=========================================================================
TIMING REPORT


Clock Information:
------------------
-----------------------------------+------------------------+-------+
Clock Signal                       | Clock buffer(FF name)  | Load  |
-----------------------------------+------------------------+-------+
Clock24M                           | BUFGP                  | 484   |
u_ClockDiv/rClock12M:Q             | BUFG                   | 207   |
ResetB                             | BUFGP                  | 6     |
-----------------------------------+------------------------+-------+

Timing Summary:
---------------
Speed Grade: -5

   Minimum period: 10.005ns (Maximum Frequency: 99.951MHz)
   Minimum input arrival time before clock: 6.830ns
   Maximum output required time after clock: 9.039ns
   Maximum combinational path delay: 7.960ns

=========================================================================




Started process "Translate".


Command Line: ngdbuild -intstyle ise -dd c:\project\usbhost_v1/_ngo -i -p
xc3s200-tq144-5 usbhost.ngc usbhost.ngd 

Reading NGO file 'C:/Project/USBHost_v1/usbhost.ngc' ...
Executing edif2ngd -noa "datamem.edn" "c:\project\usbhost_v1\_ngo\datamem.ngo"
Release 7.1i - edif2ngd H.38
Copyright (c) 1995-2005 Xilinx, Inc.  All rights reserved.
INFO:NgdBuild - Release 7.1i edif2ngd H.38
INFO:NgdBuild - Copyright (c) 1995-2005 Xilinx, Inc.  All rights reserved.
Writing module to "c:/project/usbhost_v1/_ngo/datamem.ngo"...
Loading design module "c:\project\usbhost_v1\_ngo\datamem.ngo"...
Loading design module
"C:\Project\USBHost_v1/datamem_fifo_generator_v2_0_as_1.ngc"...
Executing edif2ngd -noa "tdque2.edn" "c:\project\usbhost_v1\_ngo\tdque2.ngo"
Release 7.1i - edif2ngd H.38
Copyright (c) 1995-2005 Xilinx, Inc.  All rights reserved.
INFO:NgdBuild - Release 7.1i edif2ngd H.38
INFO:NgdBuild - Copyright (c) 1995-2005 Xilinx, Inc.  All rights reserved.
Writing module to "c:/project/usbhost_v1/_ngo/tdque2.ngo"...
Loading design module "c:\project\usbhost_v1\_ngo\tdque2.ngo"...
Loading design module
"C:\Project\USBHost_v1/tdque2_fifo_generator_v2_0_ss_1.ngc"...
Executing edif2ngd -noa "fifo1bit.edn" "c:\project\usbhost_v1\_ngo\fifo1bit.ngo"
Release 7.1i - edif2ngd H.38
Copyright (c) 1995-2005 Xilinx, Inc.  All rights reserved.
INFO:NgdBuild - Release 7.1i edif2ngd H.38
INFO:NgdBuild - Copyright (c) 1995-2005 Xilinx, Inc.  All rights reserved.
Writing module to "c:/project/usbhost_v1/_ngo/fifo1bit.ngo"...
Loading design module "c:\project\usbhost_v1\_ngo\fifo1bit.ngo"...
Loading design module
"C:\Project\USBHost_v1/fifo1bit_fifo_generator_v2_0_as_1.ngc"...

Checking timing specifications ...
Checking expanded design ...

NGDBUILD Design Results Summary:
  Number of errors:     0
  Number of warnings:   0

Writing NGD file "usbhost.ngd" ...

Writing NGDBUILD log file "usbhost.bld"...

NGDBUILD done.




Started process "Map".

Using target part "3s200tq144-5".
Mapping design into LUTs...
Running directed packing...
Running delay-based LUT packing...
Running related packing...

Design Summary:
Number of errors:      0
Number of warnings:    4
Logic Utilization:
  Total Number Slice Registers:       588 out of   3,840   15%
    Number used as Flip Flops:                   524
    Number used as Latches:                       64
  Number of 4 input LUTs:           1,067 out of   3,840   27%
Logic Distribution:
  Number of occupied Slices:                          744 out of   1,920   38%
    Number of Slices containing only related logic:     744 out of     744  100%
    Number of Slices containing unrelated logic:          0 out of     744    0%
      *See NOTES below for an explanation of the effects of unrelated logic
Total Number 4 input LUTs:          1,320 out of   3,840   34%
  Number used as logic:              1,067
  Number used as a route-thru:         253
  Number of bonded IOBs:               10 out of      97   10%
  Number of Block RAMs:                3 out of      12   25%
  Number of GCLKs:                     3 out of       8   37%

Total equivalent gate count for design:  210,363
Additional JTAG gate count for IOBs:  480
Peak Memory Usage:  120 MB

NOTES:

   Related logic is defined as being logic that shares connectivity - e.g. two
   LUTs are "related" if they share common inputs.  When assembling slices,
   Map gives priority to combine logic that is related.  Doing so results in
   the best timing performance.

   Unrelated logic shares no connectivity.  Map will only begin packing
   unrelated logic into a slice once 99% of the slices are occupied through
   related logic packing.

   Note that once logic distribution reaches the 99% level through related
   logic packing, this does not mean the device is completely utilized.
   Unrelated logic packing will then begin, continuing until all usable LUTs
   and FFs are occupied.  Depending on your timing budget, increased levels of
   unrelated logic packing may adversely affect the overall timing performance
   of your design.

Mapping completed.
See MAP report file "usbhost_map.mrp" for details.




Started process "Place & Route".




Constraints file: usbhost.pcf.
WARNING:Par:331 - You are using an evaluation version of Xilinx Software. In 3
   days, this program will not operate. For more information about this product,
   please refer to the Evaluation Agreement, which was shipped to you along with
   the Evaluation CDs.
   To purchase an annual license for this software, please contact your local
   Field Applications Engineer (FAE) or salesperson. If you have any questions,
   or if we can assist in any way, please send an email to: eval@xilinx.com
   Thank You!
Loading device for application Rf_Device from file '3s200.nph' in environment
C:/Xilinx.
   "usbhost" is an NCD, version 3.1, device xc3s200, package tq144, speed -5

Initializing temperature to 85.000 Celsius. (default - Range: 0.000 to 85.000
Celsius)
Initializing voltage to 1.140 Volts. (default - Range: 1.140 to 1.260 Volts)


Device speed data version:  "ADVANCED 1.35 2005-01-22".


Device Utilization Summary:

   Number of BUFGMUXs                  3 out of 8      37%
   Number of External IOBs            10 out of 97     10%
      Number of LOCed IOBs             0 out of 10      0%

   Number of RAMB16s                   3 out of 12     25%
   Number of Slices                  744 out of 1920   38%
      Number of SLICEMs                0 out of 960     0%



Overall effort level (-ol):   Standard (set by user)
Placer effort level (-pl):    Standard (set by user)
Placer cost table entry (-t): 1
Router effort level (-rl):    Standard (set by user)


Starting Placer

Phase 1.1
Phase 1.1 (Checksum:98aa89) REAL time: 6 secs 

Phase 2.31
Phase 2.31 (Checksum:1312cfe) REAL time: 6 secs 

Phase 3.2
.


Phase 3.2 (Checksum:1c9c37d) REAL time: 6 secs 

Phase 4.3
Phase 4.3 (Checksum:26259fc) REAL time: 7 secs 

Phase 5.5
Phase 5.5 (Checksum:2faf07b) REAL time: 7 secs 

Phase 6.8
..................................................
Phase 6.8 (Checksum:ab796b) REAL time: 10 secs 

Phase 7.5
Phase 7.5 (Checksum:42c1d79) REAL time: 10 secs 

Phase 8.18
Phase 8.18 (Checksum:4c4b3f8) REAL time: 11 secs 

Phase 9.5
Phase 9.5 (Checksum:55d4a77) REAL time: 11 secs 

Writing design to file usbhost.ncd


Total REAL time to Placer completion: 12 secs 
Total CPU time to Placer completion: 6 secs 

Starting Router

Phase 1: 5208 unrouted;       REAL time: 12 secs 

Phase 2: 4732 unrouted;       REAL time: 12 secs 

Phase 3: 2086 unrouted;       REAL time: 13 secs 

Phase 4: 0 unrouted;       REAL time: 16 secs 


WARNING:CLK Net:u_ClockDiv/rClock12M
may have excessive skew because 6 NON-CLK pins
failed to route using a CLK template.

WARNING:CLK Net:Clock24M_BUFGP
may have excessive skew because 2 NON-CLK pins
failed to route using a CLK template.

WARNING:CLK Net:ResetB_BUFGP
may have excessive skew because 277 NON-CLK pins
failed to route using a CLK template.

Total REAL time to Router completion: 16 secs 
Total CPU time to Router completion: 10 secs 

Generating "PAR" statistics.

**************************
Generating Clock Report
**************************

+---------------------+--------------+------+------+------------+-------------+
|        Clock Net    |   Resource   |Locked|Fanout|Net Skew(ns)|Max Delay(ns)|
+---------------------+--------------+------+------+------------+-------------+
|      Clock24M_BUFGP |      BUFGMUX7| No   |  257 |  0.004     |  0.885      |
+---------------------+--------------+------+------+------------+-------------+
|        ResetB_BUFGP |      BUFGMUX0| No   |  281 |  0.000     |  0.881      |
+---------------------+--------------+------+------+------------+-------------+
|u_ClockDiv/rClock12M |              |      |      |            |             |
|                     |      BUFGMUX6| No   |  136 |  0.002     |  0.883      |
+---------------------+--------------+------+------+------------+-------------+

Generating Pad Report.

All signals are completely routed.

Total REAL time to PAR completion: 19 secs 
Total CPU time to PAR completion: 11 secs 

Peak Memory Usage:  85 MB

Placement: Completed - No errors found.
Routing: Completed - No errors found.

Number of error messages: 0
Number of warning messages: 1
Number of info messages: 1

Writing design to file usbhost.ncd



PAR done!

Started process "Generate Post-Place & Route Static Timing".

Loading device for application Rf_Device from file '3s200.nph' in environment
C:/Xilinx.
   "usbhost" is an NCD, version 3.1, device xc3s200, package tq144, speed -5

Analysis completed Mon Mar 20 11:32:09 2006
--------------------------------------------------------------------------------

Generating Report ...

Number of warnings: 0
Total time: 7 secs 







Started process "Generate Programming File".


