Line 16: Class Crystal.CrystalReport of control crptReport was not a loaded control class.
Line 19: The property name _ExtentX in crptReport is invalid.
Line 20: The property name _ExtentY in crptReport is invalid.
Line 21: The property name _Version in crptReport is invalid.
Line 22: The property name WindowTitle in crptReport is invalid.
Line 23: The property name WindowControlBox in crptReport is invalid.
Line 24: The property name WindowMaxButton in crptReport is invalid.
Line 25: The property name WindowMinButton in crptReport is invalid.
Line 26: The property name WindowState in crptReport is invalid.
Line 27: The property name PrintFileLinesPerPage in crptReport is invalid.
Line 28: The property name WindowShowCloseBtn in crptReport is invalid.
Line 29: The property name WindowShowPrintSetupBtn in crptReport is invalid.
Line 30: The property name WindowShowRefreshBtn in crptReport is invalid.
Line 19: The property name _ExtentX in crptReport is invalid.
Line 20: The property name _ExtentY in crptReport is invalid.
Line 21: The property name _Version in crptReport is invalid.
Line 22: The property name WindowTitle in crptReport is invalid.
Line 23: The property name WindowControlBox in crptReport is invalid.
Line 24: The property name WindowMaxButton in crptReport is invalid.
Line 25: The property name WindowMinButton in crptReport is invalid.
Line 26: The property name WindowState in crptReport is invalid.
Line 27: The property name PrintFileLinesPerPage in crptReport is invalid.
Line 28: The property name WindowShowCloseBtn in crptReport is invalid.
Line 29: The property name WindowShowPrintSetupBtn in crptReport is invalid.
Line 30: The property name WindowShowRefreshBtn in crptReport is invalid.
