C51 COMPILER V6.21  CAN                                                                    03/26/2003 19:56:58 PAGE 1   


C51 COMPILER V6.21, COMPILATION OF MODULE CAN
OBJECT MODULE PLACED IN CAN.OBJ
COMPILER INVOKED BY: C:\Program Files\Keil\C51\BIN\C51.EXE CAN.c LARGE BROWSE DEBUG OBJECTEXTEND

stmt level    source

   1          #define EN0   0      /* MODE == encrypt */
   2          #define DE1   1      /* MODE == decrypt */
   3          
   4          #include <REG51.H>
   5          
   6          typedef struct {
   7            unsigned long ek[32];
   8            unsigned long dk[32];
   9          } des_ctx;
  10          
  11          void deskey(unsigned char *, short);
  12          void usekey(unsigned long *);
  13          void cpkey(unsigned long *);
  14          void des(unsigned char *, unsigned char *);
  15          
  16          static void scrunch(unsigned char *, unsigned long *);
  17          static void unscrun(unsigned long *, unsigned char *);
  18          static void desfunc(unsigned long *, unsigned long *);
  19          static void cookey(unsigned long *);
  20          
  21          static unsigned long KnL[32] = { 0L };
  22          static unsigned long KnR[32] = { 0L };
  23          static unsigned long Kn3[32] = { 0L };
  24          static unsigned char Df_Key[24] = {
  25                 0x01,0x23,0x45,0x67,0x89,0xab,0xcd,0xef,
  26                 0xfe,0xdc,0xba,0x98,0x76,0x54,0x32,0x10,
  27                 0x89,0xab,0xcd,0xef,0x01,0x23,0x45,0x67 };
  28          
  29          static unsigned short bytebit[8]    = {
  30                 0200, 0100, 040, 020, 010, 04, 02, 01 };
  31          
  32          static unsigned long bigbyte[24] = {
  33                 0x800000L,    0x400000L,     0x200000L,    0x100000L,
  34                 0x80000L,     0x40000L,      0x20000L,     0x10000L,
  35                 0x8000L,      0x4000L,       0x2000L,      0x1000L,
  36                 0x800L,       0x400L,        0x200L,       0x100L,
  37                 0x80L,        0x40L,         0x20L,        0x10L,
  38                 0x8L,         0x4L,          0x2L,         0x1L   };
  39          
  40          /* Use the key schedule specified in the Standard (ANSI X3.92-1981). */
  41          
  42          static unsigned char pc1[56] = {
  43                 56, 48, 40, 32, 24, 16,  8,   0, 57, 49, 41, 33, 25, 17,
  44                  9,  1, 58, 50, 42, 34, 26,  18, 10,  2, 59, 51, 43, 35,
  45                 62, 54, 46, 38, 30, 22, 14,   6, 61, 53, 45, 37, 29, 21,
  46                 13,  5, 60, 52, 44, 36, 28,  20, 12,  4, 27, 19, 11,  3 };
  47          
  48          static unsigned char totrot[16] = {
  49                 1,2,4,6,8,10,12,14,15,17,19,21,23,25,27,28 };
  50          
  51          static unsigned char pc2[48] = {
  52                 13, 16, 10, 23,  0,  4,       2, 27, 14,  5, 20,  9,
  53                 22, 18, 11,  3, 25,  7,      15,  6, 26, 19, 12,  1,
  54                 40, 51, 30, 36, 46, 54,      29, 39, 50, 44, 32, 47,
  55                 43, 48, 38, 55, 33, 52,      45, 41, 49, 35, 28, 31 };         
C51 COMPILER V6.21  CAN                                                                    03/26/2003 19:56:58 PAGE 2   

  56          
  57          void deskey(unsigned char *key, short edf)  {
  58   1      
  59   1        register int i, j, l, m, n;
  60   1        unsigned char pc1m[56], pcr[56];
  61   1        unsigned long kn[32];
  62   1      
  63   1        for ( j = 0; j < 56; j++ ) {
  64   2          l = pc1[j];
  65   2          m = l & 07;
  66   2          pc1m[j] = (key[l >> 3] & bytebit[m]) ? 1 : 0;
  67   2        }
  68   1        for( i = 0; i < 16; i++ ) {
  69   2          if( edf == DE1 ) m = (15 - i) << 1;
  70   2          else             m = i << 1;
  71   2          n = m + 1;
  72   2          kn[m] = kn[n] = 0L;
  73   2          for( j = 0; j < 28; j++ ) {
  74   3            l = j + totrot[i];
  75   3            if( l < 28 ) pcr[j] = pc1m[l];
  76   3            else pcr[j] = pc1m[l - 28];
  77   3          }
  78   2          for( j = 28; j < 56; j++ ) {
  79   3            l = j + totrot[i];
  80   3            if( l < 56 ) pcr[j] = pc1m[l];
  81   3            else         pcr[j] = pc1m[l - 28];
  82   3          }
  83   2          for( j = 0; j < 24; j++ ) {
  84   3            if( pcr[pc2[j]] )    kn[m] |= bigbyte[j];
  85   3            if( pcr[pc2[j+24]] ) kn[n] |= bigbyte[j];
  86   3          }
  87   2        }
  88   1        cookey(kn);
  89   1      }
  90          
  91          static void cookey(unsigned long *raw1)  {
  92   1        register unsigned long *cook, *raw0;
  93   1        unsigned long dough[32];
  94   1        register int i;
  95   1      
  96   1        cook = dough;
  97   1        for( i = 0; i < 16; i++, raw1++ ) {
  98   2          raw0 = raw1++;
  99   2          *cook   = (*raw0 & 0x00fc0000L) << 6;
 100   2          *cook  |= (*raw0 & 0x00000fc0L) << 10;
 101   2          *cook  |= (*raw1 & 0x00fc0000L) >> 10;
 102   2          *cook++|= (*raw1 & 0x00000fc0L) >> 6;
 103   2          *cook   = (*raw0 & 0x0003f000L) << 12;
 104   2          *cook  |= (*raw0 & 0x0000003fL) << 16;
 105   2          *cook  |= (*raw1 & 0x0003f000L) >> 4;
 106   2          *cook++       |= (*raw1 & 0x0000003fL);
 107   2        }
 108   1        usekey(dough);
 109   1      }
 110          
 111          void cpkey(unsigned long *into)  {
 112   1        register unsigned long *from, *endp;
 113   1      
 114   1        from = KnL, endp = &KnL[32];
 115   1        while( from < endp ) *into++ = *from++;
 116   1      }
 117          
C51 COMPILER V6.21  CAN                                                                    03/26/2003 19:56:58 PAGE 3   

 118          void usekey(unsigned long *from)  {
 119   1        register unsigned long *to, *endp;
 120   1      
 121   1        to = KnL;
 122   1        endp = &KnL[32];
 123   1        while( to < endp ) *to++ = *from++;
 124   1      }
 125          
 126          #if 0
              void des(unsigned char *inblock, unsigned char *outblock)  {
                unsigned long work[2];
              
                scrunch(inblock, work);
                desfunc(work, KnL);
                unscrun(work, outblock);
              }
              #endif
 135          
 136          static void scrunch(unsigned char *outof, unsigned long *into)  {
 137   1        *into   = (*outof++ & 0xffL) << 24;
 138   1        *into  |= (*outof++ & 0xffL) << 16;
 139   1        *into  |= (*outof++ & 0xffL) << 8;
 140   1        *into++ |= (*outof++ & 0xffL);
 141   1        *into   = (*outof++ & 0xffL) << 24;
 142   1        *into  |= (*outof++ & 0xffL) << 16;
 143   1        *into  |= (*outof++ & 0xffL) << 8;
 144   1        *into  |= (*outof   & 0xffL);
 145   1      }
 146          
 147          static void unscrun(unsigned long *outof, unsigned char *into)  {
 148   1        *into++ = (*outof >> 24) & 0xffL;
 149   1        *into++ = (*outof >> 16) & 0xffL;
 150   1        *into++ = (*outof >>  8) & 0xffL;
 151   1        *into++ =  *outof++      & 0xffL;
 152   1        *into++ = (*outof >> 24) & 0xffL;
 153   1        *into++ = (*outof >> 16) & 0xffL;
 154   1        *into++ = (*outof >>  8) & 0xffL;
 155   1        *into   =  *outof     & 0xffL;
 156   1      }
 157          
 158          static unsigned long SP1[64] = {
 159            0x01010400L, 0x00000000L, 0x00010000L, 0x01010404L,
 160            0x01010004L, 0x00010404L, 0x00000004L, 0x00010000L,
 161            0x00000400L, 0x01010400L, 0x01010404L, 0x00000400L,
 162            0x01000404L, 0x01010004L, 0x01000000L, 0x00000004L,
 163            0x00000404L, 0x01000400L, 0x01000400L, 0x00010400L,
 164            0x00010400L, 0x01010000L, 0x01010000L, 0x01000404L,
 165            0x00010004L, 0x01000004L, 0x01000004L, 0x00010004L,
 166            0x00000000L, 0x00000404L, 0x00010404L, 0x01000000L,
 167            0x00010000L, 0x01010404L, 0x00000004L, 0x01010000L,
 168            0x01010400L, 0x01000000L, 0x01000000L, 0x00000400L,
 169            0x01010004L, 0x00010000L, 0x00010400L, 0x01000004L,
 170            0x00000400L, 0x00000004L, 0x01000404L, 0x00010404L,
 171            0x01010404L, 0x00010004L, 0x01010000L, 0x01000404L,
 172            0x01000004L, 0x00000404L, 0x00010404L, 0x01010400L,
 173            0x00000404L, 0x01000400L, 0x01000400L, 0x00000000L,
 174            0x00010004L, 0x00010400L, 0x00000000L, 0x01010004L };
 175          
 176          static unsigned long SP2[64] = {
 177            0x80108020L, 0x80008000L, 0x00008000L, 0x00108020L,
 178            0x00100000L, 0x00000020L, 0x80100020L, 0x80008020L,
 179            0x80000020L, 0x80108020L, 0x80108000L, 0x80000000L,
C51 COMPILER V6.21  CAN                                                                    03/26/2003 19:56:58 PAGE 4   

 180            0x80008000L, 0x00100000L, 0x00000020L, 0x80100020L,
 181            0x00108000L, 0x00100020L, 0x80008020L, 0x00000000L,
 182            0x80000000L, 0x00008000L, 0x00108020L, 0x80100000L,
 183            0x00100020L, 0x80000020L, 0x00000000L, 0x00108000L,
 184            0x00008020L, 0x80108000L, 0x80100000L, 0x00008020L,
 185            0x00000000L, 0x00108020L, 0x80100020L, 0x00100000L,
 186            0x80008020L, 0x80100000L, 0x80108000L, 0x00008000L,
 187            0x80100000L, 0x80008000L, 0x00000020L, 0x80108020L,
 188            0x00108020L, 0x00000020L, 0x00008000L, 0x80000000L,
 189            0x00008020L, 0x80108000L, 0x00100000L, 0x80000020L,
 190            0x00100020L, 0x80008020L, 0x80000020L, 0x00100020L,
 191            0x00108000L, 0x00000000L, 0x80008000L, 0x00008020L,
 192            0x80000000L, 0x80100020L, 0x80108020L, 0x00108000L };
 193          
 194          static unsigned long SP3[64] = {
 195            0x00000208L, 0x08020200L, 0x00000000L, 0x08020008L,
 196            0x08000200L, 0x00000000L, 0x00020208L, 0x08000200L,
 197            0x00020008L, 0x08000008L, 0x08000008L, 0x00020000L,
 198            0x08020208L, 0x00020008L, 0x08020000L, 0x00000208L,
 199            0x08000000L, 0x00000008L, 0x08020200L, 0x00000200L,
 200            0x00020200L, 0x08020000L, 0x08020008L, 0x00020208L,
 201            0x08000208L, 0x00020200L, 0x00020000L, 0x08000208L,
 202            0x00000008L, 0x08020208L, 0x00000200L, 0x08000000L,
 203            0x08020200L, 0x08000000L, 0x00020008L, 0x00000208L,
 204            0x00020000L, 0x08020200L, 0x08000200L, 0x00000000L,
 205            0x00000200L, 0x00020008L, 0x08020208L, 0x08000200L,
 206            0x08000008L, 0x00000200L, 0x00000000L, 0x08020008L,
 207            0x08000208L, 0x00020000L, 0x08000000L, 0x08020208L,
 208            0x00000008L, 0x00020208L, 0x00020200L, 0x08000008L,
 209            0x08020000L, 0x08000208L, 0x00000208L, 0x08020000L,
 210            0x00020208L, 0x00000008L, 0x08020008L, 0x00020200L };
 211          
 212          static unsigned long SP4[64] = {
 213            0x00802001L, 0x00002081L, 0x00002081L, 0x00000080L,
 214            0x00802080L, 0x00800081L, 0x00800001L, 0x00002001L,
 215            0x00000000L, 0x00802000L, 0x00802000L, 0x00802081L,
 216            0x00000081L, 0x00000000L, 0x00800080L, 0x00800001L,
 217            0x00000001L, 0x00002000L, 0x00800000L, 0x00802001L,
 218            0x00000080L, 0x00800000L, 0x00002001L, 0x00002080L,
 219            0x00800081L, 0x00000001L, 0x00002080L, 0x00800080L,
 220            0x00002000L, 0x00802080L, 0x00802081L, 0x00000081L,
 221            0x00800080L, 0x00800001L, 0x00802000L, 0x00802081L,
 222            0x00000081L, 0x00000000L, 0x00000000L, 0x00802000L,
 223            0x00002080L, 0x00800080L, 0x00800081L, 0x00000001L,
 224            0x00802001L, 0x00002081L, 0x00002081L, 0x00000080L,
 225            0x00802081L, 0x00000081L, 0x00000001L, 0x00002000L,
 226            0x00800001L, 0x00002001L, 0x00802080L, 0x00800081L,
 227            0x00002001L, 0x00002080L, 0x00800000L, 0x00802001L,
 228            0x00000080L, 0x00800000L, 0x00002000L, 0x00802080L };
 229          
 230          static unsigned long SP5[64] = {
 231            0x00000100L, 0x02080100L, 0x02080000L, 0x42000100L,
 232            0x00080000L, 0x00000100L, 0x40000000L, 0x02080000L,
 233            0x40080100L, 0x00080000L, 0x02000100L, 0x40080100L,
 234            0x42000100L, 0x42080000L, 0x00080100L, 0x40000000L,
 235            0x02000000L, 0x40080000L, 0x40080000L, 0x00000000L,
 236            0x40000100L, 0x42080100L, 0x42080100L, 0x02000100L,
 237            0x42080000L, 0x40000100L, 0x00000000L, 0x42000000L,
 238            0x02080100L, 0x02000000L, 0x42000000L, 0x00080100L,
 239            0x00080000L, 0x42000100L, 0x00000100L, 0x02000000L,
 240            0x40000000L, 0x02080000L, 0x42000100L, 0x40080100L,
 241            0x02000100L, 0x40000000L, 0x42080000L, 0x02080100L,
C51 COMPILER V6.21  CAN                                                                    03/26/2003 19:56:58 PAGE 5   

 242            0x40080100L, 0x00000100L, 0x02000000L, 0x42080000L,
 243            0x42080100L, 0x00080100L, 0x42000000L, 0x42080100L,
 244            0x02080000L, 0x00000000L, 0x40080000L, 0x42000000L,
 245            0x00080100L, 0x02000100L, 0x40000100L, 0x00080000L,
 246            0x00000000L, 0x40080000L, 0x02080100L, 0x40000100L };
 247          
 248          static unsigned long SP6[64] = {
 249            0x20000010L, 0x20400000L, 0x00004000L, 0x20404010L,
 250            0x20400000L, 0x00000010L, 0x20404010L, 0x00400000L,
 251            0x20004000L, 0x00404010L, 0x00400000L, 0x20000010L,
 252            0x00400010L, 0x20004000L, 0x20000000L, 0x00004010L,
 253            0x00000000L, 0x00400010L, 0x20004010L, 0x00004000L,
 254            0x00404000L, 0x20004010L, 0x00000010L, 0x20400010L,
 255            0x20400010L, 0x00000000L, 0x00404010L, 0x20404000L,
 256            0x00004010L, 0x00404000L, 0x20404000L, 0x20000000L,
 257            0x20004000L, 0x00000010L, 0x20400010L, 0x00404000L,
 258            0x20404010L, 0x00400000L, 0x00004010L, 0x20000010L,
 259            0x00400000L, 0x20004000L, 0x20000000L, 0x00004010L,
 260            0x20000010L, 0x20404010L, 0x00404000L, 0x20400000L,
 261            0x00404010L, 0x20404000L, 0x00000000L, 0x20400010L,
 262            0x00000010L, 0x00004000L, 0x20400000L, 0x00404010L,
 263            0x00004000L, 0x00400010L, 0x20004010L, 0x00000000L,
 264            0x20404000L, 0x20000000L, 0x00400010L, 0x20004010L };
 265          
 266          static unsigned long SP7[64] = {
 267            0x00200000L, 0x04200002L, 0x04000802L, 0x00000000L,
 268            0x00000800L, 0x04000802L, 0x00200802L, 0x04200800L,
 269            0x04200802L, 0x00200000L, 0x00000000L, 0x04000002L,
 270            0x00000002L, 0x04000000L, 0x04200002L, 0x00000802L,
 271            0x04000800L, 0x00200802L, 0x00200002L, 0x04000800L,
 272            0x04000002L, 0x04200000L, 0x04200800L, 0x00200002L,
 273            0x04200000L, 0x00000800L, 0x00000802L, 0x04200802L,
 274            0x00200800L, 0x00000002L, 0x04000000L, 0x00200800L,
 275            0x04000000L, 0x00200800L, 0x00200000L, 0x04000802L,
 276            0x04000802L, 0x04200002L, 0x04200002L, 0x00000002L,
 277            0x00200002L, 0x04000000L, 0x04000800L, 0x00200000L,
 278            0x04200800L, 0x00000802L, 0x00200802L, 0x04200800L,
 279            0x00000802L, 0x04000002L, 0x04200802L, 0x04200000L,
 280            0x00200800L, 0x00000000L, 0x00000002L, 0x04200802L,
 281            0x00000000L, 0x00200802L, 0x04200000L, 0x00000800L,
 282            0x04000002L, 0x04000800L, 0x00000800L, 0x00200002L };
 283          
 284          static unsigned long SP8[64] = {
 285            0x10001040L, 0x00001000L, 0x00040000L, 0x10041040L,
 286            0x10000000L, 0x10001040L, 0x00000040L, 0x10000000L,
 287            0x00040040L, 0x10040000L, 0x10041040L, 0x00041000L,
 288            0x10041000L, 0x00041040L, 0x00001000L, 0x00000040L,
 289            0x10040000L, 0x10000040L, 0x10001000L, 0x00001040L,
 290            0x00041000L, 0x00040040L, 0x10040040L, 0x10041000L,
 291            0x00001040L, 0x00000000L, 0x00000000L, 0x10040040L,
 292            0x10000040L, 0x10001000L, 0x00041040L, 0x00040000L,
 293            0x00041040L, 0x00040000L, 0x10041000L, 0x00001000L,
 294            0x00000040L, 0x10040040L, 0x00001000L, 0x00041040L,
 295            0x10001000L, 0x00000040L, 0x10000040L, 0x10040000L,
 296            0x10040040L, 0x10000000L, 0x00040000L, 0x10001040L,
 297            0x00000000L, 0x10041040L, 0x00040040L, 0x10000040L,
 298            0x10040000L, 0x10001000L, 0x10001040L, 0x00000000L,
 299            0x10041040L, 0x00041000L, 0x00041000L, 0x00001040L,
 300            0x00001040L, 0x00040040L, 0x10000000L, 0x10041000L };
 301          
 302          static void desfunc(unsigned long *block, unsigned long *keys)  {
 303   1        register unsigned long fval, work, right, leftt;
C51 COMPILER V6.21  CAN                                                                    03/26/2003 19:56:58 PAGE 6   

 304   1        register int round;
 305   1      
 306   1        leftt = block[0];
 307   1        right = block[1];
 308   1        work = ((leftt >> 4) ^ right) & 0x0f0f0f0fL;
 309   1        right ^= work;
 310   1        leftt ^= (work << 4);
 311   1        work = ((leftt >> 16) ^ right) & 0x0000ffffL;
 312   1        right ^= work;
 313   1        leftt ^= (work << 16);
 314   1        work = ((right >> 2) ^ leftt) & 0x33333333L;
 315   1        leftt ^= work;
 316   1        right ^= (work << 2);
 317   1        work = ((right >> 8) ^ leftt) & 0x00ff00ffL;
 318   1        leftt ^= work;
 319   1        right ^= (work << 8);
 320   1        right = ((right << 1) | ((right >> 31) & 1L)) & 0xffffffffL;
 321   1        work = (leftt ^ right) & 0xaaaaaaaaL;
 322   1        leftt ^= work;
 323   1        right ^= work;
 324   1        leftt = ((leftt << 1) | ((leftt >> 31) & 1L)) & 0xffffffffL;
 325   1      
 326   1        for( round = 0; round < 8; round++ ) {
 327   2          work  = (right << 28) | (right >> 4);
 328   2          work ^= *keys++;
 329   2          fval  = SP7[ work             & 0x3fL];
 330   2          fval |= SP5[(work >>  8) & 0x3fL];
 331   2          fval |= SP3[(work >> 16) & 0x3fL];
 332   2          fval |= SP1[(work >> 24) & 0x3fL];
 333   2          work  = right ^ *keys++;
 334   2          fval |= SP8[ work             & 0x3fL];
 335   2          fval |= SP6[(work >>  8) & 0x3fL];
 336   2          fval |= SP4[(work >> 16) & 0x3fL];
 337   2          fval |= SP2[(work >> 24) & 0x3fL];
 338   2          leftt ^= fval;
 339   2          work  = (leftt << 28) | (leftt >> 4);
 340   2          work ^= *keys++;
 341   2          fval  = SP7[ work             & 0x3fL];
 342   2          fval |= SP5[(work >>  8) & 0x3fL];
 343   2          fval |= SP3[(work >> 16) & 0x3fL];
 344   2          fval |= SP1[(work >> 24) & 0x3fL];
 345   2          work  = leftt ^ *keys++;
 346   2          fval |= SP8[ work             & 0x3fL];
 347   2          fval |= SP6[(work >>  8) & 0x3fL];
 348   2          fval |= SP4[(work >> 16) & 0x3fL];
 349   2          fval |= SP2[(work >> 24) & 0x3fL];
 350   2          right ^= fval;
 351   2        }
 352   1      
 353   1        right = (right << 31) | (right >> 1);
 354   1        work = (leftt ^ right) & 0xaaaaaaaaL;
 355   1        leftt ^= work;
 356   1        right ^= work;
 357   1        leftt = (leftt << 31) | (leftt >> 1);
 358   1        work = ((leftt >> 8) ^ right) & 0x00ff00ffL;
 359   1        right ^= work;
 360   1        leftt ^= (work << 8);
 361   1        work = ((leftt >> 2) ^ right) & 0x33333333L;
 362   1        right ^= work;
 363   1        leftt ^= (work << 2);
 364   1        work = ((right >> 16) ^ leftt) & 0x0000ffffL;
 365   1        leftt ^= work;
C51 COMPILER V6.21  CAN                                                                    03/26/2003 19:56:58 PAGE 7   

 366   1        right ^= (work << 16);
 367   1        work = ((right >> 4) ^ leftt) & 0x0f0f0f0fL;
 368   1        leftt ^= work;
 369   1        right ^= (work << 4);
 370   1        *block++ = right;
 371   1        *block = leftt;
 372   1      }
 373          
 374          void des_key(des_ctx *dc, unsigned char *key){
 375   1        deskey(key,EN0);
 376   1        cpkey(dc->ek);
 377   1        deskey(key,DE1);
 378   1        cpkey(dc->dk);
 379   1      }
 380          void des_enc(des_ctx *dc, unsigned char *Data, int blocks){
 381   1        unsigned long work[2];
 382   1        int i;
 383   1        unsigned char *cp;
 384   1      
 385   1        cp = Data;
 386   1        for(i=0;i<blocks;i++){
 387   2          scrunch(cp,work);
 388   2          desfunc(work,dc->ek);
 389   2          unscrun(work,cp);
 390   2          cp+=8;
 391   2        }
 392   1      }
 393          
 394          void des_dec(des_ctx *dc, unsigned char *Data, int blocks){
 395   1        unsigned long work[2];
 396   1        int i;
 397   1        unsigned char *cp;
 398   1      
 399   1        cp = Data;
 400   1        for(i=0;i<blocks;i++){
 401   2          scrunch(cp,work);
 402   2          desfunc(work,dc->dk);
 403   2          unscrun(work,cp);
 404   2          cp+=8;
 405   2        }
 406   1      }
 407          
 408          /*****Strat CAN Config*****/
 409          
 410          #define TXRTSCTRL               0x0d
 411          #define BFPCTRL                 0x0c
 412          #define CANCTRL                 0x0f
 413          #define CNF1                    0x2a
 414          #define CNF2                    0x29
 415          #define CNF3                    0x28
 416          
 417          #define RXB0SIDH                0x61
 418          #define RXB0CTRL                0x60
 419          #define RXB0SIDL                0x62
 420          #define RXB0DLC                 0x65
 421          #define RXB0DB0                 0x66
 422          
 423          #define RXB1CTRL                0x70
 424          
 425          #define RXF0SIDH                0x00
 426          #define RXF0SIDL                0x01
 427          
C51 COMPILER V6.21  CAN                                                                    03/26/2003 19:56:58 PAGE 8   

 428          #define RXM0SIDH                0x20
 429          #define RXM0SIDL                0x21
 430          #define RXM0EID8                0x22
 431          #define RXM0EID0                0x23
 432          
 433          #define TXB0CTRL                0x30
 434          #define TXB0SIDH                0x31
 435          #define TXB0SIDL                0x32
 436          #define TXB0DLC                 0x35
 437          #define TXB0DB0                 0x36
 438          
 439          #define CANINTE                 0x2b
 440          #define CANINTF                 0x2c
 441          
 442          struct CANBuffer{
 443                  unsigned char id;
 444                  unsigned char flag;
 445                  unsigned char str[8];
 446                  unsigned char number;                           // Data length code
 447                  unsigned char writeable;
 448          };
 449          
 450          struct HighBuffer{
 451                  unsigned char id;
 452                  unsigned char flag;
 453                  unsigned char str[16];
 454                  unsigned char index;
 455                  unsigned char number;                           // Data length code
 456                  unsigned char writeable;
 457          };
 458          
 459          struct CANBuffer  Rx;                                   // Rx : Receive Buffer , Tx : Transmit Buffer
 460          struct HighBuffer  Bx[3];                                       // Bx[0] : Data Receive HighBuffer , Bx[1] : Status Receive HighBuffer , Bx[
             -2] : Transmit HighBuffer 
 461          unsigned char  CANActive;                               // Select Bus Activate
 462          unsigned char  DeviceStatus;
 463          unsigned char  status;
 464          unsigned char  SequenceNumber;
 465          unsigned char  ReceiveSequence;
 466          int  OldSequence;
 467          
 468          des_ctx dc;
 469          char cp[8];
 470          char key[8] = {0x3f, 0x48, 0xcb, 0xe9, 0x0a, 0x5d, 0x6d, 0xa1};
 471          //char x[8];
 472          
 473          
 474          /***********************************************************************************************/
 475          /*                          Port map mcs51 to ctrl CAN                                                     */
 476          /*                                                                                                                                                                                         */
 477          /*  P1.7         P1.6    P1.5     P1.4     P1.3     P1.2     P1.1    P1.0                                          */
 478          /* ^RST1    ^RST0    ^CS1     ^CS0     SX1       SX0      SI     SCK                                      
             -                                               */
 479          /***********************************************************************************************/
 480          
 481          sbit reset1 = P1^7;
 482          sbit reset0 = P1^6;
 483          sbit CS1   = P1^5;
 484          sbit CS0   = P1^4;
 485          sbit SX1   = P1^3;
 486          sbit SX0   = P1^2;
 487          sbit SI    = P1^1;
C51 COMPILER V6.21  CAN                                                                    03/26/2003 19:56:58 PAGE 9   

 488          sbit SCK   = P1^0;
 489          sbit CERAM = P3^1;
 490          
 491          void ShiftOut(unsigned char dbuf)
 492          {
 493   1              unsigned char  i, x;
 494   1              for(i = 0; i < 8; i++)
 495   1              {               
 496   2                      x = dbuf;
 497   2                      x &= 0x80;
 498   2                      switch(x) {                                               
 499   3                              case 0x80: SI = 1; break;
 500   3                              case 0x00: SI = 0; break;
 501   3                              default: SI = 1;                                // All '1' Error
 502   3                      }
 503   2                      SCK = 0;                                                // sck=0
 504   2                      dbuf = dbuf<<1;                                         // shift data 1 bit
 505   2                      SCK = 1;                                                // sck=1
 506   2              }
 507   1      }
 508          
 509          unsigned char ShiftIn(unsigned char number)
 510          {
 511   1              unsigned char  i, x, dbuf = 0;
 512   1              for(i = 0; i < 8; i++)
 513   1              {
 514   2                      SCK = 0;                                                        // sck=0
 515   2                      switch(number) {
 516   3                              case 0: x = SX0;  break;
 517   3                              case 1: x = SX1; break;
 518   3                              default: x = 1;                                 // All '1' Error
 519   3                      }
 520   2                      SCK = 1;                                                        // sck=1
 521   2                  dbuf = dbuf << 1;                                   // shift data 1 bit
 522   2                  dbuf |= x;
 523   2              }
 524   1              return(dbuf);
 525   1      }
 526          
 527          unsigned char ReadByte(unsigned char addr, unsigned char number)
 528          {
 529   1              unsigned char  dbuf;
 530   1              switch(number) {
 531   2                      case 0: CS0 = 0; break;
 532   2                      case 1: CS1 = 0; break;
 533   2                      default: CS0 = CS1 = 1;                         // All '1' Error
 534   2              }
 535   1              ShiftOut(0x03);                                                 // send instruction
 536   1              ShiftOut(addr);                                                 // send address
 537   1              dbuf=ShiftIn(number);                                   // receive data
 538   1              CS0 = CS1 = 1;                                                  // CS=1
 539   1              return(dbuf);
 540   1      }
 541          
 542          void WriteByte(unsigned char addr1, unsigned char info, unsigned char number)
 543          {
 544   1              switch(number) {
 545   2                      case 0: CS0 = 0; break;
 546   2                      case 1: CS1 = 0; break;
 547   2                      default: CS0 = CS1 = 1;                         // All '1' Error
 548   2              }
 549   1              ShiftOut(0x02);                                         // send instruction
C51 COMPILER V6.21  CAN                                                                    03/26/2003 19:56:58 PAGE 10  

 550   1              ShiftOut(addr1);                                                // send address
 551   1              ShiftOut(info);                                                 // send data
 552   1              CS0 = CS1 = 1;                                          // CS=1
 553   1      }
 554          
 555          void BitModify(unsigned char addr, unsigned char mask, unsigned char info, number)
 556          {
 557   1              switch(number) {
 558   2                      case 0: CS0 = 0; break;
 559   2                      case 1: CS1 = 0; break;
 560   2                      default: CS0 = CS1 = 1;                         // All '1' Error
 561   2              }
 562   1              ShiftOut(0x05);                                                 // send instruction
 563   1              ShiftOut(addr);                                                 // send address
 564   1              ShiftOut(mask);                                                 // send mask
 565   1              ShiftOut(info);                                                 // send data
 566   1              CS0 = CS1 = 1;                                                  // CS1=1
 567   1      }
 568          
 569          void RequestToSend(unsigned char info, unsigned char number)
 570          {
 571   1              switch(number) {
 572   2                      case 0: CS0 = 0; break;
 573   2                      case 1: CS1 = 0; break;
 574   2                      default: CS0 = CS1 = 1;                         // All '1' Error
 575   2              }
 576   1              ShiftOut(info);                                                 // send instruction
 577   1              CS0 = CS1 = 1;                                  // CS1=1
 578   1      }
 579          
 580          unsigned char ReadStatus(unsigned char number)
 581          {
 582   1              unsigned char  dbuf;
 583   1              switch(number) {
 584   2                      case 0: CS0 = 0; break;
 585   2                      case 1: CS1 = 0; break;
 586   2                      default: CS0 = CS1 = 1;                         // All '1' Error
 587   2              }
 588   1              ShiftOut(0xa0);                                                 // send instruction
 589   1              dbuf = ShiftIn(number);                                 // receive data
 590   1              dbuf = ShiftIn(number);                                 // receive data again
 591   1              CS0 = CS1 = 1;                                                  // CS=1
 592   1              return(dbuf);
 593   1      }
 594          
 595          void Delay(unsigned int count)
 596          {
 597   1              unsigned char  i;
 598   1              while (count) {
 599   2                      for (i = 1; i <= 113; i++);
 600   2                      count--;
 601   2              }
 602   1      }
 603          
 604          void resetCAN0() {
 605   1              reset0 = 0; 
 606   1              Delay(5); 
 607   1              reset0 = 1;
 608   1      }
 609          
 610          void resetCAN1() {
 611   1              reset1 = 0; 
C51 COMPILER V6.21  CAN                                                                    03/26/2003 19:56:58 PAGE 11  

 612   1              Delay(5); 
 613   1              reset1 = 1;
 614   1      }
 615          
 616          void initCAN(unsigned char number) {
 617   1              WriteByte(CANCTRL, 0x80, number);                                       // 8 is set configuration mode,
 618   1          WriteByte(CNF1, 0x04, number);                                              // Baud rate prescaler
 619   1          WriteByte(CNF2, 0xf1, number);
 620   1          WriteByte(CNF3, 0x05, number);
 621   1              WriteByte(CANINTE, 0x01, number);                                       // Receive Buffer 0 Full Interrupt Enable
 622   1          WriteByte(TXRTSCTRL, 0x00, number);                                 // Pin control and status register : read as 0 when pin is in 
             -request to send mode, digital input
 623   1          WriteByte(RXB0CTRL, 0x04, number);                                  // Receive all valid message using either standard or extended 
             -identifies that meet fillter criteria, No remote tranfer request receive, roll over enable, acceptance filter 0
 624   1          WriteByte(RXB1CTRL, 0x00, number);                                  // Receive all valid message using either standard or extended 
             -identifies that meet fillter criteria, No remote tranfer request receive, acceptance filter 0
 625   1          WriteByte(RXF0SIDH, 0x82, number);                                  // Set acceptance filter n standard identifier high to all '1' 
             -s
 626   1          WriteByte(RXF0SIDL, 0xe0, number);                                  // Set acceptance filter n standard identifier low to all '1' s
 627   1          WriteByte(RXM0SIDH, 0xff, number);                                  // Set acceptance filter mask n standard identifier high all '0
             -' s so filter must not match every bit
 628   1          WriteByte(RXM0SIDL, 0x00, number);                                  // Set acceptance filter mask n standard identifier low all '0'
             - s so filter must not match every bit
 629   1          WriteByte(RXM0EID8, 0x00, number);                                  // Set acceptance filter mask n extended identifier high all '0
             -' s so filter must not match every bit
 630   1          WriteByte(RXM0EID0, 0x00, number);                                  // Set acceptance filter mask n extended identifier low all '0'
             - s so filter must not match every bit
 631   1          WriteByte(TXB0CTRL, 0x03, number);                                  // Transmit buffer n control register : Highest message priorit
             -y
 632   1          WriteByte(CANCTRL, 0x00, number);                                   // 0x00 : Normal Mode, 0x40 : Loop back Mode
 633   1      }
 634          
 635          void OutInvPortService(unsigned char select, unsigned char dataitem) {
 636   1              unsigned char P0TMP, P2TMP;
 637   1              P0TMP = P0;
 638   1              P2TMP = P2;
 639   1              CERAM = 0;
 640   1              P2 = select;
 641   1              P0 = ~dataitem;
 642   1              CERAM = 1;
 643   1              P0 = P0TMP;
 644   1              P2 = P2TMP;
 645   1      }
 646          
 647          void StatusReportService(unsigned char type, unsigned char description) {
 648   1      
 649   1              unsigned int checksum;
 650   1              unsigned char i;
 651   1      
 652   1              Bx[2].id = 0x02;                                                                // ID = 2
 653   1              Bx[2].flag = 0x40;                                                              // Status Protocol
 654   1              Bx[2].str[3] = type;
 655   1              Bx[2].str[4] = description;
 656   1              checksum = 0;
 657   1              checksum += Bx[2].str[3];
 658   1              checksum += Bx[2].str[4];
 659   1              checksum ^= 0x0ffff;
 660   1              checksum += 1;
 661   1              Bx[2].str[0] = ++SequenceNumber;
 662   1              Bx[2].str[1] = (checksum / 256);                                // Checksum
 663   1              Bx[2].str[2] = (checksum % 256);
 664   1              for (i = 5; i < 8; i++) {
C51 COMPILER V6.21  CAN                                                                    03/26/2003 19:56:58 PAGE 12  

 665   2                      Bx[2].str[i] = 0;
 666   2              }
 667   1              Bx[2].number = 8;                                                               // Send only 8 Byte
 668   1              
 669   1              for (i = 0; i < 8; i++) {
 670   2                      cp[i] = Bx[2].str[i];
 671   2              }
 672   1      
 673   1              des_enc(&dc,cp,1);                                                              // Encryp Data
 674   1      
 675   1              for(i = 0; i < 8; i++) {
 676   2                      Bx[2].str[i] = cp[i];
 677   2              }
 678   1      
 679   1              Bx[2].writeable = 0;
 680   1      }
 681          
 682          void init() {
 683   1              unsigned char  i, j;
 684   1      
 685   1              OutInvPortService(0x10, 0x00);
 686   1              OutInvPortService(0x20, 0x00);
 687   1              OutInvPortService(0x30, 0x00);
 688   1              Delay(500);
 689   1              OutInvPortService(0x10, 0xff);
 690   1              Delay(500);
 691   1              OutInvPortService(0x10, 0x00);
 692   1              OutInvPortService(0x20, 0xff);
 693   1              Delay(500);
 694   1              OutInvPortService(0x20, 0x00);
 695   1              OutInvPortService(0x30, 0xff);
 696   1              Delay(500);
 697   1              OutInvPortService(0x30, 0x00);                                          
 698   1              OutInvPortService(0x10, 0xbf);                                  // 11011111b  // Code 0 : Normal
 699   1      
 700   1              resetCAN0();
 701   1              resetCAN1();
 702   1              initCAN(0);
 703   1              initCAN(1);
 704   1              
 705   1              CANActive = 0;
 706   1              SequenceNumber = -1;
 707   1              ReceiveSequence = 0;
 708   1              OldSequence = -1;
 709   1              
 710   1              Rx.id = 0;                                                                                      // initial All Buffer
 711   1              Rx.flag = 0;
 712   1              Rx.number = 0;
 713   1              Rx.writeable = 1;
 714   1              for(i = 0; i<8; i++) {
 715   2                      Rx.str[i] = 0;
 716   2              }
 717   1      
 718   1              for(i = 0; i < 3; i++) {
 719   2                      Bx[i].id = 0;
 720   2                      Bx[i].flag = 0;
 721   2                      Bx[i].index = 0;
 722   2                      Bx[i].number = 0;
 723   2                      Bx[i].writeable = 1;                                                    // 1 : can write (can't read), 0 : can read (can't write)
 724   2                      for(j = 0; j<16; j++)
 725   2                              Bx[i].str[j] = 0;
 726   2              }
C51 COMPILER V6.21  CAN                                                                    03/26/2003 19:56:58 PAGE 13  

 727   1      
 728   1              DeviceStatus = 0x03;                                                            // CAN 0 Active
 729   1      
 730   1              StatusReportService(0x00, DeviceStatus);                        // Status Protocol
 731   1      }
 732          
 733          unsigned char TryChecksum(struct HighBuffer Bx) {
 734   1              
 735   1              unsigned char  i;
 736   1              unsigned int checksum;
 737   1      
 738   1              checksum = 0;
 739   1      
 740   1              if ((Bx.flag & 0x40) == 0x00) {
 741   2                      checksum += Bx.str[0];
 742   2                      checksum += (Bx.str[1] * 256);
 743   2                      for (i = 2; i < 16; i++) {
 744   3                              checksum += Bx.str[i];
 745   3                      }       
 746   2              }
 747   1              else {
 748   2                      checksum += (Bx.str[0] * 256);
 749   2                      for (i = 1; i < 16; i++) {
 750   3                              checksum += Bx.str[i];
 751   3                      }       
 752   2              }
 753   1              
 754   1              if (checksum == 0x00)
 755   1                      return 1;
 756   1              else 
 757   1                      return 0;
 758   1      }
 759          
 760          void TrySequence(unsigned char seqnum) {
 761   1              if ((seqnum - ReceiveSequence) == 1) {
 762   2                      ReceiveSequence = seqnum;
 763   2              }
 764   1              else {
 765   2                      OutInvPortService(0x10, 0x86);                                                   // Code 1 : Bad Sequence number
 766   2                      Delay(100);
 767   2                      ReceiveSequence = seqnum;       
 768   2              }
 769   1      }
 770          
 771          unsigned char InsertData(struct CANBuffer Rx) {
 772   1              unsigned char i, type, insertOK;
 773   1              
 774   1              insertOK = 1;
 775   1      
 776   1              if ((Rx.flag & 0x40) == 0x00){
 777   2                      type = 0;
 778   2              }
 779   1              else {
 780   2                      type = 1;
 781   2              }
 782   1      
 783   1              if (Bx[type].writeable == 1) {                                                                  // is Data Receive HighLayer Empty ?
 784   2                      Bx[type].id = Rx.id;
 785   2                      Bx[type].flag = Rx.flag;
 786   2                      for(i = 1; i < Rx.number; i++) {                            // Don't care Sequence Number
 787   3                              if (Bx[type].index > 15) {
 788   4                                      Bx[type].index = 0;                                                                     // Clear Data in Bx[x]
C51 COMPILER V6.21  CAN                                                                    03/26/2003 19:56:58 PAGE 14  

 789   4                                      insertOK = 0;
 790   4                                      OutInvPortService(0x10, 0xdb);                                          // Buffer Overflow Code : 2 // 10111011
 791   4                                      Delay(100);
 792   4                                      break;
 793   4                              }
 794   3                              Bx[type].str[Bx[type].index] = Rx.str[i];
 795   3                              ++Bx[type].index;
 796   3                      }
 797   2                      if (insertOK == 1) {
 798   3      
 799   3                              OutInvPortService(0x10, 0xbf);                                          // Code 0 : Normal      
 800   3      
 801   3                              if ((Rx.flag & 0x80) == 0x00) {                                                 // is More Frame flag = 0
 802   4                                      Bx[type].writeable = 0;
 803   4                              }
 804   3      
 805   3                              for (i = Bx[type].index; i < 16; i++) {
 806   4                                      Bx[type].str[i] = 0;
 807   4                              }
 808   3      
 809   3                      }
 810   2                      return 1;                                                                                               // Insert Complete clear RX Flag after this
 811   2              }
 812   1              else {
 813   2                      return 0;                                                                                                       // Insert not Complete. don't clear RX Flag
 814   2              }
 815   1      }
 816          
 817          void CANReception(unsigned char number) {
 818   1      
 819   1              unsigned char  i, j, rxnum;
 820   1              unsigned char  chipselect;
 821   1      
 822   1              for (j = 0; j < 2; j++) {
 823   2                      if (j == 0) { 
 824   3                              chipselect = 0;                                                                                 // RX0
 825   3                      }
 826   2                      else { 
 827   3                              chipselect = 0x10;                                                                              // RX1
 828   3                      }
 829   2      
 830   2                      status = ReadStatus(number); 
 831   2                      OutInvPortService(0x20, status);
 832   2                      OutInvPortService(0x30, ReadByte(CANINTF, number));
 833   2                      for (rxnum = 1; rxnum < 3; rxnum++) {
 834   3                              if((status & rxnum) == rxnum)                                                                           //if rx 0, 1 had been recived data
 835   3                              {
 836   4                                      Rx.id = ReadByte(RXB0SIDH + chipselect, number);                                //read SIDH as ID
 837   4                                      Rx.flag = ReadByte(RXB0SIDL + chipselect, number);
 838   4                                      Rx.flag &= 0xe0;
 839   4                                      Rx.number = ReadByte(RXB0DLC + chipselect, number);
 840   4                                      Rx.number &= 0x0f;
 841   4                                      if (Rx.number == 8) {
 842   5      
 843   5                                              for(i = 0; i < Rx.number; i++)                  
 844   5                                              {
 845   6                                                      Rx.str[i] = ReadByte(RXB0DB0 + i + chipselect, number); //Get data
 846   6                                              }
 847   5                                              
 848   5                                              for (i = 0; i < 8; i++) {
 849   6                                                      cp[i] = Rx.str[i];
 850   6                                              }
C51 COMPILER V6.21  CAN                                                                    03/26/2003 19:56:58 PAGE 15  

 851   5      
 852   5                                              des_dec(&dc,cp,1);                                                                          // Decryp Data
 853   5      
 854   5                                              for(i = 0; i < 8; i++)                  
 855   5                                              {
 856   6                                                      Rx.str[i] = cp[i];
 857   6                                              }
 858   5      
 859   5                                              TrySequence(Rx.str[0]);
 860   5      
 861   5                                              if ((number == 0) && (CANActive == 1)) {
 862   6                                                      CANActive = 0;
 863   6                                                      DeviceStatus = 0x03;
 864   6                                                      OutInvPortService(0x10, 0xdb);                                                  // Code : 2 CAN 1 Active
 865   6                                                      Delay(100);
 866   6                                              }
 867   5                                              
 868   5                                              if ((number == 1) && (CANActive == 0)) {
 869   6                                                      CANActive = 1;
 870   6                                                      DeviceStatus = 0x05;
 871   6                                                      OutInvPortService(0x10, 0xcf);                                                  // Code : 3     CAN 0 Active
 872   6                                                      Delay(100);
 873   6                                              }
 874   5                      
 875   5                                              if (InsertData(Rx) == 1) {
 876   6                                                      BitModify(CANINTF, rxnum, 0, CANActive);        
 877   6                                              }
 878   5                                      }
 879   4      
 880   4                                      else {
 881   5                                              OutInvPortService(0x10, 0xed);                                                          // Error Code 5 : Damage Frame
 882   5                                              BitModify(CANINTF, rxnum, 0, number);
 883   5                                              Delay(100);
 884   5                                      }
 885   4                              }
 886   3                      }
 887   2              }
 888   1      }
 889          
 890          void TryDo() {
 891   1      
 892   1              if (Bx[0].writeable == 0) {                                                                     
 893   2                      Bx[0].writeable = 1;
 894   2                      Bx[0].index = 0;
 895   2                      if (TryChecksum(Bx[0]) == 1) {
 896   3                              StatusReportService(0x02, ReceiveSequence);                     // Send Acknowledge Frame 
 897   3                      }
 898   2                      else {                                                                                                  // Data Error -> Report Error use Status Protocol Type 1
 899   3                              OutInvPortService(0x10, 0xff);                                          // 11100110 Code 8 : Checksum Error
 900   3                              Delay(100);
 901   3                              StatusReportService(0x01, ReceiveSequence);                     // Status protocol, Type 1
 902   3                      } 
 903   2              }
 904   1      }
 905          
 906          void TryStatus() {
 907   1              
 908   1              if (Bx[1].writeable == 0) {                                                                     // is Status Frame ?
 909   2                      Bx[1].writeable = 1;
 910   2                      Bx[1].index = 0;
 911   2                      if (TryChecksum(Bx[1]) == 1) {                                                  
 912   3                              if (Bx[1].str[2] == 0x01) {                                                     // is Status Type 1 : Data Error
C51 COMPILER V6.21  CAN                                                                    03/26/2003 19:56:58 PAGE 16  

 913   4                                      OutInvPortService(0x10, 0xe6);                                  // 11100110 Code 4 : Data Error
 914   4                                      Delay(100);
 915   4                              }
 916   3                              else if (Bx[1].str[2] == 0x03) {                                        // Status Protocol, Type 3 : Request Status
 917   4                                      StatusReportService(0x00, DeviceStatus);
 918   4                              }
 919   3                              else if (Bx[1].str[2] == 0x04) {                                        // Type 4 : Chang Bus
 920   4                                      if (Bx[1].str[2] > -1 && Bx[1].str[2] < 2) {
 921   5                                              CANActive = Bx[1].str[3];
 922   5                                              if (Bx[1].str[3] == 0x00) {
 923   6                                                      DeviceStatus = 0x03;
 924   6                                              }
 925   5                                              else if (Bx[1].str[3] == 0x01) {
 926   6                                                      DeviceStatus = 0x05;
 927   6                                              }
 928   5                                      }
 929   4                              }
 930   3                      }
 931   2                      else {                                                                                                  // Data Error -> Report Error use Status Protocol Type 1
 932   3                              OutInvPortService(0x10, 0xff);                                          // 11100110 Code 8 : Checksum Error
 933   3                              Delay(100);
 934   3                              StatusReportService(0x01, ReceiveSequence);                 // Status Protocol, Type 1
 935   3                      } 
 936   2              }
 937   1      }
 938          
 939          void CANTransmission() {
 940   1              
 941   1              unsigned char  i,count;
 942   1      
 943   1              count = 0;
 944   1              
 945   1              status = ReadStatus(CANActive); 
 946   1              OutInvPortService(0x20, status);
 947   1              OutInvPortService(0x30, ReadByte(CANINTF, CANActive));
 948   1                                                                                                                                                              // Send data 8 Byte at 100 Kbit used time = 1.11 mSec   
 949   1              while((ReadStatus(CANActive) & 0x04) == 0x04) {                                                 // loop for Tx buffer is Empty  // used 0.51649 mSe
             -c
 950   2                      ++count;
 951   2                      if (count > 200) {                                                                                                      // if Can't Send Data within 100 ms
 952   3                              if (CANActive == 0) {
 953   4                                      DeviceStatus = 0x05;                                                                            
 954   4                                      CANActive = 1;                                                                                          // CAN 1 Activate assume CAN 0 fail
 955   4                                      OutInvPortService(0x10, 0xdb);                                                          // Code : 2 CAN 1 Active
 956   4                                      StatusReportService(0x04, 0x01);
 957   4                                      resetCAN0();
 958   4                                      initCAN(0);
 959   4                                      break;
 960   4                              }
 961   3                              else if ((CANActive == 1)){
 962   4                                      DeviceStatus = 0x03;
 963   4                                      CANActive = 0;
 964   4                                      OutInvPortService(0x10, 0xcf);                                                          // Code : 3     CAN 0 Active
 965   4                                      StatusReportService(0x04, 0x00);
 966   4                                      resetCAN1();
 967   4                                      initCAN(1);
 968   4                                      break;
 969   4                              }
 970   3                      }
 971   2              }
 972   1      
 973   1              status = ReadStatus(CANActive); 
C51 COMPILER V6.21  CAN                                                                    03/26/2003 19:56:58 PAGE 17  

 974   1              OutInvPortService(0x20, status);
 975   1              OutInvPortService(0x30, ReadByte(CANINTF, CANActive));
 976   1      
 977   1              if ((status & 0x08) == 0x08) {
 978   2                      BitModify(CANINTF, 0x04, 0, CANActive);
 979   2              }
 980   1      
 981   1              if (Bx[2].writeable == 0){                                                                                              // if Transmit HighBuffer got message to send
 982   2                      WriteByte(TXB0SIDH, 0x02, CANActive);                                                       // Alway use ID 2
 983   2                      WriteByte(TXB0SIDL, 0x7f & Bx[2].flag, CANActive);                                      // flag is no more frame + protocol
 984   2                      WriteByte(TXB0DLC, 8, CANActive);                                   // Alway Send 8 Byte
 985   2                      for(i = 0; i < 8; i++) {
 986   3                              WriteByte(TXB0DB0 + i, Bx[2].str[i], CANActive);
 987   3                      }
 988   2                      RequestToSend(0x81, CANActive);
 989   2                      if ((Bx[2].flag & 0x40) == 0x00) {
 990   3                              OldSequence = SequenceNumber;
 991   3                      }
 992   2                      Bx[2].writeable = 1;
 993   2                      Bx[2].index = 0;
 994   2              }
 995   1      }
 996          
 997          void main()
 998          {
 999   1      
1000   1              des_key(&dc,key);
1001   1      
1002   1              init();
1003   1      
1004   1              while(1)
1005   1              {
1006   2                      CANReception(0);
1007   2                      CANReception(1);
1008   2                      TryDo();
1009   2                      TryStatus();
1010   2                      CANTransmission();
1011   2              }
1012   1      }
1013          
1014          /*
1015          Code 0 : 0xbf : 10111111
1016          Code 1 : 0x86 : 10000110
1017          Code 2 : 0xdb : 11011011
1018          Code 3 : 0xcf : 11001111
1019          Code 4 : 0xe6 : 11100110
1020          Code 5 : 0xed : 11101101
1021          Code 6 : 0xfd : 11111101
1022          Code 7 : 0x87 : 10000111
1023          Code 8 : 0xff : 11111111
1024          code 9 : 0xef : 11101111
1025          */


MODULE INFORMATION:   STATIC OVERLAYABLE
   CODE SIZE        =   9372    ----
   CONSTANT SIZE    =   ----    ----
   XDATA SIZE       =   3042     536
   PDATA SIZE       =   ----    ----
   DATA SIZE        =   ----    ----
   IDATA SIZE       =   ----    ----
   BIT SIZE         =   ----    ----
C51 COMPILER V6.21  CAN                                                                    03/26/2003 19:56:58 PAGE 18  

END OF MODULE INFORMATION.


C51 COMPILATION COMPLETE.  0 WARNING(S),  0 ERROR(S)
