D:\Documents and Settings\P\My Documents\Ghost Installer Setups\Output\Sourcecode\NetView\vctitle.h|D:\Documents and Settings\P\My Documents\Ghost Installer Setups\Output\Sourcecode\NetView\Restore.1\~vctitle.~h
D:\Documents and Settings\P\My Documents\Ghost Installer Setups\Output\Sourcecode\NetView\vcplotbase.h|D:\Documents and Settings\P\My Documents\Ghost Installer Setups\Output\Sourcecode\NetView\Restore.1\~vcplotbase.~h
D:\Documents and Settings\P\My Documents\Ghost Installer Setups\Output\Sourcecode\NetView\vcfont.h|D:\Documents and Settings\P\My Documents\Ghost Installer Setups\Output\Sourcecode\NetView\Restore.1\~vcfont.~h
D:\Documents and Settings\P\My Documents\Ghost Installer Setups\Output\Sourcecode\NetView\vccoor.h|D:\Documents and Settings\P\My Documents\Ghost Installer Setups\Output\Sourcecode\NetView\Restore.1\~vccoor.~h
D:\Documents and Settings\P\My Documents\Ghost Installer Setups\Output\Sourcecode\NetView\Arp.h|D:\Documents and Settings\P\My Documents\Ghost Installer Setups\Output\Sourcecode\NetView\Restore.1\~Arp.~h
D:\Documents and Settings\P\My Documents\Ghost Installer Setups\Output\Sourcecode\NetView\vclight.h|D:\Documents and Settings\P\My Documents\Ghost Installer Setups\Output\Sourcecode\NetView\Restore.1\~vclight.~h
D:\Documents and Settings\P\My Documents\Ghost Installer Setups\Output\Sourcecode\NetView\vccolor.h|D:\Documents and Settings\P\My Documents\Ghost Installer Setups\Output\Sourcecode\NetView\Restore.1\~vccolor.~h
D:\Documents and Settings\P\My Documents\Ghost Installer Setups\Output\Sourcecode\NetView\vcseriesposition.h|D:\Documents and Settings\P\My Documents\Ghost Installer Setups\Output\Sourcecode\NetView\Restore.1\~vcseriesposition.~h
D:\Documents and Settings\P\My Documents\Ghost Installer Setups\Output\Sourcecode\NetView\vcaxis.h|D:\Documents and Settings\P\My Documents\Ghost Installer Setups\Output\Sourcecode\NetView\Restore.1\~vcaxis.~h
D:\Documents and Settings\P\My Documents\Ghost Installer Setups\Output\Sourcecode\NetView\Redirect.h|D:\Documents and Settings\P\My Documents\Ghost Installer Setups\Output\Sourcecode\NetView\Restore.1\~Redirect.~h
D:\Documents and Settings\P\My Documents\Ghost Installer Setups\Output\Sourcecode\NetView\WWaitTarget.h|D:\Documents and Settings\P\My Documents\Ghost Installer Setups\Output\Sourcecode\NetView\Restore.1\~WWaitTarget.~h
D:\Documents and Settings\P\My Documents\Ghost Installer Setups\Output\Sourcecode\NetView\Graph.h|D:\Documents and Settings\P\My Documents\Ghost Installer Setups\Output\Sourcecode\NetView\Restore.1\~Graph.~h
D:\Documents and Settings\P\My Documents\Ghost Installer Setups\Output\Sourcecode\NetView\Snmp.h|D:\Documents and Settings\P\My Documents\Ghost Installer Setups\Output\Sourcecode\NetView\Restore.1\~Snmp.~h
D:\Documents and Settings\P\My Documents\Ghost Installer Setups\Output\Sourcecode\NetView\font.h|D:\Documents and Settings\P\My Documents\Ghost Installer Setups\Output\Sourcecode\NetView\Restore.1\~font.~h
D:\Documents and Settings\P\My Documents\Ghost Installer Setups\Output\Sourcecode\NetView\Timer.h|D:\Documents and Settings\P\My Documents\Ghost Installer Setups\Output\Sourcecode\NetView\Restore.1\~Timer.~h
D:\Documents and Settings\P\My Documents\Ghost Installer Setups\Output\Sourcecode\NetView\vcplot.h|D:\Documents and Settings\P\My Documents\Ghost Installer Setups\Output\Sourcecode\NetView\Restore.1\~vcplot.~h
D:\Documents and Settings\P\My Documents\Ghost Installer Setups\Output\Sourcecode\NetView\vcaxistitle.h|D:\Documents and Settings\P\My Documents\Ghost Installer Setups\Output\Sourcecode\NetView\Restore.1\~vcaxistitle.~h
D:\Documents and Settings\P\My Documents\Ghost Installer Setups\Output\Sourcecode\NetView\ResultAll.h|D:\Documents and Settings\P\My Documents\Ghost Installer Setups\Output\Sourcecode\NetView\Restore.1\~ResultAll.~h
D:\Documents and Settings\P\My Documents\Ghost Installer Setups\Output\Sourcecode\NetView\AddScript.h|D:\Documents and Settings\P\My Documents\Ghost Installer Setups\Output\Sourcecode\NetView\Restore.1\~AddScript.~h
D:\Documents and Settings\P\My Documents\Ghost Installer Setups\Output\Sourcecode\NetView\vcdatapointlabel.h|D:\Documents and Settings\P\My Documents\Ghost Installer Setups\Output\Sourcecode\NetView\Restore.1\~vcdatapointlabel.~h
D:\Documents and Settings\P\My Documents\Ghost Installer Setups\Output\Sourcecode\NetView\vcaxisgrid.h|D:\Documents and Settings\P\My Documents\Ghost Installer Setups\Output\Sourcecode\NetView\Restore.1\~vcaxisgrid.~h
D:\Documents and Settings\P\My Documents\Ghost Installer Setups\Output\Sourcecode\NetView\vcbackdrop.h|D:\Documents and Settings\P\My Documents\Ghost Installer Setups\Output\Sourcecode\NetView\Restore.1\~vcbackdrop.~h
D:\Documents and Settings\P\My Documents\Ghost Installer Setups\Output\Sourcecode\NetView\vcintersection.h|D:\Documents and Settings\P\My Documents\Ghost Installer Setups\Output\Sourcecode\NetView\Restore.1\~vcintersection.~h
D:\Documents and Settings\P\My Documents\Ghost Installer Setups\Output\Sourcecode\NetView\Port.h|D:\Documents and Settings\P\My Documents\Ghost Installer Setups\Output\Sourcecode\NetView\Restore.1\~Port.~h
D:\Documents and Settings\P\My Documents\Ghost Installer Setups\Output\Sourcecode\NetView\vcfill.h|D:\Documents and Settings\P\My Documents\Ghost Installer Setups\Output\Sourcecode\NetView\Restore.1\~vcfill.~h
D:\Documents and Settings\P\My Documents\Ghost Installer Setups\Output\Sourcecode\NetView\vclocation.h|D:\Documents and Settings\P\My Documents\Ghost Installer Setups\Output\Sourcecode\NetView\Restore.1\~vclocation.~h
D:\Documents and Settings\P\My Documents\Ghost Installer Setups\Output\Sourcecode\NetView\vclcoor.h|D:\Documents and Settings\P\My Documents\Ghost Installer Setups\Output\Sourcecode\NetView\Restore.1\~vclcoor.~h
D:\Documents and Settings\P\My Documents\Ghost Installer Setups\Output\Sourcecode\NetView\mschart.h|D:\Documents and Settings\P\My Documents\Ghost Installer Setups\Output\Sourcecode\NetView\Restore.1\~mschart.~h
D:\Documents and Settings\P\My Documents\Ghost Installer Setups\Output\Sourcecode\NetView\vcrect.h|D:\Documents and Settings\P\My Documents\Ghost Installer Setups\Output\Sourcecode\NetView\Restore.1\~vcrect.~h
D:\Documents and Settings\P\My Documents\Ghost Installer Setups\Output\Sourcecode\NetView\vclightsource.h|D:\Documents and Settings\P\My Documents\Ghost Installer Setups\Output\Sourcecode\NetView\Restore.1\~vclightsource.~h
D:\Documents and Settings\P\My Documents\Ghost Installer Setups\Output\Sourcecode\NetView\vctextlayout.h|D:\Documents and Settings\P\My Documents\Ghost Installer Setups\Output\Sourcecode\NetView\Restore.1\~vctextlayout.~h
D:\Documents and Settings\P\My Documents\Ghost Installer Setups\Output\Sourcecode\NetView\vclegend.h|D:\Documents and Settings\P\My Documents\Ghost Installer Setups\Output\Sourcecode\NetView\Restore.1\~vclegend.~h
D:\Documents and Settings\P\My Documents\Ghost Installer Setups\Output\Sourcecode\NetView\vcweighting.h|D:\Documents and Settings\P\My Documents\Ghost Installer Setups\Output\Sourcecode\NetView\Restore.1\~vcweighting.~h
D:\Documents and Settings\P\My Documents\Ghost Installer Setups\Output\Sourcecode\NetView\vcdatapoint.h|D:\Documents and Settings\P\My Documents\Ghost Installer Setups\Output\Sourcecode\NetView\Restore.1\~vcdatapoint.~h
D:\Documents and Settings\P\My Documents\Ghost Installer Setups\Output\Sourcecode\NetView\vcaxisscale.h|D:\Documents and Settings\P\My Documents\Ghost Installer Setups\Output\Sourcecode\NetView\Restore.1\~vcaxisscale.~h
D:\Documents and Settings\P\My Documents\Ghost Installer Setups\Output\Sourcecode\NetView\Subnet.h|D:\Documents and Settings\P\My Documents\Ghost Installer Setups\Output\Sourcecode\NetView\Restore.1\~Subnet.~h
D:\Documents and Settings\P\My Documents\Ghost Installer Setups\Output\Sourcecode\NetView\NetView.h|D:\Documents and Settings\P\My Documents\Ghost Installer Setups\Output\Sourcecode\NetView\Restore.1\~NetView.~h
D:\Documents and Settings\P\My Documents\Ghost Installer Setups\Output\Sourcecode\NetView\vcstatline.h|D:\Documents and Settings\P\My Documents\Ghost Installer Setups\Output\Sourcecode\NetView\Restore.1\~vcstatline.~h
D:\Documents and Settings\P\My Documents\Ghost Installer Setups\Output\Sourcecode\NetView\vcshadow.h|D:\Documents and Settings\P\My Documents\Ghost Installer Setups\Output\Sourcecode\NetView\Restore.1\~vcshadow.~h
D:\Documents and Settings\P\My Documents\Ghost Installer Setups\Output\Sourcecode\NetView\Stat.h|D:\Documents and Settings\P\My Documents\Ghost Installer Setups\Output\Sourcecode\NetView\Restore.1\~Stat.~h
D:\Documents and Settings\P\My Documents\Ghost Installer Setups\Output\Sourcecode\NetView\NetView.cpp|D:\Documents and Settings\P\My Documents\Ghost Installer Setups\Output\Sourcecode\NetView\Restore.1\~NetView.~cpp
D:\Documents and Settings\P\My Documents\Ghost Installer Setups\Output\Sourcecode\NetView\NetViewView.h|D:\Documents and Settings\P\My Documents\Ghost Installer Setups\Output\Sourcecode\NetView\Restore.1\~NetViewView.~h
D:\Documents and Settings\P\My Documents\Ghost Installer Setups\Output\Sourcecode\NetView\NetViewDoc.h|D:\Documents and Settings\P\My Documents\Ghost Installer Setups\Output\Sourcecode\NetView\Restore.1\~NetViewDoc.~h
D:\Documents and Settings\P\My Documents\Ghost Installer Setups\Output\Sourcecode\NetView\vcpen.h|D:\Documents and Settings\P\My Documents\Ghost Installer Setups\Output\Sourcecode\NetView\Restore.1\~vcpen.~h
D:\Documents and Settings\P\My Documents\Ghost Installer Setups\Output\Sourcecode\NetView\vcfootnote.h|D:\Documents and Settings\P\My Documents\Ghost Installer Setups\Output\Sourcecode\NetView\Restore.1\~vcfootnote.~h
D:\Documents and Settings\P\My Documents\Ghost Installer Setups\Output\Sourcecode\NetView\vclabels.h|D:\Documents and Settings\P\My Documents\Ghost Installer Setups\Output\Sourcecode\NetView\Restore.1\~vclabels.~h
D:\Documents and Settings\P\My Documents\Ghost Installer Setups\Output\Sourcecode\NetView\vclightsources.h|D:\Documents and Settings\P\My Documents\Ghost Installer Setups\Output\Sourcecode\NetView\Restore.1\~vclightsources.~h
D:\Documents and Settings\P\My Documents\Ghost Installer Setups\Output\Sourcecode\NetView\WWait.h|D:\Documents and Settings\P\My Documents\Ghost Installer Setups\Output\Sourcecode\NetView\Restore.1\~WWait.~h
D:\Documents and Settings\P\My Documents\Ghost Installer Setups\Output\Sourcecode\NetView\WWaitThread.h|D:\Documents and Settings\P\My Documents\Ghost Installer Setups\Output\Sourcecode\NetView\Restore.1\~WWaitThread.~h
D:\Documents and Settings\P\My Documents\Ghost Installer Setups\Output\Sourcecode\NetView\vcseriescollection.h|D:\Documents and Settings\P\My Documents\Ghost Installer Setups\Output\Sourcecode\NetView\Restore.1\~vcseriescollection.~h
D:\Documents and Settings\P\My Documents\Ghost Installer Setups\Output\Sourcecode\NetView\vcbrush.h|D:\Documents and Settings\P\My Documents\Ghost Installer Setups\Output\Sourcecode\NetView\Restore.1\~vcbrush.~h
D:\Documents and Settings\P\My Documents\Ghost Installer Setups\Output\Sourcecode\NetView\vccategoryscale.h|D:\Documents and Settings\P\My Documents\Ghost Installer Setups\Output\Sourcecode\NetView\Restore.1\~vccategoryscale.~h
D:\Documents and Settings\P\My Documents\Ghost Installer Setups\Output\Sourcecode\NetView\vcmarker.h|D:\Documents and Settings\P\My Documents\Ghost Installer Setups\Output\Sourcecode\NetView\Restore.1\~vcmarker.~h
D:\Documents and Settings\P\My Documents\Ghost Installer Setups\Output\Sourcecode\NetView\NetworkParameter.h|D:\Documents and Settings\P\My Documents\Ghost Installer Setups\Output\Sourcecode\NetView\Restore.1\~NetworkParameter.~h
D:\Documents and Settings\P\My Documents\Ghost Installer Setups\Output\Sourcecode\NetView\QuickShow.h|D:\Documents and Settings\P\My Documents\Ghost Installer Setups\Output\Sourcecode\NetView\Restore.1\~QuickShow.~h
D:\Documents and Settings\P\My Documents\Ghost Installer Setups\Output\Sourcecode\NetView\MainFrm.h|D:\Documents and Settings\P\My Documents\Ghost Installer Setups\Output\Sourcecode\NetView\Restore.1\~MainFrm.~h
D:\Documents and Settings\P\My Documents\Ghost Installer Setups\Output\Sourcecode\NetView\vcdatapoints.h|D:\Documents and Settings\P\My Documents\Ghost Installer Setups\Output\Sourcecode\NetView\Restore.1\~vcdatapoints.~h
D:\Documents and Settings\P\My Documents\Ghost Installer Setups\Output\Sourcecode\NetView\vcframe.h|D:\Documents and Settings\P\My Documents\Ghost Installer Setups\Output\Sourcecode\NetView\Restore.1\~vcframe.~h
D:\Documents and Settings\P\My Documents\Ghost Installer Setups\Output\Sourcecode\NetView\vcview3d.h|D:\Documents and Settings\P\My Documents\Ghost Installer Setups\Output\Sourcecode\NetView\Restore.1\~vcview3d.~h
D:\Documents and Settings\P\My Documents\Ghost Installer Setups\Output\Sourcecode\NetView\vcwall.h|D:\Documents and Settings\P\My Documents\Ghost Installer Setups\Output\Sourcecode\NetView\Restore.1\~vcwall.~h
D:\Documents and Settings\P\My Documents\Ghost Installer Setups\Output\Sourcecode\NetView\vcseriesmarker.h|D:\Documents and Settings\P\My Documents\Ghost Installer Setups\Output\Sourcecode\NetView\Restore.1\~vcseriesmarker.~h
D:\Documents and Settings\P\My Documents\Ghost Installer Setups\Output\Sourcecode\NetView\MacDB.h|D:\Documents and Settings\P\My Documents\Ghost Installer Setups\Output\Sourcecode\NetView\Restore.1\~MacDB.~h
D:\Documents and Settings\P\My Documents\Ghost Installer Setups\Output\Sourcecode\NetView\vcseries.h|D:\Documents and Settings\P\My Documents\Ghost Installer Setups\Output\Sourcecode\NetView\Restore.1\~vcseries.~h
D:\Documents and Settings\P\My Documents\Ghost Installer Setups\Output\Sourcecode\NetView\Position.h|D:\Documents and Settings\P\My Documents\Ghost Installer Setups\Output\Sourcecode\NetView\Restore.1\~Position.~h
D:\Documents and Settings\P\My Documents\Ghost Installer Setups\Output\Sourcecode\NetView\vcvaluescale.h|D:\Documents and Settings\P\My Documents\Ghost Installer Setups\Output\Sourcecode\NetView\Restore.1\~vcvaluescale.~h
D:\Documents and Settings\P\My Documents\Ghost Installer Setups\Output\Sourcecode\NetView\Share.h|D:\Documents and Settings\P\My Documents\Ghost Installer Setups\Output\Sourcecode\NetView\Restore.1\~Share.~h
D:\Documents and Settings\P\My Documents\Ghost Installer Setups\Output\Sourcecode\NetView\vcdatagrid.h|D:\Documents and Settings\P\My Documents\Ghost Installer Setups\Output\Sourcecode\NetView\Restore.1\~vcdatagrid.~h
D:\Documents and Settings\P\My Documents\Ghost Installer Setups\Output\Sourcecode\NetView\vclabel.h|D:\Documents and Settings\P\My Documents\Ghost Installer Setups\Output\Sourcecode\NetView\Restore.1\~vclabel.~h
D:\Documents and Settings\P\My Documents\Ghost Installer Setups\Output\Sourcecode\NetView\Data.h|D:\Documents and Settings\P\My Documents\Ghost Installer Setups\Output\Sourcecode\NetView\Restore.1\~Data.~h
D:\Documents and Settings\P\My Documents\Ghost Installer Setups\Output\Sourcecode\NetView\Tracer.h|D:\Documents and Settings\P\My Documents\Ghost Installer Setups\Output\Sourcecode\NetView\Restore.1\~Tracer.~h
D:\Documents and Settings\P\My Documents\Ghost Installer Setups\Output\Sourcecode\NetView\vctick.h|D:\Documents and Settings\P\My Documents\Ghost Installer Setups\Output\Sourcecode\NetView\Restore.1\~vctick.~h
