C51 COMPILER V3.20,  SN-50203013  STEPPING                                                 05/18/01  03:24:17  PAGE 1   


DOS C51 COMPILER V3.20, COMPILATION OF MODULE STEPPING
OBJECT MODULE PLACED IN STEPPING.OBJ
COMPILER INVOKED BY: C:\C51\BIN\C51.EXE STEPPING.C

stmt level    source

   1          #pragma	SMALL
   2          #pragma	CODE DEBUG
   3          
   4          #include	"c:\c51\inc\reg51.h"
   5          
   6          //////////////////////////////////////////////////////////////////
   7          //define I2C operation
   8          //////////////////////////////////////////////////////////////////
   9          #ifndef READ
  10              #define	READ	1
  11          #endif
  12          
  13          #ifndef WRITE
  14              #define	WRITE	0
  15          #endif
  16          
  17          #define ADDRESS			0x02
  18          
  19          #define FORWARD					0x01
  20          #define BACKWARD				0x02
  21          #define TURN_LEFT				0x03
  22          #define TURN_RIGHT				0x04
  23          #define STOP					0x05
  24          #define	SET_SPEED				0x06
  25          #define	SET_RUN_TIME			0x07
  26          #define SET_PHASE_SHIFT_MODE	0x08
  27          
  28          // dc motor module	/////////////////////////////////
  29          #define PERIOD	40
  30          
  31          sbit	LM1 = P2^0;
  32          sbit	LM2 = P2^1;
  33          sbit	LM3 = P2^2;
  34          sbit	LM4 = P2^3;
  35          sbit	RM1 = P2^4;
  36          sbit	RM2 = P2^5;
  37          sbit	RM3 = P2^6;
  38          sbit	RM4 = P2^7;
  39          bit		temp_bit;
  40          
  41          sbit	LED1 = P0^0;
  42          sbit	LED2 = P0^1;
  43          sbit	LED3 = P0^2;
  44          sbit	LED4 = P0^3;
  45          sbit	LED5 = P0^4;
  46          sbit	LED6 = P0^5;
  47          sbit	LED7 = P0^6;
  48          sbit	LED8 = P0^7;
  49          sbit	LED9 = P1^6;
  50          sbit	LED10 = P1^7;
  51          
  52          //////////////////////////////////////////////////////////////////
  53          //define port 
  54          //////////////////////////////////////////////////////////////////
  55          sbit	SCL_PIN = P1^0;
C51 COMPILER V3.20,  SN-50203013  STEPPING                                                 05/18/01  03:24:17  PAGE 2   

  56          sbit	SDA_PIN = P1^1;
  57          
  58          sbit	IN_INT = P1^2;
  59          
  60          sbit	INT = P3^2;
  61          sbit	ACK = P3^3;
  62          
  63          //////////////////////////////////////////////////////////////////
  64          //define general variable
  65          //////////////////////////////////////////////////////////////////
  66          unsigned char	command;
  67          //////////////////////////////////////////////////////////////////
  68          
  69          unsigned char	stepping_left;
  70          unsigned char	stepping_right;
  71          unsigned char	sampling_time;
  72          unsigned char	phase_shift_mode;
  73          
  74          unsigned char	enable;
  75          unsigned char	start_timer = 0;
  76          unsigned int	count_time = 0;
  77          unsigned char	speed;
  78          //////////////////////////////////////////////////////////////////
  79          //define i2c
  80          //////////////////////////////////////////////////////////////////
  81          unsigned char	TempDelay;
  82          unsigned char	_i2c_error;      // bit array of error types
  83          #define I2CReceiveCode I2CReceiveDataByte
  84          //////////////////////////////////////////////////////////////////
  85          
  86          //////////////////////////////////////////////////////////////////
  87          //define general routine
  88          //////////////////////////////////////////////////////////////////
  89          void delay(unsigned char count1,unsigned char count2)
  90          {
  91   1      	unsigned char	xx,yy;
  92   1      	for (xx=0;xx<count1;xx++)
  93   1      	{
  94   2      		for (yy=0;yy<count2;yy++)
  95   2      		{
  96   3      		}
  97   2      	}
  98   1      }
  99          //////////////////////////////////////////////////////////////////
 100          
 101          //////////////////////////////////////////////////////////////////
 102          //----------------- I2C Routine ------------------------
 103          //////////////////////////////////////////////////////////////////
 104          void _I2CBitDelay(void)         // wait 4.7uS, or thereabouts
 105          {                             // tune to xtal. This works at 11.0592MHz
 106   1      	TempDelay = 0;
 107   1      	TempDelay = 0;
 108   1      	TempDelay = 0;
 109   1      	TempDelay = 0;
 110   1      	return;
 111   1      }
 112          
 113          void _I2CSCLHigh(void)        // set SCL_PIN high, and wait for it to go high
 114          {
 115   1      	register int err;
 116   1      	SCL_PIN = 1;
 117   1      	while (!SCL_PIN)
C51 COMPILER V3.20,  SN-50203013  STEPPING                                                 05/18/01  03:24:17  PAGE 3   

 118   1      	{
 119   2      		err++;
 120   2      		if (!err)
 121   2      		{
 122   3      			_i2c_error += 0x02;     // SCL_PIN stuck, something's holding it down
 123   3      			return;
 124   3      		}
 125   2      	}
 126   1      }
 127          
 128          unsigned char _I2CReceiveByte(void) // lastone == 1 for last unsigned char
 129          {
 130   1      	register unsigned char i, res;
 131   1      	res = 0;
 132   1      	SCL_PIN = 1;
 133   1      	for (i=0;i<8;i++)         // each bit at a time, MSB first
 134   1      	{
 135   2      		while (!SCL_PIN) {}
 136   2      		res *= 2;
 137   2       		if (SDA_PIN)
 138   2      		{
 139   3      			res++;
 140   3      		}
 141   2      		while (SCL_PIN) {}
 142   2      	}
 143   1      	SDA_PIN = 0;         // send ACK according to 'lastone'
 144   1      	while (!SCL_PIN) {}
 145   1      	while (SCL_PIN) {}
 146   1      	SDA_PIN = 1;
 147   1      	SCL_PIN = 1;
 148   1      	return res;
 149   1      }
 150          
 151          void _I2CSlaveStop(void)
 152          {
 153   1      	while (SDA_PIN) {}
 154   1      	while (!SCL_PIN) {}
 155   1      	while (!SDA_PIN) {}
 156   1      }
 157          
 158          void I2CSendByte(unsigned char bt)
 159          {
 160   1        register unsigned char i;
 161   1        for (i=0; i<8; i++)
 162   1        {
 163   2          if (bt & 0x80) SDA_PIN = 1;      // send each bit, MSB first
 164   2          else SDA_PIN = 0;
 165   2          _I2CSCLHigh();
 166   2          _I2CBitDelay();
 167   2          SCL_PIN = 0;
 168   2          _I2CBitDelay();
 169   2      	bt = bt << 1;
 170   2        }
 171   1        SDA_PIN = 1;                       // listen for ACK
 172   1        _I2CSCLHigh();
 173   1        _I2CBitDelay();
 174   1        if (SDA_PIN)
 175   1          _i2c_error &= 0x01;          // ack didn't happen, may be nothing out there
 176   1        SCL_PIN = 0;
 177   1        _I2CBitDelay();
 178   1      }
 179          
C51 COMPILER V3.20,  SN-50203013  STEPPING                                                 05/18/01  03:24:17  PAGE 4   

 180          void I2CSendAddr(unsigned char addr, unsigned char rd)
 181          {
 182   1        SCL_PIN = 1;
 183   1        _I2CBitDelay();
 184   1        SDA_PIN = 0;               // generate start
 185   1        _I2CBitDelay();
 186   1        SCL_PIN = 0;
 187   1        _I2CBitDelay();
 188   1        I2CSendByte(addr+rd);  // send address byte
 189   1      }
 190          
 191          unsigned char I2CReceiveDataByte(void)
 192          {
 193   1      	unsigned char address,ret;
 194   1      
 195   1      	while ((SDA_PIN)&&(SCL_PIN)) {}
 196   1      	if ((!SDA_PIN) && (SCL_PIN))
 197   1      	{
 198   2      		while (SCL_PIN) {}
 199   2      		address = _I2CReceiveByte();
 200   2      		if (address == ADDRESS)
 201   2      		{
 202   3      			ret = _I2CReceiveByte();
 203   3      			_I2CSlaveStop();
 204   3      		}
 205   2      	}
 206   1      	return ret;
 207   1      }
 208          
 209          void	I2CSendStop(void)
 210          {
 211   1      	SDA_PIN = 0;
 212   1      	_I2CBitDelay();
 213   1      	_I2CSCLHigh();
 214   1      	_I2CBitDelay();
 215   1      	SDA_PIN = 1;
 216   1      	_I2CBitDelay();
 217   1      }
 218          
 219          void	WriteI2C(unsigned char Addr, unsigned char Data)
 220          {
 221   1      	I2CSendAddr(Addr, WRITE);
 222   1      	I2CSendByte(Data);
 223   1      	I2CSendStop();
 224   1      }
 225          
 226          //////////////////////////////////////////////////////////////////
 227          //////////////////////////////////////////////////////////////////
 228          //////////////////////////////////////////////////////////////////
 229          
 230          void int0_int(void) interrupt 0
 231          {
 232   1      	unsigned char count_time_hi,count_time_lo;
 233   1      	ACK = 0;
 234   1      	command = I2CReceiveCode();
 235   1      	switch (command)
 236   1      	{
 237   2      		case FORWARD :
 238   2      				enable = 1;
 239   2      				stepping_left = 1;
 240   2      				stepping_right = 1;
 241   2      				start_timer = 0;
C51 COMPILER V3.20,  SN-50203013  STEPPING                                                 05/18/01  03:24:17  PAGE 5   

 242   2      				break;
 243   2      		case BACKWARD :
 244   2      				enable = 1;
 245   2      				stepping_left = 0;
 246   2      				stepping_right = 0;
 247   2      				start_timer = 0;
 248   2      				break;
 249   2      		case TURN_LEFT :
 250   2      				enable = 1;
 251   2      				stepping_left = 1;
 252   2      				stepping_right = 0;
 253   2      				start_timer = 0;
 254   2      				break;
 255   2      		case TURN_RIGHT :
 256   2      				enable = 1;
 257   2      				stepping_left = 0;
 258   2      				stepping_right = 1;
 259   2      				start_timer = 0;
 260   2      				break;
 261   2      		case STOP :
 262   2      				enable = 0;
 263   2      				start_timer = 0;
 264   2      				break;
 265   2      		case SET_SPEED :
 266   2      				speed = 10 * I2CReceiveDataByte();
 267   2      				sampling_time = 0;
 268   2      				break;
 269   2      		case SET_RUN_TIME :
 270   2      				count_time_hi = I2CReceiveDataByte();
 271   2      				delay(10,10);
 272   2      				count_time_lo = I2CReceiveDataByte();
 273   2      				count_time = count_time_hi;
 274   2      				count_time << 8;
 275   2      				count_time += count_time_lo;
 276   2      				start_timer = 1;
 277   2      				break;
 278   2      		case SET_PHASE_SHIFT_MODE :
 279   2      				phase_shift_mode = I2CReceiveDataByte();
 280   2      				switch (phase_shift_mode)
 281   2      				{
 282   3      				case 1 :	LM1 = 0; LM2 = 1; LM3 = 1; LM4 = 1;
 283   3      							RM1 = 0; RM2 = 1; RM3 = 1; RM4 = 1;
 284   3      							break;
 285   3      				case 2 :	LM1 = 0; LM2 = 0; LM3 = 1; LM4 = 1;
 286   3      							RM1 = 0; RM2 = 0; RM4 = 1; RM4 = 1;
 287   3      							break;
 288   3      				}
 289   2      				break;
 290   2      	}
 291   1      	while (!INT) {}
 292   1      	ACK = 1;
 293   1      }
 294          
 295          void timer0_int(void) interrupt 1
 296          {
 297   1      	TR0 = 0;
 298   1      	if (enable == 1)
 299   1      	{
 300   2      		if (sampling_time > (PERIOD - speed))
 301   2      		{
 302   3      			sampling_time = 0;
 303   3      			if (stepping_left)
C51 COMPILER V3.20,  SN-50203013  STEPPING                                                 05/18/01  03:24:17  PAGE 6   

 304   3      			{
 305   4      				temp_bit = LM4;
 306   4      				LM4 = LM3;
 307   4      				LM3 = LM2;
 308   4      				LM2 = LM1;
 309   4      				LM1 = temp_bit;
 310   4      			}
 311   3      			else
 312   3      			{
 313   4      				temp_bit = LM1;
 314   4      				LM1 = LM2;
 315   4      				LM2 = LM3;
 316   4      				LM3 = LM4;
 317   4      				LM4 = temp_bit;
 318   4      			}
 319   3      
 320   3      			if (stepping_right)
 321   3      			{
 322   4      				temp_bit = RM1;
 323   4      				RM1 = RM2;
 324   4      				RM2 = RM3;
 325   4      				RM3 = RM4;
 326   4      				RM4 = temp_bit;
 327   4      			}
 328   3      			else
 329   3      			{
 330   4      				temp_bit = RM4;
 331   4      				RM4 = RM3;
 332   4      				RM3 = RM2;
 333   4      				RM2 = RM1;
 334   4      				RM1 = temp_bit;
 335   4      			}
 336   3      		}
 337   2      		else
 338   2      		{
 339   3      			sampling_time++;
 340   3      		}
 341   2      	}
 342   1      	else
 343   1      	{
 344   2      	}
 345   1      
 346   1      	if (start_timer)
 347   1      	{
 348   2      		if (count_time > 0)
 349   2      		{
 350   3      			count_time--;
 351   3      		}
 352   2      		else
 353   2      		{
 354   3      			start_timer = 0;
 355   3      			enable = 0;
 356   3      			LM1 = 1;
 357   3      			LM2 = 1;
 358   3      			LM3 = 1;
 359   3      			LM4 = 1;
 360   3      			RM1 = 1;
 361   3      			RM2 = 1;
 362   3      			RM3 = 1;
 363   3      			RM4 = 1;
 364   3      		}
 365   2      	}
C51 COMPILER V3.20,  SN-50203013  STEPPING                                                 05/18/01  03:24:17  PAGE 7   

 366   1      	TR0 = 1;
 367   1      }
 368          
 369          //////////////////////////////////////////////////////////////////
 370          //////////////////////////////////////////////////////////////////
 371          //////////////////////////////////////////////////////////////////
 372          void main()
 373          {
 374   1      	// initial data
 375   1      	P0 = 0xff;
 376   1      	P1 = 0xff;
 377   1      	P2 = 0xff;
 378   1      	P3 = 0xff;
 379   1      
 380   1      	stepping_left = 1;
 381   1      	stepping_right = 1;
 382   1      	sampling_time = 0;
 383   1      	enable = 0;
 384   1      	speed = 30;
 385   1      
 386   1      	LM1 = 1;
 387   1      	LM2 = 1;
 388   1      	LM3 = 0;
 389   1      	LM4 = 0;
 390   1      
 391   1      	RM1 = 1;
 392   1      	RM2 = 1;
 393   1      	RM3 = 0;
 394   1      	RM4 = 0;
 395   1      
 396   1      	TMOD = 0x22;	//	timer1 8bit auto reload - timer0 8bit autoreload
 397   1      	TH0  = 0x11;	//	timer0 count lo value
 398   1      
 399   1      	TR0  = 1;		//	enable timer0
 400   1      	IT0  = 1;
 401   1      
 402   1      	IE   = 0x83;	//	1000 0010 enable timer0
 403   1      	
 404   1      	while (1)
 405   1      	{
 406   2      	}
 407   1      }
C51 COMPILER V3.20,  SN-50203013  STEPPING                                                 05/18/01  03:24:17  PAGE 8   

ASSEMBLY LISTING OF GENERATED OBJECT CODE


             ; FUNCTION _delay (BEGIN)
;---- Variable 'count1' assigned to Register 'R7' ----
;---- Variable 'count2' assigned to Register 'R5' ----
                                           ; SOURCE LINE # 89
                                           ; SOURCE LINE # 90
                                           ; SOURCE LINE # 92
;---- Variable 'xx' assigned to Register 'R6' ----
0000 E4            CLR     A
0001 FE            MOV     R6,A
0002         ?C0001:
0002 EE            MOV     A,R6
0003 C3            CLR     C
0004 9F            SUBB    A,R7
0005 500D          JNC     ?C0007
                                           ; SOURCE LINE # 93
                                           ; SOURCE LINE # 94
;---- Variable 'yy' assigned to Register 'R4' ----
0007 E4            CLR     A
0008 FC            MOV     R4,A
0009         ?C0004:
0009 EC            MOV     A,R4
000A C3            CLR     C
000B 9D            SUBB    A,R5
000C 5003          JNC     ?C0003
                                           ; SOURCE LINE # 95
                                           ; SOURCE LINE # 96
000E 0C            INC     R4
000F 80F8          SJMP    ?C0004
                                           ; SOURCE LINE # 97
0011         ?C0003:
0011 0E            INC     R6
0012 80EE          SJMP    ?C0001
                                           ; SOURCE LINE # 98
0014         ?C0007:
0014 22            RET     
             ; FUNCTION _delay (END)

             ; FUNCTION _I2CBitDelay (BEGIN)
                                           ; SOURCE LINE # 104
                                           ; SOURCE LINE # 105
                                           ; SOURCE LINE # 106
0000 E4            CLR     A
0001 F500    R     MOV     TempDelay,A
                                           ; SOURCE LINE # 107
0003 F500    R     MOV     TempDelay,A
                                           ; SOURCE LINE # 108
0005 F500    R     MOV     TempDelay,A
                                           ; SOURCE LINE # 109
0007 F500    R     MOV     TempDelay,A
                                           ; SOURCE LINE # 111
0009         ?C0008:
0009 22            RET     
             ; FUNCTION _I2CBitDelay (END)

             ; FUNCTION _I2CSCLHigh (BEGIN)
                                           ; SOURCE LINE # 113
                                           ; SOURCE LINE # 114
                                           ; SOURCE LINE # 116
0000 D290          SETB    SCL_PIN
C51 COMPILER V3.20,  SN-50203013  STEPPING                                                 05/18/01  03:24:17  PAGE 9   

0002         ?C0009:
                                           ; SOURCE LINE # 117
0002 209012        JB      SCL_PIN,?C0012
                                           ; SOURCE LINE # 118
                                           ; SOURCE LINE # 119
0005 0500    R     INC     err+01H
0007 E500    R     MOV     A,err+01H
0009 7002          JNZ     ?C0080
000B 0500    R     INC     err
000D         ?C0080:
                                           ; SOURCE LINE # 120
000D E500    R     MOV     A,err+01H
000F 4500    R     ORL     A,err
0011 70EF          JNZ     ?C0009
                                           ; SOURCE LINE # 121
                                           ; SOURCE LINE # 122
0013 0500    R     INC     _i2c_error
0015 0500    R     INC     _i2c_error
                                           ; SOURCE LINE # 124
                                           ; SOURCE LINE # 125
                                           ; SOURCE LINE # 126
0017         ?C0012:
0017 22            RET     
             ; FUNCTION _I2CSCLHigh (END)

             ; FUNCTION _I2CReceiveByte (BEGIN)
                                           ; SOURCE LINE # 128
                                           ; SOURCE LINE # 129
                                           ; SOURCE LINE # 131
;---- Variable 'res' assigned to Register 'R7' ----
0000 E4            CLR     A
0001 FF            MOV     R7,A
                                           ; SOURCE LINE # 132
0002 D290          SETB    SCL_PIN
                                           ; SOURCE LINE # 133
;---- Variable 'i' assigned to Register 'R6' ----
0004 FE            MOV     R6,A
0005         ?C0013:
0005 EE            MOV     A,R6
0006 C3            CLR     C
0007 9408          SUBB    A,#08H
0009 5011          JNC     ?C0014
                                           ; SOURCE LINE # 134
000B         ?C0016:
                                           ; SOURCE LINE # 135
000B 3090FD        JNB     SCL_PIN,?C0016
000E         ?C0017:
                                           ; SOURCE LINE # 136
000E EF            MOV     A,R7
000F 25E0          ADD     A,ACC
0011 FF            MOV     R7,A
                                           ; SOURCE LINE # 137
0012 309101        JNB     SDA_PIN,?C0019
                                           ; SOURCE LINE # 138
                                           ; SOURCE LINE # 139
0015 0F            INC     R7
                                           ; SOURCE LINE # 140
0016         ?C0019:
                                           ; SOURCE LINE # 141
0016 2090FD        JB      SCL_PIN,?C0019
                                           ; SOURCE LINE # 142
0019         ?C0015:
C51 COMPILER V3.20,  SN-50203013  STEPPING                                                 05/18/01  03:24:17  PAGE 10  

0019 0E            INC     R6
001A 80E9          SJMP    ?C0013
001C         ?C0014:
                                           ; SOURCE LINE # 143
001C C291          CLR     SDA_PIN
001E         ?C0021:
                                           ; SOURCE LINE # 144
001E 3090FD        JNB     SCL_PIN,?C0021
0021         ?C0023:
                                           ; SOURCE LINE # 145
0021 2090FD        JB      SCL_PIN,?C0023
0024         ?C0024:
                                           ; SOURCE LINE # 146
0024 D291          SETB    SDA_PIN
                                           ; SOURCE LINE # 147
0026 D290          SETB    SCL_PIN
                                           ; SOURCE LINE # 148
                                           ; SOURCE LINE # 149
0028         ?C0025:
0028 22            RET     
             ; FUNCTION _I2CReceiveByte (END)

             ; FUNCTION _I2CSlaveStop (BEGIN)
                                           ; SOURCE LINE # 151
                                           ; SOURCE LINE # 152
0000         ?C0026:
                                           ; SOURCE LINE # 153
0000 2091FD        JB      SDA_PIN,?C0026
0003         ?C0028:
                                           ; SOURCE LINE # 154
0003 3090FD        JNB     SCL_PIN,?C0028
0006         ?C0030:
                                           ; SOURCE LINE # 155
0006 3091FD        JNB     SDA_PIN,?C0030
                                           ; SOURCE LINE # 156
0009         ?C0032:
0009 22            RET     
             ; FUNCTION _I2CSlaveStop (END)

             ; FUNCTION _I2CSendByte (BEGIN)
;---- Variable 'bt' assigned to Register 'R7' ----
                                           ; SOURCE LINE # 158
                                           ; SOURCE LINE # 159
                                           ; SOURCE LINE # 161
;---- Variable 'i' assigned to Register 'R6' ----
0000 E4            CLR     A
0001 FE            MOV     R6,A
0002         ?C0033:
0002 EE            MOV     A,R6
0003 C3            CLR     C
0004 9408          SUBB    A,#08H
0006 501C          JNC     ?C0034
                                           ; SOURCE LINE # 162
                                           ; SOURCE LINE # 163
0008 EF            MOV     A,R7
0009 30E704        JNB     ACC.7,?C0036
000C D291          SETB    SDA_PIN
000E 8002          SJMP    ?C0037
0010         ?C0036:
                                           ; SOURCE LINE # 164
0010 C291          CLR     SDA_PIN
0012         ?C0037:
C51 COMPILER V3.20,  SN-50203013  STEPPING                                                 05/18/01  03:24:17  PAGE 11  

                                           ; SOURCE LINE # 165
0012 120000  R     LCALL   _I2CSCLHigh
                                           ; SOURCE LINE # 166
0015 120000  R     LCALL   _I2CBitDelay
                                           ; SOURCE LINE # 167
0018 C290          CLR     SCL_PIN
                                           ; SOURCE LINE # 168
001A 120000  R     LCALL   _I2CBitDelay
                                           ; SOURCE LINE # 169
001D EF            MOV     A,R7
001E 25E0          ADD     A,ACC
0020 FF            MOV     R7,A
                                           ; SOURCE LINE # 170
0021 0E            INC     R6
0022 80DE          SJMP    ?C0033
0024         ?C0034:
                                           ; SOURCE LINE # 171
0024 D291          SETB    SDA_PIN
                                           ; SOURCE LINE # 172
0026 120000  R     LCALL   _I2CSCLHigh
                                           ; SOURCE LINE # 173
0029 120000  R     LCALL   _I2CBitDelay
                                           ; SOURCE LINE # 174
002C 309103        JNB     SDA_PIN,?C0038
                                           ; SOURCE LINE # 175
002F 530001  R     ANL     _i2c_error,#01H
0032         ?C0038:
                                           ; SOURCE LINE # 176
0032 C290          CLR     SCL_PIN
                                           ; SOURCE LINE # 177
0034 120000  R     LCALL   _I2CBitDelay
                                           ; SOURCE LINE # 178
0037 22            RET     
             ; FUNCTION _I2CSendByte (END)

             ; FUNCTION _I2CSendAddr (BEGIN)
;---- Variable 'addr' assigned to Register 'R7' ----
;---- Variable 'rd' assigned to Register 'R5' ----
                                           ; SOURCE LINE # 180
                                           ; SOURCE LINE # 181
                                           ; SOURCE LINE # 182
0000 D290          SETB    SCL_PIN
                                           ; SOURCE LINE # 183
0002 120000  R     LCALL   _I2CBitDelay
                                           ; SOURCE LINE # 184
0005 C291          CLR     SDA_PIN
                                           ; SOURCE LINE # 185
0007 120000  R     LCALL   _I2CBitDelay
                                           ; SOURCE LINE # 186
000A C290          CLR     SCL_PIN
                                           ; SOURCE LINE # 187
000C 120000  R     LCALL   _I2CBitDelay
                                           ; SOURCE LINE # 188
000F EF            MOV     A,R7
0010 2D            ADD     A,R5
0011 FF            MOV     R7,A
0012 120000  R     LCALL   _I2CSendByte
                                           ; SOURCE LINE # 189
0015 22            RET     
             ; FUNCTION _I2CSendAddr (END)

             ; FUNCTION I2CReceiveDataByte (BEGIN)
C51 COMPILER V3.20,  SN-50203013  STEPPING                                                 05/18/01  03:24:17  PAGE 12  

;---- Variable 'ret' assigned to Register 'R5' ----
                                           ; SOURCE LINE # 191
                                           ; SOURCE LINE # 192
0000         ?C0041:
                                           ; SOURCE LINE # 195
0000 309103        JNB     SDA_PIN,?C0042
0003 2090FA        JB      SCL_PIN,?C0041
0006         ?C0042:
                                           ; SOURCE LINE # 196
0006 209115        JB      SDA_PIN,?C0043
0009 309012        JNB     SCL_PIN,?C0043
                                           ; SOURCE LINE # 197
000C         ?C0044:
                                           ; SOURCE LINE # 198
000C 2090FD        JB      SCL_PIN,?C0044
000F         ?C0045:
                                           ; SOURCE LINE # 199
000F 120000  R     LCALL   _I2CReceiveByte
;---- Variable 'address' assigned to Register 'R7' ----
                                           ; SOURCE LINE # 200
0012 EF            MOV     A,R7
0013 B40208        CJNE    A,#02H,?C0043
                                           ; SOURCE LINE # 201
                                           ; SOURCE LINE # 202
0016 120000  R     LCALL   _I2CReceiveByte
0019 AD07          MOV     R5,AR7
                                           ; SOURCE LINE # 203
001B 120000  R     LCALL   _I2CSlaveStop
                                           ; SOURCE LINE # 204
                                           ; SOURCE LINE # 205
001E         ?C0043:
                                           ; SOURCE LINE # 206
001E AF05          MOV     R7,AR5
                                           ; SOURCE LINE # 207
0020         ?C0047:
0020 22            RET     
             ; FUNCTION I2CReceiveDataByte (END)

             ; FUNCTION I2CSendStop (BEGIN)
                                           ; SOURCE LINE # 209
                                           ; SOURCE LINE # 210
                                           ; SOURCE LINE # 211
0000 C291          CLR     SDA_PIN
                                           ; SOURCE LINE # 212
0002 120000  R     LCALL   _I2CBitDelay
                                           ; SOURCE LINE # 213
0005 120000  R     LCALL   _I2CSCLHigh
                                           ; SOURCE LINE # 214
0008 120000  R     LCALL   _I2CBitDelay
                                           ; SOURCE LINE # 215
000B D291          SETB    SDA_PIN
                                           ; SOURCE LINE # 216
000D 120000  R     LCALL   _I2CBitDelay
                                           ; SOURCE LINE # 217
0010 22            RET     
             ; FUNCTION I2CSendStop (END)

             ; FUNCTION _WriteI2C (BEGIN)
;---- Variable 'Addr' assigned to Register 'R6' ----
;---- Variable 'Data' assigned to Register 'R4' ----
0000 AC05          MOV     R4,AR5
                                           ; SOURCE LINE # 219
C51 COMPILER V3.20,  SN-50203013  STEPPING                                                 05/18/01  03:24:17  PAGE 13  

                                           ; SOURCE LINE # 220
                                           ; SOURCE LINE # 221
0002 E4            CLR     A
0003 FD            MOV     R5,A
0004 120000  R     LCALL   _I2CSendAddr
                                           ; SOURCE LINE # 222
0007 AF04          MOV     R7,AR4
0009 120000  R     LCALL   _I2CSendByte
                                           ; SOURCE LINE # 223
000C 120000  R     LCALL   I2CSendStop
                                           ; SOURCE LINE # 224
000F 22            RET     
             ; FUNCTION _WriteI2C (END)

             ; FUNCTION int0_int (BEGIN)
0000 C0E0          PUSH    ACC
0002 C0F0          PUSH    B
0004 C083          PUSH    DPH
0006 C082          PUSH    DPL
0008 C0D0          PUSH    PSW
000A C000          PUSH    AR0
000C C003          PUSH    AR3
000E C004          PUSH    AR4
0010 C005          PUSH    AR5
0012 C006          PUSH    AR6
0014 C007          PUSH    AR7
                                           ; SOURCE LINE # 230
                                           ; SOURCE LINE # 233
0016 C2B3          CLR     ACK
                                           ; SOURCE LINE # 234
0018 120000  R     LCALL   I2CReceiveDataByte
001B 8F00    R     MOV     command,R7
                                           ; SOURCE LINE # 235
001D EF            MOV     A,R7
001E 14            DEC     A
001F B40800        CJNE    A,#08H,?C0081
0022         ?C0081:
0022 4003          JC      $ + 5H
0024 020000  R     LJMP    ?C0062
0027 900000  R     MOV     DPTR,#?C0082
002A F8            MOV     R0,A
002B 28            ADD     A,R0
002C 28            ADD     A,R0
002D 73            JMP     @A+DPTR
002E         ?C0082:
002E 020000  R     LJMP    ?C0051
0031 020000  R     LJMP    ?C0052
0034 020000  R     LJMP    ?C0053
0037 020000  R     LJMP    ?C0054
003A 020000  R     LJMP    ?C0055
003D 020000  R     LJMP    ?C0056
0040 020000  R     LJMP    ?C0057
0043 020000  R     LJMP    ?C0058
                                           ; SOURCE LINE # 236
                                           ; SOURCE LINE # 237
0046         ?C0051:
                                           ; SOURCE LINE # 238
0046 750001  R     MOV     enable,#01H
                                           ; SOURCE LINE # 239
0049 750001  R     MOV     stepping_left,#01H
                                           ; SOURCE LINE # 240
004C 750001  R     MOV     stepping_right,#01H
C51 COMPILER V3.20,  SN-50203013  STEPPING                                                 05/18/01  03:24:17  PAGE 14  

                                           ; SOURCE LINE # 241
004F E4            CLR     A
0050 F500    R     MOV     start_timer,A
                                           ; SOURCE LINE # 242
0052 020000  R     LJMP    ?C0062
                                           ; SOURCE LINE # 243
0055         ?C0052:
                                           ; SOURCE LINE # 244
0055 750001  R     MOV     enable,#01H
                                           ; SOURCE LINE # 245
0058 E4            CLR     A
0059 F500    R     MOV     stepping_left,A
                                           ; SOURCE LINE # 246
005B F500    R     MOV     stepping_right,A
                                           ; SOURCE LINE # 247
005D F500    R     MOV     start_timer,A
                                           ; SOURCE LINE # 248
005F 020000  R     LJMP    ?C0062
                                           ; SOURCE LINE # 249
0062         ?C0053:
                                           ; SOURCE LINE # 250
0062 750001  R     MOV     enable,#01H
                                           ; SOURCE LINE # 251
0065 750001  R     MOV     stepping_left,#01H
                                           ; SOURCE LINE # 252
0068 E4            CLR     A
0069 F500    R     MOV     stepping_right,A
                                           ; SOURCE LINE # 253
006B F500    R     MOV     start_timer,A
                                           ; SOURCE LINE # 254
006D 020000  R     LJMP    ?C0062
                                           ; SOURCE LINE # 255
0070         ?C0054:
                                           ; SOURCE LINE # 256
0070 750001  R     MOV     enable,#01H
                                           ; SOURCE LINE # 257
0073 E4            CLR     A
0074 F500    R     MOV     stepping_left,A
                                           ; SOURCE LINE # 258
0076 750001  R     MOV     stepping_right,#01H
                                           ; SOURCE LINE # 259
0079 F500    R     MOV     start_timer,A
                                           ; SOURCE LINE # 260
007B 8067          SJMP    ?C0062
                                           ; SOURCE LINE # 261
007D         ?C0055:
                                           ; SOURCE LINE # 262
007D E4            CLR     A
007E F500    R     MOV     enable,A
                                           ; SOURCE LINE # 263
0080 F500    R     MOV     start_timer,A
                                           ; SOURCE LINE # 264
0082 8060          SJMP    ?C0062
                                           ; SOURCE LINE # 265
0084         ?C0056:
                                           ; SOURCE LINE # 266
0084 120000  R     LCALL   I2CReceiveDataByte
0087 EF            MOV     A,R7
0088 75F00A        MOV     B,#0AH
008B A4            MUL     AB
008C F500    R     MOV     speed,A
                                           ; SOURCE LINE # 267
C51 COMPILER V3.20,  SN-50203013  STEPPING                                                 05/18/01  03:24:17  PAGE 15  

008E E4            CLR     A
008F F500    R     MOV     sampling_time,A
                                           ; SOURCE LINE # 268
0091 8051          SJMP    ?C0062
                                           ; SOURCE LINE # 269
0093         ?C0057:
                                           ; SOURCE LINE # 270
0093 120000  R     LCALL   I2CReceiveDataByte
;---- Variable 'count_time_hi' assigned to Register 'R3' ----
0096 AB07          MOV     R3,AR7
                                           ; SOURCE LINE # 271
0098 7F0A          MOV     R7,#0AH
009A 7D0A          MOV     R5,#0AH
009C 120000  R     LCALL   _delay
                                           ; SOURCE LINE # 272
009F 120000  R     LCALL   I2CReceiveDataByte
;---- Variable 'count_time_lo' assigned to Register 'R7' ----
                                           ; SOURCE LINE # 273
00A2 EB            MOV     A,R3
00A3 750000  R     MOV     count_time,#00H
00A6 F500    R     MOV     count_time+01H,A
                                           ; SOURCE LINE # 274
                                           ; SOURCE LINE # 275
00A8 2F            ADD     A,R7
00A9 F500    R     MOV     count_time+01H,A
00AB E4            CLR     A
00AC 3500    R     ADDC    A,count_time
00AE F500    R     MOV     count_time,A
                                           ; SOURCE LINE # 276
00B0 750001  R     MOV     start_timer,#01H
                                           ; SOURCE LINE # 277
00B3 802F          SJMP    ?C0062
                                           ; SOURCE LINE # 278
00B5         ?C0058:
                                           ; SOURCE LINE # 279
00B5 120000  R     LCALL   I2CReceiveDataByte
00B8 8F00    R     MOV     phase_shift_mode,R7
                                           ; SOURCE LINE # 280
00BA EF            MOV     A,R7
00BB 24FE          ADD     A,#0FEH
00BD 6015          JZ      ?C0061
00BF 04            INC     A
00C0 7022          JNZ     ?C0062
                                           ; SOURCE LINE # 281
                                           ; SOURCE LINE # 282
00C2         ?C0060:
00C2 C2A0          CLR     LM1
00C4 D2A1          SETB    LM2
00C6 D2A2          SETB    LM3
00C8 D2A3          SETB    LM4
                                           ; SOURCE LINE # 283
00CA C2A4          CLR     RM1
00CC D2A5          SETB    RM2
00CE D2A6          SETB    RM3
00D0 D2A7          SETB    RM4
                                           ; SOURCE LINE # 284
00D2 8010          SJMP    ?C0062
                                           ; SOURCE LINE # 285
00D4         ?C0061:
00D4 C2A0          CLR     LM1
00D6 C2A1          CLR     LM2
00D8 D2A2          SETB    LM3
C51 COMPILER V3.20,  SN-50203013  STEPPING                                                 05/18/01  03:24:17  PAGE 16  

00DA D2A3          SETB    LM4
                                           ; SOURCE LINE # 286
00DC C2A4          CLR     RM1
00DE C2A5          CLR     RM2
00E0 D2A7          SETB    RM4
00E2 D2A7          SETB    RM4
                                           ; SOURCE LINE # 287
                                           ; SOURCE LINE # 288
                                           ; SOURCE LINE # 289
                                           ; SOURCE LINE # 290
00E4         ?C0062:
                                           ; SOURCE LINE # 291
00E4 30B2FD        JNB     INT,?C0062
00E7         ?C0063:
                                           ; SOURCE LINE # 292
00E7 D2B3          SETB    ACK
                                           ; SOURCE LINE # 293
00E9 D007          POP     AR7
00EB D006          POP     AR6
00ED D005          POP     AR5
00EF D004          POP     AR4
00F1 D003          POP     AR3
00F3 D000          POP     AR0
00F5 D0D0          POP     PSW
00F7 D082          POP     DPL
00F9 D083          POP     DPH
00FB D0F0          POP     B
00FD D0E0          POP     ACC
00FF 32            RETI    
             ; FUNCTION int0_int (END)

             ; FUNCTION timer0_int (BEGIN)
0000 C0E0          PUSH    ACC
0002 C0D0          PUSH    PSW
0004 C007          PUSH    AR7
                                           ; SOURCE LINE # 295
                                           ; SOURCE LINE # 297
0006 C28C          CLR     TR0
                                           ; SOURCE LINE # 298
0008 E500    R     MOV     A,enable
000A 6401          XRL     A,#01H
000C 706F          JNZ     ?C0072
                                           ; SOURCE LINE # 299
                                           ; SOURCE LINE # 300
000E C3            CLR     C
000F 7428          MOV     A,#028H
0011 9500    R     SUBB    A,speed
0013 FF            MOV     R7,A
0014 E500    R     MOV     A,sampling_time
0016 D3            SETB    C
0017 9F            SUBB    A,R7
0018 4061          JC      ?C0066
                                           ; SOURCE LINE # 301
                                           ; SOURCE LINE # 302
001A E4            CLR     A
001B F500    R     MOV     sampling_time,A
                                           ; SOURCE LINE # 303
001D E500    R     MOV     A,stepping_left
001F 6016          JZ      ?C0067
                                           ; SOURCE LINE # 304
                                           ; SOURCE LINE # 305
0021 A2A3          MOV     C,LM4
C51 COMPILER V3.20,  SN-50203013  STEPPING                                                 05/18/01  03:24:17  PAGE 17  

0023 9200    R     MOV     temp_bit,C
                                           ; SOURCE LINE # 306
0025 A2A2          MOV     C,LM3
0027 92A3          MOV     LM4,C
                                           ; SOURCE LINE # 307
0029 A2A1          MOV     C,LM2
002B 92A2          MOV     LM3,C
                                           ; SOURCE LINE # 308
002D A2A0          MOV     C,LM1
002F 92A1          MOV     LM2,C
                                           ; SOURCE LINE # 309
0031 A200    R     MOV     C,temp_bit
0033 92A0          MOV     LM1,C
                                           ; SOURCE LINE # 310
0035 8014          SJMP    ?C0068
0037         ?C0067:
                                           ; SOURCE LINE # 312
                                           ; SOURCE LINE # 313
0037 A2A0          MOV     C,LM1
0039 9200    R     MOV     temp_bit,C
                                           ; SOURCE LINE # 314
003B A2A1          MOV     C,LM2
003D 92A0          MOV     LM1,C
                                           ; SOURCE LINE # 315
003F A2A2          MOV     C,LM3
0041 92A1          MOV     LM2,C
                                           ; SOURCE LINE # 316
0043 A2A3          MOV     C,LM4
0045 92A2          MOV     LM3,C
                                           ; SOURCE LINE # 317
0047 A200    R     MOV     C,temp_bit
0049 92A3          MOV     LM4,C
                                           ; SOURCE LINE # 318
004B         ?C0068:
                                           ; SOURCE LINE # 320
004B E500    R     MOV     A,stepping_right
004D 6016          JZ      ?C0069
                                           ; SOURCE LINE # 321
                                           ; SOURCE LINE # 322
004F A2A4          MOV     C,RM1
0051 9200    R     MOV     temp_bit,C
                                           ; SOURCE LINE # 323
0053 A2A5          MOV     C,RM2
0055 92A4          MOV     RM1,C
                                           ; SOURCE LINE # 324
0057 A2A6          MOV     C,RM3
0059 92A5          MOV     RM2,C
                                           ; SOURCE LINE # 325
005B A2A7          MOV     C,RM4
005D 92A6          MOV     RM3,C
                                           ; SOURCE LINE # 326
005F A200    R     MOV     C,temp_bit
0061 92A7          MOV     RM4,C
                                           ; SOURCE LINE # 327
0063 8018          SJMP    ?C0072
0065         ?C0069:
                                           ; SOURCE LINE # 329
                                           ; SOURCE LINE # 330
0065 A2A7          MOV     C,RM4
0067 9200    R     MOV     temp_bit,C
                                           ; SOURCE LINE # 331
0069 A2A6          MOV     C,RM3
C51 COMPILER V3.20,  SN-50203013  STEPPING                                                 05/18/01  03:24:17  PAGE 18  

006B 92A7          MOV     RM4,C
                                           ; SOURCE LINE # 332
006D A2A5          MOV     C,RM2
006F 92A6          MOV     RM3,C
                                           ; SOURCE LINE # 333
0071 A2A4          MOV     C,RM1
0073 92A5          MOV     RM2,C
                                           ; SOURCE LINE # 334
0075 A200    R     MOV     C,temp_bit
0077 92A4          MOV     RM1,C
                                           ; SOURCE LINE # 335
                                           ; SOURCE LINE # 336
0079 8002          SJMP    ?C0072
007B         ?C0066:
                                           ; SOURCE LINE # 338
                                           ; SOURCE LINE # 339
007B 0500    R     INC     sampling_time
                                           ; SOURCE LINE # 340
                                           ; SOURCE LINE # 341
                                           ; SOURCE LINE # 343
                                           ; SOURCE LINE # 344
007D         ?C0072:
                                           ; SOURCE LINE # 346
007D E500    R     MOV     A,start_timer
007F 602A          JZ      ?C0073
                                           ; SOURCE LINE # 347
                                           ; SOURCE LINE # 348
0081 D3            SETB    C
0082 E500    R     MOV     A,count_time+01H
0084 9400          SUBB    A,#00H
0086 E500    R     MOV     A,count_time
0088 9400          SUBB    A,#00H
008A 400A          JC      ?C0074
                                           ; SOURCE LINE # 349
                                           ; SOURCE LINE # 350
008C E500    R     MOV     A,count_time+01H
008E 1500    R     DEC     count_time+01H
0090 7002          JNZ     ?C0083
0092 1500    R     DEC     count_time
0094         ?C0083:
                                           ; SOURCE LINE # 351
0094 8015          SJMP    ?C0073
0096         ?C0074:
                                           ; SOURCE LINE # 353
                                           ; SOURCE LINE # 354
0096 E4            CLR     A
0097 F500    R     MOV     start_timer,A
                                           ; SOURCE LINE # 355
0099 F500    R     MOV     enable,A
                                           ; SOURCE LINE # 356
009B D2A0          SETB    LM1
                                           ; SOURCE LINE # 357
009D D2A1          SETB    LM2
                                           ; SOURCE LINE # 358
009F D2A2          SETB    LM3
                                           ; SOURCE LINE # 359
00A1 D2A3          SETB    LM4
                                           ; SOURCE LINE # 360
00A3 D2A4          SETB    RM1
                                           ; SOURCE LINE # 361
00A5 D2A5          SETB    RM2
                                           ; SOURCE LINE # 362
C51 COMPILER V3.20,  SN-50203013  STEPPING                                                 05/18/01  03:24:17  PAGE 19  

00A7 D2A6          SETB    RM3
                                           ; SOURCE LINE # 363
00A9 D2A7          SETB    RM4
                                           ; SOURCE LINE # 364
                                           ; SOURCE LINE # 365
00AB         ?C0073:
                                           ; SOURCE LINE # 366
00AB D28C          SETB    TR0
                                           ; SOURCE LINE # 367
00AD D007          POP     AR7
00AF D0D0          POP     PSW
00B1 D0E0          POP     ACC
00B3 32            RETI    
             ; FUNCTION timer0_int (END)

             ; FUNCTION main (BEGIN)
                                           ; SOURCE LINE # 372
                                           ; SOURCE LINE # 373
                                           ; SOURCE LINE # 375
0000 7580FF        MOV     P0,#0FFH
                                           ; SOURCE LINE # 376
0003 7590FF        MOV     P1,#0FFH
                                           ; SOURCE LINE # 377
0006 75A0FF        MOV     P2,#0FFH
                                           ; SOURCE LINE # 378
0009 75B0FF        MOV     P3,#0FFH
                                           ; SOURCE LINE # 380
000C 750001  R     MOV     stepping_left,#01H
                                           ; SOURCE LINE # 381
000F 750001  R     MOV     stepping_right,#01H
                                           ; SOURCE LINE # 382
0012 E4            CLR     A
0013 F500    R     MOV     sampling_time,A
                                           ; SOURCE LINE # 383
0015 F500    R     MOV     enable,A
                                           ; SOURCE LINE # 384
0017 75001E  R     MOV     speed,#01EH
                                           ; SOURCE LINE # 386
001A D2A0          SETB    LM1
                                           ; SOURCE LINE # 387
001C D2A1          SETB    LM2
                                           ; SOURCE LINE # 388
001E C2A2          CLR     LM3
                                           ; SOURCE LINE # 389
0020 C2A3          CLR     LM4
                                           ; SOURCE LINE # 391
0022 D2A4          SETB    RM1
                                           ; SOURCE LINE # 392
0024 D2A5          SETB    RM2
                                           ; SOURCE LINE # 393
0026 C2A6          CLR     RM3
                                           ; SOURCE LINE # 394
0028 C2A7          CLR     RM4
                                           ; SOURCE LINE # 396
002A 758922        MOV     TMOD,#022H
                                           ; SOURCE LINE # 397
002D 758C11        MOV     TH0,#011H
                                           ; SOURCE LINE # 399
0030 D28C          SETB    TR0
                                           ; SOURCE LINE # 400
0032 D288          SETB    IT0
                                           ; SOURCE LINE # 402
C51 COMPILER V3.20,  SN-50203013  STEPPING                                                 05/18/01  03:24:17  PAGE 20  

0034 75A883        MOV     IE,#083H
0037         ?C0077:
                                           ; SOURCE LINE # 404
                                           ; SOURCE LINE # 405
                                           ; SOURCE LINE # 406
0037 80FE          SJMP    ?C0077
                                           ; SOURCE LINE # 407
0039 22            RET     
             ; FUNCTION main (END)



MODULE INFORMATION:   STATIC OVERLAYABLE
   CODE SIZE        =    750    ----
   CONSTANT SIZE    =   ----    ----
   XDATA SIZE       =   ----    ----
   PDATA SIZE       =   ----    ----
   DATA SIZE        =     12       2
   IDATA SIZE       =   ----    ----
   BIT SIZE         =      1    ----
END OF MODULE INFORMATION.


C51 COMPILATION COMPLETE.  0 WARNING(S),  0 ERROR(S)
