******************************************************************************
          TMS320C6x COFF Linker PC Version 4.32                
******************************************************************************
>> Linked Mon Mar 21 13:26:40 2005

OUTPUT FILE NAME:   <./Debug/test_dtmfd.out>
ENTRY POINT SYMBOL: "_c_int00"  address: 00000fa0


MEMORY CONFIGURATION

                  name            origin    length      used    attr    fill
         ----------------------  --------  ---------  --------  ----  --------
         IRAM                    00000000   00030000  00014182  RWIX
         CACHE_L2                00030000   00010000  00000000  RWIX
         SDRAM                   80000000   01000000  00008000  RWIX


SECTION ALLOCATION MAP

 output                                  attributes/
section   page    origin      length       input sections
--------  ----  ----------  ----------   ----------------
.SDRAM$heap 
*          0    80000000    00008000     UNINITIALIZED

.sysdata   0    00000000    00000000     UNINITIALIZED

.cio       0    00000000    00000000     UNINITIALIZED

.prd       0    00000000    00000000     UNINITIALIZED

frt        0    00000000    00000000     UNINITIALIZED

.sysregs   0    00000000    00000000     UNINITIALIZED

.data      0    00000000    00000000     UNINITIALIZED

.gio       0    00000000    00000000     UNINITIALIZED

.hwi       0    00000000    00000000     UNINITIALIZED

.dsm       0    00000000    00000000     UNINITIALIZED

.hwi_vec   0    00000000    00000200     
                  00000000    00000200     konfigcfg.obj (.hwi_vec)

.clk       0    00000200    0000000c     UNINITIALIZED
                  00000200    0000000c     konfigcfg.obj (.clk)

.swi       0    0000020c    00000058     UNINITIALIZED
                  0000020c    00000058     konfigcfg.obj (.swi)

.idl       0    00000264    00000020     UNINITIALIZED
                  00000264    00000010     konfigcfg.obj (.idl)
                  00000274    00000010     konfigcfg.obj (.idlcal)

.bss       0    00000284    0000081c     UNINITIALIZED
                  00000284    00000354     main.obj (.bss)
                  000005d8    00000134     biosi.a62 : biosdata.o62 (.bss)
                  0000070c    00000100               : hwi_disp_asm.o6 (.bss)
                  0000080c    000000e0               : knl_inst.o62 (.bss)
                  000008ec    0000009c     konfigcfg.obj (.bss)
                  00000988    00000040     biosi.a62 : knl_inst.o62 (.bss:c)
                  000009c8    00000038               : tsk_inst.o62 (.bss)
                  00000a00    00000024               : tsk_stup_inst.o (.bss)
                  00000a24    00000020               : sys_inst.o62 (.bss)
                  00000a44    00000018     lnkrtdx.a62 : rtdx.o62 (.bss)
                  00000a5c    00000010     biosi.a62 : knl_tick_inst.o (.bss)
                  00000a6c    00000008               : gbl.o62 (.bss:c)
                  00000a74    00000008               : clk_start6x.o62 (.bss)
                  00000a7c    00000008               : tsk_inst.o62 (.bss:c)
                  00000a84    00000008               : sys_inst.o62 (.bss:c)
                  00000a8c    00000008               : hwi.o62 (.bss)
                  00000a94    00000004               : gbl_cslinit62.o (.bss)
                  00000a98    00000004               : mem_asm.o62 (.bss)
                  00000a9c    00000004               : idl_busy.o62 (.bss)

.far       0    00000aa0    00000238     UNINITIALIZED
                  00000aa0    000000f4     csl6713.lib : csl_irq.obj (.far)
                  00000b94    0000008c     rts6700.lib : exit.obj (.far)
                  00000c20    00000030     dtmfd_kasatka.l67 : dtmfd.o67 (.far)
                  00000c50    00000028     csl6713.lib : csl.obj (.far)
                  00000c78    00000024                 : csl_timer.obj (.far)
                  00000c9c    00000014     rtdx.lib : buffer1.obj (.far)
                  00000cb0    00000010     algrf.l62 : algrf_setup.o62 (.far)
                  00000cc0    0000000c     biosi.a62 : utl_putc_inst.o (.far)
                  00000ccc    00000008     rts6700.lib : _lock.obj (.far)
                  00000cd4    00000004     csl6713.lib : csl_cache.obj (.far)

.mem       0    00000cd8    00000004     UNINITIALIZED
                  00000cd8    00000004     konfigcfg.obj (.mem)

.args      0    00000cdc    00000004     
                  00000cdc    00000004     --HOLE-- [fill = 00000000]

.sysinit   0    00000ce0    000003a0     
                  00000ce0    000002c0     konfigcfg.obj (.sysinit)
                  00000fa0    000000e0     biosi.a62 : boot.o62 (.sysinit)

.gblinit   0    00001080    00000028     
                  00001080    00000028     konfigcfg.obj (.gblinit)

.trcdata   0    000010a8    0000000c     
                  000010a8    0000000c     konfigcfg.obj (.trcdata)

.stack     0    000010b8    00000400     
                  000010b8    00000400     --HOLE-- [fill = 00c0ffee]

.cinit     0    000014b8    00000fb4     
                  000014b8    00000604     konfigcfg.obj (.cinit)
                  00001abc    00000004     --HOLE-- [fill = 0]
                  00001ac0    000002dc     biosi.a62 : biosdata.o62 (.cinit)
                  00001d9c    00000004     --HOLE-- [fill = 0]
                  00001da0    00000140     main.obj (.cinit)
                  00001ee0    0000012c     csl6713.lib : csl_irq.obj (.cinit)
                  0000200c    00000004     --HOLE-- [fill = 0]
                  00002010    000000a8     biosi.a62 : knl_inst.o62 (.cinit)
                  000020b8    0000005c     lnkrtdx.a62 : rtdx.o62 (.cinit)
                  00002114    00000004     --HOLE-- [fill = 0]
                  00002118    0000004c     csl6713.lib : csl_timer.obj (.cinit)
                  00002164    00000004     --HOLE-- [fill = 0]
                  00002168    0000004c     biosi.a62 : tsk_inst.o62 (.cinit)
                  000021b4    00000004     --HOLE-- [fill = 0]
                  000021b8    0000004c               : rta.o62 (.cinit)
                  00002204    00000004     --HOLE-- [fill = 0]
                  00002208    00000048               : knl_inst.o62 (.cinit:c)
                  00002250    00000040     dtmfd_kasatka.l67 : dtmfd.o67 (.cinit)
                  00002290    0000003c     csl6713.lib : csl.obj (.cinit)
                  000022cc    00000004     --HOLE-- [fill = 0]
                  000022d0    0000002c     biosi.a62 : tsk_stup_inst.o (.cinit)
                  000022fc    00000004     --HOLE-- [fill = 0]
                  00002300    0000002c               : utl_putc_inst.o (.cinit)
                  0000232c    00000004     --HOLE-- [fill = 0]
                  00002330    0000002c     rts6700.lib : exit.obj (.cinit)
                  0000235c    00000004     --HOLE-- [fill = 0]
                  00002360    0000002c     algrf.l62 : algrf_setup.o62 (.cinit)
                  0000238c    00000004     --HOLE-- [fill = 0]
                  00002390    0000001c     rts6700.lib : _lock.obj (.cinit)
                  000023ac    00000004     --HOLE-- [fill = 0]
                  000023b0    0000001c     biosi.a62 : hwi.o62 (.cinit)
                  000023cc    00000004     --HOLE-- [fill = 0]
                  000023d0    00000018               : knl_tick_inst.o (.cinit)
                  000023e8    00000010               : sys_inst.o62 (.cinit:c)
                  000023f8    00000010               : clk_start6x.o62 (.cinit)
                  00002408    00000010               : gbl.o62 (.cinit:c)
                  00002418    00000010               : tsk_inst.o62 (.cinit:c)
                  00002428    0000000c     rtdx.lib : buffer1.obj (.cinit)
                  00002434    00000004     --HOLE-- [fill = 0]
                  00002438    0000000c     biosi.a62 : idl_busy.o62 (.cinit)
                  00002444    00000004     --HOLE-- [fill = 0]
                  00002448    0000000c               : knl_swit_inst.o (.cinit)
                  00002454    00000004     --HOLE-- [fill = 0]
                  00002458    0000000c     csl6713.lib : csl_cache.obj (.cinit)
                  00002464    00000008     --HOLE-- [fill = 0]

.pinit     0    0000246c    0000000c     
                  0000246c    00000004     rtdx.lib : rtdx_mon.obj (.pinit)
                  00002470    00000004              : buffer1.obj (.pinit)
                  00002474    00000004     --HOLE-- [fill = 0]

.const     0    00002478    0000006e     
                  00002478    00000020     csl6713.lib : csl_cache.obj (.const)
                  00002498    00000023     biosi.a62 : utl_doab_inst.o (.const)
                  000024bb    00000022               : utl_doer_inst.o (.const)
                  000024dd    00000004               : mem_free_inst.o (.const)
                  000024e1    00000004               : mem_allo_inst.o (.const)
                  000024e5    00000001               : tsk_inst.o62 (.const)

.switch    0    000024e8    0000008c     
                  000024e8    00000060     dtmfd_kasatka.l67 : dtmfd.o67 (.switch)
                  00002548    0000002c     rtdx.lib : rtdx_mon.obj (.switch)

.text      0    00002580    00003ca0     
                  00002580    000015c0     dtmfd_kasatka.l67 : dtmfd.o67 (.text)
                  00003b40    00000460     algrf.l62 : algrf_cre.o62 (.text:create)
                  00003fa0    000002e0     main.obj (.text)
                  00004280    000002a0     csl6713.lib : csl_cache.obj (.text:_CACHE_wait)
                  00004520    00000240     rts6700.lib : memcpy62.obj (.text)
                  00004760    00000220                 : exit.obj (.text)
                  00004980    00000220     csl6713.lib : csl_cache.obj (.text:_CACHE_setL2Mode)
                  00004ba0    000001e0     biosi.a62 : gbl_cslpllinit6 (.text)
                  00004d80    000001c0     csl6713.lib : csl.obj (.text:__CSL_init)
                  00004f40    00000160                 : csl_timer.obj (.text:_TIMER_open)
                  000050a0    00000160     dtmfd_kasatka.l67 : dtmfd.o67 (.text:algInit)
                  00005200    00000140     csl6713.lib : csl_cache.obj (.text:_CACHE_clean)
                  00005340    00000120                 : csl_irq.obj (.text:_mux2Tables)
                  00005460    00000120                 : csl_timer.obj (.text:_TIMER_reset)
                  00005580    00000120     rts6700.lib : divi.obj (.text)
                  000056a0    00000100     algrf.l62 : algrf_del.o62 (.text:delete)
                  000057a0    00000100     rts6700.lib : remi.obj (.text)
                  000058a0    000000e0     csl6713.lib : csl_cache.obj (.text:_CACHE_wbInvL1d)
                  00005980    000000e0     rts6700.lib : strasg.obj (.text)
                  00005a60    000000c0                 : divu.obj (.text)
                  00005b20    000000c0     csl6713.lib : csl_irq.obj (.text:_getMux)
                  00005be0    000000a0     dtmfd.l67 : dtmfd.obj (.text)
                  00005c80    00000080     algrf.l62 : algrf_setup.o62 (.text:setup)
                  00005d00    00000080     dtmfd_kasatka.l67 : dtmfd.o67 (.text:algFree)
                  00005d80    00000080     csl6713.lib : csl_irq.obj (.text:__IRQ_init)
                  00005e00    00000060                 : csl_timer.obj (.text:_TIMER_configArgs)
                  00005e60    00000060     dtmfd_kasatka.l67 : dtmfd.o67 (.text:algAlloc)
                  00005ec0    00000060     algrf.l62 : algrf_control.o (.text:control)
                  00005f20    00000040     rts6700.lib : _lock.obj (.text)
                  00005f60    00000040     algrf.l62 : algrf_deactivat (.text:deactivate)
                  00005fa0    00000040     dtmfd_kasatka.l67 : dtmfd.o67 (.text:algMoved)
                  00005fe0    00000040     csl6713.lib : csl_irq.obj (.text:_IRQ_enable)
                  00006020    00000040     algrf.l62 : algrf_activate. (.text:activate)
                  00006060    00000040     csl6713.lib : csl_timer.obj (.text:_TIMER_start)
                  000060a0    00000020                 : csl_irq.obj (.text)
                  000060c0    00000020     dtmfd_kasatka.l67 : dtmfd.o67 (.text:exit)
                  000060e0    00000020                       : dtmfd.o67 (.text:init)
                  00006100    00000020                       : dtmfd.o67 (.text:algDeactivate)
                  00006120    00000020     konfigcfg_c.obj (.text:CSL_cfgInit)
                  00006140    00000020     dtmfd_kasatka.l67 : dtmfd.o67 (.text:algActivate)
                  00006160    00000020     dtmfd.l67 : dtmfd.obj (.text:control)
                  00006180    00000020               : dtmfd.obj (.text:exit)
                  000061a0    00000020               : dtmfd.obj (.text:init)
                  000061c0    00000020     dtmfd_kasatka.l67 : dtmfd.o67 (.text:algControl)
                  000061e0    00000020     dtmfd.l67 : dtmfd.obj (.text:create)
                  00006200    00000020               : dtmfd.obj (.text:delete)

.bios      0    00006220    00004380     
                  00006220    000006e0     biosi.a62 : swi.o62 (.bios)
                  00006900    00000540     lnkrtdx.a62 : rtdx.o62 (.bios)
                  00006e40    00000420     biosi.a62 : hwi_disp_asm.o6 (.bios)
                  00007260    00000320               : prd.o62 (.bios)
                  00007580    000002a0               : sem_pend_inst.o (.bios)
                  00007820    000002a0               : knl_run_inst.o6 (.bios)
                  00007ac0    00000280               : rta.o62 (.bios)
                  00007d40    00000280               : mem_allo_inst.o (.bios:.near)
                  00007fc0    00000260               : knl_tick_inst.o (.bios)
                  00008220    00000240               : mem_free_inst.o (.bios:.near)
                  00008460    00000220               : pip.o62 (.bios)
                  00008680    00000220               : clk.o62 (.bios)
                  000088a0    00000200               : sem_dopo_inst.o (.bios)
                  00008aa0    00000200               : tsk_setu_inst.o (.bios)
                  00008ca0    000001e0               : tsk_exit_inst.o (.bios)
                  00008e80    000001c0               : knl_swit_inst.o (.bios)
                  00009040    000001a0               : autoinit.o62 (.bios)
                  000091e0    00000120               : tsk_stup_inst.o (.bios)
                  00009300    00000100               : idl_cal.o62 (.bios)
                  00009400    00000100               : knl_chec_inst.o (.bios)
                  00009500    00000100               : gbl_cslcacheini (.bios)
                  00009600    00000100               : knl_exit_inst.o (.bios)
                  00009700    000000e0               : sem_post_asm_in (.bios)
                  000097e0    000000e0               : sem_post_inst.o (.bios)
                  000098c0    000000c0               : sys_exit_inst.o (.bios)
                  00009980    000000c0               : lck_inst.o62 (.bios)
                  00009a40    000000c0               : mem_vall_inst.o (.bios:.near)
                  00009b00    000000c0               : mem_init_inst.o (.bios:.near)
                  00009bc0    000000c0               : knl_post_inst.o (.bios)
                  00009c80    000000a0               : atm_inst.o62 (.bios)
                  00009d20    000000a0               : knl_ipos_inst.o (.bios)
                  00009dc0    000000a0               : clk_start6x.o62 (.bios)
                  00009e60    00000080               : fxn.o62 (.bios)
                  00009ee0    00000080               : log.o62 (.bios)
                  00009f60    00000080               : idl_busy.o62 (.bios)
                  00009fe0    00000080               : swi_dec.o62 (.bios)
                  0000a060    00000080               : gbl_cslinit62.o (.bios)
                  0000a0e0    00000060               : sys_erro_inst.o (.bios:.near)
                  0000a140    00000060               : trc_c.o62 (.bios)
                  0000a1a0    00000060               : utl_putc_inst.o (.bios)
                  0000a200    00000060               : utl_doab_inst.o (.bios)
                  0000a260    00000060               : sts.o62 (.bios)
                  0000a2c0    00000060               : tsk_init_inst.o (.bios)
                  0000a320    00000060               : sem_pend_asm_in (.bios)
                  0000a380    00000060               : que_get_inst.o6 (.bios)
                  0000a3e0    00000040               : idl_stub_inst.o (.bios)
                  0000a420    00000040               : swi_post.o62 (.bios)
                  0000a460    00000040               : clk_gethtime.o6 (.bios)
                  0000a4a0    00000040               : rta_andn.o62 (.bios)
                  0000a4e0    00000020               : utl_doer_inst.o (.bios)
                  0000a500    00000020               : gbl_vers.o62 (.bios)
                  0000a520    00000020               : idl.o62 (.bios)
                  0000a540    00000020               : fxn_c.o62 (.bios)
                  0000a560    00000020               : sts_set.o62 (.bios)
                  0000a580    00000020               : utl_halt_inst.o (.bios)

.trace     0    0000a5a0    00000200     
                  0000a5a0    00000200     --HOLE-- [fill = 00000000]

.rtdx_data 
*          0    0000a7a0    00000438     UNINITIALIZED
                  0000a7a0    00000410     konfigcfg.obj (.rtdx_data)
                  0000abb0    0000001c     rtdx.lib : rtdx_mon.obj (.rtdx_data)
                  0000abcc    0000000c              : buffer1.obj (.rtdx_data)

.rtdx_text 
*          0    0000abe0    00000de0     
                  0000abe0    000007a0     rtdx.lib : rtdx_mon.obj (.rtdx_text)
                  0000b380    00000580              : buffer1.obj (.rtdx_text)
                  0000b900    00000080              : buffer2.obj (.rtdx_text)
                  0000b980    00000040              : intr_tgt.obj (.rtdx_text)

.hst       0    0000b9c0    0000002c     UNINITIALIZED
                  0000b9c0    0000002c     konfigcfg.obj (.hst)

.hst1      0    0000b9ec    00000010     UNINITIALIZED
                  0000b9ec    00000010     konfigcfg.obj (.hst1)

.hst0      0    0000b9fc    00000100     UNINITIALIZED
                  0000b9fc    00000100     konfigcfg.obj (.hst0)

.tsk       0    0000bafc    00000060     UNINITIALIZED
                  0000bafc    00000060     konfigcfg.obj (.tsk)

.TSK_idle$stk 
*          0    0000bb60    00000400     UNINITIALIZED
                  0000bb60    00000400     konfigcfg.obj (.TSK_idle$stk)

.log       0    0000bf60    00000018     
                  0000bf60    00000018     konfigcfg.obj (.log)

.sts       0    0000bf78    00000050     
                  0000bf78    00000050     konfigcfg.obj (.sts)

.sys       0    0000bfc8    00000010     UNINITIALIZED
                  0000bfc8    00000010     konfigcfg.obj (.sys)

.LOG_system$buf 
*          0    0000c000    00000100     
                  0000c000    00000100     konfigcfg.obj (.LOG_system$buf) [fill = ffffffff]

.pip       0    0000c100    000000c8     UNINITIALIZED
                  0000c100    000000c8     konfigcfg.obj (.pip)

.IRAM$heap 
*          0    0000c1c8    00008000     UNINITIALIZED


GLOBAL SYMBOLS: SORTED ALPHABETICALLY BY Name 

address    name
--------   ----
00000284   $bss
00000284   .bss
00000000   .data
00002580   .text
00000e9c   BIOS$$CLKOFF
00000e6c   BIOS$$CLKON
00000ce0   BIOS_init
00000efc   BIOS_start
00000000   BUF$
00000001   BUF_ENABLED
00004974   C$$EXIT
ffffffff   CACHE_L2
00000001   CLK$
00000204   CLK0
00000200   CLK_A_TABBEG
0000020c   CLK_A_TABEND
0000000c   CLK_A_TABLEN
0000dbba   CLK_COUNTSPMS
00000000   CLK_COUNTSPMSHIGH
00000600   CLK_D_idletime
000005fc   CLK_D_isrhook
000005f8   CLK_D_tabbeg
000005f4   CLK_D_timefxn
00008680   CLK_F_getfhtime
000086a0   CLK_F_gethtime
00008714   CLK_F_getltime
000086a0   CLK_F_getshtime
00008720   CLK_F_isr
0000885c   CLK_F_itime
00006e40   CLK_HOOKFXN
00004000   CLK_INTBIT
0000dbba   CLK_PRD
00000000   CLK_PRDHIGH
01940000   CLK_REGS
000005f0   CLK_R_time
00000020   CLK_TCR
00000000   CLK_TDDR
00000000   CLK_TDDRHIGH
000086a0   CLK_TIMEFXN
00000000   CLK_TIMERNUM
00000001   CLK_USETIMER
00000208   CLK_null
00000000   DEV$
00000000   DGN$
00000000   DHL$
00000000   DHL_gChannelsAvailable
00000000   DIO$
00000000   DIO_NUMSWIBASE
00000000   DIO_NUMTSKBASE
00000000   DIO_STATIC
00000000   DPI$
00009e60   FXN_F_nop
00009e68   FXN_F_run
00009eb8   FXN_F_zero
00000001   GBL$
00000490   GBL_A_VERSION
00000000   GBL_BIGENDIAN
00000000   GBL_C641XL2PRIORITY
00000000   GBL_CACHE
00000001   GBL_CALLCSLCFGINIT
00000001   GBL_ENABLEINST
00000042   GBL_FOOTPRINT
0000a500   GBL_F_version
00002226   GBL_L2ALLOC
00000000   GBL_L2CONFIGALLOC
00000001   GBL_L2CONFIGURE
00000001   GBL_L2MARMASK
00000000   GBL_L2MARMASK1
00000000   GBL_L2MARMASK2
00000000   GBL_L2MARMASK3
00000000   GBL_L2MARMASK4
00000000   GBL_L2MARMASK5
00000007   GBL_L2MODE
00000000   GBL_L2PRIORITY
00000000   GBL_NULL
00000000   GBL_ROM
00000001   GBL_SUPPORTCSL
0000dbef   GBL_TRCMASKVALUE
00000001   GBL_USERINIT
00004bc8   GBL_USERINITFXN
00000001   GBL_boot
000010b0   GBL_initdone
000010b8   GBL_stackbeg
000014b7   GBL_stackend
00000000   GIO$
0000a540   GIO_CREATEFXN
0000a540   GIO_DELETEFXN
0000a540   GIO_PENDFXN
0000a540   GIO_POSTFXN
00000000   HOOK$
00000000   HOOK_KNLID
00000001   HST$
0000b9c0   HST_A_TABBEG
0000b9ec   HST_A_TABEND
00000002   HST_A_TABLEN
00000000   HST_DSM
00000908   HST_DSMBUFSEG
00000400   HST_DSMMEMSIZE
000006f0   HST_D_chanmask
00000100   HST_MAXFRAMEALLOWED
00000040   HST_MAXFRAMESET
00000000   HST_NONE
00000001   HST_RTDX
00000001   HWI$
00000000   HWI_A_VECS
00000a8c   HWI_D_ccmask
00006e40   HWI_F_dispatch
00000000   HWI_GENERATE_RESET_VEC
0000000a   HWI_INT10
0000000b   HWI_INT11
0000000c   HWI_INT12
0000000d   HWI_INT13
0000000e   HWI_INT14
0000000f   HWI_INT15
00000004   HWI_INT4
00000005   HWI_INT5
00000006   HWI_INT6
00000007   HWI_INT7
00000008   HWI_INT8
00000009   HWI_INT9
082039a3   HWI_INTRMULTHIGH
310718a4   HWI_INTRMULTLOW
00000001   HWI_NMI
00000000   HWI_POLARITYMASK
00000002   HWI_RESERVED0
00000003   HWI_RESERVED1
00000000   HWI_RESET
00000001   HWI_ZEROTAB
00000001   IDL$
00000274   IDL_A_CALBEG
00000284   IDL_A_CALEND
00000002   IDL_A_CALLEN
00000264   IDL_A_TABBEG
00000274   IDL_A_TABEND
00000002   IDL_A_TABLEN
0000a3e0   IDL_CALIBRFXN
00000a9c   IDL_D_busyObj
000005e0   IDL_D_calbeg
000005dc   IDL_D_calibrate
000005d8   IDL_D_tabbeg
00000270   IDL_END
00000280   IDL_END$
00009f60   IDL_F_busy
00009300   IDL_F_calibrate
0000a520   IDL_F_loop
0000a3e0   IDL_F_stub
00000001   IDL_USECLKIDLTIME
0000bfac   IDL_busyObj
0000bfa8   IDL_busyObj$stsobj
0000026c   IDL_cpuLoad
0000027c   IDL_cpuLoad$
00000908   IRAM
0000c1c8   IRAM$B
00008000   IRAM$L
00000001   ISRC$
00009000   KNL_glue
0000020c   KNL_swi
0000bf7c   KNL_swi$sts
0000bf78   KNL_swi$sts$stsobj
00000001   LCK$
00006900   LNK_F_checkBufferCall
00006974   LNK_F_dataPump
00006920   LNK_F_getChanPtr
0000696c   LNK_F_init
00006e18   LNK_F_readCallBack
00000264   LNK_dataPump
00000274   LNK_dataPump$
00000a48   LNK_dspFrameReadyMask
00000a44   LNK_dspFrameRequestMask
00006bc8   LNK_newin
00006cd8   LNK_newout
00006980   LNK_rcloop
00006a30   LNK_rdrtry
00000a50   LNK_readDone
00000a54   LNK_readFail
00000a4c   LNK_readPend
00006a38   LNK_rrloop
00000a58   LNK_writeFail
00006af8   LNK_wrloop
00006af0   LNK_wrrtry
00000001   LOG$
0000bf60   LOG_A_TABBEG
0000bf78   LOG_A_TABEND
00000001   LOG_A_TABLEN
000005e4   LOG_D_system
00000001   LOG_ENABLED
00009ee0   LOG_F_event
0000bf60   LOG_system
0000c000   LOG_system$buf
00000040   LOG_system$size
00000000   MBX$
00000001   MEM$
00000908   MEM_MALLOCSEG
00000000   MEM_NULL
00000908   MEM_SEGZERO
00000002   MEM_gNumHeap
00000000   OBJ$
00000000   PIP$
0000c100   PIP_A_TABBEG
0000c1c8   PIP_A_TABEND
00000002   PIP_A_TABLEN
000005e8   PIP_D_tabbeg
000005ec   PIP_D_tablen
000084f4   PIP_F_give
000084f4   PIP_F_probe
000085c8   PIP_F_start
00008460   PIP_F_take
00000000   PIP_gNextId
00000002   PIP_gNumEmbed
00000001   PRD$
00000000   PRD_A_TABBEG
00000000   PRD_A_TABEND
00000000   PRD_A_TABLEN
000006ac   PRD_D_cur
000006b0   PRD_D_elapsed
000006b4   PRD_D_prevtim
000006b8   PRD_D_scalar
000006bc   PRD_D_swihandle
000006c0   PRD_D_tabbeg
000006c4   PRD_D_tablen
000006c8   PRD_D_thook
000006a8   PRD_D_tick
00007260   PRD_F_swi
000074bc   PRD_F_tick
00004000   PRD_SCALAR
00000000   PRD_SWIHANDLE
000081f8   PRD_THOOKFXN
00000200   PRD_clock
00000001   QUE$
000006cc   RTA_D_fromHost
000006d4   RTA_D_logval
000006e4   RTA_D_stsval
000006d0   RTA_D_toHost
0000a4a0   RTA_F_andn
00007bb8   RTA_F_dispatch
00007ac0   RTA_F_getlog
00007b04   RTA_F_getsts
0000a4c0   RTA_F_or
00007b4c   RTA_F_readblk
00007b78   RTA_F_resetmem
00007b6c   RTA_F_writeword
00000268   RTA_dispatcher
00000278   RTA_dispatcher$
00007bf8   RTA_execute
0000b9c4   RTA_fromHost
0000b9ec   RTA_fromHost$buf
0000c100   RTA_fromHost$pipe
0000c130   RTA_fromHost$pipe$aaa
0000c160   RTA_fromHost$pipe$bbb
00000910   RTA_fromHost$pipe$dtab
0000c104   RTA_fromHost$pipe$rd
0000c134   RTA_fromHost$pipe$wr
0000b9cc   RTA_fromHost$rtdx
0000b9d8   RTA_toHost
0000b9fc   RTA_toHost$buf
0000c164   RTA_toHost$pipe
0000c194   RTA_toHost$pipe$aaa
0000c1c4   RTA_toHost$pipe$bbb
0000091c   RTA_toHost$pipe$dtab
0000c168   RTA_toHost$pipe$rd
0000c198   RTA_toHost$pipe$wr
0000b9e0   RTA_toHost$rtdx
00000001   RTDX$
00000408   RTDX_BUFMEMSIZE
00000908   RTDX_DATAMEMSEG
00000001   RTDX_USERTDX
00000000   RTDX_USERTEXECUTION
0000090c   SDRAM
80000000   SDRAM$B
00008000   SDRAM$L
00000000   SEM$
00000000   SIO$
00000001   STS$
0000bf78   STS_A_TABBEG
0000bfc8   STS_A_TABEND
00000005   STS_A_TABLEN
0000bfbc   STS_CLK
0000bfb8   STS_CLK$stsobj
0000a270   STS_F_add
0000a260   STS_F_delta
0000a29c   STS_F_reset
00000001   SWI$
00000238   SWI0
0000bf8c   SWI0$sts
0000bf88   SWI0$sts$stsobj
0000020c   SWI_A_TABBEG
00000264   SWI_A_TABEND
00000002   SWI_A_TABLEN
00000610   SWI_D_curfxn
00000604   SWI_D_curmask
00000614   SWI_D_curmbox
00000608   SWI_D_curset
0000062c   SWI_D_ehook
0000061c   SWI_D_execaddr
00000628   SWI_D_ihook
00000618   SWI_D_lock
0000060c   SWI_D_pending
00000624   SWI_D_rdybeg
00000630   SWI_D_rdytab
00000620   SWI_D_runaddr
00000000   SWI_EHOOKFXN
000064bc   SWI_EXECFXN
00006220   SWI_F_enable
00006444   SWI_F_exec
000064bc   SWI_F_iexec
000062ac   SWI_F_post
00006690   SWI_F_run
00000000   SWI_IHOOKFXN
00006690   SWI_RUNFXN
00000001   SYS$
0000bfc8   SYS$config
0000a200   SYS_ABORTFXN
0000a4e0   SYS_ERRORFXN
0000a580   SYS_EXITFXN
0000a1a0   SYS_PUTCFXN
000010ac   TRC_R_mask
000010a8   TRC_cinit
00000001   TSK$
00000000   TSK_NUM_HOOKS
00000001   TSK_PRIORITY
00000000   TSK_READYFXN
00000908   TSK_STACKSEG
00000400   TSK_STACKSIZE
00000000   TSK_SWITCHFXN
0000a540   TSK_VCREATEFXN
0000a540   TSK_VDELETEFXN
0000a540   TSK_VEXITFXN
0000bb08   TSK_idle
0000bb60   TSK_idle$stack
0000bef8   TSK_idle$stkptr
0000bf9c   TSK_idle$sts
0000bf98   TSK_idle$sts$stsobj
00000000   UDEV$
00000cb8   _ALGRF
00006020   _ALGRF_activate
00000cb0   _ALGRF_config
00005ec0   _ALGRF_control
00003b40   _ALGRF_create
00005f60   _ALGRF_deactivate
000056a0   _ALGRF_delete
00003cc8   _ALGRF_memFree
00005c80   _ALGRF_setup
00009c80   _ATM_andi
00009c80   _ATM_andu
00009ca0   _ATM_cleari
00009ca0   _ATM_clearu
00009cb8   _ATM_deci
00009cb8   _ATM_decu
00009cd4   _ATM_inci
00009cd4   _ATM_incu
00009cf0   _ATM_ori
00009cf0   _ATM_oru
00009d0c   _ATM_seti
00009d0c   _ATM_setu
00000ce0   _BIOS_init
00000efc   _BIOS_start
ffffffff   _CACHE_L2
00005200   _CACHE_clean
00004980   _CACHE_setL2Mode
00004280   _CACHE_wait
000058a0   _CACHE_wbInvL1d
00000204   _CLK0
0000dbba   _CLK_COUNTSPMS
0000885c   _CLK_F_itime
0000dbba   _CLK_PRD
01940000   _CLK_REGS
00000000   _CLK_TDDR
00000000   _CLK_TIMERNUM
00000001   _CLK_USETIMER
0000a460   _CLK_gethtime
0000885c   _CLK_itime
00009dc0   _CLK_start
00009dc0   _CLK_start6x
00006120   _CSL_cfgInit
00000c20   _DTMFD_KASATKA_IALG
00000c20   _DTMFD_KASATKA_IDTMFD
00005e60   _DTMFD_KASATKA_alloc
00003820   _DTMFD_KASATKA_apply
000061c0   _DTMFD_KASATKA_control
000060c0   _DTMFD_KASATKA_exit
00005d00   _DTMFD_KASATKA_free
000060e0   _DTMFD_KASATKA_init
000050a0   _DTMFD_KASATKA_initObj
00005be0   _DTMFD_apply
00006160   _DTMFD_control
000061e0   _DTMFD_create
00006200   _DTMFD_delete
00006180   _DTMFD_exit
000061a0   _DTMFD_init
0000090c   _EXTERNALHEAP
0000a540   _FXN_F_nop
00009e68   _FXN_F_run
00009eb8   _FXN_F_zero
00000000   _GBL_CACHE
00009500   _GBL_cslCacheInit
0000a060   _GBL_cslInit
00000a94   _GBL_cslTimerHandle
00000a6c   _GBL_irqEventTable
00000a70   _GBL_irqIntTable
00004bc8   _GBL_setPLLto225MHz
0000b9c0   _HST_A_TABBEG
0000b9ec   _HST_A_TABEND
00000002   _HST_A_TABLEN
00000a90   _HWI_D_spsave
00006e40   _HWI_F_dispatch
0000000a   _HWI_INT10
0000000b   _HWI_INT11
0000000c   _HWI_INT12
0000000d   _HWI_INT13
0000000e   _HWI_INT14
0000000f   _HWI_INT15
00000004   _HWI_INT4
00000005   _HWI_INT5
00000006   _HWI_INT6
00000007   _HWI_INT7
00000008   _HWI_INT8
00000009   _HWI_INT9
00000001   _HWI_NMI
00000002   _HWI_RESERVED0
00000003   _HWI_RESERVED1
00000000   _HWI_RESET
000014b0   _HWI_STKBOTTOM
000010b8   _HWI_STKTOP
0000070c   _HWI_dispatchTab
0000bfac   _IDL_busyObj
0000026c   _IDL_cpuLoad
0000a520   _IDL_loop
00000908   _INTERNALHEAP
00000908   _IRAM
0000c1c8   _IRAM_base
00008000   _IRAM_length
00005fe0   _IRQ_enable
00000990   _KNL_alarm
00009400   _KNL_check
000009b0   _KNL_curqueue
000009a4   _KNL_curtask
000009ac   _KNL_curtime
000008ac   _KNL_dummy
00009600   _KNL_enter
00009690   _KNL_exit
000094b0   _KNL_idle
000008e8   _KNL_idlefxn
00000998   _KNL_inactive
00009d20   _KNL_ipost
000094cc   _KNL_max
000009b4   _KNL_maxqueue
00009bc0   _KNL_post
000009a8   _KNL_prevtask
0000099c   _KNL_priority
0000080c   _KNL_queues
00007820   _KNL_run
00008e80   _KNL_saveIsrFrame
000009a0   _KNL_set
00000994   _KNL_setpri
0000020c   _KNL_swi
000008e4   _KNL_swiptr
00008f4c   _KNL_switch
000009bc   _KNL_tcreatefxn
000009c0   _KNL_tdeletefxn
000081f8   _KNL_tick
000009c4   _KNL_treadyfxn
000009b8   _KNL_tswitchfxn
00000988   _KNL_wFlag
0000098c   _KNL_wList
000099cc   _LCK_pend
00009980   _LCK_post
00000264   _LNK_dataPump
0000bf60   _LOG_A_TABBEG
0000bf78   _LOG_A_TABEND
00000001   _LOG_A_TABLEN
000005e4   _LOG_D_system
00009ee0   _LOG_event
0000bf60   _LOG_system
00000a98   _MEM
000006f4   _MEM_D_NUMSEGMENTS
000006fc   _MEM_D_freelist
00000700   _MEM_D_lockaddr
000006f8   _MEM_D_memtab
00000704   _MEM_D_unlockaddr
00007d40   _MEM_alloc
00008220   _MEM_free
00009b00   _MEM_init
000008ec   _MEM_memtab
00009a40   _MEM_valloc
00000928   _OBJ_table
0000c100   _PIP_A_TABBEG
0000c1c8   _PIP_A_TABEND
00000002   _PIP_A_TABLEN
000006a8   _PRD_D_tick
00000200   _PRD_clock
0000a380   _QUE_get
0000a3a8   _QUE_put
00000268   _RTA_dispatcher
0000b9c4   _RTA_fromHost
0000b9d8   _RTA_toHost
0000a7a0   _RTDX_Buffer
0000abac   _RTDX_Buffer_End
0000b380   _RTDX_Buffer_Initialize
0000b900   _RTDX_Buffer_Read
0000aba8   _RTDX_Buffer_Start
0000b6d8   _RTDX_Buffer_Write
0000acc8   _RTDX_Final_RT_Monitor
0000ac20   _RTDX_Init_RT_Monitor
0000ad0c   _RTDX_IsFlowEnabled
00000002   _RTDX_JTAGONLY
0000b980   _RTDX_Mask_IER
0000b22c   _RTDX_Mon_Queue
0000ad20   _RTDX_Poll
0000b998   _RTDX_Set_IER
00000000   _RTDX_interrupt_mask
00000c9c   _RTDX_writing
0000090c   _SDRAM
80000000   _SDRAM_base
00008000   _SDRAM_length
0000a320   _SEM_pend
00007580   _SEM_pendEnterKnl
00009700   _SEM_post
000097e0   _SEM_postEnterKnl
0000bf78   _STS_A_TABBEG
0000bfc8   _STS_A_TABEND
00000005   _STS_A_TABLEN
0000bfbc   _STS_CLK
0000a270   _STS_add
0000a260   _STS_delta
0000a29c   _STS_reset
0000a560   _STS_set
00000238   _SWI0
00000610   _SWI_D_curfxn
00000604   _SWI_D_curmask
00000618   _SWI_D_lock
00000624   _SWI_D_rdybeg
00009fe0   _SWI_dec
0000a420   _SWI_post
00000708   _SYS
0000a5a0   _SYS_PUTCBEG
0000a79f   _SYS_PUTCEND
0000a0e0   _SYS_error
000098c0   _SYS_exit
00000a24   _SYS_exitStack
00000a84   _SYS_exitStackPtr
00000a88   _SYS_exitStackTop
00005e00   _TIMER_configArgs
00004f40   _TIMER_open
00005460   _TIMER_reset
00006060   _TIMER_start
000010ac   _TRC_R_mask
0000a140   _TRC_disable
0000a160   _TRC_enable
0000a17c   _TRC_query
00000980   _TSK
000009c8   _TSK_ATTRS
00008ca0   _TSK_exit
0000bb08   _TSK_idle
0000a2c0   _TSK_init
00000a7c   _TSK_nTasks
00000a80   _TSK_pid
00008aa0   _TSK_setup
00009214   _TSK_startup
000009e4   _TSK_timerSem
0000a200   _UTL_doAbort
0000a4e0   _UTL_doError
0000a1a0   _UTL_doPutc
0000a580   _UTL_halt
00008870   __CLK_lat1beg
0000889c   __CLK_lat1end
0000a464   __CLK_lat2beg
0000a49c   __CLK_lat2end
00004d80   __CSL_init
00000984   __HOOK_NUMHOOKS
00000904   __HOOK_knlId
00006e40   __HWI_lat1beg
00006fec   __HWI_lat1end
00006fec   __HWI_lat2beg
00007168   __HWI_lat2end1
00007108   __HWI_lat2end2
000071ac   __HWI_lat3beg
00007258   __HWI_lat3end1
00007134   __HWI_lat3end2
00009f60   __IDL_lat1beg
00009fb0   __IDL_lat1end
00000b8c   __IRQ_dispatchTable
00000ac8   __IRQ_eventTable
000060a0   __IRQ_hookFetchPacket
00005d80   __IRQ_init
00000b4c   __IRQ_intTable
00009434   __KNL_lat1beg
000094b0   __KNL_lat1end
00009ee0   __LOG_lat1beg
00009f24   __LOG_lat1end1
00009f50   __LOG_lat1end2
0000a380   __QUE_lat1beg
0000a3a0   __QUE_lat1end
0000a3a8   __QUE_lat2beg
0000a3c0   __QUE_lat2end
00007b78   __RTA_lat1beg
00007bb0   __RTA_lat1end
000088a0   __SEM_dopost
00000400   __STACK_SIZE
000063b4   __SWI_lat1beg
00006440   __SWI_lat1end1
000064fc   __SWI_lat1end2
000065a0   __SWI_lat2beg
0000668c   __SWI_lat2end2
00006220   __SWI_lat3beg
000062a8   __SWI_lat3end
00000c78   __TIMER_deviceTable
00000c98   __TIMER_hBios
00000c90   __TIMER_hDev0
00000c94   __TIMER_hDev1
00000a00   __TSK_mutex
00000284   ___bss__
000014b8   ___cinit__
00000000   ___data__
00000000   ___edata__
00000aa0   ___end__
00006220   ___etext__
0000246c   ___pinit__
00002580   ___text__
00009040   __auto_init
00000c18   __cleanup_ptr
00005580   __divi
00005a60   __divu
00000c1c   __dtors_ptr
00000ccc   __lock
00005f20   __nop
00005f28   __register_lock
00005f3c   __register_unlock
000057a0   __remi
000010b8   __stack
00005980   __strasg
00000cd0   __unlock
00004974   _abort
00004898   _atexit
00000fa0   _c_int00
00004068   _cccp
00000284   _dtmfd_Konst
00004760   _exit
000005a8   _fxns
000005a4   _handle
0000045c   _infio
00003fa0   _main
00004520   _memcpy
000005d0   _params
00004098   _ps
0000059c   _result
0000abcc   _rtdx_buffer_state
0000abb0   _rtdx_mon_state
000003bc   _todtc
00004ba0   _wait500nS
000014b8   cinit
00000000   edata
00000aa0   end
00006220   etext
00000000   hwi0
00000020   hwi1
00000140   hwi10
00000160   hwi11
00000180   hwi12
000001a0   hwi13
000001c0   hwi14
000001e0   hwi15
00000040   hwi2
00000060   hwi3
00000080   hwi4
000000a0   hwi5
000000c0   hwi6
000000e0   hwi7
00000100   hwi8
00000120   hwi9
0000246c   pinit


GLOBAL SYMBOLS: SORTED BY Symbol Address 

address    name
--------   ----
00000000   edata
00000000   HOOK$
00000000   HOOK_KNLID
00000000   GBL_ROM
00000000   hwi0
00000000   GIO$
00000000   HWI_GENERATE_RESET_VEC
00000000   HWI_POLARITYMASK
00000000   HWI_RESET
00000000   HST_DSM
00000000   HST_NONE
00000000   HWI_A_VECS
00000000   GBL_CACHE
00000000   GBL_L2CONFIGALLOC
00000000   GBL_L2MARMASK1
00000000   DPI$
00000000   GBL_BIGENDIAN
00000000   GBL_C641XL2PRIORITY
00000000   GBL_L2MARMASK5
00000000   GBL_L2PRIORITY
00000000   GBL_NULL
00000000   GBL_L2MARMASK2
00000000   GBL_L2MARMASK3
00000000   GBL_L2MARMASK4
00000000   ___edata__
00000000   SWI_IHOOKFXN
00000000   TSK_NUM_HOOKS
00000000   TSK_READYFXN
00000000   SEM$
00000000   SIO$
00000000   SWI_EHOOKFXN
00000000   _CLK_TDDR
00000000   _CLK_TIMERNUM
00000000   _GBL_CACHE
00000000   TSK_SWITCHFXN
00000000   UDEV$
00000000   _HWI_RESET
00000000   OBJ$
00000000   PIP$
00000000   PIP_gNextId
00000000   ___data__
00000000   MBX$
00000000   MEM_NULL
00000000   PRD_SWIHANDLE
00000000   RTDX_USERTEXECUTION
00000000   _RTDX_interrupt_mask
00000000   PRD_A_TABBEG
00000000   PRD_A_TABEND
00000000   PRD_A_TABLEN
00000000   DIO_STATIC
00000000   DEV$
00000000   CLK_COUNTSPMSHIGH
00000000   DHL$
00000000   DGN$
00000000   CLK_TIMERNUM
00000000   .data
00000000   CLK_PRDHIGH
00000000   CLK_TDDRHIGH
00000000   CLK_TDDR
00000000   DIO$
00000000   DHL_gChannelsAvailable
00000000   BUF$
00000000   DIO_NUMSWIBASE
00000000   DIO_NUMTSKBASE
00000001   LCK$
00000001   HST$
00000001   _CLK_USETIMER
00000001   LOG$
00000001   _HWI_NMI
00000001   TSK$
00000001   ISRC$
00000001   HWI_ZEROTAB
00000001   HWI$
00000001   HWI_NMI
00000001   IDL_USECLKIDLTIME
00000001   HST_RTDX
00000001   IDL$
00000001   RTDX_USERTDX
00000001   RTDX$
00000001   QUE$
00000001   CLK$
00000001   BUF_ENABLED
00000001   SWI$
00000001   STS$
00000001   SYS$
00000001   TSK_PRIORITY
00000001   LOG_A_TABLEN
00000001   LOG_ENABLED
00000001   PRD$
00000001   _LOG_A_TABLEN
00000001   MEM$
00000001   GBL_USERINIT
00000001   GBL_SUPPORTCSL
00000001   GBL_L2CONFIGURE
00000001   GBL_ENABLEINST
00000001   GBL_boot
00000001   GBL$
00000001   GBL_CALLCSLCFGINIT
00000001   GBL_L2MARMASK
00000001   CLK_USETIMER
00000002   MEM_gNumHeap
00000002   _RTDX_JTAGONLY
00000002   PIP_A_TABLEN
00000002   IDL_A_CALLEN
00000002   SWI_A_TABLEN
00000002   _HST_A_TABLEN
00000002   HWI_RESERVED0
00000002   _PIP_A_TABLEN
00000002   _HWI_RESERVED0
00000002   HST_A_TABLEN
00000002   IDL_A_TABLEN
00000002   PIP_gNumEmbed
00000003   HWI_RESERVED1
00000003   _HWI_RESERVED1
00000004   _HWI_INT4
00000004   HWI_INT4
00000005   _HWI_INT5
00000005   STS_A_TABLEN
00000005   HWI_INT5
00000005   _STS_A_TABLEN
00000006   HWI_INT6
00000006   _HWI_INT6
00000007   HWI_INT7
00000007   GBL_L2MODE
00000007   _HWI_INT7
00000008   _HWI_INT8
00000008   HWI_INT8
00000009   _HWI_INT9
00000009   HWI_INT9
0000000a   _HWI_INT10
0000000a   HWI_INT10
0000000b   HWI_INT11
0000000b   _HWI_INT11
0000000c   _HWI_INT12
0000000c   CLK_A_TABLEN
0000000c   HWI_INT12
0000000d   _HWI_INT13
0000000d   HWI_INT13
0000000e   _HWI_INT14
0000000e   HWI_INT14
0000000f   HWI_INT15
0000000f   _HWI_INT15
00000020   hwi1
00000020   CLK_TCR
00000040   LOG_system$size
00000040   hwi2
00000040   HST_MAXFRAMESET
00000042   GBL_FOOTPRINT
00000060   hwi3
00000080   hwi4
000000a0   hwi5
000000c0   hwi6
000000e0   hwi7
00000100   HST_MAXFRAMEALLOWED
00000100   hwi8
00000120   hwi9
00000140   hwi10
00000160   hwi11
00000180   hwi12
000001a0   hwi13
000001c0   hwi14
000001e0   hwi15
00000200   CLK_A_TABBEG
00000200   PRD_clock
00000200   _PRD_clock
00000204   CLK0
00000204   _CLK0
00000208   CLK_null
0000020c   CLK_A_TABEND
0000020c   KNL_swi
0000020c   SWI_A_TABBEG
0000020c   _KNL_swi
00000238   SWI0
00000238   _SWI0
00000264   LNK_dataPump
00000264   IDL_A_TABBEG
00000264   SWI_A_TABEND
00000264   _LNK_dataPump
00000268   RTA_dispatcher
00000268   _RTA_dispatcher
0000026c   IDL_cpuLoad
0000026c   _IDL_cpuLoad
00000270   IDL_END
00000274   IDL_A_CALBEG
00000274   IDL_A_TABEND
00000274   LNK_dataPump$
00000278   RTA_dispatcher$
0000027c   IDL_cpuLoad$
00000280   IDL_END$
00000284   IDL_A_CALEND
00000284   _dtmfd_Konst
00000284   $bss
00000284   .bss
00000284   ___bss__
000003bc   _todtc
00000400   HST_DSMMEMSIZE
00000400   __STACK_SIZE
00000400   TSK_STACKSIZE
00000408   RTDX_BUFMEMSIZE
0000045c   _infio
00000490   GBL_A_VERSION
0000059c   _result
000005a4   _handle
000005a8   _fxns
000005d0   _params
000005d8   IDL_D_tabbeg
000005dc   IDL_D_calibrate
000005e0   IDL_D_calbeg
000005e4   LOG_D_system
000005e4   _LOG_D_system
000005e8   PIP_D_tabbeg
000005ec   PIP_D_tablen
000005f0   CLK_R_time
000005f4   CLK_D_timefxn
000005f8   CLK_D_tabbeg
000005fc   CLK_D_isrhook
00000600   CLK_D_idletime
00000604   _SWI_D_curmask
00000604   SWI_D_curmask
00000608   SWI_D_curset
0000060c   SWI_D_pending
00000610   SWI_D_curfxn
00000610   _SWI_D_curfxn
00000614   SWI_D_curmbox
00000618   _SWI_D_lock
00000618   SWI_D_lock
0000061c   SWI_D_execaddr
00000620   SWI_D_runaddr
00000624   SWI_D_rdybeg
00000624   _SWI_D_rdybeg
00000628   SWI_D_ihook
0000062c   SWI_D_ehook
00000630   SWI_D_rdytab
000006a8   _PRD_D_tick
000006a8   PRD_D_tick
000006ac   PRD_D_cur
000006b0   PRD_D_elapsed
000006b4   PRD_D_prevtim
000006b8   PRD_D_scalar
000006bc   PRD_D_swihandle
000006c0   PRD_D_tabbeg
000006c4   PRD_D_tablen
000006c8   PRD_D_thook
000006cc   RTA_D_fromHost
000006d0   RTA_D_toHost
000006d4   RTA_D_logval
000006e4   RTA_D_stsval
000006f0   HST_D_chanmask
000006f4   _MEM_D_NUMSEGMENTS
000006f8   _MEM_D_memtab
000006fc   _MEM_D_freelist
00000700   _MEM_D_lockaddr
00000704   _MEM_D_unlockaddr
00000708   _SYS
0000070c   _HWI_dispatchTab
0000080c   _KNL_queues
000008ac   _KNL_dummy
000008e4   _KNL_swiptr
000008e8   _KNL_idlefxn
000008ec   _MEM_memtab
00000904   __HOOK_knlId
00000908   MEM_MALLOCSEG
00000908   MEM_SEGZERO
00000908   TSK_STACKSEG
00000908   IRAM
00000908   _INTERNALHEAP
00000908   _IRAM
00000908   RTDX_DATAMEMSEG
00000908   HST_DSMBUFSEG
0000090c   _EXTERNALHEAP
0000090c   SDRAM
0000090c   _SDRAM
00000910   RTA_fromHost$pipe$dtab
0000091c   RTA_toHost$pipe$dtab
00000928   _OBJ_table
00000980   _TSK
00000984   __HOOK_NUMHOOKS
00000988   _KNL_wFlag
0000098c   _KNL_wList
00000990   _KNL_alarm
00000994   _KNL_setpri
00000998   _KNL_inactive
0000099c   _KNL_priority
000009a0   _KNL_set
000009a4   _KNL_curtask
000009a8   _KNL_prevtask
000009ac   _KNL_curtime
000009b0   _KNL_curqueue
000009b4   _KNL_maxqueue
000009b8   _KNL_tswitchfxn
000009bc   _KNL_tcreatefxn
000009c0   _KNL_tdeletefxn
000009c4   _KNL_treadyfxn
000009c8   _TSK_ATTRS
000009e4   _TSK_timerSem
00000a00   __TSK_mutex
00000a24   _SYS_exitStack
00000a44   LNK_dspFrameRequestMask
00000a48   LNK_dspFrameReadyMask
00000a4c   LNK_readPend
00000a50   LNK_readDone
00000a54   LNK_readFail
00000a58   LNK_writeFail
00000a6c   _GBL_irqEventTable
00000a70   _GBL_irqIntTable
00000a7c   _TSK_nTasks
00000a80   _TSK_pid
00000a84   _SYS_exitStackPtr
00000a88   _SYS_exitStackTop
00000a8c   HWI_D_ccmask
00000a90   _HWI_D_spsave
00000a94   _GBL_cslTimerHandle
00000a98   _MEM
00000a9c   IDL_D_busyObj
00000aa0   ___end__
00000aa0   end
00000ac8   __IRQ_eventTable
00000b4c   __IRQ_intTable
00000b8c   __IRQ_dispatchTable
00000c18   __cleanup_ptr
00000c1c   __dtors_ptr
00000c20   _DTMFD_KASATKA_IDTMFD
00000c20   _DTMFD_KASATKA_IALG
00000c78   __TIMER_deviceTable
00000c90   __TIMER_hDev0
00000c94   __TIMER_hDev1
00000c98   __TIMER_hBios
00000c9c   _RTDX_writing
00000cb0   _ALGRF_config
00000cb8   _ALGRF
00000ccc   __lock
00000cd0   __unlock
00000ce0   _BIOS_init
00000ce0   BIOS_init
00000e6c   BIOS$$CLKON
00000e9c   BIOS$$CLKOFF
00000efc   BIOS_start
00000efc   _BIOS_start
00000fa0   _c_int00
000010a8   TRC_cinit
000010ac   _TRC_R_mask
000010ac   TRC_R_mask
000010b0   GBL_initdone
000010b8   __stack
000010b8   GBL_stackbeg
000010b8   _HWI_STKTOP
000014b0   _HWI_STKBOTTOM
000014b7   GBL_stackend
000014b8   cinit
000014b8   ___cinit__
00002226   GBL_L2ALLOC
0000246c   pinit
0000246c   ___pinit__
00002580   ___text__
00002580   .text
00003820   _DTMFD_KASATKA_apply
00003b40   _ALGRF_create
00003cc8   _ALGRF_memFree
00003fa0   _main
00004000   CLK_INTBIT
00004000   PRD_SCALAR
00004068   _cccp
00004098   _ps
00004280   _CACHE_wait
00004520   _memcpy
00004760   _exit
00004898   _atexit
00004974   C$$EXIT
00004974   _abort
00004980   _CACHE_setL2Mode
00004ba0   _wait500nS
00004bc8   _GBL_setPLLto225MHz
00004bc8   GBL_USERINITFXN
00004d80   __CSL_init
00004f40   _TIMER_open
000050a0   _DTMFD_KASATKA_initObj
00005200   _CACHE_clean
00005460   _TIMER_reset
00005580   __divi
000056a0   _ALGRF_delete
000057a0   __remi
000058a0   _CACHE_wbInvL1d
00005980   __strasg
00005a60   __divu
00005be0   _DTMFD_apply
00005c80   _ALGRF_setup
00005d00   _DTMFD_KASATKA_free
00005d80   __IRQ_init
00005e00   _TIMER_configArgs
00005e60   _DTMFD_KASATKA_alloc
00005ec0   _ALGRF_control
00005f20   __nop
00005f28   __register_lock
00005f3c   __register_unlock
00005f60   _ALGRF_deactivate
00005fe0   _IRQ_enable
00006020   _ALGRF_activate
00006060   _TIMER_start
000060a0   __IRQ_hookFetchPacket
000060c0   _DTMFD_KASATKA_exit
000060e0   _DTMFD_KASATKA_init
00006120   _CSL_cfgInit
00006160   _DTMFD_control
00006180   _DTMFD_exit
000061a0   _DTMFD_init
000061c0   _DTMFD_KASATKA_control
000061e0   _DTMFD_create
00006200   _DTMFD_delete
00006220   etext
00006220   SWI_F_enable
00006220   ___etext__
00006220   __SWI_lat3beg
000062a8   __SWI_lat3end
000062ac   SWI_F_post
000063b4   __SWI_lat1beg
00006440   __SWI_lat1end1
00006444   SWI_F_exec
000064bc   SWI_EXECFXN
000064bc   SWI_F_iexec
000064fc   __SWI_lat1end2
000065a0   __SWI_lat2beg
0000668c   __SWI_lat2end2
00006690   SWI_F_run
00006690   SWI_RUNFXN
00006900   LNK_F_checkBufferCall
00006920   LNK_F_getChanPtr
0000696c   LNK_F_init
00006974   LNK_F_dataPump
00006980   LNK_rcloop
00006a30   LNK_rdrtry
00006a38   LNK_rrloop
00006af0   LNK_wrrtry
00006af8   LNK_wrloop
00006bc8   LNK_newin
00006cd8   LNK_newout
00006e18   LNK_F_readCallBack
00006e40   CLK_HOOKFXN
00006e40   HWI_F_dispatch
00006e40   _HWI_F_dispatch
00006e40   __HWI_lat1beg
00006fec   __HWI_lat1end
00006fec   __HWI_lat2beg
00007108   __HWI_lat2end2
00007134   __HWI_lat3end2
00007168   __HWI_lat2end1
000071ac   __HWI_lat3beg
00007258   __HWI_lat3end1
00007260   PRD_F_swi
000074bc   PRD_F_tick
00007580   _SEM_pendEnterKnl
00007820   _KNL_run
00007ac0   RTA_F_getlog
00007b04   RTA_F_getsts
00007b4c   RTA_F_readblk
00007b6c   RTA_F_writeword
00007b78   RTA_F_resetmem
00007b78   __RTA_lat1beg
00007bb0   __RTA_lat1end
00007bb8   RTA_F_dispatch
00007bf8   RTA_execute
00007d40   _MEM_alloc
00008000   IRAM$L
00008000   SDRAM$L
00008000   _SDRAM_length
00008000   _IRAM_length
000081f8   PRD_THOOKFXN
000081f8   _KNL_tick
00008220   _MEM_free
00008460   PIP_F_take
000084f4   PIP_F_give
000084f4   PIP_F_probe
000085c8   PIP_F_start
00008680   CLK_F_getfhtime
000086a0   CLK_TIMEFXN
000086a0   CLK_F_getshtime
000086a0   CLK_F_gethtime
00008714   CLK_F_getltime
00008720   CLK_F_isr
0000885c   CLK_F_itime
0000885c   _CLK_itime
0000885c   _CLK_F_itime
00008870   __CLK_lat1beg
0000889c   __CLK_lat1end
000088a0   __SEM_dopost
00008aa0   _TSK_setup
00008ca0   _TSK_exit
00008e80   _KNL_saveIsrFrame
00008f4c   _KNL_switch
00009000   KNL_glue
00009040   __auto_init
00009214   _TSK_startup
00009300   IDL_F_calibrate
00009400   _KNL_check
00009434   __KNL_lat1beg
000094b0   _KNL_idle
000094b0   __KNL_lat1end
000094cc   _KNL_max
00009500   _GBL_cslCacheInit
00009600   _KNL_enter
00009690   _KNL_exit
00009700   _SEM_post
000097e0   _SEM_postEnterKnl
000098c0   _SYS_exit
00009980   _LCK_post
000099cc   _LCK_pend
00009a40   _MEM_valloc
00009b00   _MEM_init
00009bc0   _KNL_post
00009c80   _ATM_andu
00009c80   _ATM_andi
00009ca0   _ATM_cleari
00009ca0   _ATM_clearu
00009cb8   _ATM_deci
00009cb8   _ATM_decu
00009cd4   _ATM_incu
00009cd4   _ATM_inci
00009cf0   _ATM_oru
00009cf0   _ATM_ori
00009d0c   _ATM_seti
00009d0c   _ATM_setu
00009d20   _KNL_ipost
00009dc0   _CLK_start
00009dc0   _CLK_start6x
00009e60   FXN_F_nop
00009e68   _FXN_F_run
00009e68   FXN_F_run
00009eb8   FXN_F_zero
00009eb8   _FXN_F_zero
00009ee0   __LOG_lat1beg
00009ee0   _LOG_event
00009ee0   LOG_F_event
00009f24   __LOG_lat1end1
00009f50   __LOG_lat1end2
00009f60   __IDL_lat1beg
00009f60   IDL_F_busy
00009fb0   __IDL_lat1end
00009fe0   _SWI_dec
0000a060   _GBL_cslInit
0000a0e0   _SYS_error
0000a140   _TRC_disable
0000a160   _TRC_enable
0000a17c   _TRC_query
0000a1a0   _UTL_doPutc
0000a1a0   SYS_PUTCFXN
0000a200   _UTL_doAbort
0000a200   SYS_ABORTFXN
0000a260   _STS_delta
0000a260   STS_F_delta
0000a270   STS_F_add
0000a270   _STS_add
0000a29c   STS_F_reset
0000a29c   _STS_reset
0000a2c0   _TSK_init
0000a320   _SEM_pend
0000a380   _QUE_get
0000a380   __QUE_lat1beg
0000a3a0   __QUE_lat1end
0000a3a8   _QUE_put
0000a3a8   __QUE_lat2beg
0000a3c0   __QUE_lat2end
0000a3e0   IDL_CALIBRFXN
0000a3e0   IDL_F_stub
0000a420   _SWI_post
0000a460   _CLK_gethtime
0000a464   __CLK_lat2beg
0000a49c   __CLK_lat2end
0000a4a0   RTA_F_andn
0000a4c0   RTA_F_or
0000a4e0   _UTL_doError
0000a4e0   SYS_ERRORFXN
0000a500   GBL_F_version
0000a520   _IDL_loop
0000a520   IDL_F_loop
0000a540   TSK_VDELETEFXN
0000a540   GIO_POSTFXN
0000a540   TSK_VEXITFXN
0000a540   GIO_PENDFXN
0000a540   GIO_CREATEFXN
0000a540   GIO_DELETEFXN
0000a540   TSK_VCREATEFXN
0000a540   _FXN_F_nop
0000a560   _STS_set
0000a580   _UTL_halt
0000a580   SYS_EXITFXN
0000a5a0   _SYS_PUTCBEG
0000a79f   _SYS_PUTCEND
0000a7a0   _RTDX_Buffer
0000aba8   _RTDX_Buffer_Start
0000abac   _RTDX_Buffer_End
0000abb0   _rtdx_mon_state
0000abcc   _rtdx_buffer_state
0000ac20   _RTDX_Init_RT_Monitor
0000acc8   _RTDX_Final_RT_Monitor
0000ad0c   _RTDX_IsFlowEnabled
0000ad20   _RTDX_Poll
0000b22c   _RTDX_Mon_Queue
0000b380   _RTDX_Buffer_Initialize
0000b6d8   _RTDX_Buffer_Write
0000b900   _RTDX_Buffer_Read
0000b980   _RTDX_Mask_IER
0000b998   _RTDX_Set_IER
0000b9c0   _HST_A_TABBEG
0000b9c0   HST_A_TABBEG
0000b9c4   _RTA_fromHost
0000b9c4   RTA_fromHost
0000b9cc   RTA_fromHost$rtdx
0000b9d8   _RTA_toHost
0000b9d8   RTA_toHost
0000b9e0   RTA_toHost$rtdx
0000b9ec   HST_A_TABEND
0000b9ec   RTA_fromHost$buf
0000b9ec   _HST_A_TABEND
0000b9fc   RTA_toHost$buf
0000bb08   TSK_idle
0000bb08   _TSK_idle
0000bb60   TSK_idle$stack
0000bef8   TSK_idle$stkptr
0000bf60   LOG_system
0000bf60   _LOG_A_TABBEG
0000bf60   LOG_A_TABBEG
0000bf60   _LOG_system
0000bf78   _LOG_A_TABEND
0000bf78   KNL_swi$sts$stsobj
0000bf78   STS_A_TABBEG
0000bf78   LOG_A_TABEND
0000bf78   _STS_A_TABBEG
0000bf7c   KNL_swi$sts
0000bf88   SWI0$sts$stsobj
0000bf8c   SWI0$sts
0000bf98   TSK_idle$sts$stsobj
0000bf9c   TSK_idle$sts
0000bfa8   IDL_busyObj$stsobj
0000bfac   IDL_busyObj
0000bfac   _IDL_busyObj
0000bfb8   STS_CLK$stsobj
0000bfbc   STS_CLK
0000bfbc   _STS_CLK
0000bfc8   _STS_A_TABEND
0000bfc8   STS_A_TABEND
0000bfc8   SYS$config
0000c000   LOG_system$buf
0000c100   PIP_A_TABBEG
0000c100   _PIP_A_TABBEG
0000c100   RTA_fromHost$pipe
0000c104   RTA_fromHost$pipe$rd
0000c130   RTA_fromHost$pipe$aaa
0000c134   RTA_fromHost$pipe$wr
0000c160   RTA_fromHost$pipe$bbb
0000c164   RTA_toHost$pipe
0000c168   RTA_toHost$pipe$rd
0000c194   RTA_toHost$pipe$aaa
0000c198   RTA_toHost$pipe$wr
0000c1c4   RTA_toHost$pipe$bbb
0000c1c8   _IRAM_base
0000c1c8   IRAM$B
0000c1c8   _PIP_A_TABEND
0000c1c8   PIP_A_TABEND
0000dbba   _CLK_COUNTSPMS
0000dbba   CLK_PRD
0000dbba   CLK_COUNTSPMS
0000dbba   _CLK_PRD
0000dbef   GBL_TRCMASKVALUE
01940000   _CLK_REGS
01940000   CLK_REGS
082039a3   HWI_INTRMULTHIGH
310718a4   HWI_INTRMULTLOW
80000000   SDRAM$B
80000000   _SDRAM_base
ffffffff   CACHE_L2
ffffffff   _CACHE_L2

[670 symbols]
