Post Processor Report
OrCAD FILE: D:\PROJECTS\2000ESL09A\PCB\01A\CAMERA.MAX
Tue Dec 26 05:21:42 2000

*********************************************************

Output file: D:\PROJECTS\2000ESL09A\PCB\01A\CAMERA.TOP

Aperture totals for D:\PROJECTS\2000ESL09A\PCB\01A\CAMERA.TOP:
---------------------------------------------------------
D10:  0.0580 ROUND  --       0 Draws,     120 Flashes
D11:  0.0580 SQUARE --       0 Draws,      14 Flashes
D12:  0.0620 ROUND  --       0 Draws,      33 Flashes
D13:  0.0620 SQUARE --       0 Draws,       1 Flashes
D14:  0.0600 x 0.1100 OBLONG    -----       2 Flashes
D15:  0.0600 x 0.1100 RECTANGLE -----       2 Flashes
D16:  0.0660 ROUND  --       0 Draws,      61 Flashes
D17:  0.1650 ROUND  --       0 Draws,       2 Flashes
D18:  0.0660 SQUARE --       0 Draws,      10 Flashes
D19:  0.1340 SQUARE --       0 Draws,       6 Flashes
D20:  0.2500 ROUND  --       0 Draws,       4 Flashes
D21:  0.0400 x 0.0600 OBLONG    -----       4 Flashes
D22:  0.0400 x 0.0600 RECTANGLE -----       2 Flashes
D23:  0.1000 ROUND  --       0 Draws,       2 Flashes
D24:  0.1000 SQUARE --       0 Draws,       1 Flashes
D25:  0.0840 ROUND  --       0 Draws,       2 Flashes
D26:  0.0840 SQUARE --       0 Draws,       1 Flashes
D27:  0.0100 ROUND  --       4 Draws,       0 Flashes
D28:  0.0500 ROUND  --       0 Draws,      65 Flashes
D29:  0.0120 ROUND  --     393 Draws,       0 Flashes
D30:  0.0140 ROUND  --      95 Draws,       0 Flashes
---------------------------------------------------------
 21 D-Codes      -----     492 Draws,     332 Flashes

*********************************************************

Output file: D:\PROJECTS\2000ESL09A\PCB\01A\CAMERA.BOT

Aperture totals for D:\PROJECTS\2000ESL09A\PCB\01A\CAMERA.BOT:
---------------------------------------------------------
D10:  0.0580 ROUND  --       0 Draws,     120 Flashes
D11:  0.0580 SQUARE --       0 Draws,      14 Flashes
D12:  0.0620 ROUND  --       0 Draws,      33 Flashes
D13:  0.0620 SQUARE --       0 Draws,       1 Flashes
D14:  0.0600 x 0.1100 OBLONG    -----       2 Flashes
D15:  0.0600 x 0.1100 RECTANGLE -----       2 Flashes
D16:  0.0660 ROUND  --       0 Draws,      61 Flashes
D17:  0.1650 ROUND  --       0 Draws,       2 Flashes
D18:  0.0660 SQUARE --       0 Draws,      10 Flashes
D19:  0.1340 SQUARE --       0 Draws,       6 Flashes
D20:  0.2500 ROUND  --       0 Draws,       4 Flashes
D21:  0.0400 x 0.0600 OBLONG    -----       4 Flashes
D22:  0.0400 x 0.0600 RECTANGLE -----       2 Flashes
D23:  0.1000 ROUND  --       0 Draws,       2 Flashes
D24:  0.1000 SQUARE --       0 Draws,       1 Flashes
D25:  0.0840 ROUND  --       0 Draws,       2 Flashes
D26:  0.0840 SQUARE --       0 Draws,       1 Flashes
D27:  0.0100 ROUND  --    7886 Draws,       0 Flashes
D28:  0.0500 ROUND  --       0 Draws,      65 Flashes
D29:  0.0120 ROUND  --     393 Draws,       0 Flashes
D30:  0.0140 ROUND  --      78 Draws,       0 Flashes
---------------------------------------------------------
 21 D-Codes      -----    8357 Draws,     332 Flashes

*********************************************************

Output file: D:\PROJECTS\2000ESL09A\PCB\01A\CAMERA.SST

Aperture totals for D:\PROJECTS\2000ESL09A\PCB\01A\CAMERA.SST:
---------------------------------------------------------
D27:  0.0100 ROUND  --      75 Draws,       0 Flashes
D31:  0.0080 ROUND  --    1035 Draws,       0 Flashes
D32:  0.0050 ROUND  --       4 Draws,       0 Flashes
---------------------------------------------------------
  3 D-Codes      -----    1114 Draws,       0 Flashes

*********************************************************

Output file: D:\PROJECTS\2000ESL09A\PCB\01A\CAMERA.AST

Aperture totals for D:\PROJECTS\2000ESL09A\PCB\01A\CAMERA.AST:
---------------------------------------------------------
D10:  0.0580 ROUND  --       0 Draws,     120 Flashes
D11:  0.0580 SQUARE --       0 Draws,      14 Flashes
D12:  0.0620 ROUND  --       0 Draws,      33 Flashes
D13:  0.0620 SQUARE --       0 Draws,       1 Flashes
D14:  0.0600 x 0.1100 OBLONG    -----       2 Flashes
D15:  0.0600 x 0.1100 RECTANGLE -----       2 Flashes
D16:  0.0660 ROUND  --       0 Draws,      53 Flashes
D17:  0.1650 ROUND  --       0 Draws,       2 Flashes
D18:  0.0660 SQUARE --       0 Draws,      10 Flashes
D21:  0.0400 x 0.0600 OBLONG    -----       4 Flashes
D22:  0.0400 x 0.0600 RECTANGLE -----       2 Flashes
D23:  0.1000 ROUND  --       0 Draws,       2 Flashes
D24:  0.1000 SQUARE --       0 Draws,       1 Flashes
D25:  0.0840 ROUND  --       0 Draws,       2 Flashes
D26:  0.0840 SQUARE --       0 Draws,       1 Flashes
D27:  0.0100 ROUND  --     123 Draws,       0 Flashes
D31:  0.0080 ROUND  --    2274 Draws,       0 Flashes
---------------------------------------------------------
 17 D-Codes      -----    2397 Draws,     249 Flashes

*********************************************************

Output file: D:\PROJECTS\2000ESL09A\PCB\01A\CAMERA.DRD

Aperture totals for D:\PROJECTS\2000ESL09A\PCB\01A\CAMERA.DRD:
---------------------------------------------------------
D27:  0.0100 ROUND  --    1764 Draws,       0 Flashes
---------------------------------------------------------
  1 D-Codes      -----    1764 Draws,       0 Flashes


*********************************************************

Aperture totals for entire project:
---------------------------------------------------------
D10:  0.0580 ROUND  --       0 Draws,     360 Flashes
D11:  0.0580 SQUARE --       0 Draws,      42 Flashes
D12:  0.0620 ROUND  --       0 Draws,      99 Flashes
D13:  0.0620 SQUARE --       0 Draws,       3 Flashes
D14:  0.0600 x 0.1100 OBLONG    -----       6 Flashes
D15:  0.0600 x 0.1100 RECTANGLE -----       6 Flashes
D16:  0.0660 ROUND  --       0 Draws,     175 Flashes
D17:  0.1650 ROUND  --       0 Draws,       6 Flashes
D18:  0.0660 SQUARE --       0 Draws,      30 Flashes
D19:  0.1340 SQUARE --       0 Draws,      12 Flashes
D20:  0.2500 ROUND  --       0 Draws,       8 Flashes
D21:  0.0400 x 0.0600 OBLONG    -----      12 Flashes
D22:  0.0400 x 0.0600 RECTANGLE -----       6 Flashes
D23:  0.1000 ROUND  --       0 Draws,       6 Flashes
D24:  0.1000 SQUARE --       0 Draws,       3 Flashes
D25:  0.0840 ROUND  --       0 Draws,       6 Flashes
D26:  0.0840 SQUARE --       0 Draws,       3 Flashes
D27:  0.0100 ROUND  --    9852 Draws,       0 Flashes
D28:  0.0500 ROUND  --       0 Draws,     130 Flashes
D29:  0.0120 ROUND  --     786 Draws,       0 Flashes
D30:  0.0140 ROUND  --     173 Draws,       0 Flashes
D31:  0.0080 ROUND  --    3309 Draws,       0 Flashes
D32:  0.0050 ROUND  --       4 Draws,       0 Flashes
---------------------------------------------------------
 23 D-Codes      -----   14124 Draws,     913 Flashes


No warnings or errors.
