This file contains any messages produced by compilers while
running configure, to aid debugging if configure makes a mistake.

It was created by configure, which was
generated by GNU Autoconf 2.59.  Invocation command line was

  $ ./configure 

## --------- ##
## Platform. ##
## --------- ##

hostname = isag40
uname -m = i686
uname -r = 2.6.12-1-k7
uname -s = Linux
uname -v = #1 Tue Sep 27 13:22:07 JST 2005

/usr/bin/uname -p = unknown
/bin/uname -X     = unknown

/bin/arch              = i686
/usr/bin/arch -k       = unknown
/usr/convex/getsysinfo = unknown
hostinfo               = unknown
/bin/machine           = unknown
/usr/bin/oslevel       = unknown
/bin/universe          = unknown

PATH: /usr/local/bin
PATH: /usr/bin
PATH: /bin
PATH: /usr/bin/X11
PATH: /usr/games


## ----------- ##
## Core tests. ##
## ----------- ##

configure:1542: checking for a BSD-compatible install
configure:1597: result: ./install-sh -c
configure:1608: checking whether build environment is sane
configure:1651: result: yes
configure:1666: checking whether make sets $(MAKE)
configure:1686: result: yes
configure:1718: checking for working aclocal-1.4
configure:1725: result: found
configure:1733: checking for working autoconf
configure:1740: result: found
configure:1748: checking for working automake-1.4
configure:1755: result: found
configure:1763: checking for working autoheader
configure:1770: result: found
configure:1778: checking for working makeinfo
configure:1785: result: found
configure:1846: checking for gcc
configure:1862: found /usr/bin/gcc
configure:1872: result: gcc
configure:2116: checking for C compiler version
configure:2119: gcc --version </dev/null >&5
gcc (GCC) 4.0.3 20051201 (prerelease) (Debian 4.0.2-5)
Copyright (C) 2005 Free Software Foundation, Inc.
This is free software; see the source for copying conditions.  There is NO
warranty; not even for MERCHANTABILITY or FITNESS FOR A PARTICULAR PURPOSE.

configure:2122: $? = 0
configure:2124: gcc -v </dev/null >&5
Using built-in specs.
Target: i486-linux-gnu
Configured with: ../src/configure -v --enable-languages=c,c++,java,f95,objc,ada,treelang --prefix=/usr --enable-shared --with-system-zlib --libexecdir=/usr/lib --without-included-gettext --enable-threads=posix --enable-nls --program-suffix=-4.0 --enable-__cxa_atexit --enable-clocale=gnu --enable-libstdcxx-debug --enable-java-awt=gtk-default --enable-gtk-cairo --with-java-home=/usr/lib/jvm/java-1.4.2-gcj-4.0-1.4.2.0/jre --enable-mpfr --disable-werror --enable-checking=release i486-linux-gnu
Thread model: posix
gcc version 4.0.3 20051201 (prerelease) (Debian 4.0.2-5)
configure:2127: $? = 0
configure:2129: gcc -V </dev/null >&5
gcc: '-V' option must have argument
configure:2132: $? = 1
configure:2155: checking for C compiler default output file name
configure:2158: gcc    conftest.c  >&5
configure:2161: $? = 0
configure:2207: result: a.out
configure:2212: checking whether the C compiler works
configure:2218: ./a.out
configure:2221: $? = 0
configure:2238: result: yes
configure:2245: checking whether we are cross compiling
configure:2247: result: no
configure:2250: checking for suffix of executables
configure:2252: gcc -o conftest    conftest.c  >&5
configure:2255: $? = 0
configure:2280: result: 
configure:2286: checking for suffix of object files
configure:2307: gcc -c   conftest.c >&5
configure:2310: $? = 0
configure:2332: result: o
configure:2336: checking whether we are using the GNU C compiler
configure:2360: gcc -c   conftest.c >&5
configure:2366: $? = 0
configure:2369: test -z 			 || test ! -s conftest.err
configure:2372: $? = 0
configure:2375: test -s conftest.o
configure:2378: $? = 0
configure:2391: result: yes
configure:2397: checking whether gcc accepts -g
configure:2418: gcc -c -g  conftest.c >&5
configure:2424: $? = 0
configure:2427: test -z 			 || test ! -s conftest.err
configure:2430: $? = 0
configure:2433: test -s conftest.o
configure:2436: $? = 0
configure:2447: result: yes
configure:2464: checking for gcc option to accept ANSI C
configure:2534: gcc  -c -g -O2  conftest.c >&5
configure:2540: $? = 0
configure:2543: test -z 			 || test ! -s conftest.err
configure:2546: $? = 0
configure:2549: test -s conftest.o
configure:2552: $? = 0
configure:2570: result: none needed
configure:2588: gcc -c -g -O2  conftest.c >&5
conftest.c:2: error: syntax error before 'me'
configure:2594: $? = 1
configure: failed program was:
| #ifndef __cplusplus
|   choke me
| #endif
configure:2726: checking for strerror in -lcposix
configure:2756: gcc -o conftest -g -O2   conftest.c -lcposix   >&5
/usr/bin/ld: cannot find -lcposix
collect2: ld returned 1 exit status
configure:2762: $? = 1
configure: failed program was:
| /* confdefs.h.  */
| 
| #define PACKAGE_NAME ""
| #define PACKAGE_TARNAME ""
| #define PACKAGE_VERSION ""
| #define PACKAGE_STRING ""
| #define PACKAGE_BUGREPORT ""
| #define PACKAGE "anubis"
| #define VERSION "0.1"
| /* end confdefs.h.  */
| 
| /* Override any gcc2 internal prototype to avoid an error.  */
| #ifdef __cplusplus
| extern "C"
| #endif
| /* We use char because int might match the return type of a gcc2
|    builtin and then its argument prototype would still apply.  */
| char strerror ();
| int
| main ()
| {
| strerror ();
|   ;
|   return 0;
| }
configure:2787: result: no
configure:2841: checking for gcc
configure:2867: result: gcc
configure:3111: checking for C compiler version
configure:3114: gcc --version </dev/null >&5
gcc (GCC) 4.0.3 20051201 (prerelease) (Debian 4.0.2-5)
Copyright (C) 2005 Free Software Foundation, Inc.
This is free software; see the source for copying conditions.  There is NO
warranty; not even for MERCHANTABILITY or FITNESS FOR A PARTICULAR PURPOSE.

configure:3117: $? = 0
configure:3119: gcc -v </dev/null >&5
Using built-in specs.
Target: i486-linux-gnu
Configured with: ../src/configure -v --enable-languages=c,c++,java,f95,objc,ada,treelang --prefix=/usr --enable-shared --with-system-zlib --libexecdir=/usr/lib --without-included-gettext --enable-threads=posix --enable-nls --program-suffix=-4.0 --enable-__cxa_atexit --enable-clocale=gnu --enable-libstdcxx-debug --enable-java-awt=gtk-default --enable-gtk-cairo --with-java-home=/usr/lib/jvm/java-1.4.2-gcj-4.0-1.4.2.0/jre --enable-mpfr --disable-werror --enable-checking=release i486-linux-gnu
Thread model: posix
gcc version 4.0.3 20051201 (prerelease) (Debian 4.0.2-5)
configure:3122: $? = 0
configure:3124: gcc -V </dev/null >&5
gcc: '-V' option must have argument
configure:3127: $? = 1
configure:3130: checking whether we are using the GNU C compiler
configure:3185: result: yes
configure:3191: checking whether gcc accepts -g
configure:3241: result: yes
configure:3258: checking for gcc option to accept ANSI C
configure:3364: result: none needed
configure:3382: gcc -c -g -O2  conftest.c >&5
conftest.c:2: error: syntax error before 'me'
configure:3388: $? = 1
configure: failed program was:
| #ifndef __cplusplus
|   choke me
| #endif
configure:3521: checking for gcc option to accept ANSI C
configure:3583: gcc  -c -g -O2  conftest.c >&5
configure:3589: $? = 0
configure:3592: test -z 			 || test ! -s conftest.err
configure:3595: $? = 0
configure:3598: test -s conftest.o
configure:3601: $? = 0
configure:3616: result: none needed
configure:3632: checking how to run the C preprocessor
configure:3667: gcc -E  conftest.c
configure:3673: $? = 0
configure:3705: gcc -E  conftest.c
conftest.c:11:28: error: ac_nonexistent.h: No such file or directory
configure:3711: $? = 1
configure: failed program was:
| /* confdefs.h.  */
| 
| #define PACKAGE_NAME ""
| #define PACKAGE_TARNAME ""
| #define PACKAGE_VERSION ""
| #define PACKAGE_STRING ""
| #define PACKAGE_BUGREPORT ""
| #define PACKAGE "anubis"
| #define VERSION "0.1"
| /* end confdefs.h.  */
| #include <ac_nonexistent.h>
configure:3750: result: gcc -E
configure:3774: gcc -E  conftest.c
configure:3780: $? = 0
configure:3812: gcc -E  conftest.c
conftest.c:11:28: error: ac_nonexistent.h: No such file or directory
configure:3818: $? = 1
configure: failed program was:
| /* confdefs.h.  */
| 
| #define PACKAGE_NAME ""
| #define PACKAGE_TARNAME ""
| #define PACKAGE_VERSION ""
| #define PACKAGE_STRING ""
| #define PACKAGE_BUGREPORT ""
| #define PACKAGE "anubis"
| #define VERSION "0.1"
| /* end confdefs.h.  */
| #include <ac_nonexistent.h>
configure:3862: checking for egrep
configure:3872: result: grep -E
configure:3877: checking for ANSI C header files
configure:3902: gcc -c -g -O2  conftest.c >&5
configure:3908: $? = 0
configure:3911: test -z 			 || test ! -s conftest.err
configure:3914: $? = 0
configure:3917: test -s conftest.o
configure:3920: $? = 0
configure:4009: gcc -o conftest -g -O2   conftest.c  >&5
conftest.c: In function 'main':
conftest.c:28: warning: incompatible implicit declaration of built-in function 'exit'
configure:4012: $? = 0
configure:4014: ./conftest
configure:4017: $? = 0
configure:4032: result: yes
configure:4091: checking for gtk-config
configure:4109: found /usr/bin/gtk-config
configure:4122: result: /usr/bin/gtk-config
configure:4130: checking for GTK - version >= 1.2.0
configure:4236: gcc -o conftest -g -O2 -I/usr/include/gtk-1.2 -I/usr/include/glib-1.2 -I/usr/lib/glib/include   conftest.c -L/usr/lib -L/usr/X11R6/lib -lgtk -lgdk -rdynamic -lgmodule -lglib -ldl -lXi -lXext -lX11 -lm  >&5
configure:4239: $? = 0
configure:4241: ./conftest
configure:4244: $? = 0
configure:4262: result: yes
configure:4373: checking for sys/types.h
configure:4389: gcc -c -g -O2  conftest.c >&5
configure:4395: $? = 0
configure:4398: test -z 			 || test ! -s conftest.err
configure:4401: $? = 0
configure:4404: test -s conftest.o
configure:4407: $? = 0
configure:4418: result: yes
configure:4373: checking for sys/stat.h
configure:4389: gcc -c -g -O2  conftest.c >&5
configure:4395: $? = 0
configure:4398: test -z 			 || test ! -s conftest.err
configure:4401: $? = 0
configure:4404: test -s conftest.o
configure:4407: $? = 0
configure:4418: result: yes
configure:4373: checking for stdlib.h
configure:4389: gcc -c -g -O2  conftest.c >&5
configure:4395: $? = 0
configure:4398: test -z 			 || test ! -s conftest.err
configure:4401: $? = 0
configure:4404: test -s conftest.o
configure:4407: $? = 0
configure:4418: result: yes
configure:4373: checking for string.h
configure:4389: gcc -c -g -O2  conftest.c >&5
configure:4395: $? = 0
configure:4398: test -z 			 || test ! -s conftest.err
configure:4401: $? = 0
configure:4404: test -s conftest.o
configure:4407: $? = 0
configure:4418: result: yes
configure:4373: checking for memory.h
configure:4389: gcc -c -g -O2  conftest.c >&5
configure:4395: $? = 0
configure:4398: test -z 			 || test ! -s conftest.err
configure:4401: $? = 0
configure:4404: test -s conftest.o
configure:4407: $? = 0
configure:4418: result: yes
configure:4373: checking for strings.h
configure:4389: gcc -c -g -O2  conftest.c >&5
configure:4395: $? = 0
configure:4398: test -z 			 || test ! -s conftest.err
configure:4401: $? = 0
configure:4404: test -s conftest.o
configure:4407: $? = 0
configure:4418: result: yes
configure:4373: checking for inttypes.h
configure:4389: gcc -c -g -O2  conftest.c >&5
configure:4395: $? = 0
configure:4398: test -z 			 || test ! -s conftest.err
configure:4401: $? = 0
configure:4404: test -s conftest.o
configure:4407: $? = 0
configure:4418: result: yes
configure:4373: checking for stdint.h
configure:4389: gcc -c -g -O2  conftest.c >&5
configure:4395: $? = 0
configure:4398: test -z 			 || test ! -s conftest.err
configure:4401: $? = 0
configure:4404: test -s conftest.o
configure:4407: $? = 0
configure:4418: result: yes
configure:4373: checking for unistd.h
configure:4389: gcc -c -g -O2  conftest.c >&5
configure:4395: $? = 0
configure:4398: test -z 			 || test ! -s conftest.err
configure:4401: $? = 0
configure:4404: test -s conftest.o
configure:4407: $? = 0
configure:4418: result: yes
configure:4430: checking for int
configure:4454: gcc -c -g -O2  conftest.c >&5
configure:4460: $? = 0
configure:4463: test -z 			 || test ! -s conftest.err
configure:4466: $? = 0
configure:4469: test -s conftest.o
configure:4472: $? = 0
configure:4483: result: yes
configure:4486: checking size of int
configure:4798: gcc -o conftest -g -O2   conftest.c  >&5
configure:4801: $? = 0
configure:4803: ./conftest
configure:4806: $? = 0
configure:4829: result: 4
configure:4836: checking for unsigned char
configure:4860: gcc -c -g -O2  conftest.c >&5
configure:4866: $? = 0
configure:4869: test -z 			 || test ! -s conftest.err
configure:4872: $? = 0
configure:4875: test -s conftest.o
configure:4878: $? = 0
configure:4889: result: yes
configure:4892: checking size of unsigned char
configure:5204: gcc -o conftest -g -O2   conftest.c  >&5
configure:5207: $? = 0
configure:5209: ./conftest
configure:5212: $? = 0
configure:5235: result: 1
configure:5283: checking for xml2-config
configure:5301: found /usr/bin/xml2-config
configure:5314: result: /usr/bin/xml2-config
configure:5322: checking for libxml - version >= 2.4.0
configure:5429: gcc -o conftest -g -O2  -I/usr/include/libxml2  conftest.c -L/usr/lib -lxml2 -lz -lm  >&5
configure:5432: $? = 0
configure:5434: ./conftest
configure:5437: $? = 0
configure:5456: result: yes (version 2.6.23)
configure:5626: checking build system type
configure:5644: result: i686-pc-linux-gnu
configure:5652: checking host system type
configure:5666: result: i686-pc-linux-gnu
configure:5674: checking for a sed that does not truncate output
configure:5728: result: /bin/sed
configure:5742: checking for ld used by gcc
configure:5809: result: /usr/bin/ld
configure:5818: checking if the linker (/usr/bin/ld) is GNU ld
configure:5833: result: yes
configure:5838: checking for /usr/bin/ld option to reload object files
configure:5845: result: -r
configure:5854: checking for BSD-compatible nm
configure:5896: result: /usr/bin/nm -B
configure:5900: checking whether ln -s works
configure:5904: result: yes
configure:5911: checking how to recognise dependent libraries
configure:6085: result: pass_all
configure:6306: checking dlfcn.h usability
configure:6318: gcc -c -g -O2   conftest.c >&5
configure:6324: $? = 0
configure:6327: test -z 			 || test ! -s conftest.err
configure:6330: $? = 0
configure:6333: test -s conftest.o
configure:6336: $? = 0
configure:6346: result: yes
configure:6350: checking dlfcn.h presence
configure:6360: gcc -E  conftest.c
configure:6366: $? = 0
configure:6386: result: yes
configure:6421: checking for dlfcn.h
configure:6428: result: yes
configure:6493: checking for g++
configure:6509: found /usr/bin/g++
configure:6519: result: g++
configure:6535: checking for C++ compiler version
configure:6538: g++ --version </dev/null >&5
g++ (GCC) 4.0.3 20051201 (prerelease) (Debian 4.0.2-5)
Copyright (C) 2005 Free Software Foundation, Inc.
This is free software; see the source for copying conditions.  There is NO
warranty; not even for MERCHANTABILITY or FITNESS FOR A PARTICULAR PURPOSE.

configure:6541: $? = 0
configure:6543: g++ -v </dev/null >&5
Using built-in specs.
Target: i486-linux-gnu
Configured with: ../src/configure -v --enable-languages=c,c++,java,f95,objc,ada,treelang --prefix=/usr --enable-shared --with-system-zlib --libexecdir=/usr/lib --without-included-gettext --enable-threads=posix --enable-nls --program-suffix=-4.0 --enable-__cxa_atexit --enable-clocale=gnu --enable-libstdcxx-debug --enable-java-awt=gtk-default --enable-gtk-cairo --with-java-home=/usr/lib/jvm/java-1.4.2-gcj-4.0-1.4.2.0/jre --enable-mpfr --disable-werror --enable-checking=release i486-linux-gnu
Thread model: posix
gcc version 4.0.3 20051201 (prerelease) (Debian 4.0.2-5)
configure:6546: $? = 0
configure:6548: g++ -V </dev/null >&5
g++: '-V' option must have argument
configure:6551: $? = 1
configure:6554: checking whether we are using the GNU C++ compiler
configure:6578: g++ -c   conftest.cc >&5
configure:6584: $? = 0
configure:6587: test -z 			 || test ! -s conftest.err
configure:6590: $? = 0
configure:6593: test -s conftest.o
configure:6596: $? = 0
configure:6609: result: yes
configure:6615: checking whether g++ accepts -g
configure:6636: g++ -c -g  conftest.cc >&5
configure:6642: $? = 0
configure:6645: test -z 			 || test ! -s conftest.err
configure:6648: $? = 0
configure:6651: test -s conftest.o
configure:6654: $? = 0
configure:6665: result: yes
configure:6707: g++ -c -g -O2  conftest.cc >&5
configure:6713: $? = 0
configure:6716: test -z 			 || test ! -s conftest.err
configure:6719: $? = 0
configure:6722: test -s conftest.o
configure:6725: $? = 0
configure:6751: g++ -c -g -O2  conftest.cc >&5
conftest.cc: In function 'int main()':
conftest.cc:28: error: 'exit' was not declared in this scope
configure:6757: $? = 1
configure: failed program was:
| /* confdefs.h.  */
| 
| #define PACKAGE_NAME ""
| #define PACKAGE_TARNAME ""
| #define PACKAGE_VERSION ""
| #define PACKAGE_STRING ""
| #define PACKAGE_BUGREPORT ""
| #define PACKAGE "anubis"
| #define VERSION "0.1"
| #define STDC_HEADERS 1
| #define HAVE_SYS_TYPES_H 1
| #define HAVE_SYS_STAT_H 1
| #define HAVE_STDLIB_H 1
| #define HAVE_STRING_H 1
| #define HAVE_MEMORY_H 1
| #define HAVE_STRINGS_H 1
| #define HAVE_INTTYPES_H 1
| #define HAVE_STDINT_H 1
| #define HAVE_UNISTD_H 1
| #define SIZEOF_INT 4
| #define SIZEOF_UNSIGNED_CHAR 1
| #define HAVE_DLFCN_H 1
| /* end confdefs.h.  */
| 
| int
| main ()
| {
| exit (42);
|   ;
|   return 0;
| }
configure:6707: g++ -c -g -O2  conftest.cc >&5
configure:6713: $? = 0
configure:6716: test -z 			 || test ! -s conftest.err
configure:6719: $? = 0
configure:6722: test -s conftest.o
configure:6725: $? = 0
configure:6751: g++ -c -g -O2  conftest.cc >&5
configure:6757: $? = 0
configure:6760: test -z 			 || test ! -s conftest.err
configure:6763: $? = 0
configure:6766: test -s conftest.o
configure:6769: $? = 0
configure:6797: checking how to run the C++ preprocessor
configure:6828: g++ -E  conftest.cc
configure:6834: $? = 0
configure:6866: g++ -E  conftest.cc
conftest.cc:27:28: error: ac_nonexistent.h: No such file or directory
configure:6872: $? = 1
configure: failed program was:
| /* confdefs.h.  */
| 
| #define PACKAGE_NAME ""
| #define PACKAGE_TARNAME ""
| #define PACKAGE_VERSION ""
| #define PACKAGE_STRING ""
| #define PACKAGE_BUGREPORT ""
| #define PACKAGE "anubis"
| #define VERSION "0.1"
| #define STDC_HEADERS 1
| #define HAVE_SYS_TYPES_H 1
| #define HAVE_SYS_STAT_H 1
| #define HAVE_STDLIB_H 1
| #define HAVE_STRING_H 1
| #define HAVE_MEMORY_H 1
| #define HAVE_STRINGS_H 1
| #define HAVE_INTTYPES_H 1
| #define HAVE_STDINT_H 1
| #define HAVE_UNISTD_H 1
| #define SIZEOF_INT 4
| #define SIZEOF_UNSIGNED_CHAR 1
| #define HAVE_DLFCN_H 1
| #ifdef __cplusplus
| extern "C" void std::exit (int) throw (); using std::exit;
| #endif
| /* end confdefs.h.  */
| #include <ac_nonexistent.h>
configure:6911: result: g++ -E
configure:6935: g++ -E  conftest.cc
configure:6941: $? = 0
configure:6973: g++ -E  conftest.cc
conftest.cc:27:28: error: ac_nonexistent.h: No such file or directory
configure:6979: $? = 1
configure: failed program was:
| /* confdefs.h.  */
| 
| #define PACKAGE_NAME ""
| #define PACKAGE_TARNAME ""
| #define PACKAGE_VERSION ""
| #define PACKAGE_STRING ""
| #define PACKAGE_BUGREPORT ""
| #define PACKAGE "anubis"
| #define VERSION "0.1"
| #define STDC_HEADERS 1
| #define HAVE_SYS_TYPES_H 1
| #define HAVE_SYS_STAT_H 1
| #define HAVE_STDLIB_H 1
| #define HAVE_STRING_H 1
| #define HAVE_MEMORY_H 1
| #define HAVE_STRINGS_H 1
| #define HAVE_INTTYPES_H 1
| #define HAVE_STDINT_H 1
| #define HAVE_UNISTD_H 1
| #define SIZEOF_INT 4
| #define SIZEOF_UNSIGNED_CHAR 1
| #define HAVE_DLFCN_H 1
| #ifdef __cplusplus
| extern "C" void std::exit (int) throw (); using std::exit;
| #endif
| /* end confdefs.h.  */
| #include <ac_nonexistent.h>
configure:7074: checking for g77
configure:7103: result: no
configure:7074: checking for f77
configure:7103: result: no
configure:7074: checking for xlf
configure:7103: result: no
configure:7074: checking for frt
configure:7103: result: no
configure:7074: checking for pgf77
configure:7103: result: no
configure:7074: checking for fort77
configure:7103: result: no
configure:7074: checking for fl32
configure:7103: result: no
configure:7074: checking for af77
configure:7103: result: no
configure:7074: checking for f90
configure:7103: result: no
configure:7074: checking for xlf90
configure:7103: result: no
configure:7074: checking for pgf90
configure:7103: result: no
configure:7074: checking for epcf90
configure:7103: result: no
configure:7074: checking for f95
configure:7103: result: no
configure:7074: checking for fort
configure:7103: result: no
configure:7074: checking for xlf95
configure:7103: result: no
configure:7074: checking for ifc
configure:7103: result: no
configure:7074: checking for efc
configure:7103: result: no
configure:7074: checking for pgf95
configure:7103: result: no
configure:7074: checking for lf95
configure:7103: result: no
configure:7074: checking for gfortran
configure:7103: result: no
configure:7115: checking for Fortran 77 compiler version
configure:7118:  --version </dev/null >&5
./configure: line 7119: --version: command not found
configure:7121: $? = 127
configure:7123:  -v </dev/null >&5
./configure: line 7124: -v: command not found
configure:7126: $? = 127
configure:7128:  -V </dev/null >&5
./configure: line 7129: -V: command not found
configure:7131: $? = 127
configure:7139: checking whether we are using the GNU Fortran 77 compiler
configure:7153:  -c  conftest.F >&5
./configure: line 7154: -c: command not found
configure:7159: $? = 127
configure: failed program was:
|       program main
| #ifndef __GNUC__
|        choke me
| #endif
| 
|       end
configure:7184: result: no
configure:7190: checking whether  accepts -g
configure:7202:  -c -g conftest.f >&5
./configure: line 7203: -c: command not found
configure:7208: $? = 127
configure: failed program was:
|       program main
| 
|       end
configure:7232: result: no
configure:7262: checking the maximum length of command line arguments
configure:7327: result: 32768
configure:7338: checking command to parse /usr/bin/nm -B output from gcc object
configure:7427: gcc -c -g -O2   conftest.c >&5
configure:7430: $? = 0
configure:7434: /usr/bin/nm -B conftest.o \| sed -n -e 's/^.*[ 	]\([ABCDGIRSTW][ABCDGIRSTW]*\)[ 	][ 	]*\(\)\([_A-Za-z][_A-Za-z0-9]*\)$/\1 \2\3 \3/p' \> conftest.nm
configure:7437: $? = 0
configure:7489: gcc -o conftest -g -O2    conftest.c conftstm.o >&5
configure:7492: $? = 0
configure:7530: result: ok
configure:7534: checking for objdir
configure:7549: result: .libs
configure:7639: checking for ar
configure:7655: found /usr/bin/ar
configure:7666: result: ar
configure:7719: checking for ranlib
configure:7735: found /usr/bin/ranlib
configure:7746: result: ranlib
configure:7799: checking for strip
configure:7815: found /usr/bin/strip
configure:7826: result: strip
configure:8088: checking if gcc static flag  works
configure:8111: result: yes
configure:8129: checking if gcc supports -fno-rtti -fno-exceptions
configure:8147: gcc -c -g -O2   -fno-rtti -fno-exceptions conftest.c >&5
cc1: warning: command line option "-fno-rtti" is valid for C++/ObjC++ but not for C
configure:8151: $? = 0
configure:8162: result: no
configure:8177: checking for gcc option to produce PIC
configure:8354: result: -fPIC
configure:8362: checking if gcc PIC flag -fPIC works
configure:8380: gcc -c -g -O2   -fPIC -DPIC conftest.c >&5
configure:8384: $? = 0
configure:8395: result: yes
configure:8419: checking if gcc supports -c -o file.o
configure:8440: gcc -c -g -O2   -o out/conftest2.o conftest.c >&5
configure:8444: $? = 0
configure:8464: result: yes
configure:8490: checking whether the gcc linker (/usr/bin/ld) supports shared libraries
configure:9337: result: yes
configure:9363: checking whether -lc should be explicitly linked in
configure:9368: gcc -c -g -O2   conftest.c >&5
configure:9371: $? = 0
configure:9385: gcc -shared conftest.o  -v -Wl,-soname -Wl,conftest -o conftest 2\>\&1 \| grep  -lc  \>/dev/null 2\>\&1
configure:9388: $? = 0
configure:9400: result: no
configure:9408: checking dynamic linker characteristics
configure:9960: result: GNU/Linux ld.so
configure:9964: checking how to hardcode library paths into programs
configure:9989: result: immediate
configure:10003: checking whether stripping libraries is possible
configure:10008: result: yes
configure:10831: checking if libtool supports shared libraries
configure:10833: result: yes
configure:10836: checking whether to build shared libraries
configure:10894: result: yes
configure:10897: checking whether to build static libraries
configure:10901: result: yes
configure:10993: creating libtool
configure:11540: checking for ld used by g++
configure:11607: result: /usr/bin/ld
configure:11616: checking if the linker (/usr/bin/ld) is GNU ld
configure:11631: result: yes
configure:11682: checking whether the g++ linker (/usr/bin/ld) supports shared libraries
configure:12508: result: yes
configure:12526: g++ -c -g -O2  conftest.cc >&5
configure:12529: $? = 0
configure:12625: checking for g++ option to produce PIC
configure:12877: result: -fPIC
configure:12885: checking if g++ PIC flag -fPIC works
configure:12903: g++ -c -g -O2  -fPIC -DPIC conftest.cc >&5
configure:12907: $? = 0
configure:12918: result: yes
configure:12942: checking if g++ supports -c -o file.o
configure:12963: g++ -c -g -O2  -o out/conftest2.o conftest.cc >&5
configure:12967: $? = 0
configure:12987: result: yes
configure:13013: checking whether the g++ linker (/usr/bin/ld) supports shared libraries
configure:13041: result: yes
configure:13112: checking dynamic linker characteristics
configure:13664: result: GNU/Linux ld.so
configure:13668: checking how to hardcode library paths into programs
configure:13693: result: immediate
configure:13707: checking whether stripping libraries is possible
configure:13712: result: yes
configure:20963: checking whether to enable debuging mode
configure:20973: result: no
configure:20984: checking whether to enable pixtypeint mode
configure:20994: result: no
configure:21129: creating ./config.status

## ---------------------- ##
## Running config.status. ##
## ---------------------- ##

This file was extended by config.status, which was
generated by GNU Autoconf 2.59.  Invocation command line was

  CONFIG_FILES    = 
  CONFIG_HEADERS  = 
  CONFIG_LINKS    = 
  CONFIG_COMMANDS = 
  $ ./config.status 

on isag40

config.status:742: creating Makefile
config.status:742: creating glade_gui_src/Makefile
config.status:742: creating src/Makefile
config.status:742: creating src/csu/Makefile
config.status:742: creating scripts/Makefile
config.status:808: creating config.h
config.status:1082: executing default-1 commands

## ---------------- ##
## Cache variables. ##
## ---------------- ##

ac_cv_build=i686-pc-linux-gnu
ac_cv_build_alias=i686-pc-linux-gnu
ac_cv_c_compiler_gnu=yes
ac_cv_cxx_compiler_gnu=yes
ac_cv_env_CC_set=
ac_cv_env_CC_value=
ac_cv_env_CFLAGS_set=
ac_cv_env_CFLAGS_value=
ac_cv_env_CPPFLAGS_set=
ac_cv_env_CPPFLAGS_value=
ac_cv_env_CPP_set=
ac_cv_env_CPP_value=
ac_cv_env_CXXCPP_set=
ac_cv_env_CXXCPP_value=
ac_cv_env_CXXFLAGS_set=
ac_cv_env_CXXFLAGS_value=
ac_cv_env_CXX_set=
ac_cv_env_CXX_value=
ac_cv_env_F77_set=
ac_cv_env_F77_value=
ac_cv_env_FFLAGS_set=
ac_cv_env_FFLAGS_value=
ac_cv_env_LDFLAGS_set=
ac_cv_env_LDFLAGS_value=
ac_cv_env_build_alias_set=
ac_cv_env_build_alias_value=
ac_cv_env_host_alias_set=
ac_cv_env_host_alias_value=
ac_cv_env_target_alias_set=
ac_cv_env_target_alias_value=
ac_cv_exeext=
ac_cv_f77_compiler_gnu=no
ac_cv_header_dlfcn_h=yes
ac_cv_header_inttypes_h=yes
ac_cv_header_memory_h=yes
ac_cv_header_stdc=yes
ac_cv_header_stdint_h=yes
ac_cv_header_stdlib_h=yes
ac_cv_header_string_h=yes
ac_cv_header_strings_h=yes
ac_cv_header_sys_stat_h=yes
ac_cv_header_sys_types_h=yes
ac_cv_header_unistd_h=yes
ac_cv_host=i686-pc-linux-gnu
ac_cv_host_alias=i686-pc-linux-gnu
ac_cv_lib_cposix_strerror=no
ac_cv_objext=o
ac_cv_path_GTK_CONFIG=/usr/bin/gtk-config
ac_cv_path_XML2_CONFIG=/usr/bin/xml2-config
ac_cv_prog_CPP='gcc -E'
ac_cv_prog_CXXCPP='g++ -E'
ac_cv_prog_ac_ct_AR=ar
ac_cv_prog_ac_ct_CC=gcc
ac_cv_prog_ac_ct_CXX=g++
ac_cv_prog_ac_ct_RANLIB=ranlib
ac_cv_prog_ac_ct_STRIP=strip
ac_cv_prog_cc_g=yes
ac_cv_prog_cc_stdc=
ac_cv_prog_cxx_g=yes
ac_cv_prog_egrep='grep -E'
ac_cv_prog_f77_g=no
ac_cv_prog_make_make_set=yes
ac_cv_sizeof_int=4
ac_cv_sizeof_unsigned_char=1
ac_cv_type_int=yes
ac_cv_type_unsigned_char=yes
am_cv_prog_cc_stdc=
lt_cv_deplibs_check_method=pass_all
lt_cv_file_magic_cmd='$MAGIC_CMD'
lt_cv_file_magic_test_file=
lt_cv_ld_reload_flag=-r
lt_cv_objdir=.libs
lt_cv_path_LD=/usr/bin/ld
lt_cv_path_LDCXX=/usr/bin/ld
lt_cv_path_NM='/usr/bin/nm -B'
lt_cv_path_SED=/bin/sed
lt_cv_prog_compiler_c_o=yes
lt_cv_prog_compiler_c_o_CXX=yes
lt_cv_prog_compiler_rtti_exceptions=no
lt_cv_prog_gnu_ld=yes
lt_cv_prog_gnu_ldcxx=yes
lt_cv_sys_global_symbol_pipe='sed -n -e '\''s/^.*[ 	]\([ABCDGIRSTW][ABCDGIRSTW]*\)[ 	][ 	]*\(\)\([_A-Za-z][_A-Za-z0-9]*\)$/\1 \2\3 \3/p'\'''
lt_cv_sys_global_symbol_to_c_name_address='sed -n -e '\''s/^: \([^ ]*\) $/  {\"\1\", (lt_ptr) 0},/p'\'' -e '\''s/^[BCDEGRST] \([^ ]*\) \([^ ]*\)$/  {"\2", (lt_ptr) \&\2},/p'\'''
lt_cv_sys_global_symbol_to_cdecl='sed -n -e '\''s/^. .* \(.*\)$/extern int \1;/p'\'''
lt_cv_sys_max_cmd_len=32768
lt_lt_cv_prog_compiler_c_o='"yes"'
lt_lt_cv_prog_compiler_c_o_CXX='"yes"'
lt_lt_cv_sys_global_symbol_pipe='"sed -n -e '\''s/^.*[ 	]\\([ABCDGIRSTW][ABCDGIRSTW]*\\)[ 	][ 	]*\\(\\)\\([_A-Za-z][_A-Za-z0-9]*\\)\$/\\1 \\2\\3 \\3/p'\''"'
lt_lt_cv_sys_global_symbol_to_c_name_address='"sed -n -e '\''s/^: \\([^ ]*\\) \$/  {\\\"\\1\\\", (lt_ptr) 0},/p'\'' -e '\''s/^[BCDEGRST] \\([^ ]*\\) \\([^ ]*\\)\$/  {\"\\2\", (lt_ptr) \\&\\2},/p'\''"'
lt_lt_cv_sys_global_symbol_to_cdecl='"sed -n -e '\''s/^. .* \\(.*\\)\$/extern int \\1;/p'\''"'

## ----------------- ##
## Output variables. ##
## ----------------- ##

ACLOCAL='aclocal-1.4'
AR='ar'
AUTOCONF='autoconf'
AUTOHEADER='autoheader'
AUTOMAKE='automake-1.4'
CC='gcc'
CFLAGS='-g -O2  -Wall'
CPP='gcc -E'
CPPFLAGS=''
CXX='g++'
CXXCPP='g++ -E'
CXXFLAGS='-g -O2'
DEFS='-DHAVE_CONFIG_H'
ECHO='echo'
ECHO_C=''
ECHO_N='-n'
ECHO_T=''
EGREP='grep -E'
EXEEXT=''
F77=''
FFLAGS=''
GTK_CFLAGS='-I/usr/include/gtk-1.2 -I/usr/include/glib-1.2 -I/usr/lib/glib/include'
GTK_CONFIG='/usr/bin/gtk-config'
GTK_LIBS='-L/usr/lib -L/usr/X11R6/lib -lgtk -lgdk -rdynamic -lgmodule -lglib -ldl -lXi -lXext -lX11 -lm'
INSTALL_DATA='${INSTALL} -m 644'
INSTALL_PROGRAM='${INSTALL}'
INSTALL_SCRIPT='${INSTALL}'
LDFLAGS=''
LIBOBJS=''
LIBS=' -L/usr/lib -lxml2 -lz -lm'
LIBTOOL='$(SHELL) $(top_builddir)/libtool'
LN_S='ln -s'
LTLIBOBJS=''
MAKEINFO='makeinfo'
OBJEXT='o'
PACKAGE='anubis'
PACKAGE_BUGREPORT=''
PACKAGE_NAME=''
PACKAGE_STRING=''
PACKAGE_TARNAME=''
PACKAGE_VERSION=''
PATH_SEPARATOR=':'
RANLIB='ranlib'
SET_MAKE=''
SHELL='/bin/sh'
STRIP='strip'
VERSION='0.1'
XML2_CONFIG='/usr/bin/xml2-config'
XML_CPPFLAGS='-I/usr/include/libxml2'
XML_LIBS='-L/usr/lib -lxml2 -lz -lm'
ac_ct_AR='ar'
ac_ct_CC='gcc'
ac_ct_CXX='g++'
ac_ct_F77=''
ac_ct_RANLIB='ranlib'
ac_ct_STRIP='strip'
bindir='${exec_prefix}/bin'
build='i686-pc-linux-gnu'
build_alias=''
build_cpu='i686'
build_os='linux-gnu'
build_vendor='pc'
datadir='${prefix}/share'
exec_prefix='${prefix}'
host='i686-pc-linux-gnu'
host_alias=''
host_cpu='i686'
host_os='linux-gnu'
host_vendor='pc'
includedir='${prefix}/include'
infodir='${prefix}/info'
libdir='${exec_prefix}/lib'
libexecdir='${exec_prefix}/libexec'
localstatedir='${prefix}/var'
mandir='${prefix}/man'
oldincludedir='/usr/include'
prefix='/usr/local'
program_transform_name='s,x,x,'
sbindir='${exec_prefix}/sbin'
sharedstatedir='${prefix}/com'
sysconfdir='${prefix}/etc'
target_alias=''

## ----------- ##
## confdefs.h. ##
## ----------- ##

#define HAVE_DLFCN_H 1
#define HAVE_INTTYPES_H 1
#define HAVE_MEMORY_H 1
#define HAVE_STDINT_H 1
#define HAVE_STDLIB_H 1
#define HAVE_STRINGS_H 1
#define HAVE_STRING_H 1
#define HAVE_SYS_STAT_H 1
#define HAVE_SYS_TYPES_H 1
#define HAVE_UNISTD_H 1
#define PACKAGE "anubis"
#define PACKAGE_BUGREPORT ""
#define PACKAGE_DATA_DIR "/usr/local/share/anubis"
#define PACKAGE_NAME ""
#define PACKAGE_SOURCE_DIR "/tmp/anubis"
#define PACKAGE_STRING ""
#define PACKAGE_TARNAME ""
#define PACKAGE_VERSION ""
#define SIZEOF_INT 4
#define SIZEOF_UNSIGNED_CHAR 1
#define STDC_HEADERS 1
#define VERSION "0.1"
#endif
#ifdef __cplusplus
extern "C" void std::exit (int) throw (); using std::exit;

configure: exit 0
