01:11:15     ---------------Start Program---------------
01:11:18     Size of texture error !
01:18:15     ---------------Start Program---------------
01:18:19     Size of texture error !
01:18:36     ---------------Start Program---------------
01:18:45     Size of texture error !
01:18:52     ---------------Start Program---------------
01:19:11     Size of texture error !
01:29:38     ---------------Start Program---------------
01:29:39     Size of texture error !
01:31:56     ---------------Start Program---------------
01:32:16     Size of texture error !
01:32:59     ---------------Start Program---------------
01:33:12     Size of texture error !
01:33:36     ---------------Start Program---------------
01:34:24     Size of texture error !
01:34:35     ---------------Start Program---------------
01:38:33     ---------------Start Program---------------
01:40:33     ----------------End Program----------------

01:53:21     ---------------Start Program---------------
01:53:39     ----------------End Program----------------

02:03:32     ---------------Start Program---------------
02:04:57     ----------------End Program----------------

02:06:00     ---------------Start Program---------------
02:06:35     ----------------End Program----------------

02:08:35     ---------------Start Program---------------
02:08:48     ----------------End Program----------------

02:09:37     ---------------Start Program---------------
02:09:53     ----------------End Program----------------

02:10:31     ---------------Start Program---------------
02:10:44     ----------------End Program----------------

02:10:55     ---------------Start Program---------------
02:11:02     ----------------End Program----------------

02:11:16     ---------------Start Program---------------
02:11:41     ----------------End Program----------------

02:11:58     ---------------Start Program---------------
02:12:27     ----------------End Program----------------

02:12:40     ---------------Start Program---------------
02:13:08     ----------------End Program----------------

02:13:13     ---------------Start Program---------------
02:14:34     ----------------End Program----------------

02:14:46     ---------------Start Program---------------
02:15:57     ----------------End Program----------------

02:16:17     ---------------Start Program---------------
02:16:39     ----------------End Program----------------

02:17:15     ---------------Start Program---------------
02:18:57     ----------------End Program----------------

02:27:12     ---------------Start Program---------------
02:27:58     ----------------End Program----------------

02:28:32     ---------------Start Program---------------
02:30:00     ----------------End Program----------------

02:36:06     ---------------Start Program---------------
02:36:12     ----------------End Program----------------

02:36:50     ---------------Start Program---------------
02:37:18     ----------------End Program----------------

02:37:22     ---------------Start Program---------------
02:38:23     ----------------End Program----------------

02:40:22     ---------------Start Program---------------
02:40:56     ----------------End Program----------------

02:41:44     ---------------Start Program---------------
02:42:26     ----------------End Program----------------

02:42:48     ---------------Start Program---------------
02:43:05     ----------------End Program----------------

02:43:22     ---------------Start Program---------------
02:43:37     ----------------End Program----------------

02:43:53     ---------------Start Program---------------
02:44:06     ----------------End Program----------------

02:44:14     ---------------Start Program---------------
02:45:09     ----------------End Program----------------

02:51:00     ---------------Start Program---------------
02:51:27     ----------------End Program----------------

02:51:58     ---------------Start Program---------------
02:52:09     ----------------End Program----------------

02:52:31     ---------------Start Program---------------
02:53:27     ----------------End Program----------------

02:54:21     ---------------Start Program---------------
02:54:35     ----------------End Program----------------

02:55:30     ---------------Start Program---------------
02:57:09     ----------------End Program----------------

02:57:45     ---------------Start Program---------------
02:58:41     ----------------End Program----------------

02:58:49     ---------------Start Program---------------
02:59:46     ----------------End Program----------------

03:01:30     ---------------Start Program---------------
03:02:07     ----------------End Program----------------

03:02:44     ---------------Start Program---------------
03:03:00     ----------------End Program----------------

03:03:09     ---------------Start Program---------------
03:04:27     ----------------End Program----------------

03:04:30     ---------------Start Program---------------
03:04:38     ----------------End Program----------------

10:45:00     ---------------Start Program---------------
10:45:34     ----------------End Program----------------

10:46:10     ---------------Start Program---------------
10:46:28     ----------------End Program----------------

11:07:03     ---------------Start Program---------------
11:07:32     ----------------End Program----------------

11:08:27     ---------------Start Program---------------
11:09:02     ----------------End Program----------------

11:10:44     ---------------Start Program---------------
11:11:02     ----------------End Program----------------

11:11:20     ---------------Start Program---------------
11:14:06     ---------------Start Program---------------
11:16:34     ----------------End Program----------------

11:17:01     ---------------Start Program---------------
11:17:19     ----------------End Program----------------

11:18:20     ---------------Start Program---------------
11:18:44     ----------------End Program----------------

11:18:58     ---------------Start Program---------------
11:19:18     ----------------End Program----------------

11:20:13     ---------------Start Program---------------
11:20:53     ----------------End Program----------------

11:20:58     ---------------Start Program---------------
11:21:21     ----------------End Program----------------

11:21:53     ---------------Start Program---------------
11:22:25     ----------------End Program----------------

11:25:39     ---------------Start Program---------------
11:26:05     ----------------End Program----------------

11:26:34     ---------------Start Program---------------
11:26:43     ----------------End Program----------------

11:28:30     ---------------Start Program---------------
11:28:46     ----------------End Program----------------

11:29:32     ---------------Start Program---------------
11:31:54     ---------------Start Program---------------
11:39:21     ---------------Start Program---------------
11:39:27     ----------------End Program----------------

11:43:32     ---------------Start Program---------------
11:47:02     ---------------Start Program---------------
11:47:13     ----------------End Program----------------

11:48:18     ---------------Start Program---------------
11:48:22     ----------------End Program----------------

11:49:50     ---------------Start Program---------------
11:51:46     ---------------Start Program---------------
11:55:53     ---------------Start Program---------------
11:56:18     ----------------End Program----------------

11:57:48     ---------------Start Program---------------
11:58:23     ---------------Start Program---------------
11:59:52     ---------------Start Program---------------
12:00:13     ---------------Start Program---------------
12:00:44     ---------------Start Program---------------
12:01:51     ---------------Start Program---------------
12:08:52     ---------------Start Program---------------
12:08:56     ----------------End Program----------------

12:09:36     ---------------Start Program---------------
12:09:47     ----------------End Program----------------

12:10:11     ---------------Start Program---------------
12:10:30     ----------------End Program----------------

12:34:15     ---------------Start Program---------------
12:35:17     SoundManager.Create( &m_Sounds, RESOURCE\SOUND\MORG_TRACK.WAV, 0, GUID_NULL ,3) Error !!
12:50:53     ---------------Start Program---------------
12:51:23     ----------------End Program----------------

12:52:02     ---------------Start Program---------------
12:52:18     ----------------End Program----------------

12:53:33     ---------------Start Program---------------
12:53:57     ----------------End Program----------------

12:54:06     ---------------Start Program---------------
12:54:18     ----------------End Program----------------

12:55:24     ---------------Start Program---------------
12:56:00     ----------------End Program----------------

13:01:12     ---------------Start Program---------------
13:01:59     ----------------End Program----------------

13:11:18     ---------------Start Program---------------
13:12:05     ----------------End Program----------------

13:13:41     ---------------Start Program---------------
13:13:49     Size of texture error !
13:14:47     ----------------End Program----------------

13:25:09     ---------------Start Program---------------
13:25:18     Size of texture error !
13:25:26     ----------------End Program----------------

13:27:03     ---------------Start Program---------------
13:27:11     Size of texture error !
13:27:40     ----------------End Program----------------

13:34:11     ---------------Start Program---------------
13:34:18     Size of texture error !
13:34:42     ----------------End Program----------------

13:35:07     ---------------Start Program---------------
13:35:11     Size of texture error !
13:35:28     ----------------End Program----------------

13:37:20     ---------------Start Program---------------
13:37:27     Size of texture error !
13:37:46     ----------------End Program----------------

13:38:25     ---------------Start Program---------------
13:38:32     Size of texture error !
13:38:55     ----------------End Program----------------

13:39:14     ---------------Start Program---------------
13:39:20     Size of texture error !
13:39:24     ----------------End Program----------------

13:44:28     ---------------Start Program---------------
13:44:35     Size of texture error !
13:44:48     ----------------End Program----------------

13:45:06     ---------------Start Program---------------
13:45:12     Size of texture error !
13:45:22     ----------------End Program----------------

13:47:09     ---------------Start Program---------------
13:47:15     Size of texture error !
13:49:13     ----------------End Program----------------

13:50:50     ---------------Start Program---------------
13:50:54     Size of texture error !
13:51:09     ----------------End Program----------------

13:53:03     ---------------Start Program---------------
13:53:24     ----------------End Program----------------

13:54:14     ---------------Start Program---------------
13:54:32     ----------------End Program----------------

13:55:27     ---------------Start Program---------------
13:57:04     ----------------End Program----------------

13:57:22     ---------------Start Program---------------
13:59:12     ----------------End Program----------------

13:59:31     ---------------Start Program---------------
13:59:50     ----------------End Program----------------

14:01:07     ---------------Start Program---------------
14:01:49     ----------------End Program----------------

14:02:06     ---------------Start Program---------------
14:02:25     ----------------End Program----------------

14:03:25     ---------------Start Program---------------
14:03:49     ----------------End Program----------------

14:04:25     ---------------Start Program---------------
14:06:29     ----------------End Program----------------

14:07:57     ---------------Start Program---------------
14:09:44     ----------------End Program----------------

14:10:44     ---------------Start Program---------------
14:12:48     ----------------End Program----------------

14:16:17     ---------------Start Program---------------
14:17:54     SoundManager.Create( &m_Sounds, RESOURCE\SOUND\SHINY.WAV, 0, GUID_NULL ,3) Error !!
14:19:59     ---------------Start Program---------------
14:22:46     ----------------End Program----------------

14:23:36     ---------------Start Program---------------
14:25:22     ----------------End Program----------------

14:26:51     ---------------Start Program---------------
14:27:13     ----------------End Program----------------

14:28:52     ---------------Start Program---------------
14:29:40     ----------------End Program----------------

14:31:41     ---------------Start Program---------------
14:31:47     ----------------End Program----------------

14:33:23     ---------------Start Program---------------
14:34:57     ---------------Start Program---------------
14:36:19     ---------------Start Program---------------
14:36:33     ---------------Start Program---------------
14:37:40     ---------------Start Program---------------
14:38:28     ---------------Start Program---------------
14:38:36     ----------------End Program----------------

14:39:03     ---------------Start Program---------------
14:39:12     ----------------End Program----------------

14:39:30     ---------------Start Program---------------
14:39:54     ----------------End Program----------------

14:40:23     ---------------Start Program---------------
14:42:46     ----------------End Program----------------

14:47:27     ---------------Start Program---------------
14:48:08     SoundManager.Create( &m_Sounds, RESOURCE\SOUND\SHINY.WAV, 0, GUID_NULL ,3) Error !!
14:52:04     ---------------Start Program---------------
14:52:45     Size of texture error !
14:54:37     ----------------End Program----------------

15:19:04     ---------------Start Program---------------
15:19:32     Size of texture error !
15:20:06     ----------------End Program----------------

15:21:50     ---------------Start Program---------------
15:22:13     Size of texture error !
15:23:18     ----------------End Program----------------

15:26:10     ---------------Start Program---------------
15:26:28     ----------------End Program----------------

16:05:52     ---------------Start Program---------------
16:06:40     Size of texture error !
16:09:12     Size of texture error !
16:15:06     ----------------End Program----------------

16:15:36     ---------------Start Program---------------
16:15:48     ----------------End Program----------------

16:19:16     ---------------Start Program---------------
16:19:56     ----------------End Program----------------

16:23:19     ---------------Start Program---------------
16:24:42     ----------------End Program----------------

16:24:50     ---------------Start Program---------------
16:25:48     ----------------End Program----------------

16:25:53     ---------------Start Program---------------
16:26:57     ----------------End Program----------------

16:42:25     ---------------Start Program---------------
16:43:07     Size of texture error !
16:45:31     ----------------End Program----------------

16:47:04     ---------------Start Program---------------
16:47:19     ----------------End Program----------------

16:47:25     ---------------Start Program---------------
16:47:47     ----------------End Program----------------

16:48:29     ---------------Start Program---------------
16:49:22     ----------------End Program----------------

17:36:45     ---------------Start Program---------------
17:37:23     ----------------End Program----------------

17:56:21     ---------------Start Program---------------
17:56:39     ----------------End Program----------------

17:58:40     ---------------Start Program---------------
17:58:49     ----------------End Program----------------

17:59:20     ---------------Start Program---------------
17:59:43     ----------------End Program----------------

18:00:21     ---------------Start Program---------------
18:00:31     ----------------End Program----------------

18:00:59     ---------------Start Program---------------
18:01:11     ----------------End Program----------------

18:01:29     ---------------Start Program---------------
18:01:40     ----------------End Program----------------

18:12:08     ---------------Start Program---------------
18:12:17     ----------------End Program----------------

18:12:32     ---------------Start Program---------------
18:12:39     ----------------End Program----------------

18:15:37     ---------------Start Program---------------
18:15:48     ----------------End Program----------------

18:26:35     ---------------Start Program---------------
18:26:44     ----------------End Program----------------

18:27:15     ---------------Start Program---------------
18:27:24     ----------------End Program----------------

18:27:29     ---------------Start Program---------------
18:29:15     ---------------Start Program---------------
18:29:22     ----------------End Program----------------

18:30:00     ---------------Start Program---------------
18:30:09     ----------------End Program----------------

18:32:22     ---------------Start Program---------------
18:32:28     ----------------End Program----------------

18:32:30     ---------------Start Program---------------
18:33:57     ---------------Start Program---------------
18:34:03     ----------------End Program----------------

18:34:10     ---------------Start Program---------------
18:34:15     ----------------End Program----------------

18:47:12     ---------------Start Program---------------
18:47:25     ----------------End Program----------------

18:47:47     ---------------Start Program---------------
18:47:52     ----------------End Program----------------

18:47:59     ---------------Start Program---------------
18:48:19     ----------------End Program----------------

18:48:26     ---------------Start Program---------------
18:49:25     ----------------End Program----------------

18:49:35     ---------------Start Program---------------
18:50:17     ----------------End Program----------------

18:51:05     ---------------Start Program---------------
18:51:31     ----------------End Program----------------

18:51:41     ---------------Start Program---------------
18:53:12     ----------------End Program----------------

19:00:17     ---------------Start Program---------------
19:00:26     ----------------End Program----------------

19:01:45     ---------------Start Program---------------
19:02:09     ----------------End Program----------------

19:02:11     ---------------Start Program---------------
19:02:34     ----------------End Program----------------

19:06:18     ---------------Start Program---------------
19:06:36     ----------------End Program----------------

19:46:24     ---------------Start Program---------------
19:46:38     ----------------End Program----------------

20:06:16     ---------------Start Program---------------
20:06:59     ----------------End Program----------------

20:07:46     ---------------Start Program---------------
20:08:13     ----------------End Program----------------

20:10:43     ---------------Start Program---------------
20:10:54     ----------------End Program----------------

20:12:41     ---------------Start Program---------------
20:12:44     ----------------End Program----------------

20:13:48     ---------------Start Program---------------
20:14:04     ----------------End Program----------------

20:14:29     ---------------Start Program---------------
20:14:32     ----------------End Program----------------

20:49:10     ---------------Start Program---------------
20:49:42     ----------------End Program----------------

20:52:16     ---------------Start Program---------------
20:52:51     ----------------End Program----------------

20:53:05     ---------------Start Program---------------
20:53:47     ----------------End Program----------------

20:54:21     ---------------Start Program---------------
20:54:55     ----------------End Program----------------

20:59:20     ---------------Start Program---------------
20:59:33     ----------------End Program----------------

21:00:40     ---------------Start Program---------------
21:00:49     ----------------End Program----------------

21:25:05     ---------------Start Program---------------
21:26:13     ---------------Start Program---------------
21:28:07     ---------------Start Program---------------
21:32:37     ---------------Start Program---------------
21:33:01     ----------------End Program----------------

21:33:28     ---------------Start Program---------------
21:33:38     ----------------End Program----------------

21:34:57     ---------------Start Program---------------
21:35:18     ----------------End Program----------------

21:36:41     ---------------Start Program---------------
21:36:57     ----------------End Program----------------

21:39:02     ---------------Start Program---------------
21:39:20     ----------------End Program----------------

21:40:03     ---------------Start Program---------------
21:40:33     ----------------End Program----------------

21:41:35     ---------------Start Program---------------
21:41:39     ----------------End Program----------------

21:42:14     ---------------Start Program---------------
21:44:04     ----------------End Program----------------

22:01:00     ---------------Start Program---------------
22:01:23     ----------------End Program----------------

22:02:03     ---------------Start Program---------------
22:02:22     ----------------End Program----------------

22:02:42     ---------------Start Program---------------
22:02:53     ----------------End Program----------------

22:03:14     ---------------Start Program---------------
22:03:47     ----------------End Program----------------

22:04:09     ---------------Start Program---------------
22:04:50     ----------------End Program----------------

23:29:15     ---------------Start Program---------------
23:29:25     ----------------End Program----------------

23:29:34     ---------------Start Program---------------
23:30:07     ---------------Start Program---------------
23:30:09     ----------------End Program----------------

23:30:35     ---------------Start Program---------------
23:30:40     ----------------End Program----------------

23:30:52     ---------------Start Program---------------
23:30:59     ----------------End Program----------------

23:32:01     ---------------Start Program---------------
23:32:05     ----------------End Program----------------

23:33:20     ---------------Start Program---------------
23:33:33     ----------------End Program----------------

23:34:26     ---------------Start Program---------------
23:34:30     ----------------End Program----------------

23:34:57     ---------------Start Program---------------
23:35:00     ----------------End Program----------------

23:35:05     ---------------Start Program---------------
23:35:08     ----------------End Program----------------

23:35:24     ---------------Start Program---------------
23:35:32     ----------------End Program----------------

23:39:01     ---------------Start Program---------------
23:39:04     ----------------End Program----------------

23:39:12     ---------------Start Program---------------
23:39:16     ----------------End Program----------------

23:39:24     ---------------Start Program---------------
23:39:27     ----------------End Program----------------

23:39:37     ---------------Start Program---------------
23:39:42     ----------------End Program----------------

23:39:49     ---------------Start Program---------------
23:39:52     ----------------End Program----------------

23:39:56     ---------------Start Program---------------
23:40:00     ----------------End Program----------------

23:40:55     ---------------Start Program---------------
23:41:03     ----------------End Program----------------

23:41:26     ---------------Start Program---------------
23:41:30     ----------------End Program----------------

23:41:39     ---------------Start Program---------------
23:41:42     ----------------End Program----------------

23:41:44     ---------------Start Program---------------
23:42:32     ----------------End Program----------------

23:43:38     ---------------Start Program---------------
23:44:53     ----------------End Program----------------

23:46:57     ---------------Start Program---------------
23:47:34     ----------------End Program----------------

23:48:03     ---------------Start Program---------------
23:49:17     ----------------End Program----------------

23:51:08     ---------------Start Program---------------
23:51:17     ----------------End Program----------------

23:52:20     ---------------Start Program---------------
23:53:11     ----------------End Program----------------

23:56:49     ---------------Start Program---------------
23:57:13     ----------------End Program----------------

23:57:28     ---------------Start Program---------------
23:57:40     ----------------End Program----------------

23:58:01     ---------------Start Program---------------
23:58:24     ----------------End Program----------------

23:58:26     ---------------Start Program---------------
23:59:27     ----------------End Program----------------

