01:11:11     ---------------Start Program---------------
01:11:56     ---------------Start Program---------------
01:14:48     ---------------Start Program---------------
01:16:18     ----------------End Program----------------

01:18:09     ---------------Start Program---------------
01:18:13     ----------------End Program----------------

01:18:24     ---------------Start Program---------------
01:19:22     ----------------End Program----------------

01:20:23     ---------------Start Program---------------
01:21:13     ----------------End Program----------------

01:38:39     ---------------Start Program---------------
01:40:11     ----------------End Program----------------

01:46:33     ---------------Start Program---------------
01:46:41     ----------------End Program----------------

01:48:08     ---------------Start Program---------------
01:48:22     ----------------End Program----------------

01:48:32     ---------------Start Program---------------
01:48:47     ----------------End Program----------------

01:48:56     ---------------Start Program---------------
01:49:17     ----------------End Program----------------

01:49:46     ---------------Start Program---------------
01:50:21     ----------------End Program----------------

01:55:32     ---------------Start Program---------------
01:56:10     ----------------End Program----------------

02:06:19     ---------------Start Program---------------
02:07:50     ----------------End Program----------------

02:10:43     ---------------Start Program---------------
02:11:40     ----------------End Program----------------

02:11:49     ---------------Start Program---------------
02:12:07     ----------------End Program----------------

02:13:41     ---------------Start Program---------------
02:14:10     ----------------End Program----------------

02:38:53     ---------------Start Program---------------
02:39:16     ----------------End Program----------------

02:39:23     ---------------Start Program---------------
02:39:51     ---------------Start Program---------------
02:41:38     ---------------Start Program---------------
02:41:59     ----------------End Program----------------

02:42:06     ---------------Start Program---------------
02:43:06     ----------------End Program----------------

02:43:38     ---------------Start Program---------------
02:43:42     ----------------End Program----------------

02:43:51     ---------------Start Program---------------
02:43:55     ----------------End Program----------------

02:43:59     ---------------Start Program---------------
02:44:56     ----------------End Program----------------

02:47:12     ---------------Start Program---------------
02:47:32     ----------------End Program----------------

02:48:24     ---------------Start Program---------------
02:48:28     ----------------End Program----------------

02:48:43     ---------------Start Program---------------
02:51:03     ----------------End Program----------------

02:53:32     ---------------Start Program---------------
02:53:55     ----------------End Program----------------

08:17:39     ---------------Start Program---------------
08:19:48     ----------------End Program----------------

08:38:00     ---------------Start Program---------------
08:39:31     SoundManager.Create( &m_Sounds, RESOURCE\SOUND\CRYSTAL_BALL.WAV, 0, GUID_NULL ,3) Error !!
08:39:34     SoundManager.Create( &m_Sounds, RESOURCE\SOUND\SESAM_SHOOT_5.WAV, 0, GUID_NULL ,3) Error !!
08:39:34     SoundManager.Create( &m_Sounds, RESOURCE\SOUND\PL_STEP3.WAV, 0, GUID_NULL ,3) Error !!
08:39:34     SoundManager.Create( &m_Sounds, RESOURCE\SOUND\PL_STEP4.WAV, 0, GUID_NULL ,3) Error !!
08:39:34     SoundManager.Create( &m_Sounds, RESOURCE\SOUND\HIC_SHIELD_4.WAV, 0, GUID_NULL ,3) Error !!
08:39:34     SoundManager.Create( &m_Sounds, RESOURCE\SOUND\CHARGE_000.WAV, 0, GUID_NULL ,3) Error !!
08:39:34     SoundManager.Create( &m_Sounds, RESOURCE\SOUND\PICK_BULLET0.WAV, 0, GUID_NULL ,3) Error !!
08:39:34     SoundManager.Create( &m_Sounds, RESOURCE\SOUND\BULLET_SHOOT.WAV, 0, GUID_NULL ,3) Error !!
08:39:35     SoundManager.Create( &m_Sounds, RESOURCE\SOUND\BULLET_EXPLODE.WAV, 0, GUID_NULL ,3) Error !!
08:39:35     SoundManager.Create( &m_Sounds, RESOURCE\SOUND\BH_HEALTH_UP.WAV, 0, GUID_NULL ,3) Error !!
08:39:35     SoundManager.Create( &m_Sounds, RESOURCE\SOUND\BH_FULL_HEALTH.WAV, 0, GUID_NULL ,3) Error !!
08:39:35     SoundManager.Create( &m_Sounds, RESOURCE\SOUND\W_HEALTH_CRITICAL.WAV, 0, GUID_NULL ,3) Error !!
08:39:35     SoundManager.Create( &m_Sounds, RESOURCE\SOUND\BS_FORCEFIELD_9.WAV, 0, GUID_NULL ,3) Error !!
08:39:35     SoundManager.Create( &m_Sounds, RESOURCE\SOUND\BULLET1_SHOOT.WAV, 0, GUID_NULL ,3) Error !!
08:39:36     SoundManager.Create( &m_Sounds, RESOURCE\SOUND\BULLET1_EXPLODE.WAV, 0, GUID_NULL ,3) Error !!
08:39:36     SoundManager.Create( &m_Sounds, RESOURCE\SOUND\HIC_BREATH_3.WAV, 0, GUID_NULL ,3) Error !!
08:41:26     ---------------Start Program---------------
08:46:06     ----------------End Program----------------

08:49:19     ---------------Start Program---------------
08:50:02     ----------------End Program----------------

08:50:46     ---------------Start Program---------------
08:55:51     ----------------End Program----------------

09:06:13     ---------------Start Program---------------
09:12:07     ----------------End Program----------------

09:16:24     ---------------Start Program---------------
09:23:24     ----------------End Program----------------

09:25:58     ---------------Start Program---------------
09:26:56     ----------------End Program----------------

09:29:07     ---------------Start Program---------------
09:32:27     ----------------End Program----------------

09:33:46     ---------------Start Program---------------
09:34:27     ----------------End Program----------------

09:41:49     ---------------Start Program---------------
09:42:12     ----------------End Program----------------

09:43:24     ---------------Start Program---------------
09:44:41     ----------------End Program----------------

09:45:04     ---------------Start Program---------------
09:45:51     ----------------End Program----------------

09:47:35     ---------------Start Program---------------
09:48:35     ---------------Start Program---------------
09:49:20     ----------------End Program----------------

09:49:52     ---------------Start Program---------------
09:50:16     ----------------End Program----------------

09:50:23     ---------------Start Program---------------
09:50:50     ----------------End Program----------------

09:51:18     ---------------Start Program---------------
09:51:32     ----------------End Program----------------

09:51:41     ---------------Start Program---------------
09:52:17     ----------------End Program----------------

09:52:28     ---------------Start Program---------------
09:52:46     ----------------End Program----------------

09:53:16     ---------------Start Program---------------
09:53:41     ----------------End Program----------------

09:53:49     ---------------Start Program---------------
09:55:46     ----------------End Program----------------

09:55:52     ---------------Start Program---------------
09:57:47     ----------------End Program----------------

09:59:40     ---------------Start Program---------------
09:59:48     ----------------End Program----------------

09:59:50     ---------------Start Program---------------
09:59:53     ----------------End Program----------------

09:59:54     ---------------Start Program---------------
10:02:23     ----------------End Program----------------

10:03:31     ---------------Start Program---------------
10:04:08     ----------------End Program----------------

10:33:09     ---------------Start Program---------------
10:33:50     ----------------End Program----------------

10:34:31     ---------------Start Program---------------
10:34:46     ----------------End Program----------------

10:35:18     ---------------Start Program---------------
10:35:44     ----------------End Program----------------

10:37:58     ---------------Start Program---------------
10:39:56     ----------------End Program----------------

10:39:58     ---------------Start Program---------------
10:40:22     ----------------End Program----------------

10:40:55     ---------------Start Program---------------
10:41:20     ----------------End Program----------------

10:42:03     ---------------Start Program---------------
10:42:28     ----------------End Program----------------

11:07:42     ---------------Start Program---------------
11:10:55     ----------------End Program----------------

11:35:36     ---------------Start Program---------------
11:35:46     ----------------End Program----------------

11:35:59     ---------------Start Program---------------
11:38:43     ----------------End Program----------------

13:14:14     ---------------Start Program---------------
13:17:55     ----------------End Program----------------

22:29:27     ---------------Start Program---------------
22:29:43     ----------------End Program----------------

23:04:46     ---------------Start Program---------------
23:09:52     ----------------End Program----------------

