GAS LISTING C:\WINDOWS\TEMP/ccTE4cgb.s 			page 1


   1               		.file	"mailserv.c"
   2               		.arch atmega128
   3               	__SREG__ = 0x3f
   4               	__SP_H__ = 0x3e
   5               	__SP_L__ = 0x3d
   6               	__tmp_reg__ = 0
   7               	__zero_reg__ = 1
   8               	_PC_ = 2
   9               		.global __do_copy_data
  10               		.global __do_clear_bss
  11               		.data
  12               		.type	my_mac,@object
  13               		.size	my_mac,6
  14               	my_mac:
  15 0000 00        		.byte	0
  16 0001 06        		.byte	6
  17 0002 98        		.byte	-104
  18 0003 20        		.byte	32
  19 0004 00        		.byte	0
  20 0005 00        		.byte	0
  21               	.global	baud
  22               		.type	baud,@object
  23               		.size	baud,4
  24               	baud:
  25 0006 00C2 0100 		.long	115200
  26               	.global	lport
  27               		.type	lport,@object
  28               		.size	lport,2
  29               	lport:
  30 000a 1900      		.word	25
  31               	.global	rport
  32               		.type	rport,@object
  33               		.size	rport,2
  34               	rport:
  35 000c 1900      		.word	25
  36               	.LC0:
  37 000e 4C45 444F 		.string	"LEDONEON"
  37      4E45 4F4E 
  37      00
  38               	.LC1:
  39 0017 6F6E 206C 		.string	"on led 1\r\n"
  39      6564 2031 
  39      0D0A 00
  40               	.LC2:
  41 0022 4C45 4454 		.string	"LEDTWOON"
  41      574F 4F4E 
  41      00
  42               	.LC3:
  43 002b 6F6E 206C 		.string	"on led 2\r\n"
  43      6564 2032 
  43      0D0A 00
  44               	.LC4:
  45 0036 4C45 4454 		.string	"LEDTHREEON"
  45      4852 4545 
  45      4F4E 00
  46               	.LC5:
  47 0041 6F6E 206C 		.string	"on led 3\r\n"
GAS LISTING C:\WINDOWS\TEMP/ccTE4cgb.s 			page 2


  47      6564 2033 
  47      0D0A 00
  48               	.LC6:
  49 004c 4C45 4446 		.string	"LEDFOURON"
  49      4F55 524F 
  49      4E00 
  50               	.LC7:
  51 0056 6F6E 206C 		.string	"on led 4\r\n"
  51      6564 2034 
  51      0D0A 00
  52               		.text
  53               	.global	checkcommand
  54               		.type	checkcommand,@function
  55               	checkcommand:
  56               	/* prologue: frame size=0 */
  57 0000 CF93      		push r28
  58 0002 DF93      		push r29
  59               	/* prologue end (size=2) */
  60 0004 EC01      		movw r28,r24
  61 0006 FC01      		movw r30,r24
  62 0008 9C01      		movw r18,r24
  63 000a 2D5E      		subi r18,lo8(-(19))
  64 000c 3F4F      		sbci r19,hi8(-(19))
  65               	.L6:
  66 000e 80E2      		ldi r24,lo8(32)
  67 0010 8193      		st Z+,r24
  68 0012 2E17      		cp r18,r30
  69 0014 3F07      		cpc r19,r31
  70 0016 DCF7      		brge .L6
  71 0018 60E0      		ldi r22,lo8(.LC0)
  72 001a 70E0      		ldi r23,hi8(.LC0)
  73 001c CE01      		movw r24,r28
  74 001e 0E94 0000 		call strstr
  75 0022 892B      		or r24,r25
  76 0024 61F0      		breq .L7
  77 0026 80E0      		ldi r24,lo8(.LC1)
  78 0028 90E0      		ldi r25,hi8(.LC1)
  79 002a 0E94 0000 		call NutKPrintString
  80 002e 889A      		sbi 49-0x20,0
  81 0030 909A      		sbi 50-0x20,0
  82 0032 64EF      		ldi r22,lo8(500)
  83 0034 71E0      		ldi r23,hi8(500)
  84 0036 80E0      		ldi r24,hlo8(500)
  85 0038 90E0      		ldi r25,hhi8(500)
  86 003a 0E94 0000 		call NutSleep
  87               	.L7:
  88 003e 60E0      		ldi r22,lo8(.LC2)
  89 0040 70E0      		ldi r23,hi8(.LC2)
  90 0042 CE01      		movw r24,r28
  91 0044 0E94 0000 		call strstr
  92 0048 892B      		or r24,r25
  93 004a 61F0      		breq .L8
  94 004c 80E0      		ldi r24,lo8(.LC3)
  95 004e 90E0      		ldi r25,hi8(.LC3)
  96 0050 0E94 0000 		call NutKPrintString
  97 0054 899A      		sbi 49-0x20,1
  98 0056 919A      		sbi 50-0x20,1
GAS LISTING C:\WINDOWS\TEMP/ccTE4cgb.s 			page 3


  99 0058 64EF      		ldi r22,lo8(500)
 100 005a 71E0      		ldi r23,hi8(500)
 101 005c 80E0      		ldi r24,hlo8(500)
 102 005e 90E0      		ldi r25,hhi8(500)
 103 0060 0E94 0000 		call NutSleep
 104               	.L8:
 105 0064 60E0      		ldi r22,lo8(.LC4)
 106 0066 70E0      		ldi r23,hi8(.LC4)
 107 0068 CE01      		movw r24,r28
 108 006a 0E94 0000 		call strstr
 109 006e 892B      		or r24,r25
 110 0070 61F0      		breq .L9
 111 0072 80E0      		ldi r24,lo8(.LC5)
 112 0074 90E0      		ldi r25,hi8(.LC5)
 113 0076 0E94 0000 		call NutKPrintString
 114 007a 8A9A      		sbi 49-0x20,2
 115 007c 929A      		sbi 50-0x20,2
 116 007e 64EF      		ldi r22,lo8(500)
 117 0080 71E0      		ldi r23,hi8(500)
 118 0082 80E0      		ldi r24,hlo8(500)
 119 0084 90E0      		ldi r25,hhi8(500)
 120 0086 0E94 0000 		call NutSleep
 121               	.L9:
 122 008a 60E0      		ldi r22,lo8(.LC6)
 123 008c 70E0      		ldi r23,hi8(.LC6)
 124 008e CE01      		movw r24,r28
 125 0090 0E94 0000 		call strstr
 126 0094 892B      		or r24,r25
 127 0096 61F0      		breq .L1
 128 0098 80E0      		ldi r24,lo8(.LC7)
 129 009a 90E0      		ldi r25,hi8(.LC7)
 130 009c 0E94 0000 		call NutKPrintString
 131 00a0 8B9A      		sbi 49-0x20,3
 132 00a2 939A      		sbi 50-0x20,3
 133 00a4 64EF      		ldi r22,lo8(500)
 134 00a6 71E0      		ldi r23,hi8(500)
 135 00a8 80E0      		ldi r24,hlo8(500)
 136 00aa 90E0      		ldi r25,hhi8(500)
 137 00ac 0E94 0000 		call NutSleep
 138               	.L1:
 139               	/* epilogue: frame size=0 */
 140 00b0 DF91      		pop r29
 141 00b2 CF91      		pop r28
 142 00b4 0895      		ret
 143               	/* epilogue end (size=3) */
 144               	/* function checkcommand size 91 (86) */
 145               	.Lfe1:
 146               		.size	checkcommand,.Lfe1-checkcommand
 147               		.data
 148               	.LC8:
 149 0061 7561 7274 		.string	"uart0"
 149      3000 
 150               	.LC9:
 151 0067 0D0A 4154 		.string	"\r\nATAmail server ver  1.9\r\n"
 151      416D 6169 
 151      6C20 7365 
 151      7276 6572 
GAS LISTING C:\WINDOWS\TEMP/ccTE4cgb.s 			page 4


 151      2076 6572 
 152               	.LC10:
 153 0083 436F 6E66 		.string	"Configuring Ethernet interface\r\n"
 153      6967 7572 
 153      696E 6720 
 153      4574 6865 
 153      726E 6574 
 154               	.LC11:
 155 00a4 3235 352E 		.string	"255.255.255.0"
 155      3235 352E 
 155      3235 352E 
 155      3000 
 156               	.LC12:
 157 00b2 3136 312E 		.string	"161.246.5.135"
 157      3234 362E 
 157      352E 3133 
 157      3500 
 158               	.LC13:
 159 00c0 6574 6830 		.string	"eth0"
 159      00
 160               	.LC15:
 161 00c5 3136 312E 		.string	"161.246.5.254"
 161      3234 362E 
 161      352E 3235 
 161      3400 
 162               	.LC16:
 163 00d3 3136 312E 		.string	"161.246.4.3"
 163      3234 362E 
 163      342E 3300 
 164               	.LC17:
 165 00df 6368 616F 		.string	"chaokhun.kmitl.ac.th"
 165      6B68 756E 
 165      2E6B 6D69 
 165      746C 2E61 
 165      632E 7468 
 166               	.LC18:
 167 00f4 0D0A 2043 		.string	"\r\n Create Socket Error "
 167      7265 6174 
 167      6520 536F 
 167      636B 6574 
 167      2045 7272 
 168               	.LC19:
 169 010c 0D0A 2043 		.string	"\r\n Create sostream Error "
 169      7265 6174 
 169      6520 736F 
 169      7374 7265 
 169      616D 2045 
 170               	.LC20:
 171 0126 0D0A 2043 		.string	"\r\n Create sostream O.K "
 171      7265 6174 
 171      6520 736F 
 171      7374 7265 
 171      616D 204F 
 172               	.LC21:
 173 013e 3232 3020 		.string	"220 Hello boy (^_^) \r\n"
 173      4865 6C6C 
 173      6F20 626F 
GAS LISTING C:\WINDOWS\TEMP/ccTE4cgb.s 			page 5


 173      7920 285E 
 173      5F5E 2920 
 174               	.LC22:
 175 0155 4548 4C4F 		.string	"EHLO"
 175      00
 176               	.LC24:
 177 015a 3235 3020 		.string	"250 (Ethernut mail server ) Hello USER pleased to meet you \r\n"
 177      2845 7468 
 177      6572 6E75 
 177      7420 6D61 
 177      696C 2073 
 178               	.LC23:
 179 0198 4845 4C4F 		.string	"HELO"
 179      00
 180               	.LC25:
 181 019d 5645 5246 		.string	"VERFY"
 181      5900 
 182               	.LC26:
 183 01a3 4154 4159 		.string	"ATAYA"
 183      4100 
 184               	.LC27:
 185 01a9 3235 3020 		.string	"250 User Verify \r\n"
 185      5573 6572 
 185      2056 6572 
 185      6966 7920 
 185      0D0A 00
 186               	.LC28:
 187 01bc 3530 3120 		.string	"501 User Unverify \r\n"
 187      5573 6572 
 187      2055 6E76 
 187      6572 6966 
 187      7920 0D0A 
 188               	.LC29:
 189 01d1 5253 4554 		.string	"RSET"
 189      00
 190               	.LC30:
 191 01d6 3235 3020 		.string	"250 Reset State OK \r\n"
 191      5265 7365 
 191      7420 5374 
 191      6174 6520 
 191      4F4B 200D 
 192               	.LC31:
 193 01ec 4E4F 4F50 		.string	"NOOP"
 193      00
 194               	.LC32:
 195 01f1 3235 3020 		.string	"250 OK \r\n"
 195      4F4B 200D 
 195      0A00 
 196               	.LC33:
 197 01fb 4D41 494C 		.string	"MAIL"
 197      00
 198               	.LC34:
 199 0200 4154 4159 		.string	"ATAYA_P"
 199      415F 5000 
 200               	.LC35:
 201 0208 3235 3020 		.string	"250 Mail From Verify \r\n"
 201      4D61 696C 
GAS LISTING C:\WINDOWS\TEMP/ccTE4cgb.s 			page 6


 201      2046 726F 
 201      6D20 5665 
 201      7269 6679 
 202               	.LC36:
 203 0220 3530 3120 		.string	"501 User name none valid \r\n"
 203      5573 6572 
 203      206E 616D 
 203      6520 6E6F 
 203      6E65 2076 
 204               	.LC37:
 205 023c 5243 5054 		.string	"RCPT"
 205      00
 206               	.LC38:
 207 0241 3235 3020 		.string	"250 RCPT to Verify \r\n"
 207      5243 5054 
 207      2074 6F20 
 207      5665 7269 
 207      6679 200D 
 208               	.LC39:
 209 0257 3535 3020 		.string	"550 User UNknown \r\n"
 209      5573 6572 
 209      2055 4E6B 
 209      6E6F 776E 
 209      200D 0A00 
 210               	.LC40:
 211 026b 4441 5441 		.string	"DATA"
 211      00
 212               	.LC41:
 213 0270 3334 3520 		.string	"345 Input DATA and Stop by . \r\n"
 213      496E 7075 
 213      7420 4441 
 213      5441 2061 
 213      6E64 2053 
 214               	.LC42:
 215 0290 5155 4954 		.string	"QUIT"
 215      00
 216               	.LC43:
 217 0295 3232 3120 		.string	"221 Quit O.K nice to serve you(-_-)\r\n"
 217      5175 6974 
 217      204F 2E4B 
 217      206E 6963 
 217      6520 746F 
 218               	.LC44:
 219 02bb 3530 3020 		.string	"500 Unregonize your command\r\n"
 219      556E 7265 
 219      676F 6E69 
 219      7A65 2079 
 219      6F75 7220 
 220               	.LC45:
 221 02d9 2E0D 0A00 		.string	".\r\n"
 222               	.LC46:
 223 02dd 0D0A 00   		.string	"\r\n"
 224               	.LC47:
 225 02e0 3235 3020 		.string	"250 Mail recieve O.K \r\n"
 225      4D61 696C 
 225      2072 6563 
 225      6965 7665 
GAS LISTING C:\WINDOWS\TEMP/ccTE4cgb.s 			page 7


 225      204F 2E4B 
 226               	.LC14:
 227 02f8 4361 6E27 		.string	"Can't config NET\r\n"
 227      7420 636F 
 227      6E66 6967 
 227      204E 4554 
 227      0D0A 00
 228               		.text
 229               	.global	NutMain
 230               		.type	NutMain,@function
 231               	NutMain:
 232               	/* prologue: frame size=0 */
 233               	/* prologue end (size=0) */
 234 00b6 8824      		clr r8
 235 00b8 9924      		clr r9
 236 00ba 3401      		movw r6,r8
 237 00bc 5401      		movw r10,r8
 238 00be 40E0      		ldi r20,lo8(0)
 239 00c0 B401      		movw r22,r8
 240 00c2 80E0      		ldi r24,lo8(devUart0)
 241 00c4 90E0      		ldi r25,hi8(devUart0)
 242 00c6 0E94 0000 		call NutRegisterDevice
 243 00ca 80E0      		ldi r24,lo8(.LC8)
 244 00cc 90E0      		ldi r25,hi8(.LC8)
 245 00ce 0E94 0000 		call NutDeviceOpen
 246 00d2 9093 0000 		sts (uart0)+1,r25
 247 00d6 8093 0000 		sts uart0,r24
 248 00da 40E0      		ldi r20,lo8(baud)
 249 00dc 50E0      		ldi r21,hi8(baud)
 250 00de 61E0      		ldi r22,lo8(257)
 251 00e0 71E0      		ldi r23,hi8(257)
 252 00e2 0E94 0000 		call NutDeviceIOCtl
 253 00e6 80E0      		ldi r24,lo8(.LC9)
 254 00e8 90E0      		ldi r25,hi8(.LC9)
 255 00ea 0E94 0000 		call NutKPrintString
 256 00ee 80E0      		ldi r24,lo8(.LC10)
 257 00f0 90E0      		ldi r25,hi8(.LC10)
 258 00f2 0E94 0000 		call NutKPrintString
 259 00f6 45E0      		ldi r20,lo8(5)
 260 00f8 60E0      		ldi r22,lo8(-32000)
 261 00fa 73E8      		ldi r23,hi8(-32000)
 262 00fc 80E0      		ldi r24,lo8(devEth0)
 263 00fe 90E0      		ldi r25,hi8(devEth0)
 264 0100 0E94 0000 		call NutRegisterDevice
 265 0104 80E0      		ldi r24,lo8(.LC11)
 266 0106 90E0      		ldi r25,hi8(.LC11)
 267 0108 0E94 0000 		call inet_addr
 268 010c 7B01      		movw r14,r22
 269 010e 8C01      		movw r16,r24
 270 0110 80E0      		ldi r24,lo8(.LC12)
 271 0112 90E0      		ldi r25,hi8(.LC12)
 272 0114 0E94 0000 		call inet_addr
 273 0118 DC01      		movw r26,r24
 274 011a CB01      		movw r24,r22
 275 011c 9C01      		movw r18,r24
 276 011e AD01      		movw r20,r26
 277 0120 60E0      		ldi r22,lo8(my_mac)
GAS LISTING C:\WINDOWS\TEMP/ccTE4cgb.s 			page 8


 278 0122 70E0      		ldi r23,hi8(my_mac)
 279 0124 80E0      		ldi r24,lo8(.LC13)
 280 0126 90E0      		ldi r25,hi8(.LC13)
 281 0128 0E94 0000 		call NutNetIfConfig
 282 012c 8F5F      		subi r24,lo8(-1)
 283 012e 9F4F      		sbci r25,hi8(-1)
 284 0130 09F4      		brne _PC_+2
 285 0132 C5C1      		rjmp .L66
 286               	.L14:
 287 0134 80E0      		ldi r24,lo8(.LC15)
 288 0136 90E0      		ldi r25,hi8(.LC15)
 289 0138 0E94 0000 		call inet_addr
 290 013c DC01      		movw r26,r24
 291 013e CB01      		movw r24,r22
 292 0140 40E0      		ldi r20,lo8(devEth0)
 293 0142 C42E      		mov r12,r20
 294 0144 40E0      		ldi r20,hi8(devEth0)
 295 0146 D42E      		mov r13,r20
 296 0148 7C01      		movw r14,r24
 297 014a 8D01      		movw r16,r26
 298 014c 20E0      		ldi r18,lo8(0)
 299 014e 30E0      		ldi r19,hi8(0)
 300 0150 40E0      		ldi r20,hlo8(0)
 301 0152 50E0      		ldi r21,hhi8(0)
 302 0154 CA01      		movw r24,r20
 303 0156 B901      		movw r22,r18
 304 0158 0E94 0000 		call NutIpRouteAdd
 305 015c 80E0      		ldi r24,lo8(.LC16)
 306 015e 90E0      		ldi r25,hi8(.LC16)
 307 0160 0E94 0000 		call inet_addr
 308 0164 DC01      		movw r26,r24
 309 0166 CB01      		movw r24,r22
 310 0168 9C01      		movw r18,r24
 311 016a AD01      		movw r20,r26
 312 016c B501      		movw r22,r10
 313 016e C501      		movw r24,r10
 314 0170 0E94 0000 		call NutDnsConfig
 315 0174 80E0      		ldi r24,lo8(.LC17)
 316 0176 90E0      		ldi r25,hi8(.LC17)
 317 0178 0E94 0000 		call NutDnsGetHostByName
 318 017c DC01      		movw r26,r24
 319 017e CB01      		movw r24,r22
 320 0180 8093 0000 		sts rip,r24
 321 0184 9093 0000 		sts (rip)+1,r25
 322 0188 A093 0000 		sts (rip)+2,r26
 323 018c B093 0000 		sts (rip)+3,r27
 324 0190 81B3      		in r24,49-0x20
 325 0192 8FEF      		ldi r24,lo8(-1)
 326 0194 81BB      		out 49-0x20,r24
 327 0196 82B3      		in r24,50-0x20
 328 0198 82BB      		out 50-0x20,r24
 329               	.L63:
 330 019a AA24      		clr r10
 331 019c BB24      		clr r11
 332 019e E501      		movw r28,r10
 333 01a0 0E94 0000 		call NutTcpCreateSocket
 334 01a4 9093 0000 		sts (sock)+1,r25
GAS LISTING C:\WINDOWS\TEMP/ccTE4cgb.s 			page 9


 335 01a8 8093 0000 		sts sock,r24
 336 01ac 892B      		or r24,r25
 337 01ae 51F4      		brne .L18
 338 01b0 80E0      		ldi r24,lo8(.LC18)
 339 01b2 90E0      		ldi r25,hi8(.LC18)
 340 01b4 0E94 0000 		call NutKPrintString
 341 01b8 68E8      		ldi r22,lo8(5000)
 342 01ba 73E1      		ldi r23,hi8(5000)
 343 01bc 80E0      		ldi r24,hlo8(5000)
 344 01be 90E0      		ldi r25,hhi8(5000)
 345 01c0 0E94 0000 		call NutSleep
 346               	.L18:
 347 01c4 8091 0000 		lds r24,sock
 348 01c8 9091 0000 		lds r25,(sock)+1
 349 01cc 0E94 0000 		call NutSoStreamCreate
 350 01d0 9093 0000 		sts (sostream)+1,r25
 351 01d4 8093 0000 		sts sostream,r24
 352 01d8 892B      		or r24,r25
 353 01da 29F4      		brne .L19
 354 01dc 80E0      		ldi r24,lo8(.LC19)
 355 01de 90E0      		ldi r25,hi8(.LC19)
 356 01e0 0E94 0000 		call NutKPrintString
 357 01e4 DACF      		rjmp .L63
 358               	.L19:
 359 01e6 80E0      		ldi r24,lo8(.LC20)
 360 01e8 90E0      		ldi r25,hi8(.LC20)
 361 01ea 0E94 0000 		call NutKPrintString
 362 01ee 69E1      		ldi r22,lo8(25)
 363 01f0 70E0      		ldi r23,hi8(25)
 364 01f2 8091 0000 		lds r24,sock
 365 01f6 9091 0000 		lds r25,(sock)+1
 366 01fa 0E94 0000 		call NutTcpAccept
 367 01fe 6114      		cp r6,__zero_reg__
 368 0200 7104      		cpc r7,__zero_reg__
 369 0202 89F4      		brne .L60
 370 0204 60E0      		ldi r22,lo8(.LC21)
 371 0206 70E0      		ldi r23,hi8(.LC21)
 372 0208 8091 0000 		lds r24,sostream
 373 020c 9091 0000 		lds r25,(sostream)+1
 374 0210 0E94 0000 		call NutPrintString
 375 0214 8091 0000 		lds r24,sostream
 376 0218 9091 0000 		lds r25,(sostream)+1
 377 021c 0E94 0000 		call NutPrintFlush
 378 0220 31E0      		ldi r19,lo8(1)
 379 0222 632E      		mov r6,r19
 380 0224 712C      		mov r7,__zero_reg__
 381               	.L60:
 382 0226 4FEF      		ldi r20,lo8(1023)
 383 0228 53E0      		ldi r21,hi8(1023)
 384 022a 60E0      		ldi r22,lo8(buff)
 385 022c 70E0      		ldi r23,hi8(buff)
 386 022e 8091 0000 		lds r24,sostream
 387 0232 9091 0000 		lds r25,(sostream)+1
 388 0236 0E94 0000 		call NutDeviceGetLine
 389 023a 80E0      		ldi r24,lo8(buff)
 390 023c 90E0      		ldi r25,hi8(buff)
 391 023e 0E94 0000 		call strupr
GAS LISTING C:\WINDOWS\TEMP/ccTE4cgb.s 			page 10


 392 0242 2097      		sbiw r28,0
 393 0244 09F0      		breq _PC_+2
 394 0246 0CC1      		rjmp .L59
 395 0248 60E0      		ldi r22,lo8(.LC22)
 396 024a 70E0      		ldi r23,hi8(.LC22)
 397 024c 80E0      		ldi r24,lo8(buff)
 398 024e 90E0      		ldi r25,hi8(buff)
 399 0250 0E94 0000 		call strstr
 400 0254 892B      		or r24,r25
 401 0256 21F1      		breq .L67
 402               	.L27:
 403 0258 60E0      		ldi r22,lo8(.LC24)
 404 025a 70E0      		ldi r23,hi8(.LC24)
 405               	.L64:
 406 025c 8091 0000 		lds r24,sostream
 407 0260 9091 0000 		lds r25,(sostream)+1
 408 0264 0E94 0000 		call NutPrintString
 409 0268 8091 0000 		lds r24,sostream
 410 026c 9091 0000 		lds r25,(sostream)+1
 411 0270 0E94 0000 		call NutPrintFlush
 412               	.L22:
 413 0274 A114      		cp r10,__zero_reg__
 414 0276 B104      		cpc r11,__zero_reg__
 415 0278 B1F2      		breq .L60
 416 027a 8091 0000 		lds r24,sostream
 417 027e 9091 0000 		lds r25,(sostream)+1
 418 0282 0E94 0000 		call NutSoStreamDestroy
 419 0286 8091 0000 		lds r24,sock
 420 028a 9091 0000 		lds r25,(sock)+1
 421 028e 0E94 0000 		call NutTcpCloseSocket
 422 0292 60E6      		ldi r22,lo8(60000)
 423 0294 7AEE      		ldi r23,hi8(60000)
 424 0296 80E0      		ldi r24,hlo8(60000)
 425 0298 90E0      		ldi r25,hhi8(60000)
 426 029a 0E94 0000 		call NutSleep
 427 029e 7DCF      		rjmp .L63
 428               	.L67:
 429 02a0 60E0      		ldi r22,lo8(.LC23)
 430 02a2 70E0      		ldi r23,hi8(.LC23)
 431 02a4 80E0      		ldi r24,lo8(buff)
 432 02a6 90E0      		ldi r25,hi8(buff)
 433 02a8 0E94 0000 		call strstr
 434 02ac 892B      		or r24,r25
 435 02ae A1F6      		brne .L27
 436 02b0 60E0      		ldi r22,lo8(.LC25)
 437 02b2 70E0      		ldi r23,hi8(.LC25)
 438 02b4 80E0      		ldi r24,lo8(buff)
 439 02b6 90E0      		ldi r25,hi8(buff)
 440 02b8 0E94 0000 		call strstr
 441 02bc 892B      		or r24,r25
 442 02be 71F0      		breq .L29
 443 02c0 60E0      		ldi r22,lo8(.LC26)
 444 02c2 70E0      		ldi r23,hi8(.LC26)
 445 02c4 80E0      		ldi r24,lo8(buff)
 446 02c6 90E0      		ldi r25,hi8(buff)
 447 02c8 0E94 0000 		call strstr
 448 02cc 892B      		or r24,r25
GAS LISTING C:\WINDOWS\TEMP/ccTE4cgb.s 			page 11


 449 02ce 19F0      		breq .L30
 450 02d0 60E0      		ldi r22,lo8(.LC27)
 451 02d2 70E0      		ldi r23,hi8(.LC27)
 452 02d4 C3CF      		rjmp .L64
 453               	.L30:
 454 02d6 60E0      		ldi r22,lo8(.LC28)
 455 02d8 70E0      		ldi r23,hi8(.LC28)
 456 02da C0CF      		rjmp .L64
 457               	.L29:
 458 02dc 60E0      		ldi r22,lo8(.LC29)
 459 02de 70E0      		ldi r23,hi8(.LC29)
 460 02e0 80E0      		ldi r24,lo8(buff)
 461 02e2 90E0      		ldi r25,hi8(buff)
 462 02e4 0E94 0000 		call strstr
 463 02e8 892B      		or r24,r25
 464 02ea 81F0      		breq .L33
 465 02ec 60E0      		ldi r22,lo8(.LC30)
 466 02ee 70E0      		ldi r23,hi8(.LC30)
 467               	.L65:
 468 02f0 8091 0000 		lds r24,sostream
 469 02f4 9091 0000 		lds r25,(sostream)+1
 470 02f8 0E94 0000 		call NutPrintString
 471 02fc 8091 0000 		lds r24,sostream
 472 0300 9091 0000 		lds r25,(sostream)+1
 473 0304 0E94 0000 		call NutPrintFlush
 474 0308 4E01      		movw r8,r28
 475 030a B4CF      		rjmp .L22
 476               	.L33:
 477 030c 60E0      		ldi r22,lo8(.LC31)
 478 030e 70E0      		ldi r23,hi8(.LC31)
 479 0310 80E0      		ldi r24,lo8(buff)
 480 0312 90E0      		ldi r25,hi8(buff)
 481 0314 0E94 0000 		call strstr
 482 0318 892B      		or r24,r25
 483 031a 19F0      		breq .L35
 484 031c 60E0      		ldi r22,lo8(.LC32)
 485 031e 70E0      		ldi r23,hi8(.LC32)
 486 0320 E7CF      		rjmp .L65
 487               	.L35:
 488 0322 8E01      		movw r16,r28
 489 0324 60E0      		ldi r22,lo8(.LC33)
 490 0326 70E0      		ldi r23,hi8(.LC33)
 491 0328 80E0      		ldi r24,lo8(buff)
 492 032a 90E0      		ldi r25,hi8(buff)
 493 032c 0E94 0000 		call strstr
 494 0330 892B      		or r24,r25
 495 0332 11F0      		breq .L38
 496 0334 01E0      		ldi r16,lo8(1)
 497 0336 10E0      		ldi r17,hi8(1)
 498               	.L38:
 499 0338 CE01      		movw r24,r28
 500 033a 8114      		cp r8,__zero_reg__
 501 033c 9104      		cpc r9,__zero_reg__
 502 033e 11F4      		brne .L39
 503 0340 81E0      		ldi r24,lo8(1)
 504 0342 90E0      		ldi r25,hi8(1)
 505               	.L39:
GAS LISTING C:\WINDOWS\TEMP/ccTE4cgb.s 			page 12


 506 0344 0823      		and r16,r24
 507 0346 1923      		and r17,r25
 508 0348 012B      		or r16,r17
 509 034a E9F0      		breq .L37
 510 034c 60E0      		ldi r22,lo8(.LC34)
 511 034e 70E0      		ldi r23,hi8(.LC34)
 512 0350 80E0      		ldi r24,lo8(buff)
 513 0352 90E0      		ldi r25,hi8(buff)
 514 0354 0E94 0000 		call strstr
 515 0358 892B      		or r24,r25
 516 035a 91F0      		breq .L40
 517 035c 60E0      		ldi r22,lo8(.LC35)
 518 035e 70E0      		ldi r23,hi8(.LC35)
 519 0360 8091 0000 		lds r24,sostream
 520 0364 9091 0000 		lds r25,(sostream)+1
 521 0368 0E94 0000 		call NutPrintString
 522 036c 8091 0000 		lds r24,sostream
 523 0370 9091 0000 		lds r25,(sostream)+1
 524 0374 0E94 0000 		call NutPrintFlush
 525 0378 21E0      		ldi r18,lo8(1)
 526 037a 822E      		mov r8,r18
 527 037c 912C      		mov r9,__zero_reg__
 528 037e 7ACF      		rjmp .L22
 529               	.L40:
 530 0380 60E0      		ldi r22,lo8(.LC36)
 531 0382 70E0      		ldi r23,hi8(.LC36)
 532 0384 6BCF      		rjmp .L64
 533               	.L37:
 534 0386 8E01      		movw r16,r28
 535 0388 60E0      		ldi r22,lo8(.LC37)
 536 038a 70E0      		ldi r23,hi8(.LC37)
 537 038c 80E0      		ldi r24,lo8(buff)
 538 038e 90E0      		ldi r25,hi8(buff)
 539 0390 0E94 0000 		call strstr
 540 0394 892B      		or r24,r25
 541 0396 11F0      		breq .L44
 542 0398 01E0      		ldi r16,lo8(1)
 543 039a 10E0      		ldi r17,hi8(1)
 544               	.L44:
 545 039c CE01      		movw r24,r28
 546 039e 21E0      		ldi r18,lo8(1)
 547 03a0 8216      		cp r8,r18
 548 03a2 9104      		cpc r9,__zero_reg__
 549 03a4 09F4      		brne _PC_+2
 550 03a6 5AC0      		rjmp .L68
 551               	.L45:
 552 03a8 0823      		and r16,r24
 553 03aa 1923      		and r17,r25
 554 03ac 012B      		or r16,r17
 555 03ae E9F0      		breq .L43
 556 03b0 60E0      		ldi r22,lo8(.LC26)
 557 03b2 70E0      		ldi r23,hi8(.LC26)
 558 03b4 80E0      		ldi r24,lo8(buff)
 559 03b6 90E0      		ldi r25,hi8(buff)
 560 03b8 0E94 0000 		call strstr
 561 03bc 892B      		or r24,r25
 562 03be 91F0      		breq .L46
GAS LISTING C:\WINDOWS\TEMP/ccTE4cgb.s 			page 13


 563 03c0 60E0      		ldi r22,lo8(.LC38)
 564 03c2 70E0      		ldi r23,hi8(.LC38)
 565 03c4 8091 0000 		lds r24,sostream
 566 03c8 9091 0000 		lds r25,(sostream)+1
 567 03cc 0E94 0000 		call NutPrintString
 568 03d0 8091 0000 		lds r24,sostream
 569 03d4 9091 0000 		lds r25,(sostream)+1
 570 03d8 0E94 0000 		call NutPrintFlush
 571 03dc 92E0      		ldi r25,lo8(2)
 572 03de 892E      		mov r8,r25
 573 03e0 912C      		mov r9,__zero_reg__
 574 03e2 48CF      		rjmp .L22
 575               	.L46:
 576 03e4 60E0      		ldi r22,lo8(.LC39)
 577 03e6 70E0      		ldi r23,hi8(.LC39)
 578 03e8 39CF      		rjmp .L64
 579               	.L43:
 580 03ea 8E01      		movw r16,r28
 581 03ec 60E0      		ldi r22,lo8(.LC40)
 582 03ee 70E0      		ldi r23,hi8(.LC40)
 583 03f0 80E0      		ldi r24,lo8(buff)
 584 03f2 90E0      		ldi r25,hi8(buff)
 585 03f4 0E94 0000 		call strstr
 586 03f8 892B      		or r24,r25
 587 03fa 11F0      		breq .L50
 588 03fc 01E0      		ldi r16,lo8(1)
 589 03fe 10E0      		ldi r17,hi8(1)
 590               	.L50:
 591 0400 CE01      		movw r24,r28
 592 0402 22E0      		ldi r18,lo8(2)
 593 0404 8216      		cp r8,r18
 594 0406 9104      		cpc r9,__zero_reg__
 595 0408 31F1      		breq .L69
 596               	.L51:
 597 040a 0823      		and r16,r24
 598 040c 1923      		and r17,r25
 599 040e 012B      		or r16,r17
 600 0410 29F0      		breq .L49
 601 0412 C1E0      		ldi r28,lo8(1)
 602 0414 D0E0      		ldi r29,hi8(1)
 603 0416 60E0      		ldi r22,lo8(.LC41)
 604 0418 70E0      		ldi r23,hi8(.LC41)
 605 041a 20CF      		rjmp .L64
 606               	.L49:
 607 041c 60E0      		ldi r22,lo8(.LC42)
 608 041e 70E0      		ldi r23,hi8(.LC42)
 609 0420 80E0      		ldi r24,lo8(buff)
 610 0422 90E0      		ldi r25,hi8(buff)
 611 0424 0E94 0000 		call strstr
 612 0428 892B      		or r24,r25
 613 042a 91F0      		breq .L53
 614 042c 60E0      		ldi r22,lo8(.LC43)
 615 042e 70E0      		ldi r23,hi8(.LC43)
 616 0430 8091 0000 		lds r24,sostream
 617 0434 9091 0000 		lds r25,(sostream)+1
 618 0438 0E94 0000 		call NutPrintString
 619 043c 8091 0000 		lds r24,sostream
GAS LISTING C:\WINDOWS\TEMP/ccTE4cgb.s 			page 14


 620 0440 9091 0000 		lds r25,(sostream)+1
 621 0444 0E94 0000 		call NutPrintFlush
 622 0448 81E0      		ldi r24,lo8(1)
 623 044a A82E      		mov r10,r24
 624 044c B12C      		mov r11,__zero_reg__
 625 044e 12CF      		rjmp .L22
 626               	.L53:
 627 0450 60E0      		ldi r22,lo8(.LC44)
 628 0452 70E0      		ldi r23,hi8(.LC44)
 629 0454 03CF      		rjmp .L64
 630               	.L69:
 631 0456 81E0      		ldi r24,lo8(1)
 632 0458 90E0      		ldi r25,hi8(1)
 633 045a D7CF      		rjmp .L51
 634               	.L68:
 635 045c C401      		movw r24,r8
 636 045e A4CF      		rjmp .L45
 637               	.L59:
 638 0460 4FEF      		ldi r20,lo8(1023)
 639 0462 53E0      		ldi r21,hi8(1023)
 640 0464 60E0      		ldi r22,lo8(buff)
 641 0466 70E0      		ldi r23,hi8(buff)
 642 0468 8091 0000 		lds r24,sock
 643 046c 9091 0000 		lds r25,(sock)+1
 644 0470 0E94 0000 		call NutTcpReceive
 645 0474 60E0      		ldi r22,lo8(.LC45)
 646 0476 70E0      		ldi r23,hi8(.LC45)
 647 0478 80E0      		ldi r24,lo8(buff)
 648 047a 90E0      		ldi r25,hi8(buff)
 649 047c 0E94 0000 		call strstr
 650 0480 892B      		or r24,r25
 651 0482 71F3      		breq .L59
 652 0484 80E0      		ldi r24,lo8(buff)
 653 0486 90E0      		ldi r25,hi8(buff)
 654 0488 0E94 0000 		call NutKPrintString
 655 048c 80E0      		ldi r24,lo8(.LC46)
 656 048e 90E0      		ldi r25,hi8(.LC46)
 657 0490 0E94 0000 		call NutKPrintString
 658 0494 60E0      		ldi r22,lo8(.LC47)
 659 0496 70E0      		ldi r23,hi8(.LC47)
 660 0498 8091 0000 		lds r24,sostream
 661 049c 9091 0000 		lds r25,(sostream)+1
 662 04a0 0E94 0000 		call NutPrintString
 663 04a4 8091 0000 		lds r24,sostream
 664 04a8 9091 0000 		lds r25,(sostream)+1
 665 04ac 0E94 0000 		call NutPrintFlush
 666 04b0 80E0      		ldi r24,lo8(buff)
 667 04b2 90E0      		ldi r25,hi8(buff)
 668 04b4 0E94 0000 		call checkcommand
 669 04b8 C0E0      		ldi r28,lo8(0)
 670 04ba D0E0      		ldi r29,hi8(0)
 671 04bc DBCE      		rjmp .L22
 672               	.L66:
 673 04be 80E0      		ldi r24,lo8(.LC14)
 674 04c0 90E0      		ldi r25,hi8(.LC14)
 675 04c2 0E94 0000 		call NutKPrintString
 676 04c6 36CE      		rjmp .L14
GAS LISTING C:\WINDOWS\TEMP/ccTE4cgb.s 			page 15


 677               	/* epilogue: frame size=0 */
 678               	/* epilogue: noreturn */
 679               	/* epilogue end (size=0) */
 680               	/* function NutMain size 522 (522) */
 681               	.Lfe2:
 682               		.size	NutMain,.Lfe2-NutMain
 683               		.lcomm buff,1024
 684               		.comm uart0,2,1
 685               		.comm sock,2,1
 686               		.comm sostream,2,1
 687               		.comm rip,4,1
 688               	/* File "mailserv.c": code  613 = 0x0265 ( 608), prologues   2, epilogues   3 */
GAS LISTING C:\WINDOWS\TEMP/ccTE4cgb.s 			page 16


DEFINED SYMBOLS
                            *ABS*:00000000 mailserv.c
                            *ABS*:0000003f __SREG__
                            *ABS*:0000003e __SP_H__
                            *ABS*:0000003d __SP_L__
                            *ABS*:00000000 __tmp_reg__
                            *ABS*:00000001 __zero_reg__
                            *ABS*:00000002 _PC_
C:\WINDOWS\TEMP/ccTE4cgb.s:14     .data:00000000 my_mac
C:\WINDOWS\TEMP/ccTE4cgb.s:24     .data:00000006 baud
C:\WINDOWS\TEMP/ccTE4cgb.s:29     .data:0000000a lport
C:\WINDOWS\TEMP/ccTE4cgb.s:34     .data:0000000c rport
C:\WINDOWS\TEMP/ccTE4cgb.s:55     .text:00000000 checkcommand
C:\WINDOWS\TEMP/ccTE4cgb.s:231    .text:000000b6 NutMain
                            *COM*:00000002 uart0
                            *COM*:00000004 rip
                            *COM*:00000002 sock
                            *COM*:00000002 sostream
                             .bss:00000000 buff
                            *ABS*:00000000 *ABS*

UNDEFINED SYMBOLS
__do_copy_data
__do_clear_bss
strstr
NutKPrintString
NutSleep
devUart0
NutRegisterDevice
NutDeviceOpen
NutDeviceIOCtl
devEth0
inet_addr
NutNetIfConfig
NutIpRouteAdd
NutDnsConfig
NutDnsGetHostByName
NutTcpCreateSocket
NutSoStreamCreate
NutTcpAccept
NutPrintString
NutPrintFlush
NutDeviceGetLine
strupr
NutSoStreamDestroy
NutTcpCloseSocket
NutTcpReceive
