!"ADMINISTRATOR"."COURSESTRUCTURE"!tab1.ixf!tab1.msg!
!"ADMINISTRATOR"."COST"!tab2.ixf!tab2.msg!
!"ADMINISTRATOR"."DEGREE"!tab3.ixf!tab3.msg!
!"ADMINISTRATOR"."COURSEUNIT"!tab4.ixf!tab4.msg!
!"ADMINISTRATOR"."DEBT"!tab5.ixf!tab5.msg!
!"ADMINISTRATOR"."DEPARTMENT"!tab6.ixf!tab6.msg!
!"ADMINISTRATOR"."FACULTY"!tab7.ixf!tab7.msg!
!"ADMINISTRATOR"."LOCATION"!tab8.ixf!tab8.msg!
!"ADMINISTRATOR"."MAJOR"!tab9.ixf!tab9.msg!
!"ADMINISTRATOR"."MINOR"!tab10.ixf!tab10.msg!
!"ADMINISTRATOR"."OCCUPATION"!tab11.ixf!tab11.msg!
!"ADMINISTRATOR"."PAYMENT"!tab12.ixf!tab12.msg!
!"ADMINISTRATOR"."PLAN"!tab13.ixf!tab13.msg!
!"ADMINISTRATOR"."PRENAME"!tab14.ixf!tab14.msg!
!"ADMINISTRATOR"."PREREQUISITE"!tab15.ixf!tab15.msg!
!"ADMINISTRATOR"."PROFESSOR"!tab16.ixf!tab16.msg!
!"ADMINISTRATOR"."REGISTERTYPE"!tab17.ixf!tab17.msg!
!"ADMINISTRATOR"."REGISTRAR"!tab18.ixf!tab18.msg!
!"ADMINISTRATOR"."REGISTRATION"!tab19.ixf!tab19.msg!
!"ADMINISTRATOR"."SCHEDULE"!tab20.ixf!tab20.msg!
!"ADMINISTRATOR"."SCHOLAR"!tab21.ixf!tab21.msg!
!"ADMINISTRATOR"."SCHOLARSHIP"!tab22.ixf!tab22.msg!
!"ADMINISTRATOR"."SCHOLARSHIPGROUP"!tab23.ixf!tab23.msg!
!"ADMINISTRATOR"."SECTION"!tab24.ixf!tab24.msg!
!"ADMINISTRATOR"."SEMESTER"!tab25.ixf!tab25.msg!
!"ADMINISTRATOR"."STUDENT"!tab26.ixf!tab26.msg!
!"ADMINISTRATOR"."SUBJECT"!tab27.ixf!tab27.msg!
!"ADMINISTRATOR"."SUBJECTGROUP"!tab28.ixf!tab28.msg!
!"ADMINISTRATOR"."SUPPORT"!tab29.ixf!tab29.msg!
!"ADMINISTRATOR"."TEACH"!tab30.ixf!tab30.msg!
!"ADMINISTRATOR"."THESIS"!tab31.ixf!tab31.msg!
!"ADMINISTRATOR"."THESISPROFESSOR"!tab32.ixf!tab32.msg!
!"ADMINISTRATOR"."APPOINTMENT"!tab33.ixf!tab33.msg!
