******************************************************************************
          TMS320C6x COFF Linker PC Version 4.32                
******************************************************************************
>> Linked Sat Mar 05 16:24:07 2005

OUTPUT FILE NAME:   <./Debug/test_r2mfg.out>
ENTRY POINT SYMBOL: "_c_int00"  address: 000017a0


MEMORY CONFIGURATION

                  name            origin    length      used    attr    fill
         ----------------------  --------  ---------  --------  ----  --------
         IRAM                    00000000   00030000  00013e76  RWIX
         CACHE_L2                00030000   00010000  00000000  RWIX
         SDRAM                   80000000   01000000  00008000  RWIX


SECTION ALLOCATION MAP

 output                                  attributes/
section   page    origin      length       input sections
--------  ----  ----------  ----------   ----------------
.SDRAM$heap 
*          0    80000000    00008000     UNINITIALIZED

.sysdata   0    00000000    00000000     UNINITIALIZED

.cio       0    00000000    00000000     UNINITIALIZED

.prd       0    00000000    00000000     UNINITIALIZED

.gio       0    00000000    00000000     UNINITIALIZED

.sysregs   0    00000000    00000000     UNINITIALIZED

.data      0    00000000    00000000     UNINITIALIZED

frt        0    00000000    00000000     UNINITIALIZED

.hwi       0    00000000    00000000     UNINITIALIZED

.dsm       0    00000000    00000000     UNINITIALIZED

.hwi_vec   0    00000000    00000200     
                  00000000    00000200     konfigcfg.obj (.hwi_vec)

.clk       0    00000200    0000000c     UNINITIALIZED
                  00000200    0000000c     konfigcfg.obj (.clk)

.swi       0    0000020c    00000058     UNINITIALIZED
                  0000020c    00000058     konfigcfg.obj (.swi)

.idl       0    00000264    00000020     UNINITIALIZED
                  00000264    00000010     konfigcfg.obj (.idl)
                  00000274    00000010     konfigcfg.obj (.idlcal)

.bss       0    00000284    00000ff8     UNINITIALIZED
                  00000284    00000b30     main.obj (.bss)
                  00000db4    00000134     biosi.a62 : biosdata.o62 (.bss)
                  00000ee8    00000100               : hwi_disp_asm.o6 (.bss)
                  00000fe8    000000e0               : knl_inst.o62 (.bss)
                  000010c8    0000009c     konfigcfg.obj (.bss)
                  00001164    00000040     biosi.a62 : knl_inst.o62 (.bss:c)
                  000011a4    00000038               : tsk_inst.o62 (.bss)
                  000011dc    00000024               : tsk_stup_inst.o (.bss)
                  00001200    00000020               : sys_inst.o62 (.bss)
                  00001220    00000018     lnkrtdx.a62 : rtdx.o62 (.bss)
                  00001238    00000010     biosi.a62 : knl_tick_inst.o (.bss)
                  00001248    00000008               : gbl.o62 (.bss:c)
                  00001250    00000008               : clk_start6x.o62 (.bss)
                  00001258    00000008               : tsk_inst.o62 (.bss:c)
                  00001260    00000008               : sys_inst.o62 (.bss:c)
                  00001268    00000008               : hwi.o62 (.bss)
                  00001270    00000004               : gbl_cslinit62.o (.bss)
                  00001274    00000004               : mem_asm.o62 (.bss)
                  00001278    00000004               : idl_busy.o62 (.bss)

.far       0    0000127c    00000248     UNINITIALIZED
                  0000127c    000000f4     csl6713.lib : csl_irq.obj (.far)
                  00001370    0000008c     rts6700.lib : exit.obj (.far)
                  000013fc    00000040     r2mfg_kasatka.l67 : r2mfg.o67 (.far)
                  0000143c    00000028     csl6713.lib : csl.obj (.far)
                  00001464    00000024                 : csl_timer.obj (.far)
                  00001488    00000014     rtdx.lib : buffer1.obj (.far)
                  0000149c    00000010     algrf.l62 : algrf_setup.o62 (.far)
                  000014ac    0000000c     biosi.a62 : utl_putc_inst.o (.far)
                  000014b8    00000008     rts6700.lib : _lock.obj (.far)
                  000014c0    00000004     csl6713.lib : csl_cache.obj (.far)

.mem       0    000014c4    00000004     UNINITIALIZED
                  000014c4    00000004     konfigcfg.obj (.mem)

.trcdata   0    000014c8    0000000c     
                  000014c8    0000000c     konfigcfg.obj (.trcdata)

.pinit     0    000014d4    0000000c     
                  000014d4    00000004     rtdx.lib : rtdx_mon.obj (.pinit)
                  000014d8    00000004              : buffer1.obj (.pinit)
                  000014dc    00000004     --HOLE-- [fill = 0]

.sysinit   0    000014e0    000003a0     
                  000014e0    000002c0     konfigcfg.obj (.sysinit)
                  000017a0    000000e0     biosi.a62 : boot.o62 (.sysinit)

.gblinit   0    00001880    00000028     
                  00001880    00000028     konfigcfg.obj (.gblinit)

.stack     0    000018a8    00000400     
                  000018a8    00000400     --HOLE-- [fill = 00c0ffee]

.cinit     0    00001ca8    0000179c     
                  00001ca8    00000916     main.obj (.cinit)
                  000025be    00000002     --HOLE-- [fill = 0]
                  000025c0    00000604     konfigcfg.obj (.cinit)
                  00002bc4    00000004     --HOLE-- [fill = 0]
                  00002bc8    000002dc     biosi.a62 : biosdata.o62 (.cinit)
                  00002ea4    00000004     --HOLE-- [fill = 0]
                  00002ea8    0000012c     csl6713.lib : csl_irq.obj (.cinit)
                  00002fd4    00000004     --HOLE-- [fill = 0]
                  00002fd8    000000a8     biosi.a62 : knl_inst.o62 (.cinit)
                  00003080    0000005c     lnkrtdx.a62 : rtdx.o62 (.cinit)
                  000030dc    00000004     --HOLE-- [fill = 0]
                  000030e0    00000050     r2mfg_kasatka.l67 : r2mfg.o67 (.cinit)
                  00003130    0000004c     csl6713.lib : csl_timer.obj (.cinit)
                  0000317c    00000004     --HOLE-- [fill = 0]
                  00003180    0000004c     biosi.a62 : tsk_inst.o62 (.cinit)
                  000031cc    00000004     --HOLE-- [fill = 0]
                  000031d0    0000004c               : rta.o62 (.cinit)
                  0000321c    00000004     --HOLE-- [fill = 0]
                  00003220    00000048               : knl_inst.o62 (.cinit:c)
                  00003268    0000003c     csl6713.lib : csl.obj (.cinit)
                  000032a4    00000004     --HOLE-- [fill = 0]
                  000032a8    0000002c     biosi.a62 : tsk_stup_inst.o (.cinit)
                  000032d4    00000004     --HOLE-- [fill = 0]
                  000032d8    0000002c               : utl_putc_inst.o (.cinit)
                  00003304    00000004     --HOLE-- [fill = 0]
                  00003308    0000002c     algrf.l62 : algrf_setup.o62 (.cinit)
                  00003334    00000004     --HOLE-- [fill = 0]
                  00003338    0000002c     rts6700.lib : exit.obj (.cinit)
                  00003364    00000004     --HOLE-- [fill = 0]
                  00003368    0000001c                 : _lock.obj (.cinit)
                  00003384    00000004     --HOLE-- [fill = 0]
                  00003388    0000001c     biosi.a62 : hwi.o62 (.cinit)
                  000033a4    00000004     --HOLE-- [fill = 0]
                  000033a8    00000018               : knl_tick_inst.o (.cinit)
                  000033c0    00000010               : sys_inst.o62 (.cinit:c)
                  000033d0    00000010               : clk_start6x.o62 (.cinit)
                  000033e0    00000010               : gbl.o62 (.cinit:c)
                  000033f0    00000010               : tsk_inst.o62 (.cinit:c)
                  00003400    0000000c     rtdx.lib : buffer1.obj (.cinit)
                  0000340c    00000004     --HOLE-- [fill = 0]
                  00003410    0000000c     biosi.a62 : idl_busy.o62 (.cinit)
                  0000341c    00000004     --HOLE-- [fill = 0]
                  00003420    0000000c               : knl_swit_inst.o (.cinit)
                  0000342c    00000004     --HOLE-- [fill = 0]
                  00003430    0000000c     csl6713.lib : csl_cache.obj (.cinit)
                  0000343c    00000008     --HOLE-- [fill = 0]

.const     0    00003444    0000006e     
                  00003444    00000020     csl6713.lib : csl_cache.obj (.const)
                  00003464    00000023     biosi.a62 : utl_doab_inst.o (.const)
                  00003487    00000022               : utl_doer_inst.o (.const)
                  000034a9    00000004               : mem_free_inst.o (.const)
                  000034ad    00000004               : mem_allo_inst.o (.const)
                  000034b1    00000001               : tsk_inst.o62 (.const)

.switch    0    000034b4    0000002c     
                  000034b4    0000002c     rtdx.lib : rtdx_mon.obj (.switch)

.text      0    000034e0    00002a20     
                  000034e0    00000460     algrf.l62 : algrf_cre.o62 (.text:create)
                  00003940    00000320     main.obj (.text)
                  00003c60    00000320     r2mfg_kasatka.l67 : r2mfg.o67 (.text)
                  00003f80    000002a0     csl6713.lib : csl_cache.obj (.text:_CACHE_wait)
                  00004220    00000240     rts6700.lib : memcpy62.obj (.text)
                  00004460    00000220     csl6713.lib : csl_cache.obj (.text:_CACHE_setL2Mode)
                  00004680    00000220     rts6700.lib : exit.obj (.text)
                  000048a0    000001e0     biosi.a62 : gbl_cslpllinit6 (.text)
                  00004a80    000001c0     csl6713.lib : csl.obj (.text:__CSL_init)
                  00004c40    000001c0     r2mfg.l67 : r2mfg.obj (.text)
                  00004e00    00000160     csl6713.lib : csl_timer.obj (.text:_TIMER_open)
                  00004f60    00000140     r2mfg_kasatka.l67 : r2mfg.o67 (.text:algInit)
                  000050a0    00000140     csl6713.lib : csl_cache.obj (.text:_CACHE_clean)
                  000051e0    00000120                 : csl_timer.obj (.text:_TIMER_reset)
                  00005300    00000120                 : csl_irq.obj (.text:_mux2Tables)
                  00005420    00000120     rts6700.lib : divi.obj (.text)
                  00005540    00000100     algrf.l62 : algrf_del.o62 (.text:delete)
                  00005640    000000e0     csl6713.lib : csl_cache.obj (.text:_CACHE_wbInvL1d)
                  00005720    000000e0     rts6700.lib : strasg.obj (.text)
                  00005800    000000c0     csl6713.lib : csl_irq.obj (.text:_getMux)
                  000058c0    000000a0     rts6700.lib : remu.obj (.text)
                  00005960    00000080     r2mfg_kasatka.l67 : r2mfg.o67 (.text:algFree)
                  000059e0    00000080     algrf.l62 : algrf_setup.o62 (.text:setup)
                  00005a60    00000080     csl6713.lib : csl_irq.obj (.text:__IRQ_init)
                  00005ae0    00000060                 : csl_timer.obj (.text:_TIMER_configArgs)
                  00005b40    00000060     r2mfg_kasatka.l67 : r2mfg.o67 (.text:algAlloc)
                  00005ba0    00000060     algrf.l62 : algrf_control.o (.text:control)
                  00005c00    00000040     rts6700.lib : _lock.obj (.text)
                  00005c40    00000040     algrf.l62 : algrf_deactivat (.text:deactivate)
                  00005c80    00000040     r2mfg_kasatka.l67 : r2mfg.o67 (.text:algMoved)
                  00005cc0    00000040     csl6713.lib : csl_irq.obj (.text:_IRQ_enable)
                  00005d00    00000040     algrf.l62 : algrf_activate. (.text:activate)
                  00005d40    00000040     csl6713.lib : csl_timer.obj (.text:_TIMER_start)
                  00005d80    00000020                 : csl_irq.obj (.text)
                  00005da0    00000020     r2mfg_kasatka.l67 : r2mfg.o67 (.text:exit)
                  00005dc0    00000020                       : r2mfg.o67 (.text:algControl)
                  00005de0    00000020                       : r2mfg.o67 (.text:algDeactivate)
                  00005e00    00000020     konfigcfg_c.obj (.text:CSL_cfgInit)
                  00005e20    00000020     r2mfg_kasatka.l67 : r2mfg.o67 (.text:algActivate)
                  00005e40    00000020     r2mfg.l67 : r2mfg.obj (.text:control)
                  00005e60    00000020               : r2mfg.obj (.text:exit)
                  00005e80    00000020               : r2mfg.obj (.text:init)
                  00005ea0    00000020     r2mfg_kasatka.l67 : r2mfg.o67 (.text:init)
                  00005ec0    00000020     r2mfg.l67 : r2mfg.obj (.text:create)
                  00005ee0    00000020               : r2mfg.obj (.text:delete)

.bios      0    00005f00    00004380     
                  00005f00    000006e0     biosi.a62 : swi.o62 (.bios)
                  000065e0    00000540     lnkrtdx.a62 : rtdx.o62 (.bios)
                  00006b20    00000420     biosi.a62 : hwi_disp_asm.o6 (.bios)
                  00006f40    00000320               : prd.o62 (.bios)
                  00007260    000002a0               : sem_pend_inst.o (.bios)
                  00007500    000002a0               : knl_run_inst.o6 (.bios)
                  000077a0    00000280               : rta.o62 (.bios)
                  00007a20    00000280               : mem_allo_inst.o (.bios:.near)
                  00007ca0    00000260               : knl_tick_inst.o (.bios)
                  00007f00    00000240               : mem_free_inst.o (.bios:.near)
                  00008140    00000220               : pip.o62 (.bios)
                  00008360    00000220               : clk.o62 (.bios)
                  00008580    00000200               : sem_dopo_inst.o (.bios)
                  00008780    00000200               : tsk_setu_inst.o (.bios)
                  00008980    000001e0               : tsk_exit_inst.o (.bios)
                  00008b60    000001c0               : knl_swit_inst.o (.bios)
                  00008d20    000001a0               : autoinit.o62 (.bios)
                  00008ec0    00000120               : tsk_stup_inst.o (.bios)
                  00008fe0    00000100               : idl_cal.o62 (.bios)
                  000090e0    00000100               : knl_chec_inst.o (.bios)
                  000091e0    00000100               : gbl_cslcacheini (.bios)
                  000092e0    00000100               : knl_exit_inst.o (.bios)
                  000093e0    000000e0               : sem_post_asm_in (.bios)
                  000094c0    000000e0               : sem_post_inst.o (.bios)
                  000095a0    000000c0               : sys_exit_inst.o (.bios)
                  00009660    000000c0               : lck_inst.o62 (.bios)
                  00009720    000000c0               : mem_vall_inst.o (.bios:.near)
                  000097e0    000000c0               : mem_init_inst.o (.bios:.near)
                  000098a0    000000c0               : knl_post_inst.o (.bios)
                  00009960    000000a0               : atm_inst.o62 (.bios)
                  00009a00    000000a0               : knl_ipos_inst.o (.bios)
                  00009aa0    000000a0               : clk_start6x.o62 (.bios)
                  00009b40    00000080               : fxn.o62 (.bios)
                  00009bc0    00000080               : log.o62 (.bios)
                  00009c40    00000080               : idl_busy.o62 (.bios)
                  00009cc0    00000080               : swi_dec.o62 (.bios)
                  00009d40    00000080               : gbl_cslinit62.o (.bios)
                  00009dc0    00000060               : sys_erro_inst.o (.bios:.near)
                  00009e20    00000060               : trc_c.o62 (.bios)
                  00009e80    00000060               : utl_putc_inst.o (.bios)
                  00009ee0    00000060               : utl_doab_inst.o (.bios)
                  00009f40    00000060               : sts.o62 (.bios)
                  00009fa0    00000060               : tsk_init_inst.o (.bios)
                  0000a000    00000060               : sem_pend_asm_in (.bios)
                  0000a060    00000060               : que_get_inst.o6 (.bios)
                  0000a0c0    00000040               : idl_stub_inst.o (.bios)
                  0000a100    00000040               : swi_post.o62 (.bios)
                  0000a140    00000040               : clk_gethtime.o6 (.bios)
                  0000a180    00000040               : rta_andn.o62 (.bios)
                  0000a1c0    00000020               : utl_doer_inst.o (.bios)
                  0000a1e0    00000020               : gbl_vers.o62 (.bios)
                  0000a200    00000020               : idl.o62 (.bios)
                  0000a220    00000020               : fxn_c.o62 (.bios)
                  0000a240    00000020               : sts_set.o62 (.bios)
                  0000a260    00000020               : utl_halt_inst.o (.bios)

.trace     0    0000a280    00000200     
                  0000a280    00000200     --HOLE-- [fill = 00000000]

.args      0    0000a480    00000004     
                  0000a480    00000004     --HOLE-- [fill = 00000000]

.rtdx_data 
*          0    0000a484    00000438     UNINITIALIZED
                  0000a484    00000410     konfigcfg.obj (.rtdx_data)
                  0000a894    0000001c     rtdx.lib : rtdx_mon.obj (.rtdx_data)
                  0000a8b0    0000000c              : buffer1.obj (.rtdx_data)

.rtdx_text 
*          0    0000a8c0    00000de0     
                  0000a8c0    000007a0     rtdx.lib : rtdx_mon.obj (.rtdx_text)
                  0000b060    00000580              : buffer1.obj (.rtdx_text)
                  0000b5e0    00000080              : buffer2.obj (.rtdx_text)
                  0000b660    00000040              : intr_tgt.obj (.rtdx_text)

.hst       0    0000b6a0    0000002c     UNINITIALIZED
                  0000b6a0    0000002c     konfigcfg.obj (.hst)

.hst1      0    0000b6cc    00000010     UNINITIALIZED
                  0000b6cc    00000010     konfigcfg.obj (.hst1)

.hst0      0    0000b6dc    00000100     UNINITIALIZED
                  0000b6dc    00000100     konfigcfg.obj (.hst0)

.tsk       0    0000b7dc    00000060     UNINITIALIZED
                  0000b7dc    00000060     konfigcfg.obj (.tsk)

.TSK_idle$stk 
*          0    0000b840    00000400     UNINITIALIZED
                  0000b840    00000400     konfigcfg.obj (.TSK_idle$stk)

.log       0    0000bc40    00000018     
                  0000bc40    00000018     konfigcfg.obj (.log)

.sts       0    0000bc58    00000050     
                  0000bc58    00000050     konfigcfg.obj (.sts)

.sys       0    0000bca8    00000010     UNINITIALIZED
                  0000bca8    00000010     konfigcfg.obj (.sys)

.LOG_system$buf 
*          0    0000bd00    00000100     
                  0000bd00    00000100     konfigcfg.obj (.LOG_system$buf) [fill = ffffffff]

.pip       0    0000be00    000000c8     UNINITIALIZED
                  0000be00    000000c8     konfigcfg.obj (.pip)

.IRAM$heap 
*          0    0000bec8    00008000     UNINITIALIZED


GLOBAL SYMBOLS: SORTED ALPHABETICALLY BY Name 

address    name
--------   ----
00000284   $bss
00000284   .bss
00000000   .data
000034e0   .text
0000169c   BIOS$$CLKOFF
0000166c   BIOS$$CLKON
000014e0   BIOS_init
000016fc   BIOS_start
00000000   BUF$
00000001   BUF_ENABLED
00004894   C$$EXIT
ffffffff   CACHE_L2
00000001   CLK$
00000204   CLK0
00000200   CLK_A_TABBEG
0000020c   CLK_A_TABEND
0000000c   CLK_A_TABLEN
0000dbba   CLK_COUNTSPMS
00000000   CLK_COUNTSPMSHIGH
00000ddc   CLK_D_idletime
00000dd8   CLK_D_isrhook
00000dd4   CLK_D_tabbeg
00000dd0   CLK_D_timefxn
00008360   CLK_F_getfhtime
00008380   CLK_F_gethtime
000083f4   CLK_F_getltime
00008380   CLK_F_getshtime
00008400   CLK_F_isr
0000853c   CLK_F_itime
00006b20   CLK_HOOKFXN
00004000   CLK_INTBIT
0000dbba   CLK_PRD
00000000   CLK_PRDHIGH
01940000   CLK_REGS
00000dcc   CLK_R_time
00000020   CLK_TCR
00000000   CLK_TDDR
00000000   CLK_TDDRHIGH
00008380   CLK_TIMEFXN
00000000   CLK_TIMERNUM
00000001   CLK_USETIMER
00000208   CLK_null
00000000   DEV$
00000000   DGN$
00000000   DHL$
00000000   DHL_gChannelsAvailable
00000000   DIO$
00000000   DIO_NUMSWIBASE
00000000   DIO_NUMTSKBASE
00000000   DIO_STATIC
00000000   DPI$
00009b40   FXN_F_nop
00009b48   FXN_F_run
00009b98   FXN_F_zero
00000001   GBL$
00000490   GBL_A_VERSION
00000000   GBL_BIGENDIAN
00000000   GBL_C641XL2PRIORITY
00000000   GBL_CACHE
00000001   GBL_CALLCSLCFGINIT
00000001   GBL_ENABLEINST
00000042   GBL_FOOTPRINT
0000a1e0   GBL_F_version
00002226   GBL_L2ALLOC
00000000   GBL_L2CONFIGALLOC
00000001   GBL_L2CONFIGURE
00000001   GBL_L2MARMASK
00000000   GBL_L2MARMASK1
00000000   GBL_L2MARMASK2
00000000   GBL_L2MARMASK3
00000000   GBL_L2MARMASK4
00000000   GBL_L2MARMASK5
00000007   GBL_L2MODE
00000000   GBL_L2PRIORITY
00000000   GBL_NULL
00000000   GBL_ROM
00000001   GBL_SUPPORTCSL
0000dbef   GBL_TRCMASKVALUE
00000001   GBL_USERINIT
000048c8   GBL_USERINITFXN
00000001   GBL_boot
000014d0   GBL_initdone
000018a8   GBL_stackbeg
00001ca7   GBL_stackend
00000000   GIO$
0000a220   GIO_CREATEFXN
0000a220   GIO_DELETEFXN
0000a220   GIO_PENDFXN
0000a220   GIO_POSTFXN
00000000   HOOK$
00000000   HOOK_KNLID
00000001   HST$
0000b6a0   HST_A_TABBEG
0000b6cc   HST_A_TABEND
00000002   HST_A_TABLEN
00000000   HST_DSM
000010e4   HST_DSMBUFSEG
00000400   HST_DSMMEMSIZE
00000ecc   HST_D_chanmask
00000100   HST_MAXFRAMEALLOWED
00000040   HST_MAXFRAMESET
00000000   HST_NONE
00000001   HST_RTDX
00000001   HWI$
00000000   HWI_A_VECS
00001268   HWI_D_ccmask
00006b20   HWI_F_dispatch
00000000   HWI_GENERATE_RESET_VEC
0000000a   HWI_INT10
0000000b   HWI_INT11
0000000c   HWI_INT12
0000000d   HWI_INT13
0000000e   HWI_INT14
0000000f   HWI_INT15
00000004   HWI_INT4
00000005   HWI_INT5
00000006   HWI_INT6
00000007   HWI_INT7
00000008   HWI_INT8
00000009   HWI_INT9
082039a3   HWI_INTRMULTHIGH
310718a4   HWI_INTRMULTLOW
00000001   HWI_NMI
00000000   HWI_POLARITYMASK
00000002   HWI_RESERVED0
00000003   HWI_RESERVED1
00000000   HWI_RESET
00000001   HWI_ZEROTAB
00000001   IDL$
00000274   IDL_A_CALBEG
00000284   IDL_A_CALEND
00000002   IDL_A_CALLEN
00000264   IDL_A_TABBEG
00000274   IDL_A_TABEND
00000002   IDL_A_TABLEN
0000a0c0   IDL_CALIBRFXN
00001278   IDL_D_busyObj
00000dbc   IDL_D_calbeg
00000db8   IDL_D_calibrate
00000db4   IDL_D_tabbeg
00000270   IDL_END
00000280   IDL_END$
00009c40   IDL_F_busy
00008fe0   IDL_F_calibrate
0000a200   IDL_F_loop
0000a0c0   IDL_F_stub
00000001   IDL_USECLKIDLTIME
0000bc8c   IDL_busyObj
0000bc88   IDL_busyObj$stsobj
0000026c   IDL_cpuLoad
0000027c   IDL_cpuLoad$
000010e4   IRAM
0000bec8   IRAM$B
00008000   IRAM$L
00000001   ISRC$
00008ce0   KNL_glue
0000020c   KNL_swi
0000bc5c   KNL_swi$sts
0000bc58   KNL_swi$sts$stsobj
00000001   LCK$
000065e0   LNK_F_checkBufferCall
00006654   LNK_F_dataPump
00006600   LNK_F_getChanPtr
0000664c   LNK_F_init
00006af8   LNK_F_readCallBack
00000264   LNK_dataPump
00000274   LNK_dataPump$
00001224   LNK_dspFrameReadyMask
00001220   LNK_dspFrameRequestMask
000068a8   LNK_newin
000069b8   LNK_newout
00006660   LNK_rcloop
00006710   LNK_rdrtry
0000122c   LNK_readDone
00001230   LNK_readFail
00001228   LNK_readPend
00006718   LNK_rrloop
00001234   LNK_writeFail
000067d8   LNK_wrloop
000067d0   LNK_wrrtry
00000001   LOG$
0000bc40   LOG_A_TABBEG
0000bc58   LOG_A_TABEND
00000001   LOG_A_TABLEN
00000dc0   LOG_D_system
00000001   LOG_ENABLED
00009bc0   LOG_F_event
0000bc40   LOG_system
0000bd00   LOG_system$buf
00000040   LOG_system$size
00000000   MBX$
00000001   MEM$
000010e4   MEM_MALLOCSEG
00000000   MEM_NULL
000010e4   MEM_SEGZERO
00000002   MEM_gNumHeap
00000000   OBJ$
00000000   PIP$
0000be00   PIP_A_TABBEG
0000bec8   PIP_A_TABEND
00000002   PIP_A_TABLEN
00000dc4   PIP_D_tabbeg
00000dc8   PIP_D_tablen
000081d4   PIP_F_give
000081d4   PIP_F_probe
000082a8   PIP_F_start
00008140   PIP_F_take
00000000   PIP_gNextId
00000002   PIP_gNumEmbed
00000001   PRD$
00000000   PRD_A_TABBEG
00000000   PRD_A_TABEND
00000000   PRD_A_TABLEN
00000e88   PRD_D_cur
00000e8c   PRD_D_elapsed
00000e90   PRD_D_prevtim
00000e94   PRD_D_scalar
00000e98   PRD_D_swihandle
00000e9c   PRD_D_tabbeg
00000ea0   PRD_D_tablen
00000ea4   PRD_D_thook
00000e84   PRD_D_tick
00006f40   PRD_F_swi
0000719c   PRD_F_tick
00004000   PRD_SCALAR
00000000   PRD_SWIHANDLE
00007ed8   PRD_THOOKFXN
00000200   PRD_clock
00000001   QUE$
00000ea8   RTA_D_fromHost
00000eb0   RTA_D_logval
00000ec0   RTA_D_stsval
00000eac   RTA_D_toHost
0000a180   RTA_F_andn
00007898   RTA_F_dispatch
000077a0   RTA_F_getlog
000077e4   RTA_F_getsts
0000a1a0   RTA_F_or
0000782c   RTA_F_readblk
00007858   RTA_F_resetmem
0000784c   RTA_F_writeword
00000268   RTA_dispatcher
00000278   RTA_dispatcher$
000078d8   RTA_execute
0000b6a4   RTA_fromHost
0000b6cc   RTA_fromHost$buf
0000be00   RTA_fromHost$pipe
0000be30   RTA_fromHost$pipe$aaa
0000be60   RTA_fromHost$pipe$bbb
000010ec   RTA_fromHost$pipe$dtab
0000be04   RTA_fromHost$pipe$rd
0000be34   RTA_fromHost$pipe$wr
0000b6ac   RTA_fromHost$rtdx
0000b6b8   RTA_toHost
0000b6dc   RTA_toHost$buf
0000be64   RTA_toHost$pipe
0000be94   RTA_toHost$pipe$aaa
0000bec4   RTA_toHost$pipe$bbb
000010f8   RTA_toHost$pipe$dtab
0000be68   RTA_toHost$pipe$rd
0000be98   RTA_toHost$pipe$wr
0000b6c0   RTA_toHost$rtdx
00000001   RTDX$
00000408   RTDX_BUFMEMSIZE
000010e4   RTDX_DATAMEMSEG
00000001   RTDX_USERTDX
00000000   RTDX_USERTEXECUTION
000010e8   SDRAM
80000000   SDRAM$B
00008000   SDRAM$L
00000000   SEM$
00000000   SIO$
00000001   STS$
0000bc58   STS_A_TABBEG
0000bca8   STS_A_TABEND
00000005   STS_A_TABLEN
0000bc9c   STS_CLK
0000bc98   STS_CLK$stsobj
00009f50   STS_F_add
00009f40   STS_F_delta
00009f7c   STS_F_reset
00000001   SWI$
00000238   SWI0
0000bc6c   SWI0$sts
0000bc68   SWI0$sts$stsobj
0000020c   SWI_A_TABBEG
00000264   SWI_A_TABEND
00000002   SWI_A_TABLEN
00000dec   SWI_D_curfxn
00000de0   SWI_D_curmask
00000df0   SWI_D_curmbox
00000de4   SWI_D_curset
00000e08   SWI_D_ehook
00000df8   SWI_D_execaddr
00000e04   SWI_D_ihook
00000df4   SWI_D_lock
00000de8   SWI_D_pending
00000e00   SWI_D_rdybeg
00000e0c   SWI_D_rdytab
00000dfc   SWI_D_runaddr
00000000   SWI_EHOOKFXN
0000619c   SWI_EXECFXN
00005f00   SWI_F_enable
00006124   SWI_F_exec
0000619c   SWI_F_iexec
00005f8c   SWI_F_post
00006370   SWI_F_run
00000000   SWI_IHOOKFXN
00006370   SWI_RUNFXN
00000001   SYS$
0000bca8   SYS$config
00009ee0   SYS_ABORTFXN
0000a1c0   SYS_ERRORFXN
0000a260   SYS_EXITFXN
00009e80   SYS_PUTCFXN
000014cc   TRC_R_mask
000014c8   TRC_cinit
00000001   TSK$
00000000   TSK_NUM_HOOKS
00000001   TSK_PRIORITY
00000000   TSK_READYFXN
000010e4   TSK_STACKSEG
00000400   TSK_STACKSIZE
00000000   TSK_SWITCHFXN
0000a220   TSK_VCREATEFXN
0000a220   TSK_VDELETEFXN
0000a220   TSK_VEXITFXN
0000b7e8   TSK_idle
0000b840   TSK_idle$stack
0000bbd8   TSK_idle$stkptr
0000bc7c   TSK_idle$sts
0000bc78   TSK_idle$sts$stsobj
00000000   UDEV$
000014a4   _ALGRF
00005d00   _ALGRF_activate
0000149c   _ALGRF_config
00005ba0   _ALGRF_control
000034e0   _ALGRF_create
00005c40   _ALGRF_deactivate
00005540   _ALGRF_delete
00003668   _ALGRF_memFree
000059e0   _ALGRF_setup
00009960   _ATM_andi
00009960   _ATM_andu
00009980   _ATM_cleari
00009980   _ATM_clearu
00009998   _ATM_deci
00009998   _ATM_decu
000099b4   _ATM_inci
000099b4   _ATM_incu
000099d0   _ATM_ori
000099d0   _ATM_oru
000099ec   _ATM_seti
000099ec   _ATM_setu
000014e0   _BIOS_init
000016fc   _BIOS_start
ffffffff   _CACHE_L2
000050a0   _CACHE_clean
00004460   _CACHE_setL2Mode
00003f80   _CACHE_wait
00005640   _CACHE_wbInvL1d
00000204   _CLK0
0000dbba   _CLK_COUNTSPMS
0000853c   _CLK_F_itime
0000dbba   _CLK_PRD
01940000   _CLK_REGS
00000000   _CLK_TDDR
00000000   _CLK_TIMERNUM
00000001   _CLK_USETIMER
0000a140   _CLK_gethtime
0000853c   _CLK_itime
00009aa0   _CLK_start
00009aa0   _CLK_start6x
00005e00   _CSL_cfgInit
000010e8   _EXTERNALHEAP
0000a220   _FXN_F_nop
00009b48   _FXN_F_run
00009b98   _FXN_F_zero
00000000   _GBL_CACHE
000091e0   _GBL_cslCacheInit
00009d40   _GBL_cslInit
00001270   _GBL_cslTimerHandle
00001248   _GBL_irqEventTable
0000124c   _GBL_irqIntTable
000048c8   _GBL_setPLLto225MHz
0000b6a0   _HST_A_TABBEG
0000b6cc   _HST_A_TABEND
00000002   _HST_A_TABLEN
0000126c   _HWI_D_spsave
00006b20   _HWI_F_dispatch
0000000a   _HWI_INT10
0000000b   _HWI_INT11
0000000c   _HWI_INT12
0000000d   _HWI_INT13
0000000e   _HWI_INT14
0000000f   _HWI_INT15
00000004   _HWI_INT4
00000005   _HWI_INT5
00000006   _HWI_INT6
00000007   _HWI_INT7
00000008   _HWI_INT8
00000009   _HWI_INT9
00000001   _HWI_NMI
00000002   _HWI_RESERVED0
00000003   _HWI_RESERVED1
00000000   _HWI_RESET
00001ca0   _HWI_STKBOTTOM
000018a8   _HWI_STKTOP
00000ee8   _HWI_dispatchTab
0000bc8c   _IDL_busyObj
0000026c   _IDL_cpuLoad
0000a200   _IDL_loop
000010e4   _INTERNALHEAP
000010e4   _IRAM
0000bec8   _IRAM_base
00008000   _IRAM_length
00005cc0   _IRQ_enable
0000116c   _KNL_alarm
000090e0   _KNL_check
0000118c   _KNL_curqueue
00001180   _KNL_curtask
00001188   _KNL_curtime
00001088   _KNL_dummy
000092e0   _KNL_enter
00009370   _KNL_exit
00009190   _KNL_idle
000010c4   _KNL_idlefxn
00001174   _KNL_inactive
00009a00   _KNL_ipost
000091ac   _KNL_max
00001190   _KNL_maxqueue
000098a0   _KNL_post
00001184   _KNL_prevtask
00001178   _KNL_priority
00000fe8   _KNL_queues
00007500   _KNL_run
00008b60   _KNL_saveIsrFrame
0000117c   _KNL_set
00001170   _KNL_setpri
0000020c   _KNL_swi
000010c0   _KNL_swiptr
00008c2c   _KNL_switch
00001198   _KNL_tcreatefxn
0000119c   _KNL_tdeletefxn
00007ed8   _KNL_tick
000011a0   _KNL_treadyfxn
00001194   _KNL_tswitchfxn
00001164   _KNL_wFlag
00001168   _KNL_wList
000096ac   _LCK_pend
00009660   _LCK_post
00000264   _LNK_dataPump
0000bc40   _LOG_A_TABBEG
0000bc58   _LOG_A_TABEND
00000001   _LOG_A_TABLEN
00000dc0   _LOG_D_system
00009bc0   _LOG_event
0000bc40   _LOG_system
00001274   _MEM
00000ed0   _MEM_D_NUMSEGMENTS
00000ed8   _MEM_D_freelist
00000edc   _MEM_D_lockaddr
00000ed4   _MEM_D_memtab
00000ee0   _MEM_D_unlockaddr
00007a20   _MEM_alloc
00007f00   _MEM_free
000097e0   _MEM_init
000010c8   _MEM_memtab
00009720   _MEM_valloc
00001104   _OBJ_table
0000be00   _PIP_A_TABBEG
0000bec8   _PIP_A_TABEND
00000002   _PIP_A_TABLEN
00000e84   _PRD_D_tick
00000200   _PRD_clock
0000a060   _QUE_get
0000a088   _QUE_put
000013fc   _R2MFG_KASATKA_IALG
000013fc   _R2MFG_KASATKA_IR2MFG
00005b40   _R2MFG_KASATKA_alloc
00003ed8   _R2MFG_KASATKA_apply
00005dc0   _R2MFG_KASATKA_control
00005da0   _R2MFG_KASATKA_exit
00005960   _R2MFG_KASATKA_free
00005ea0   _R2MFG_KASATKA_init
00004f60   _R2MFG_KASATKA_initObj
00004d58   _R2MFG_apply
00005e40   _R2MFG_control
00005ec0   _R2MFG_create
00005ee0   _R2MFG_delete
00005e60   _R2MFG_exit
00005e80   _R2MFG_init
00004cc8   _R2MFG_setDigit
00004c40   _R2MFG_setState
00000268   _RTA_dispatcher
0000b6a4   _RTA_fromHost
0000b6b8   _RTA_toHost
0000a484   _RTDX_Buffer
0000a890   _RTDX_Buffer_End
0000b060   _RTDX_Buffer_Initialize
0000b5e0   _RTDX_Buffer_Read
0000a88c   _RTDX_Buffer_Start
0000b3b8   _RTDX_Buffer_Write
0000a9a8   _RTDX_Final_RT_Monitor
0000a900   _RTDX_Init_RT_Monitor
0000a9ec   _RTDX_IsFlowEnabled
00000002   _RTDX_JTAGONLY
0000b660   _RTDX_Mask_IER
0000af0c   _RTDX_Mon_Queue
0000aa00   _RTDX_Poll
0000b678   _RTDX_Set_IER
00000000   _RTDX_interrupt_mask
00001488   _RTDX_writing
000010e8   _SDRAM
80000000   _SDRAM_base
00008000   _SDRAM_length
0000a000   _SEM_pend
00007260   _SEM_pendEnterKnl
000093e0   _SEM_post
000094c0   _SEM_postEnterKnl
0000bc58   _STS_A_TABBEG
0000bca8   _STS_A_TABEND
00000005   _STS_A_TABLEN
0000bc9c   _STS_CLK
00009f50   _STS_add
00009f40   _STS_delta
00009f7c   _STS_reset
0000a240   _STS_set
00000238   _SWI0
00000dec   _SWI_D_curfxn
00000de0   _SWI_D_curmask
00000df4   _SWI_D_lock
00000e00   _SWI_D_rdybeg
00009cc0   _SWI_dec
0000a100   _SWI_post
00000ee4   _SYS
0000a280   _SYS_PUTCBEG
0000a47f   _SYS_PUTCEND
00009dc0   _SYS_error
000095a0   _SYS_exit
00001200   _SYS_exitStack
00001260   _SYS_exitStackPtr
00001264   _SYS_exitStackTop
00005ae0   _TIMER_configArgs
00004e00   _TIMER_open
000051e0   _TIMER_reset
00005d40   _TIMER_start
000014cc   _TRC_R_mask
00009e20   _TRC_disable
00009e40   _TRC_enable
00009e5c   _TRC_query
0000115c   _TSK
000011a4   _TSK_ATTRS
00008980   _TSK_exit
0000b7e8   _TSK_idle
00009fa0   _TSK_init
00001258   _TSK_nTasks
0000125c   _TSK_pid
00008780   _TSK_setup
00008ef4   _TSK_startup
000011c0   _TSK_timerSem
00009ee0   _UTL_doAbort
0000a1c0   _UTL_doError
00009e80   _UTL_doPutc
0000a260   _UTL_halt
00008550   __CLK_lat1beg
0000857c   __CLK_lat1end
0000a144   __CLK_lat2beg
0000a17c   __CLK_lat2end
00004a80   __CSL_init
00001160   __HOOK_NUMHOOKS
000010e0   __HOOK_knlId
00006b20   __HWI_lat1beg
00006ccc   __HWI_lat1end
00006ccc   __HWI_lat2beg
00006e48   __HWI_lat2end1
00006de8   __HWI_lat2end2
00006e8c   __HWI_lat3beg
00006f38   __HWI_lat3end1
00006e14   __HWI_lat3end2
00009c40   __IDL_lat1beg
00009c90   __IDL_lat1end
00001368   __IRQ_dispatchTable
000012a4   __IRQ_eventTable
00005d80   __IRQ_hookFetchPacket
00005a60   __IRQ_init
00001328   __IRQ_intTable
00009114   __KNL_lat1beg
00009190   __KNL_lat1end
00009bc0   __LOG_lat1beg
00009c04   __LOG_lat1end1
00009c30   __LOG_lat1end2
0000a060   __QUE_lat1beg
0000a080   __QUE_lat1end
0000a088   __QUE_lat2beg
0000a0a0   __QUE_lat2end
00007858   __RTA_lat1beg
00007890   __RTA_lat1end
00008580   __SEM_dopost
00000400   __STACK_SIZE
00006094   __SWI_lat1beg
00006120   __SWI_lat1end1
000061dc   __SWI_lat1end2
00006280   __SWI_lat2beg
0000636c   __SWI_lat2end2
00005f00   __SWI_lat3beg
00005f88   __SWI_lat3end
00001464   __TIMER_deviceTable
00001484   __TIMER_hBios
0000147c   __TIMER_hDev0
00001480   __TIMER_hDev1
000011dc   __TSK_mutex
00000284   ___bss__
00001ca8   ___cinit__
00000000   ___data__
00000000   ___edata__
0000127c   ___end__
00005f00   ___etext__
000014d4   ___pinit__
000034e0   ___text__
00008d20   __auto_init
000013f4   __cleanup_ptr
00005420   __divi
000013f8   __dtors_ptr
000014b8   __lock
00005c00   __nop
00005c08   __register_lock
00005c1c   __register_unlock
000058c0   __remu
000018a8   __stack
00005720   __strasg
000014bc   __unlock
00004894   _abort
000047b8   _atexit
000017a0   _c_int00
00003a5c   _cccp
00004680   _exit
00000d74   _fxns
00000d6c   _genc
00000d70   _handle
00000d6e   _i
00003940   _main
00004220   _memcpy
00000c2c   _outfio
00000da4   _params
00003a8c   _ps
00000a84   _r2mfg_Konst
0000a8b0   _rtdx_buffer_state
0000a894   _rtdx_mon_state
00000284   _sine_tab
00000b8c   _test
000048a0   _wait500nS
00001ca8   cinit
00000000   edata
0000127c   end
00005f00   etext
00000000   hwi0
00000020   hwi1
00000140   hwi10
00000160   hwi11
00000180   hwi12
000001a0   hwi13
000001c0   hwi14
000001e0   hwi15
00000040   hwi2
00000060   hwi3
00000080   hwi4
000000a0   hwi5
000000c0   hwi6
000000e0   hwi7
00000100   hwi8
00000120   hwi9
000014d4   pinit


GLOBAL SYMBOLS: SORTED BY Symbol Address 

address    name
--------   ----
00000000   edata
00000000   HOOK$
00000000   HOOK_KNLID
00000000   GBL_ROM
00000000   hwi0
00000000   GIO$
00000000   HWI_GENERATE_RESET_VEC
00000000   HWI_POLARITYMASK
00000000   HWI_RESET
00000000   HST_DSM
00000000   HST_NONE
00000000   HWI_A_VECS
00000000   GBL_CACHE
00000000   GBL_L2CONFIGALLOC
00000000   GBL_L2MARMASK1
00000000   DPI$
00000000   GBL_BIGENDIAN
00000000   GBL_C641XL2PRIORITY
00000000   GBL_L2MARMASK5
00000000   GBL_L2PRIORITY
00000000   GBL_NULL
00000000   GBL_L2MARMASK2
00000000   GBL_L2MARMASK3
00000000   GBL_L2MARMASK4
00000000   ___edata__
00000000   SWI_IHOOKFXN
00000000   TSK_NUM_HOOKS
00000000   TSK_READYFXN
00000000   SEM$
00000000   SIO$
00000000   SWI_EHOOKFXN
00000000   _CLK_TIMERNUM
00000000   _HWI_RESET
00000000   _GBL_CACHE
00000000   TSK_SWITCHFXN
00000000   UDEV$
00000000   _CLK_TDDR
00000000   OBJ$
00000000   PIP$
00000000   PIP_gNextId
00000000   ___data__
00000000   MBX$
00000000   MEM_NULL
00000000   PRD_SWIHANDLE
00000000   _RTDX_interrupt_mask
00000000   RTDX_USERTEXECUTION
00000000   PRD_A_TABBEG
00000000   PRD_A_TABEND
00000000   PRD_A_TABLEN
00000000   DIO_STATIC
00000000   DEV$
00000000   BUF$
00000000   DGN$
00000000   CLK_COUNTSPMSHIGH
00000000   DHL$
00000000   .data
00000000   CLK_PRDHIGH
00000000   CLK_TDDR
00000000   CLK_TIMERNUM
00000000   CLK_TDDRHIGH
00000000   DHL_gChannelsAvailable
00000000   DIO$
00000000   DIO_NUMSWIBASE
00000000   DIO_NUMTSKBASE
00000001   _CLK_USETIMER
00000001   IDL_USECLKIDLTIME
00000001   ISRC$
00000001   TSK_PRIORITY
00000001   LCK$
00000001   QUE$
00000001   _HWI_NMI
00000001   HWI_NMI
00000001   HST_RTDX
00000001   HWI$
00000001   IDL$
00000001   HST$
00000001   HWI_ZEROTAB
00000001   LOG_A_TABLEN
00000001   LOG$
00000001   BUF_ENABLED
00000001   LOG_ENABLED
00000001   PRD$
00000001   SWI$
00000001   MEM$
00000001   RTDX_USERTDX
00000001   RTDX$
00000001   TSK$
00000001   _LOG_A_TABLEN
00000001   STS$
00000001   CLK$
00000001   SYS$
00000001   GBL_boot
00000001   GBL_CALLCSLCFGINIT
00000001   GBL_SUPPORTCSL
00000001   GBL_USERINIT
00000001   GBL_ENABLEINST
00000001   CLK_USETIMER
00000001   GBL$
00000001   GBL_L2CONFIGURE
00000001   GBL_L2MARMASK
00000002   MEM_gNumHeap
00000002   PIP_A_TABLEN
00000002   _PIP_A_TABLEN
00000002   HWI_RESERVED0
00000002   IDL_A_TABLEN
00000002   IDL_A_CALLEN
00000002   PIP_gNumEmbed
00000002   _HWI_RESERVED0
00000002   HST_A_TABLEN
00000002   _RTDX_JTAGONLY
00000002   SWI_A_TABLEN
00000002   _HST_A_TABLEN
00000003   _HWI_RESERVED1
00000003   HWI_RESERVED1
00000004   HWI_INT4
00000004   _HWI_INT4
00000005   _HWI_INT5
00000005   _STS_A_TABLEN
00000005   HWI_INT5
00000005   STS_A_TABLEN
00000006   HWI_INT6
00000006   _HWI_INT6
00000007   GBL_L2MODE
00000007   HWI_INT7
00000007   _HWI_INT7
00000008   HWI_INT8
00000008   _HWI_INT8
00000009   HWI_INT9
00000009   _HWI_INT9
0000000a   HWI_INT10
0000000a   _HWI_INT10
0000000b   _HWI_INT11
0000000b   HWI_INT11
0000000c   HWI_INT12
0000000c   CLK_A_TABLEN
0000000c   _HWI_INT12
0000000d   _HWI_INT13
0000000d   HWI_INT13
0000000e   _HWI_INT14
0000000e   HWI_INT14
0000000f   _HWI_INT15
0000000f   HWI_INT15
00000020   hwi1
00000020   CLK_TCR
00000040   LOG_system$size
00000040   hwi2
00000040   HST_MAXFRAMESET
00000042   GBL_FOOTPRINT
00000060   hwi3
00000080   hwi4
000000a0   hwi5
000000c0   hwi6
000000e0   hwi7
00000100   hwi8
00000100   HST_MAXFRAMEALLOWED
00000120   hwi9
00000140   hwi10
00000160   hwi11
00000180   hwi12
000001a0   hwi13
000001c0   hwi14
000001e0   hwi15
00000200   PRD_clock
00000200   _PRD_clock
00000200   CLK_A_TABBEG
00000204   _CLK0
00000204   CLK0
00000208   CLK_null
0000020c   SWI_A_TABBEG
0000020c   KNL_swi
0000020c   _KNL_swi
0000020c   CLK_A_TABEND
00000238   SWI0
00000238   _SWI0
00000264   _LNK_dataPump
00000264   SWI_A_TABEND
00000264   LNK_dataPump
00000264   IDL_A_TABBEG
00000268   _RTA_dispatcher
00000268   RTA_dispatcher
0000026c   IDL_cpuLoad
0000026c   _IDL_cpuLoad
00000270   IDL_END
00000274   IDL_A_CALBEG
00000274   IDL_A_TABEND
00000274   LNK_dataPump$
00000278   RTA_dispatcher$
0000027c   IDL_cpuLoad$
00000280   IDL_END$
00000284   .bss
00000284   IDL_A_CALEND
00000284   _sine_tab
00000284   ___bss__
00000284   $bss
00000400   TSK_STACKSIZE
00000400   __STACK_SIZE
00000400   HST_DSMMEMSIZE
00000408   RTDX_BUFMEMSIZE
00000490   GBL_A_VERSION
00000a84   _r2mfg_Konst
00000b8c   _test
00000c2c   _outfio
00000d6c   _genc
00000d6e   _i
00000d70   _handle
00000d74   _fxns
00000da4   _params
00000db4   IDL_D_tabbeg
00000db8   IDL_D_calibrate
00000dbc   IDL_D_calbeg
00000dc0   LOG_D_system
00000dc0   _LOG_D_system
00000dc4   PIP_D_tabbeg
00000dc8   PIP_D_tablen
00000dcc   CLK_R_time
00000dd0   CLK_D_timefxn
00000dd4   CLK_D_tabbeg
00000dd8   CLK_D_isrhook
00000ddc   CLK_D_idletime
00000de0   SWI_D_curmask
00000de0   _SWI_D_curmask
00000de4   SWI_D_curset
00000de8   SWI_D_pending
00000dec   _SWI_D_curfxn
00000dec   SWI_D_curfxn
00000df0   SWI_D_curmbox
00000df4   _SWI_D_lock
00000df4   SWI_D_lock
00000df8   SWI_D_execaddr
00000dfc   SWI_D_runaddr
00000e00   SWI_D_rdybeg
00000e00   _SWI_D_rdybeg
00000e04   SWI_D_ihook
00000e08   SWI_D_ehook
00000e0c   SWI_D_rdytab
00000e84   _PRD_D_tick
00000e84   PRD_D_tick
00000e88   PRD_D_cur
00000e8c   PRD_D_elapsed
00000e90   PRD_D_prevtim
00000e94   PRD_D_scalar
00000e98   PRD_D_swihandle
00000e9c   PRD_D_tabbeg
00000ea0   PRD_D_tablen
00000ea4   PRD_D_thook
00000ea8   RTA_D_fromHost
00000eac   RTA_D_toHost
00000eb0   RTA_D_logval
00000ec0   RTA_D_stsval
00000ecc   HST_D_chanmask
00000ed0   _MEM_D_NUMSEGMENTS
00000ed4   _MEM_D_memtab
00000ed8   _MEM_D_freelist
00000edc   _MEM_D_lockaddr
00000ee0   _MEM_D_unlockaddr
00000ee4   _SYS
00000ee8   _HWI_dispatchTab
00000fe8   _KNL_queues
00001088   _KNL_dummy
000010c0   _KNL_swiptr
000010c4   _KNL_idlefxn
000010c8   _MEM_memtab
000010e0   __HOOK_knlId
000010e4   HST_DSMBUFSEG
000010e4   MEM_MALLOCSEG
000010e4   TSK_STACKSEG
000010e4   MEM_SEGZERO
000010e4   IRAM
000010e4   _IRAM
000010e4   _INTERNALHEAP
000010e4   RTDX_DATAMEMSEG
000010e8   _SDRAM
000010e8   _EXTERNALHEAP
000010e8   SDRAM
000010ec   RTA_fromHost$pipe$dtab
000010f8   RTA_toHost$pipe$dtab
00001104   _OBJ_table
0000115c   _TSK
00001160   __HOOK_NUMHOOKS
00001164   _KNL_wFlag
00001168   _KNL_wList
0000116c   _KNL_alarm
00001170   _KNL_setpri
00001174   _KNL_inactive
00001178   _KNL_priority
0000117c   _KNL_set
00001180   _KNL_curtask
00001184   _KNL_prevtask
00001188   _KNL_curtime
0000118c   _KNL_curqueue
00001190   _KNL_maxqueue
00001194   _KNL_tswitchfxn
00001198   _KNL_tcreatefxn
0000119c   _KNL_tdeletefxn
000011a0   _KNL_treadyfxn
000011a4   _TSK_ATTRS
000011c0   _TSK_timerSem
000011dc   __TSK_mutex
00001200   _SYS_exitStack
00001220   LNK_dspFrameRequestMask
00001224   LNK_dspFrameReadyMask
00001228   LNK_readPend
0000122c   LNK_readDone
00001230   LNK_readFail
00001234   LNK_writeFail
00001248   _GBL_irqEventTable
0000124c   _GBL_irqIntTable
00001258   _TSK_nTasks
0000125c   _TSK_pid
00001260   _SYS_exitStackPtr
00001264   _SYS_exitStackTop
00001268   HWI_D_ccmask
0000126c   _HWI_D_spsave
00001270   _GBL_cslTimerHandle
00001274   _MEM
00001278   IDL_D_busyObj
0000127c   end
0000127c   ___end__
000012a4   __IRQ_eventTable
00001328   __IRQ_intTable
00001368   __IRQ_dispatchTable
000013f4   __cleanup_ptr
000013f8   __dtors_ptr
000013fc   _R2MFG_KASATKA_IR2MFG
000013fc   _R2MFG_KASATKA_IALG
00001464   __TIMER_deviceTable
0000147c   __TIMER_hDev0
00001480   __TIMER_hDev1
00001484   __TIMER_hBios
00001488   _RTDX_writing
0000149c   _ALGRF_config
000014a4   _ALGRF
000014b8   __lock
000014bc   __unlock
000014c8   TRC_cinit
000014cc   _TRC_R_mask
000014cc   TRC_R_mask
000014d0   GBL_initdone
000014d4   ___pinit__
000014d4   pinit
000014e0   _BIOS_init
000014e0   BIOS_init
0000166c   BIOS$$CLKON
0000169c   BIOS$$CLKOFF
000016fc   _BIOS_start
000016fc   BIOS_start
000017a0   _c_int00
000018a8   __stack
000018a8   _HWI_STKTOP
000018a8   GBL_stackbeg
00001ca0   _HWI_STKBOTTOM
00001ca7   GBL_stackend
00001ca8   ___cinit__
00001ca8   cinit
00002226   GBL_L2ALLOC
000034e0   _ALGRF_create
000034e0   ___text__
000034e0   .text
00003668   _ALGRF_memFree
00003940   _main
00003a5c   _cccp
00003a8c   _ps
00003ed8   _R2MFG_KASATKA_apply
00003f80   _CACHE_wait
00004000   PRD_SCALAR
00004000   CLK_INTBIT
00004220   _memcpy
00004460   _CACHE_setL2Mode
00004680   _exit
000047b8   _atexit
00004894   _abort
00004894   C$$EXIT
000048a0   _wait500nS
000048c8   GBL_USERINITFXN
000048c8   _GBL_setPLLto225MHz
00004a80   __CSL_init
00004c40   _R2MFG_setState
00004cc8   _R2MFG_setDigit
00004d58   _R2MFG_apply
00004e00   _TIMER_open
00004f60   _R2MFG_KASATKA_initObj
000050a0   _CACHE_clean
000051e0   _TIMER_reset
00005420   __divi
00005540   _ALGRF_delete
00005640   _CACHE_wbInvL1d
00005720   __strasg
000058c0   __remu
00005960   _R2MFG_KASATKA_free
000059e0   _ALGRF_setup
00005a60   __IRQ_init
00005ae0   _TIMER_configArgs
00005b40   _R2MFG_KASATKA_alloc
00005ba0   _ALGRF_control
00005c00   __nop
00005c08   __register_lock
00005c1c   __register_unlock
00005c40   _ALGRF_deactivate
00005cc0   _IRQ_enable
00005d00   _ALGRF_activate
00005d40   _TIMER_start
00005d80   __IRQ_hookFetchPacket
00005da0   _R2MFG_KASATKA_exit
00005dc0   _R2MFG_KASATKA_control
00005e00   _CSL_cfgInit
00005e40   _R2MFG_control
00005e60   _R2MFG_exit
00005e80   _R2MFG_init
00005ea0   _R2MFG_KASATKA_init
00005ec0   _R2MFG_create
00005ee0   _R2MFG_delete
00005f00   etext
00005f00   SWI_F_enable
00005f00   ___etext__
00005f00   __SWI_lat3beg
00005f88   __SWI_lat3end
00005f8c   SWI_F_post
00006094   __SWI_lat1beg
00006120   __SWI_lat1end1
00006124   SWI_F_exec
0000619c   SWI_F_iexec
0000619c   SWI_EXECFXN
000061dc   __SWI_lat1end2
00006280   __SWI_lat2beg
0000636c   __SWI_lat2end2
00006370   SWI_F_run
00006370   SWI_RUNFXN
000065e0   LNK_F_checkBufferCall
00006600   LNK_F_getChanPtr
0000664c   LNK_F_init
00006654   LNK_F_dataPump
00006660   LNK_rcloop
00006710   LNK_rdrtry
00006718   LNK_rrloop
000067d0   LNK_wrrtry
000067d8   LNK_wrloop
000068a8   LNK_newin
000069b8   LNK_newout
00006af8   LNK_F_readCallBack
00006b20   __HWI_lat1beg
00006b20   HWI_F_dispatch
00006b20   CLK_HOOKFXN
00006b20   _HWI_F_dispatch
00006ccc   __HWI_lat1end
00006ccc   __HWI_lat2beg
00006de8   __HWI_lat2end2
00006e14   __HWI_lat3end2
00006e48   __HWI_lat2end1
00006e8c   __HWI_lat3beg
00006f38   __HWI_lat3end1
00006f40   PRD_F_swi
0000719c   PRD_F_tick
00007260   _SEM_pendEnterKnl
00007500   _KNL_run
000077a0   RTA_F_getlog
000077e4   RTA_F_getsts
0000782c   RTA_F_readblk
0000784c   RTA_F_writeword
00007858   RTA_F_resetmem
00007858   __RTA_lat1beg
00007890   __RTA_lat1end
00007898   RTA_F_dispatch
000078d8   RTA_execute
00007a20   _MEM_alloc
00007ed8   PRD_THOOKFXN
00007ed8   _KNL_tick
00007f00   _MEM_free
00008000   _SDRAM_length
00008000   SDRAM$L
00008000   _IRAM_length
00008000   IRAM$L
00008140   PIP_F_take
000081d4   PIP_F_probe
000081d4   PIP_F_give
000082a8   PIP_F_start
00008360   CLK_F_getfhtime
00008380   CLK_TIMEFXN
00008380   CLK_F_gethtime
00008380   CLK_F_getshtime
000083f4   CLK_F_getltime
00008400   CLK_F_isr
0000853c   _CLK_itime
0000853c   CLK_F_itime
0000853c   _CLK_F_itime
00008550   __CLK_lat1beg
0000857c   __CLK_lat1end
00008580   __SEM_dopost
00008780   _TSK_setup
00008980   _TSK_exit
00008b60   _KNL_saveIsrFrame
00008c2c   _KNL_switch
00008ce0   KNL_glue
00008d20   __auto_init
00008ef4   _TSK_startup
00008fe0   IDL_F_calibrate
000090e0   _KNL_check
00009114   __KNL_lat1beg
00009190   __KNL_lat1end
00009190   _KNL_idle
000091ac   _KNL_max
000091e0   _GBL_cslCacheInit
000092e0   _KNL_enter
00009370   _KNL_exit
000093e0   _SEM_post
000094c0   _SEM_postEnterKnl
000095a0   _SYS_exit
00009660   _LCK_post
000096ac   _LCK_pend
00009720   _MEM_valloc
000097e0   _MEM_init
000098a0   _KNL_post
00009960   _ATM_andu
00009960   _ATM_andi
00009980   _ATM_cleari
00009980   _ATM_clearu
00009998   _ATM_deci
00009998   _ATM_decu
000099b4   _ATM_inci
000099b4   _ATM_incu
000099d0   _ATM_oru
000099d0   _ATM_ori
000099ec   _ATM_seti
000099ec   _ATM_setu
00009a00   _KNL_ipost
00009aa0   _CLK_start
00009aa0   _CLK_start6x
00009b40   FXN_F_nop
00009b48   _FXN_F_run
00009b48   FXN_F_run
00009b98   _FXN_F_zero
00009b98   FXN_F_zero
00009bc0   __LOG_lat1beg
00009bc0   _LOG_event
00009bc0   LOG_F_event
00009c04   __LOG_lat1end1
00009c30   __LOG_lat1end2
00009c40   __IDL_lat1beg
00009c40   IDL_F_busy
00009c90   __IDL_lat1end
00009cc0   _SWI_dec
00009d40   _GBL_cslInit
00009dc0   _SYS_error
00009e20   _TRC_disable
00009e40   _TRC_enable
00009e5c   _TRC_query
00009e80   _UTL_doPutc
00009e80   SYS_PUTCFXN
00009ee0   _UTL_doAbort
00009ee0   SYS_ABORTFXN
00009f40   _STS_delta
00009f40   STS_F_delta
00009f50   _STS_add
00009f50   STS_F_add
00009f7c   _STS_reset
00009f7c   STS_F_reset
00009fa0   _TSK_init
0000a000   _SEM_pend
0000a060   _QUE_get
0000a060   __QUE_lat1beg
0000a080   __QUE_lat1end
0000a088   _QUE_put
0000a088   __QUE_lat2beg
0000a0a0   __QUE_lat2end
0000a0c0   IDL_CALIBRFXN
0000a0c0   IDL_F_stub
0000a100   _SWI_post
0000a140   _CLK_gethtime
0000a144   __CLK_lat2beg
0000a17c   __CLK_lat2end
0000a180   RTA_F_andn
0000a1a0   RTA_F_or
0000a1c0   _UTL_doError
0000a1c0   SYS_ERRORFXN
0000a1e0   GBL_F_version
0000a200   _IDL_loop
0000a200   IDL_F_loop
0000a220   GIO_POSTFXN
0000a220   TSK_VDELETEFXN
0000a220   TSK_VCREATEFXN
0000a220   TSK_VEXITFXN
0000a220   GIO_PENDFXN
0000a220   _FXN_F_nop
0000a220   GIO_DELETEFXN
0000a220   GIO_CREATEFXN
0000a240   _STS_set
0000a260   _UTL_halt
0000a260   SYS_EXITFXN
0000a280   _SYS_PUTCBEG
0000a47f   _SYS_PUTCEND
0000a484   _RTDX_Buffer
0000a88c   _RTDX_Buffer_Start
0000a890   _RTDX_Buffer_End
0000a894   _rtdx_mon_state
0000a8b0   _rtdx_buffer_state
0000a900   _RTDX_Init_RT_Monitor
0000a9a8   _RTDX_Final_RT_Monitor
0000a9ec   _RTDX_IsFlowEnabled
0000aa00   _RTDX_Poll
0000af0c   _RTDX_Mon_Queue
0000b060   _RTDX_Buffer_Initialize
0000b3b8   _RTDX_Buffer_Write
0000b5e0   _RTDX_Buffer_Read
0000b660   _RTDX_Mask_IER
0000b678   _RTDX_Set_IER
0000b6a0   HST_A_TABBEG
0000b6a0   _HST_A_TABBEG
0000b6a4   RTA_fromHost
0000b6a4   _RTA_fromHost
0000b6ac   RTA_fromHost$rtdx
0000b6b8   _RTA_toHost
0000b6b8   RTA_toHost
0000b6c0   RTA_toHost$rtdx
0000b6cc   RTA_fromHost$buf
0000b6cc   HST_A_TABEND
0000b6cc   _HST_A_TABEND
0000b6dc   RTA_toHost$buf
0000b7e8   TSK_idle
0000b7e8   _TSK_idle
0000b840   TSK_idle$stack
0000bbd8   TSK_idle$stkptr
0000bc40   LOG_A_TABBEG
0000bc40   LOG_system
0000bc40   _LOG_A_TABBEG
0000bc40   _LOG_system
0000bc58   KNL_swi$sts$stsobj
0000bc58   _STS_A_TABBEG
0000bc58   _LOG_A_TABEND
0000bc58   LOG_A_TABEND
0000bc58   STS_A_TABBEG
0000bc5c   KNL_swi$sts
0000bc68   SWI0$sts$stsobj
0000bc6c   SWI0$sts
0000bc78   TSK_idle$sts$stsobj
0000bc7c   TSK_idle$sts
0000bc88   IDL_busyObj$stsobj
0000bc8c   IDL_busyObj
0000bc8c   _IDL_busyObj
0000bc98   STS_CLK$stsobj
0000bc9c   STS_CLK
0000bc9c   _STS_CLK
0000bca8   SYS$config
0000bca8   _STS_A_TABEND
0000bca8   STS_A_TABEND
0000bd00   LOG_system$buf
0000be00   RTA_fromHost$pipe
0000be00   PIP_A_TABBEG
0000be00   _PIP_A_TABBEG
0000be04   RTA_fromHost$pipe$rd
0000be30   RTA_fromHost$pipe$aaa
0000be34   RTA_fromHost$pipe$wr
0000be60   RTA_fromHost$pipe$bbb
0000be64   RTA_toHost$pipe
0000be68   RTA_toHost$pipe$rd
0000be94   RTA_toHost$pipe$aaa
0000be98   RTA_toHost$pipe$wr
0000bec4   RTA_toHost$pipe$bbb
0000bec8   PIP_A_TABEND
0000bec8   IRAM$B
0000bec8   _PIP_A_TABEND
0000bec8   _IRAM_base
0000dbba   _CLK_COUNTSPMS
0000dbba   CLK_PRD
0000dbba   CLK_COUNTSPMS
0000dbba   _CLK_PRD
0000dbef   GBL_TRCMASKVALUE
01940000   _CLK_REGS
01940000   CLK_REGS
082039a3   HWI_INTRMULTHIGH
310718a4   HWI_INTRMULTLOW
80000000   _SDRAM_base
80000000   SDRAM$B
ffffffff   CACHE_L2
ffffffff   _CACHE_L2

[673 symbols]
