# This is log file for reminding task

OK. Log says:
Mail::Sendmail v. 0.77 - Mon Mar 26 00:00:01 2001
Date: Mon, 26 Mar 2001 00:00 +0700
Server: localhost Port: 25
From: magazine@olala05.ce.kmitl.ac.th
Subject: เตือนงาน: นัด: ไปเที่ยวดีก่า
To: onusa_yamcharoen@yahoo.com
    OK. Log says:
Mail::Sendmail v. 0.77 - Mon Mar 26 00:00:01 2001
Date: Mon, 26 Mar 2001 00:00 +0700
Server: localhost Port: 25
From: magazine@olala05.ce.kmitl.ac.th
Subject: เตือนงาน: นัด: ไปเที่ยวดีก่า
To: onusa_yamcharoen@yahoo.com
    OK. Log says:
Mail::Sendmail v. 0.77 - Mon Mar 26 00:00:01 2001
Date: Mon, 26 Mar 2001 00:00 +0700
Server: localhost Port: 25
From: magazine@olala05.ce.kmitl.ac.th
Subject: เตือนงาน: นัด: ไปเที่ยวดีก่า(wow มีเพื่อนไปแยะเลย)
To: s0010973@ce.kmitl.ac.th
    OK. Log says:
Mail::Sendmail v. 0.77 - Mon Mar 26 13:00:02 2001
Date: Mon, 26 Mar 2001 13:00 +0700
Server: localhost Port: 25
From: magazine@olala05.ce.kmitl.ac.th
Subject: เตือนงาน: run to me ทำโปรเจคเสร็จเร็ว ๆ
To: onusa_yamcharoen@yahoo.com
    OK. Log says:
Mail::Sendmail v. 0.77 - Mon Mar 26 13:00:02 2001
Date: Mon, 26 Mar 2001 13:00 +0700
Server: localhost Port: 25
From: magazine@olala05.ce.kmitl.ac.th
Subject: เตือนงาน: I'm 's
To: onusa_yamcharoen@yahoo.com
    OK. Log says:
Mail::Sendmail v. 0.77 - Tue Mar 27 01:00:01 2001
Date: Tue, 27 Mar 2001 01:00 +0700
Server: localhost Port: 25
From: magazine@olala05.ce.kmitl.ac.th
Subject: เตือนงาน: nono matter what'
To: onusa_yamcharoen@yahoo.com
    OK. Log says:
Mail::Sendmail v. 0.77 - Tue Mar 27 02:00:01 2001
Date: Tue, 27 Mar 2001 02:00 +0700
Server: localhost Port: 25
From: magazine@olala05.ce.kmitl.ac.th
Subject: เตือนงาน: vip sev so much down's's's///?
To: s0010973@ce.kmitl.ac.th
    OK. Log says:
Mail::Sendmail v. 0.77 - Wed Mar 28 03:00:01 2001
Date: Wed, 28 Mar 2001 03:00 +0700
Server: localhost Port: 25
From: magazine@olala05.ce.kmitl.ac.th
Subject: เตือนงาน: ลองเทส เตือนผ่านเมล์
To: s0010973@ce.kmitl.ac.th
    OK. Log says:
Mail::Sendmail v. 0.77 - Wed Mar 28 03:00:01 2001
Date: Wed, 28 Mar 2001 03:00 +0700
Server: localhost Port: 25
From: magazine@olala05.ce.kmitl.ac.th
Subject: เตือนงาน: test "acrt"
To: s0010973@ce.kmitl.ac.th
    OK. Log says:
Mail::Sendmail v. 0.77 - Wed Mar 28 03:00:01 2001
Date: Wed, 28 Mar 2001 03:00 +0700
Server: localhost Port: 25
From: magazine@olala05.ce.kmitl.ac.th
Subject: เตือนงาน: งานวันที่ 28 จ้า
To: onusa_yamcharoen@yahoo.com
    OK. Log says:
Mail::Sendmail v. 0.77 - Wed Mar 28 03:00:01 2001
Date: Wed, 28 Mar 2001 03:00 +0700
Server: localhost Port: 25
From: magazine@olala05.ce.kmitl.ac.th
Subject: เตือนงาน: นัด: "City of Angles" อยากดูเปล่า
To: onusa_yamcharoen@yahoo.com
    OK. Log says:
Mail::Sendmail v. 0.77 - Wed Mar 28 03:35:01 2001
Date: Wed, 28 Mar 2001 03:35 +0700
Server: localhost Port: 25
From: magazine@olala05.ce.kmitl.ac.th
Subject: เตือนงาน: ลองเทส เตือนผ่านเมล์
To: s0010973@ce.kmitl.ac.th
    OK. Log says:
Mail::Sendmail v. 0.77 - Wed Mar 28 03:35:01 2001
Date: Wed, 28 Mar 2001 03:35 +0700
Server: localhost Port: 25
From: magazine@olala05.ce.kmitl.ac.th
Subject: เตือนงาน: นัด: "City of Angles" อยากดูเปล่า
To: onusa_yamcharoen@yahoo.com
    OK. Log says:
Mail::Sendmail v. 0.77 - Wed Mar 28 03:35:01 2001
Date: Wed, 28 Mar 2001 03:35 +0700
Server: localhost Port: 25
From: magazine@olala05.ce.kmitl.ac.th
Subject: เตือนงาน: it's sandra job :O
To: s0010973@ce.kmitl.ac.th
    OK. Log says:
Mail::Sendmail v. 0.77 - Wed Mar 28 03:45:01 2001
Date: Wed, 28 Mar 2001 03:45 +0700
Server: localhost Port: 25
From: magazine@olala05.ce.kmitl.ac.th
Subject: เตือนงาน: it's sandra job :O
To: s0010973@ce.kmitl.ac.th
    OK. Log says:
Mail::Sendmail v. 0.77 - Wed Mar 28 17:00:01 2001
Date: Wed, 28 Mar 2001 17:00 +0700
Server: localhost Port: 25
From: magazine@olala05.ce.kmitl.ac.th
Subject: เตือนงาน: รดน้ำต้นไม้ ตอน เย็น
To: s0010973@ce.kmitl.ac.th
    OK. Log says:
Mail::Sendmail v. 0.77 - Wed Mar 28 17:55:01 2001
Date: Wed, 28 Mar 2001 17:55 +0700
Server: localhost Port: 25
From: magazine@olala05.ce.kmitl.ac.th
Subject: เตือนงาน: งานวันนี้
To: s0010973@ce.kmitl.ac.th
    OK. Log says:
Mail::Sendmail v. 0.77 - Wed Mar 28 18:00:01 2001
Date: Wed, 28 Mar 2001 18:00 +0700
Server: localhost Port: 25
From: magazine@olala05.ce.kmitl.ac.th
Subject: เตือนงาน: นัด: ไปสวนสัตว์กันไหม ?
To: onusa_yamcharoen@yahoo.com
    OK. Log says:
Mail::Sendmail v. 0.77 - Wed Mar 28 18:00:01 2001
Date: Wed, 28 Mar 2001 18:00 +0700
Server: localhost Port: 25
From: magazine@olala05.ce.kmitl.ac.th
Subject: เตือนงาน: นัด: ไปเที่ยวทะเล
To: dodeejungleay@yahoo.com
    OK. Log says:
Mail::Sendmail v. 0.77 - Wed Mar 28 18:00:02 2001
Date: Wed, 28 Mar 2001 18:00 +0700
Server: localhost Port: 25
From: magazine@olala05.ce.kmitl.ac.th
Subject: เตือนงาน: นัด: ไปเที่ยวทะเล
To: s0010973@ce.kmitl.ac.th
    OK. Log says:
Mail::Sendmail v. 0.77 - Wed Mar 28 18:10:02 2001
Date: Wed, 28 Mar 2001 18:10 +0700
Server: localhost Port: 25
From: magazine@olala05.ce.kmitl.ac.th
Subject: เตือนงาน: นัด: ไปดูหนังกัน
To: dodeejungleay@yahoo.com
    OK. Log says:
Mail::Sendmail v. 0.77 - Wed Mar 28 18:10:02 2001
Date: Wed, 28 Mar 2001 18:10 +0700
Server: localhost Port: 25
From: magazine@olala05.ce.kmitl.ac.th
Subject: เตือนงาน: นัด: ไปดูหนังกัน
To: s0010973@ce.kmitl.ac.th
    OK. Log says:
Mail::Sendmail v. 0.77 - Wed Mar 28 18:25:01 2001
Date: Wed, 28 Mar 2001 18:25 +0700
Server: localhost Port: 25
From: magazine@olala05.ce.kmitl.ac.th
Subject: เตือนงาน: นอนได้แล้ว
To: s0010973@kmitl.ac.th
    OK. Log says:
Mail::Sendmail v. 0.77 - Wed Mar 28 18:30:01 2001
Date: Wed, 28 Mar 2001 18:30 +0700
Server: localhost Port: 25
From: magazine@olala05.ce.kmitl.ac.th
Subject: เตือนงาน: นัด: ไปเที่ยวนะ
To: dodeejungleay@yahoo.com
    OK. Log says:
Mail::Sendmail v. 0.77 - Wed Mar 28 18:30:01 2001
Date: Wed, 28 Mar 2001 18:30 +0700
Server: localhost Port: 25
From: magazine@olala05.ce.kmitl.ac.th
Subject: เตือนงาน: นัด: ไปเที่ยวนะ
To: s0010973@kmitl.ac.th
    OK. Log says:
Mail::Sendmail v. 0.77 - Wed Mar 28 19:00:02 2001
Date: Wed, 28 Mar 2001 19:00 +0700
Server: localhost Port: 25
From: magazine@olala05.ce.kmitl.ac.th
Subject: เตือนงาน: กินข้าว
To: s0010973@ce.kmitl.ac.th
    OK. Log says:
Mail::Sendmail v. 0.77 - Wed Mar 28 19:10:01 2001
Date: Wed, 28 Mar 2001 19:10 +0700
Server: localhost Port: 25
From: magazine@olala05.ce.kmitl.ac.th
Subject: เตือนงาน: นัด: ไปดูนิทรรศการ
To: s0011032@kmitl.ac.th
    OK. Log says:
Mail::Sendmail v. 0.77 - Wed Mar 28 19:10:01 2001
Date: Wed, 28 Mar 2001 19:10 +0700
Server: localhost Port: 25
From: magazine@olala05.ce.kmitl.ac.th
Subject: เตือนงาน: นัด: ไปดูนิทรรศการ
To: s0010973@ce.kmitl.ac.th
    OK. Log says:
Mail::Sendmail v. 0.77 - Thu Mar 29 08:00:01 2001
Date: Thu, 29 Mar 2001 08:00 +0700
Server: localhost Port: 25
From: magazine@olala05.ce.kmitl.ac.th
Subject: เตือนงาน: ซื้อของใช้เข้าบ้าน
To: s0010973@ce.kmitl.ac.th
    OK. Log says:
Mail::Sendmail v. 0.77 - Thu Mar 29 12:40:02 2001
Date: Thu, 29 Mar 2001 12:40 +0700
Server: localhost Port: 25
From: magazine@olala05.ce.kmitl.ac.th
Subject: เตือนงาน: ทานข้าวเที่ยงกับผู้จัดการ
To: s0011032@ce.kmitl.ac.th
    OK. Log says:
Mail::Sendmail v. 0.77 - Thu Mar 29 13:15:02 2001
Date: Thu, 29 Mar 2001 13:15 +0700
Server: localhost Port: 25
From: magazine@olala05.ce.kmitl.ac.th
Subject: เตือนงาน: ซื้อของ
To: s0010973@ce.kmitl.ac.th
    OK. Log says:
Mail::Sendmail v. 0.77 - Thu Mar 29 15:00:01 2001
Date: Thu, 29 Mar 2001 15:00 +0700
Server: localhost Port: 25
From: magazine@olala05.ce.kmitl.ac.th
Subject: เตือนงาน: นัด: ไปเที่ยว
To: s0011032@ce.kmitl.ac.th
    OK. Log says:
Mail::Sendmail v. 0.77 - Thu Mar 29 15:00:01 2001
Date: Thu, 29 Mar 2001 15:00 +0700
Server: localhost Port: 25
From: magazine@olala05.ce.kmitl.ac.th
Subject: เตือนงาน: นัด: ไปเที่ยว
To: s0010973@ce.kmitl.ac.th
    OK. Log says:
Mail::Sendmail v. 0.77 - Fri Mar 30 08:00:01 2001
Date: Fri, 30 Mar 2001 08:00 +0700
Server: localhost Port: 25
From: magazine@olala05.ce.kmitl.ac.th
Subject: เตือนงาน: ไปประชุมงานนิทรรศ
To: s0011032@ce.kmitl.ac.th
    