Thu Jun 01 04:31:06 Saved as file D:\ORCAD\STEPMOTORDRIVER\STEPMOTORDRIVER.MAX
Thu Jun 01 04:31:06 Saved as file BACKUP1.MAX
Thu Jun 01 04:31:06 Saved as file D:\ORCAD\STEPMOTORDRIVER\STEPMOTORDRIVER.MAX
Thu Jun 01 04:31:07 UserDiv from Layout.INI for AutoECO: 60
Thu Jun 01 04:31:07 Loaded file D:\ORCAD\STEPMOTORDRIVER\STEPMOTORDRIVER.MAX
Thu Jun 01 04:31:07 Loaded file C:\PROGRAM FILES\ORCAD\LAYOUT_PLUS\library\BCON100T.llb
Thu Jun 01 04:31:07 Loaded file C:\PROGRAM FILES\ORCAD\LAYOUT_PLUS\library\BCON156T.llb
Thu Jun 01 04:31:08 Loaded file C:\PROGRAM FILES\ORCAD\LAYOUT_PLUS\library\BGA.llb
Thu Jun 01 04:31:08 Loaded file C:\PROGRAM FILES\ORCAD\LAYOUT_PLUS\library\CLCC.llb
Thu Jun 01 04:31:08 Loaded file C:\PROGRAM FILES\ORCAD\LAYOUT_PLUS\library\DCON050T.llb
Thu Jun 01 04:31:08 Loaded file C:\PROGRAM FILES\ORCAD\LAYOUT_PLUS\library\DCON085T.llb
Thu Jun 01 04:31:08 Loaded file C:\PROGRAM FILES\ORCAD\LAYOUT_PLUS\library\DIMM050F.llb
Thu Jun 01 04:31:08 Loaded file C:\PROGRAM FILES\ORCAD\LAYOUT_PLUS\library\DIMM050T.llb
Thu Jun 01 04:31:08 Loaded file C:\PROGRAM FILES\ORCAD\LAYOUT_PLUS\library\DIN.llb
Thu Jun 01 04:31:08 Loaded file C:\PROGRAM FILES\ORCAD\LAYOUT_PLUS\library\DIP100B.llb
Thu Jun 01 04:31:08 Loaded file C:\PROGRAM FILES\ORCAD\LAYOUT_PLUS\library\DIP100T.llb
Thu Jun 01 04:31:08 Loaded file C:\PROGRAM FILES\ORCAD\LAYOUT_PLUS\library\DSUBT.llb
Thu Jun 01 04:31:09 Loaded file C:\PROGRAM FILES\ORCAD\LAYOUT_PLUS\library\DSUBT_HD.LLB
Thu Jun 01 04:31:09 Loaded file C:\PROGRAM FILES\ORCAD\LAYOUT_PLUS\library\ECON100T.llb
Thu Jun 01 04:31:09 Loaded file C:\PROGRAM FILES\ORCAD\LAYOUT_PLUS\library\FBUS.llb
Thu Jun 01 04:31:09 Loaded file C:\PROGRAM FILES\ORCAD\LAYOUT_PLUS\library\ISA.llb
Thu Jun 01 04:31:09 Loaded file C:\PROGRAM FILES\ORCAD\LAYOUT_PLUS\library\JUMPER.LLB
Thu Jun 01 04:31:09 Loaded file C:\PROGRAM FILES\ORCAD\LAYOUT_PLUS\library\LAYOUT.llb
Thu Jun 01 04:31:09 Loaded file C:\PROGRAM FILES\ORCAD\LAYOUT_PLUS\library\LCON100T.llb
Thu Jun 01 04:31:09 Loaded file C:\PROGRAM FILES\ORCAD\LAYOUT_PLUS\library\PC104.llb
Thu Jun 01 04:31:09 Loaded file C:\PROGRAM FILES\ORCAD\LAYOUT_PLUS\library\PCI.llb
Thu Jun 01 04:31:09 Loaded file C:\PROGRAM FILES\ORCAD\LAYOUT_PLUS\library\PCON100T.llb
Thu Jun 01 04:31:09 Loaded file C:\PROGRAM FILES\ORCAD\LAYOUT_PLUS\library\PCON156T.llb
Thu Jun 01 04:31:09 Loaded file C:\PROGRAM FILES\ORCAD\LAYOUT_PLUS\library\PGA.llb
Thu Jun 01 04:31:09 Loaded file C:\PROGRAM FILES\ORCAD\LAYOUT_PLUS\library\PLCC.llb
Thu Jun 01 04:31:10 Loaded file C:\PROGRAM FILES\ORCAD\LAYOUT_PLUS\library\QUAD.llb
Thu Jun 01 04:31:10 Loaded file C:\PROGRAM FILES\ORCAD\LAYOUT_PLUS\library\QUADB.llb
Thu Jun 01 04:31:10 Loaded file C:\PROGRAM FILES\ORCAD\LAYOUT_PLUS\library\RELAY.llb
Thu Jun 01 04:31:10 Loaded file C:\PROGRAM FILES\ORCAD\LAYOUT_PLUS\library\RF.llb
Thu Jun 01 04:31:10 Loaded file C:\PROGRAM FILES\ORCAD\LAYOUT_PLUS\library\SBUS.llb
Thu Jun 01 04:31:10 Loaded file C:\PROGRAM FILES\ORCAD\LAYOUT_PLUS\library\SIMM050F.llb
Thu Jun 01 04:31:10 Loaded file C:\PROGRAM FILES\ORCAD\LAYOUT_PLUS\library\SIMM050T.llb
Thu Jun 01 04:31:10 Loaded file C:\PROGRAM FILES\ORCAD\LAYOUT_PLUS\library\SIMM100F.llb
Thu Jun 01 04:31:10 Loaded file C:\PROGRAM FILES\ORCAD\LAYOUT_PLUS\library\SIMM100T.llb
Thu Jun 01 04:31:10 Loaded file C:\PROGRAM FILES\ORCAD\LAYOUT_PLUS\library\SIP.llb
Thu Jun 01 04:31:11 Loaded file C:\PROGRAM FILES\ORCAD\LAYOUT_PLUS\library\SM.llb
Thu Jun 01 04:31:11 Loaded file C:\PROGRAM FILES\ORCAD\LAYOUT_PLUS\library\SOG.llb
Thu Jun 01 04:31:11 Loaded file C:\PROGRAM FILES\ORCAD\LAYOUT_PLUS\library\SOJ.llb
Thu Jun 01 04:31:11 Loaded file C:\PROGRAM FILES\ORCAD\LAYOUT_PLUS\library\STIFF.llb
Thu Jun 01 04:31:11 Loaded file C:\PROGRAM FILES\ORCAD\LAYOUT_PLUS\library\TELE.llb
Thu Jun 01 04:31:11 Loaded file C:\PROGRAM FILES\ORCAD\LAYOUT_PLUS\library\TM_AXIAL.llb
Thu Jun 01 04:31:11 Loaded file C:\PROGRAM FILES\ORCAD\LAYOUT_PLUS\library\TM_CAP_P.llb
Thu Jun 01 04:31:11 Loaded file C:\PROGRAM FILES\ORCAD\LAYOUT_PLUS\library\TM_CYLND.llb
Thu Jun 01 04:31:11 Loaded file C:\PROGRAM FILES\ORCAD\LAYOUT_PLUS\library\TM_DIODE.llb
Thu Jun 01 04:31:11 Loaded file C:\PROGRAM FILES\ORCAD\LAYOUT_PLUS\library\TM_DISC.llb
Thu Jun 01 04:31:11 Loaded file C:\PROGRAM FILES\ORCAD\LAYOUT_PLUS\library\TM_RAD.llb
Thu Jun 01 04:31:12 Loaded file C:\PROGRAM FILES\ORCAD\LAYOUT_PLUS\library\TO.llb
Thu Jun 01 04:31:12 Loaded file C:\PROGRAM FILES\ORCAD\LAYOUT_PLUS\library\TRAINING.LLB
Thu Jun 01 04:31:12 Loaded file C:\PROGRAM FILES\ORCAD\LAYOUT_PLUS\library\VRES.llb
Thu Jun 01 04:31:12 Loaded file C:\PROGRAM FILES\ORCAD\LAYOUT_PLUS\library\WCON100T.llb
Thu Jun 01 04:31:12 Loaded file C:\PROGRAM FILES\ORCAD\LAYOUT_PLUS\library\XT.llb
Thu Jun 01 04:31:12 Loaded file C:\PROGRAM FILES\ORCAD\LAYOUT_PLUS\library\ZIGZAG.llb
Thu Jun 01 04:31:12 Loaded file C:\PROGRAM FILES\ORCAD\LAYOUT_PLUS\library\DIP100B.llb
Thu Jun 01 04:31:12 Loaded file C:\PROGRAM FILES\ORCAD\LAYOUT_PLUS\library\TM_DIODE.llb
Thu Jun 01 04:31:13 Loaded file C:\PROGRAM FILES\ORCAD\LAYOUT_PLUS\library\BCON100T.llb
Thu Jun 01 04:31:13 Loaded file C:\PROGRAM FILES\ORCAD\LAYOUT_PLUS\library\BCON100T.llb
Thu Jun 01 04:31:13 Loaded file C:\PROGRAM FILES\ORCAD\LAYOUT_PLUS\library\BCON100T.llb
Thu Jun 01 04:31:13 Loaded file C:\PROGRAM FILES\ORCAD\LAYOUT_PLUS\library\TM_RAD.llb
Thu Jun 01 04:31:13 Loaded file C:\PROGRAM FILES\ORCAD\LAYOUT_PLUS\library\TM_RAD.llb
Thu Jun 01 04:31:13 Loaded file C:\PROGRAM FILES\ORCAD\LAYOUT_PLUS\library\TM_CYLND.llb
Thu Jun 01 04:31:13 Saved as file D:\ORCAD\STEPMOTORDRIVER\STEPMOTORDRIVER.MAX
Thu Jun 01 04:31:14 Loaded file D:\ORCAD\STEPMOTORDRIVER\STEPMOTORDRIVER.MAX
Thu Jun 01 04:41:23 Saved as file BACKUP1.MAX
Thu Jun 01 04:46:31 Loaded file C:\PROGRAM FILES\ORCAD\LAYOUT_PLUS\library\BCON100T.llb
Thu Jun 01 04:46:31 Loaded file C:\PROGRAM FILES\ORCAD\LAYOUT_PLUS\library\BCON156T.llb
Thu Jun 01 04:46:31 Loaded file C:\PROGRAM FILES\ORCAD\LAYOUT_PLUS\library\BGA.llb
Thu Jun 01 04:46:31 Loaded file C:\PROGRAM FILES\ORCAD\LAYOUT_PLUS\library\CLCC.llb
Thu Jun 01 04:46:31 Loaded file C:\PROGRAM FILES\ORCAD\LAYOUT_PLUS\library\DCON050T.llb
Thu Jun 01 04:46:31 Loaded file C:\PROGRAM FILES\ORCAD\LAYOUT_PLUS\library\DCON085T.llb
Thu Jun 01 04:46:31 Loaded file C:\PROGRAM FILES\ORCAD\LAYOUT_PLUS\library\DIMM050F.llb
Thu Jun 01 04:46:31 Loaded file C:\PROGRAM FILES\ORCAD\LAYOUT_PLUS\library\DIMM050T.llb
Thu Jun 01 04:46:31 Loaded file C:\PROGRAM FILES\ORCAD\LAYOUT_PLUS\library\DIN.llb
Thu Jun 01 04:46:31 Loaded file C:\PROGRAM FILES\ORCAD\LAYOUT_PLUS\library\DIP100B.llb
Thu Jun 01 04:46:31 Loaded file C:\PROGRAM FILES\ORCAD\LAYOUT_PLUS\library\DIP100T.llb
Thu Jun 01 04:46:31 Loaded file C:\PROGRAM FILES\ORCAD\LAYOUT_PLUS\library\DSUBT.llb
Thu Jun 01 04:46:32 Loaded file C:\PROGRAM FILES\ORCAD\LAYOUT_PLUS\library\DSUBT_HD.LLB
Thu Jun 01 04:46:32 Loaded file C:\PROGRAM FILES\ORCAD\LAYOUT_PLUS\library\ECON100T.llb
Thu Jun 01 04:46:32 Loaded file C:\PROGRAM FILES\ORCAD\LAYOUT_PLUS\library\FBUS.llb
Thu Jun 01 04:46:32 Loaded file C:\PROGRAM FILES\ORCAD\LAYOUT_PLUS\library\ISA.llb
Thu Jun 01 04:46:32 Loaded file C:\PROGRAM FILES\ORCAD\LAYOUT_PLUS\library\JUMPER.LLB
Thu Jun 01 04:46:32 Loaded file C:\PROGRAM FILES\ORCAD\LAYOUT_PLUS\library\LAYOUT.llb
Thu Jun 01 04:46:32 Loaded file C:\PROGRAM FILES\ORCAD\LAYOUT_PLUS\library\LCON100T.llb
Thu Jun 01 04:46:32 Loaded file C:\PROGRAM FILES\ORCAD\LAYOUT_PLUS\library\PC104.llb
Thu Jun 01 04:46:32 Loaded file C:\PROGRAM FILES\ORCAD\LAYOUT_PLUS\library\PCI.llb
Thu Jun 01 04:46:32 Loaded file C:\PROGRAM FILES\ORCAD\LAYOUT_PLUS\library\PCON100T.llb
Thu Jun 01 04:46:32 Loaded file C:\PROGRAM FILES\ORCAD\LAYOUT_PLUS\library\PCON156T.llb
Thu Jun 01 04:46:32 Loaded file C:\PROGRAM FILES\ORCAD\LAYOUT_PLUS\library\PGA.llb
Thu Jun 01 04:46:32 Loaded file C:\PROGRAM FILES\ORCAD\LAYOUT_PLUS\library\PLCC.llb
Thu Jun 01 04:46:32 Loaded file C:\PROGRAM FILES\ORCAD\LAYOUT_PLUS\library\QUAD.llb
Thu Jun 01 04:46:32 Loaded file C:\PROGRAM FILES\ORCAD\LAYOUT_PLUS\library\QUADB.llb
Thu Jun 01 04:46:32 Loaded file C:\PROGRAM FILES\ORCAD\LAYOUT_PLUS\library\RELAY.llb
Thu Jun 01 04:46:32 Loaded file C:\PROGRAM FILES\ORCAD\LAYOUT_PLUS\library\RF.llb
Thu Jun 01 04:46:32 Loaded file C:\PROGRAM FILES\ORCAD\LAYOUT_PLUS\library\SBUS.llb
Thu Jun 01 04:46:32 Loaded file C:\PROGRAM FILES\ORCAD\LAYOUT_PLUS\library\SIMM050F.llb
Thu Jun 01 04:46:32 Loaded file C:\PROGRAM FILES\ORCAD\LAYOUT_PLUS\library\SIMM050T.llb
Thu Jun 01 04:46:32 Loaded file C:\PROGRAM FILES\ORCAD\LAYOUT_PLUS\library\SIMM100F.llb
Thu Jun 01 04:46:32 Loaded file C:\PROGRAM FILES\ORCAD\LAYOUT_PLUS\library\SIMM100T.llb
Thu Jun 01 04:46:32 Loaded file C:\PROGRAM FILES\ORCAD\LAYOUT_PLUS\library\SIP.llb
Thu Jun 01 04:46:32 Loaded file C:\PROGRAM FILES\ORCAD\LAYOUT_PLUS\library\SM.llb
Thu Jun 01 04:46:32 Loaded file C:\PROGRAM FILES\ORCAD\LAYOUT_PLUS\library\SOG.llb
Thu Jun 01 04:46:32 Loaded file C:\PROGRAM FILES\ORCAD\LAYOUT_PLUS\library\SOJ.llb
Thu Jun 01 04:46:32 Loaded file C:\PROGRAM FILES\ORCAD\LAYOUT_PLUS\library\STIFF.llb
Thu Jun 01 04:46:32 Loaded file C:\PROGRAM FILES\ORCAD\LAYOUT_PLUS\library\TELE.llb
Thu Jun 01 04:46:32 Loaded file C:\PROGRAM FILES\ORCAD\LAYOUT_PLUS\library\TM_AXIAL.llb
Thu Jun 01 04:46:32 Loaded file C:\PROGRAM FILES\ORCAD\LAYOUT_PLUS\library\TM_CAP_P.llb
Thu Jun 01 04:46:32 Loaded file C:\PROGRAM FILES\ORCAD\LAYOUT_PLUS\library\TM_CYLND.llb
Thu Jun 01 04:46:32 Loaded file C:\PROGRAM FILES\ORCAD\LAYOUT_PLUS\library\TM_DIODE.llb
Thu Jun 01 04:46:32 Loaded file C:\PROGRAM FILES\ORCAD\LAYOUT_PLUS\library\TM_DISC.llb
Thu Jun 01 04:46:32 Loaded file C:\PROGRAM FILES\ORCAD\LAYOUT_PLUS\library\TM_RAD.llb
Thu Jun 01 04:46:32 Loaded file C:\PROGRAM FILES\ORCAD\LAYOUT_PLUS\library\TO.llb
Thu Jun 01 04:46:32 Loaded file C:\PROGRAM FILES\ORCAD\LAYOUT_PLUS\library\TRAINING.LLB
Thu Jun 01 04:46:32 Loaded file C:\PROGRAM FILES\ORCAD\LAYOUT_PLUS\library\VRES.llb
Thu Jun 01 04:46:32 Loaded file C:\PROGRAM FILES\ORCAD\LAYOUT_PLUS\library\WCON100T.llb
Thu Jun 01 04:46:32 Loaded file C:\PROGRAM FILES\ORCAD\LAYOUT_PLUS\library\XT.llb
Thu Jun 01 04:46:32 Loaded file C:\PROGRAM FILES\ORCAD\LAYOUT_PLUS\library\ZIGZAG.llb
Thu Jun 01 04:47:48 Loaded file C:\PROGRAM FILES\ORCAD\LAYOUT_PLUS\library\BCON100T.llb
Thu Jun 01 04:47:48 Loaded file C:\PROGRAM FILES\ORCAD\LAYOUT_PLUS\library\BCON156T.llb
Thu Jun 01 04:47:48 Loaded file C:\PROGRAM FILES\ORCAD\LAYOUT_PLUS\library\BGA.llb
Thu Jun 01 04:47:48 Loaded file C:\PROGRAM FILES\ORCAD\LAYOUT_PLUS\library\CLCC.llb
Thu Jun 01 04:47:48 Loaded file C:\PROGRAM FILES\ORCAD\LAYOUT_PLUS\library\DCON050T.llb
Thu Jun 01 04:47:48 Loaded file C:\PROGRAM FILES\ORCAD\LAYOUT_PLUS\library\DCON085T.llb
Thu Jun 01 04:47:48 Loaded file C:\PROGRAM FILES\ORCAD\LAYOUT_PLUS\library\DIMM050F.llb
Thu Jun 01 04:47:48 Loaded file C:\PROGRAM FILES\ORCAD\LAYOUT_PLUS\library\DIMM050T.llb
Thu Jun 01 04:47:48 Loaded file C:\PROGRAM FILES\ORCAD\LAYOUT_PLUS\library\DIN.llb
Thu Jun 01 04:47:48 Loaded file C:\PROGRAM FILES\ORCAD\LAYOUT_PLUS\library\DIP100B.llb
Thu Jun 01 04:47:48 Loaded file C:\PROGRAM FILES\ORCAD\LAYOUT_PLUS\library\DIP100T.llb
Thu Jun 01 04:47:48 Loaded file C:\PROGRAM FILES\ORCAD\LAYOUT_PLUS\library\DSUBT.llb
Thu Jun 01 04:47:48 Loaded file C:\PROGRAM FILES\ORCAD\LAYOUT_PLUS\library\DSUBT_HD.LLB
Thu Jun 01 04:47:48 Loaded file C:\PROGRAM FILES\ORCAD\LAYOUT_PLUS\library\ECON100T.llb
Thu Jun 01 04:47:48 Loaded file C:\PROGRAM FILES\ORCAD\LAYOUT_PLUS\library\FBUS.llb
Thu Jun 01 04:47:48 Loaded file C:\PROGRAM FILES\ORCAD\LAYOUT_PLUS\library\ISA.llb
Thu Jun 01 04:47:48 Loaded file C:\PROGRAM FILES\ORCAD\LAYOUT_PLUS\library\JUMPER.LLB
Thu Jun 01 04:47:48 Loaded file C:\PROGRAM FILES\ORCAD\LAYOUT_PLUS\library\LAYOUT.llb
Thu Jun 01 04:47:48 Loaded file C:\PROGRAM FILES\ORCAD\LAYOUT_PLUS\library\LCON100T.llb
Thu Jun 01 04:47:48 Loaded file C:\PROGRAM FILES\ORCAD\LAYOUT_PLUS\library\PC104.llb
Thu Jun 01 04:47:48 Loaded file C:\PROGRAM FILES\ORCAD\LAYOUT_PLUS\library\PCI.llb
Thu Jun 01 04:47:48 Loaded file C:\PROGRAM FILES\ORCAD\LAYOUT_PLUS\library\PCON100T.llb
Thu Jun 01 04:47:48 Loaded file C:\PROGRAM FILES\ORCAD\LAYOUT_PLUS\library\PCON156T.llb
Thu Jun 01 04:47:48 Loaded file C:\PROGRAM FILES\ORCAD\LAYOUT_PLUS\library\PGA.llb
Thu Jun 01 04:47:48 Loaded file C:\PROGRAM FILES\ORCAD\LAYOUT_PLUS\library\PLCC.llb
Thu Jun 01 04:47:48 Loaded file C:\PROGRAM FILES\ORCAD\LAYOUT_PLUS\library\QUAD.llb
Thu Jun 01 04:47:49 Loaded file C:\PROGRAM FILES\ORCAD\LAYOUT_PLUS\library\QUADB.llb
Thu Jun 01 04:47:49 Loaded file C:\PROGRAM FILES\ORCAD\LAYOUT_PLUS\library\RELAY.llb
Thu Jun 01 04:47:49 Loaded file C:\PROGRAM FILES\ORCAD\LAYOUT_PLUS\library\RF.llb
Thu Jun 01 04:47:49 Loaded file C:\PROGRAM FILES\ORCAD\LAYOUT_PLUS\library\SBUS.llb
Thu Jun 01 04:47:49 Loaded file C:\PROGRAM FILES\ORCAD\LAYOUT_PLUS\library\SIMM050F.llb
Thu Jun 01 04:47:49 Loaded file C:\PROGRAM FILES\ORCAD\LAYOUT_PLUS\library\SIMM050T.llb
Thu Jun 01 04:47:49 Loaded file C:\PROGRAM FILES\ORCAD\LAYOUT_PLUS\library\SIMM100F.llb
Thu Jun 01 04:47:49 Loaded file C:\PROGRAM FILES\ORCAD\LAYOUT_PLUS\library\SIMM100T.llb
Thu Jun 01 04:47:49 Loaded file C:\PROGRAM FILES\ORCAD\LAYOUT_PLUS\library\SIP.llb
Thu Jun 01 04:47:49 Loaded file C:\PROGRAM FILES\ORCAD\LAYOUT_PLUS\library\SM.llb
Thu Jun 01 04:47:49 Loaded file C:\PROGRAM FILES\ORCAD\LAYOUT_PLUS\library\SOG.llb
Thu Jun 01 04:47:49 Loaded file C:\PROGRAM FILES\ORCAD\LAYOUT_PLUS\library\SOJ.llb
Thu Jun 01 04:47:49 Loaded file C:\PROGRAM FILES\ORCAD\LAYOUT_PLUS\library\STIFF.llb
Thu Jun 01 04:47:49 Loaded file C:\PROGRAM FILES\ORCAD\LAYOUT_PLUS\library\TELE.llb
Thu Jun 01 04:47:49 Loaded file C:\PROGRAM FILES\ORCAD\LAYOUT_PLUS\library\TM_AXIAL.llb
Thu Jun 01 04:47:49 Loaded file C:\PROGRAM FILES\ORCAD\LAYOUT_PLUS\library\TM_CAP_P.llb
Thu Jun 01 04:47:49 Loaded file C:\PROGRAM FILES\ORCAD\LAYOUT_PLUS\library\TM_CYLND.llb
Thu Jun 01 04:47:49 Loaded file C:\PROGRAM FILES\ORCAD\LAYOUT_PLUS\library\TM_DIODE.llb
Thu Jun 01 04:47:49 Loaded file C:\PROGRAM FILES\ORCAD\LAYOUT_PLUS\library\TM_DISC.llb
Thu Jun 01 04:47:49 Loaded file C:\PROGRAM FILES\ORCAD\LAYOUT_PLUS\library\TM_RAD.llb
Thu Jun 01 04:48:45 Loaded file C:\PROGRAM FILES\ORCAD\LAYOUT_PLUS\library\BCON100T.llb
Thu Jun 01 04:48:45 Loaded file C:\PROGRAM FILES\ORCAD\LAYOUT_PLUS\library\BCON156T.llb
Thu Jun 01 04:48:45 Loaded file C:\PROGRAM FILES\ORCAD\LAYOUT_PLUS\library\BGA.llb
Thu Jun 01 04:48:45 Loaded file C:\PROGRAM FILES\ORCAD\LAYOUT_PLUS\library\CLCC.llb
Thu Jun 01 04:48:45 Loaded file C:\PROGRAM FILES\ORCAD\LAYOUT_PLUS\library\DCON050T.llb
Thu Jun 01 04:48:45 Loaded file C:\PROGRAM FILES\ORCAD\LAYOUT_PLUS\library\DCON085T.llb
Thu Jun 01 04:48:45 Loaded file C:\PROGRAM FILES\ORCAD\LAYOUT_PLUS\library\DIMM050F.llb
Thu Jun 01 04:48:45 Loaded file C:\PROGRAM FILES\ORCAD\LAYOUT_PLUS\library\DIMM050T.llb
Thu Jun 01 04:48:45 Loaded file C:\PROGRAM FILES\ORCAD\LAYOUT_PLUS\library\DIN.llb
Thu Jun 01 04:48:45 Loaded file C:\PROGRAM FILES\ORCAD\LAYOUT_PLUS\library\DIP100B.llb
Thu Jun 01 04:48:45 Loaded file C:\PROGRAM FILES\ORCAD\LAYOUT_PLUS\library\DIP100T.llb
Thu Jun 01 04:48:45 Loaded file C:\PROGRAM FILES\ORCAD\LAYOUT_PLUS\library\DSUBT.llb
Thu Jun 01 04:48:45 Loaded file C:\PROGRAM FILES\ORCAD\LAYOUT_PLUS\library\DSUBT_HD.LLB
Thu Jun 01 04:48:45 Loaded file C:\PROGRAM FILES\ORCAD\LAYOUT_PLUS\library\ECON100T.llb
Thu Jun 01 04:48:45 Loaded file C:\PROGRAM FILES\ORCAD\LAYOUT_PLUS\library\FBUS.llb
Thu Jun 01 04:48:45 Loaded file C:\PROGRAM FILES\ORCAD\LAYOUT_PLUS\library\ISA.llb
Thu Jun 01 04:48:45 Loaded file C:\PROGRAM FILES\ORCAD\LAYOUT_PLUS\library\JUMPER.LLB
Thu Jun 01 04:48:45 Loaded file C:\PROGRAM FILES\ORCAD\LAYOUT_PLUS\library\LAYOUT.llb
Thu Jun 01 04:48:45 Loaded file C:\PROGRAM FILES\ORCAD\LAYOUT_PLUS\library\LCON100T.llb
Thu Jun 01 04:48:45 Loaded file C:\PROGRAM FILES\ORCAD\LAYOUT_PLUS\library\PC104.llb
Thu Jun 01 04:48:45 Loaded file C:\PROGRAM FILES\ORCAD\LAYOUT_PLUS\library\PCI.llb
Thu Jun 01 04:48:46 Loaded file C:\PROGRAM FILES\ORCAD\LAYOUT_PLUS\library\PCON100T.llb
Thu Jun 01 04:48:46 Loaded file C:\PROGRAM FILES\ORCAD\LAYOUT_PLUS\library\PCON156T.llb
Thu Jun 01 04:48:46 Loaded file C:\PROGRAM FILES\ORCAD\LAYOUT_PLUS\library\PGA.llb
Thu Jun 01 04:48:46 Loaded file C:\PROGRAM FILES\ORCAD\LAYOUT_PLUS\library\PLCC.llb
Thu Jun 01 04:48:46 Loaded file C:\PROGRAM FILES\ORCAD\LAYOUT_PLUS\library\QUAD.llb
Thu Jun 01 04:48:46 Loaded file C:\PROGRAM FILES\ORCAD\LAYOUT_PLUS\library\QUADB.llb
Thu Jun 01 04:48:46 Loaded file C:\PROGRAM FILES\ORCAD\LAYOUT_PLUS\library\RELAY.llb
Thu Jun 01 04:48:46 Loaded file C:\PROGRAM FILES\ORCAD\LAYOUT_PLUS\library\RF.llb
Thu Jun 01 04:48:46 Loaded file C:\PROGRAM FILES\ORCAD\LAYOUT_PLUS\library\SBUS.llb
Thu Jun 01 04:48:46 Loaded file C:\PROGRAM FILES\ORCAD\LAYOUT_PLUS\library\SIMM050F.llb
Thu Jun 01 04:48:46 Loaded file C:\PROGRAM FILES\ORCAD\LAYOUT_PLUS\library\SIMM050T.llb
Thu Jun 01 04:48:46 Loaded file C:\PROGRAM FILES\ORCAD\LAYOUT_PLUS\library\SIMM100F.llb
Thu Jun 01 04:48:46 Loaded file C:\PROGRAM FILES\ORCAD\LAYOUT_PLUS\library\SIMM100T.llb
Thu Jun 01 04:48:46 Loaded file C:\PROGRAM FILES\ORCAD\LAYOUT_PLUS\library\SIP.llb
Thu Jun 01 04:48:46 Loaded file C:\PROGRAM FILES\ORCAD\LAYOUT_PLUS\library\SM.llb
Thu Jun 01 04:48:46 Loaded file C:\PROGRAM FILES\ORCAD\LAYOUT_PLUS\library\SOG.llb
Thu Jun 01 04:48:46 Loaded file C:\PROGRAM FILES\ORCAD\LAYOUT_PLUS\library\SOJ.llb
Thu Jun 01 04:48:46 Loaded file C:\PROGRAM FILES\ORCAD\LAYOUT_PLUS\library\STIFF.llb
Thu Jun 01 04:48:46 Loaded file C:\PROGRAM FILES\ORCAD\LAYOUT_PLUS\library\TELE.llb
Thu Jun 01 04:48:46 Loaded file C:\PROGRAM FILES\ORCAD\LAYOUT_PLUS\library\TM_AXIAL.llb
Thu Jun 01 04:48:46 Loaded file C:\PROGRAM FILES\ORCAD\LAYOUT_PLUS\library\TM_CAP_P.llb
Thu Jun 01 04:48:46 Loaded file C:\PROGRAM FILES\ORCAD\LAYOUT_PLUS\library\TM_CYLND.llb
Thu Jun 01 04:48:46 Loaded file C:\PROGRAM FILES\ORCAD\LAYOUT_PLUS\library\TM_DIODE.llb
Thu Jun 01 04:48:46 Loaded file C:\PROGRAM FILES\ORCAD\LAYOUT_PLUS\library\TM_DISC.llb
Thu Jun 01 04:48:46 Loaded file C:\PROGRAM FILES\ORCAD\LAYOUT_PLUS\library\TM_RAD.llb
Thu Jun 01 04:48:46 Loaded file C:\PROGRAM FILES\ORCAD\LAYOUT_PLUS\library\TO.llb
Thu Jun 01 04:48:46 Loaded file C:\PROGRAM FILES\ORCAD\LAYOUT_PLUS\library\TRAINING.LLB
Thu Jun 01 04:48:46 Loaded file C:\PROGRAM FILES\ORCAD\LAYOUT_PLUS\library\VRES.llb
Thu Jun 01 04:48:46 Loaded file C:\PROGRAM FILES\ORCAD\LAYOUT_PLUS\library\WCON100T.llb
Thu Jun 01 04:48:46 Loaded file C:\PROGRAM FILES\ORCAD\LAYOUT_PLUS\library\XT.llb
Thu Jun 01 04:48:46 Loaded file C:\PROGRAM FILES\ORCAD\LAYOUT_PLUS\library\ZIGZAG.llb
Thu Jun 01 04:49:24 Loaded file C:\PROGRAM FILES\ORCAD\LAYOUT_PLUS\library\BCON100T.llb
Thu Jun 01 04:49:24 Loaded file C:\PROGRAM FILES\ORCAD\LAYOUT_PLUS\library\BCON156T.llb
Thu Jun 01 04:49:25 Loaded file C:\PROGRAM FILES\ORCAD\LAYOUT_PLUS\library\BGA.llb
Thu Jun 01 04:49:25 Loaded file C:\PROGRAM FILES\ORCAD\LAYOUT_PLUS\library\CLCC.llb
Thu Jun 01 04:49:25 Loaded file C:\PROGRAM FILES\ORCAD\LAYOUT_PLUS\library\DCON050T.llb
Thu Jun 01 04:49:25 Loaded file C:\PROGRAM FILES\ORCAD\LAYOUT_PLUS\library\DCON085T.llb
Thu Jun 01 04:49:25 Loaded file C:\PROGRAM FILES\ORCAD\LAYOUT_PLUS\library\DIMM050F.llb
Thu Jun 01 04:49:25 Loaded file C:\PROGRAM FILES\ORCAD\LAYOUT_PLUS\library\DIMM050T.llb
Thu Jun 01 04:49:25 Loaded file C:\PROGRAM FILES\ORCAD\LAYOUT_PLUS\library\DIN.llb
Thu Jun 01 04:49:25 Loaded file C:\PROGRAM FILES\ORCAD\LAYOUT_PLUS\library\DIP100B.llb
Thu Jun 01 04:49:25 Loaded file C:\PROGRAM FILES\ORCAD\LAYOUT_PLUS\library\DIP100T.llb
Thu Jun 01 04:49:25 Loaded file C:\PROGRAM FILES\ORCAD\LAYOUT_PLUS\library\DSUBT.llb
Thu Jun 01 04:49:25 Loaded file C:\PROGRAM FILES\ORCAD\LAYOUT_PLUS\library\DSUBT_HD.LLB
Thu Jun 01 04:49:25 Loaded file C:\PROGRAM FILES\ORCAD\LAYOUT_PLUS\library\ECON100T.llb
Thu Jun 01 04:49:25 Loaded file C:\PROGRAM FILES\ORCAD\LAYOUT_PLUS\library\FBUS.llb
Thu Jun 01 04:49:25 Loaded file C:\PROGRAM FILES\ORCAD\LAYOUT_PLUS\library\ISA.llb
Thu Jun 01 04:49:25 Loaded file C:\PROGRAM FILES\ORCAD\LAYOUT_PLUS\library\JUMPER.LLB
Thu Jun 01 04:49:25 Loaded file C:\PROGRAM FILES\ORCAD\LAYOUT_PLUS\library\LAYOUT.llb
Thu Jun 01 04:49:25 Loaded file C:\PROGRAM FILES\ORCAD\LAYOUT_PLUS\library\LCON100T.llb
Thu Jun 01 04:49:25 Loaded file C:\PROGRAM FILES\ORCAD\LAYOUT_PLUS\library\PC104.llb
Thu Jun 01 04:49:25 Loaded file C:\PROGRAM FILES\ORCAD\LAYOUT_PLUS\library\PCI.llb
Thu Jun 01 04:49:25 Loaded file C:\PROGRAM FILES\ORCAD\LAYOUT_PLUS\library\PCON100T.llb
Thu Jun 01 04:49:25 Loaded file C:\PROGRAM FILES\ORCAD\LAYOUT_PLUS\library\PCON156T.llb
Thu Jun 01 04:49:25 Loaded file C:\PROGRAM FILES\ORCAD\LAYOUT_PLUS\library\PGA.llb
Thu Jun 01 04:49:25 Loaded file C:\PROGRAM FILES\ORCAD\LAYOUT_PLUS\library\PLCC.llb
Thu Jun 01 04:49:25 Loaded file C:\PROGRAM FILES\ORCAD\LAYOUT_PLUS\library\QUAD.llb
Thu Jun 01 04:49:25 Loaded file C:\PROGRAM FILES\ORCAD\LAYOUT_PLUS\library\QUADB.llb
Thu Jun 01 04:49:25 Loaded file C:\PROGRAM FILES\ORCAD\LAYOUT_PLUS\library\RELAY.llb
Thu Jun 01 04:49:25 Loaded file C:\PROGRAM FILES\ORCAD\LAYOUT_PLUS\library\RF.llb
Thu Jun 01 04:49:25 Loaded file C:\PROGRAM FILES\ORCAD\LAYOUT_PLUS\library\SBUS.llb
Thu Jun 01 04:49:25 Loaded file C:\PROGRAM FILES\ORCAD\LAYOUT_PLUS\library\SIMM050F.llb
Thu Jun 01 04:49:25 Loaded file C:\PROGRAM FILES\ORCAD\LAYOUT_PLUS\library\SIMM050T.llb
Thu Jun 01 04:49:25 Loaded file C:\PROGRAM FILES\ORCAD\LAYOUT_PLUS\library\SIMM100F.llb
Thu Jun 01 04:49:25 Loaded file C:\PROGRAM FILES\ORCAD\LAYOUT_PLUS\library\SIMM100T.llb
Thu Jun 01 04:49:25 Loaded file C:\PROGRAM FILES\ORCAD\LAYOUT_PLUS\library\SIP.llb
Thu Jun 01 04:49:25 Loaded file C:\PROGRAM FILES\ORCAD\LAYOUT_PLUS\library\SM.llb
Thu Jun 01 04:49:25 Loaded file C:\PROGRAM FILES\ORCAD\LAYOUT_PLUS\library\SOG.llb
Thu Jun 01 04:49:25 Loaded file C:\PROGRAM FILES\ORCAD\LAYOUT_PLUS\library\SOJ.llb
Thu Jun 01 04:49:25 Loaded file C:\PROGRAM FILES\ORCAD\LAYOUT_PLUS\library\STIFF.llb
Thu Jun 01 04:49:25 Loaded file C:\PROGRAM FILES\ORCAD\LAYOUT_PLUS\library\TELE.llb
Thu Jun 01 04:49:25 Loaded file C:\PROGRAM FILES\ORCAD\LAYOUT_PLUS\library\TM_AXIAL.llb
Thu Jun 01 04:49:25 Loaded file C:\PROGRAM FILES\ORCAD\LAYOUT_PLUS\library\TM_CAP_P.llb
Thu Jun 01 04:49:25 Loaded file C:\PROGRAM FILES\ORCAD\LAYOUT_PLUS\library\TM_CYLND.llb
Thu Jun 01 04:49:25 Loaded file C:\PROGRAM FILES\ORCAD\LAYOUT_PLUS\library\TM_DIODE.llb
Thu Jun 01 04:49:25 Loaded file C:\PROGRAM FILES\ORCAD\LAYOUT_PLUS\library\TM_DISC.llb
Thu Jun 01 04:49:25 Loaded file C:\PROGRAM FILES\ORCAD\LAYOUT_PLUS\library\TM_RAD.llb
Thu Jun 01 04:54:23 Saved as file BACKUP1.MAX
Thu Jun 01 04:59:15 Saved as file D:\ORCAD\STEPMOTORDRIVER\STEPMOTORDRIVER.MAX
Thu Jun 01 04:59:17 Saved as file D:\ORCAD\STEPMOTORDRIVER\STEPMOTORDRIVER.MAX
Thu Jun 01 05:03:51 Saved as file D:\ORCAD\STEPMOTORDRIVER\STEPMOTORDRIVER.MAX
Thu Jun 01 05:03:55 Saved as file BACKUP1.MAX
Thu Jun 01 05:03:55 Routed 8 connections in 0 seconds.
Thu Jun 01 05:03:55 Total is now 8 out of 63 (12%).
Thu Jun 01 05:03:55 Saved as file SWEEP1.MAX
Thu Jun 01 05:03:58 Saved as file BACKUP1.MAX
Thu Jun 01 05:03:58 Routed 54 connections in 2 seconds.
Thu Jun 01 05:03:58 Total is now 62 out of 63 (98%).
Thu Jun 01 05:03:58 Saved as file SWEEP2.MAX
Thu Jun 01 05:04:00 No new connections routed.
Thu Jun 01 05:04:00 Total is now 62 out of 63 (98%).
Thu Jun 01 05:04:00 Saved as file SWEEP3.MAX
Thu Jun 01 05:04:01 Routed 1 connections in 1 seconds.
Thu Jun 01 05:04:01 Total is now 63 out of 63 (100%).
Thu Jun 01 05:04:01 Saved as file SWEEP4.MAX
Thu Jun 01 05:04:02 No new connections routed.
Thu Jun 01 05:04:02 Total is now 63 out of 63 (100%).
Thu Jun 01 05:04:02 Saved as file SWEEP5.MAX
Thu Jun 01 05:04:24 Saved as file BACKUP1.MAX
Thu Jun 01 05:07:04 Saved as file D:\ORCAD\STEPMOTORDRIVER\STEPMOTORDRIVER.MAX
Thu Jun 01 05:07:06 Saved as file D:\ORCAD\STEPMOTORDRIVER\STEPMOTORDRIVER.MAX
Thu Jun 29 20:36:59 Saved as file BACKUP1.MAX
Thu Jun 29 20:36:59 Routed 9 connections in 1 seconds.
Thu Jun 29 20:36:59 Total is now 9 out of 65 (13%).
Thu Jun 29 20:36:59 Saved as file SWEEP1.MAX
Thu Jun 29 20:37:03 Saved as file BACKUP1.MAX
Thu Jun 29 20:37:03 Routed 56 connections in 3 seconds.
Thu Jun 29 20:37:03 Total is now 65 out of 65 (100%).
Thu Jun 29 20:37:03 Saved as file SWEEP2.MAX
Thu Jun 29 20:37:03 No new connections routed.
Thu Jun 29 20:37:03 Total is now 65 out of 65 (100%).
Thu Jun 29 20:37:03 Saved as file SWEEP3.MAX
Thu Jun 29 20:37:03 No new connections routed.
Thu Jun 29 20:37:03 Total is now 65 out of 65 (100%).
Thu Jun 29 20:37:03 Saved as file SWEEP4.MAX
Thu Jun 29 20:37:04 No new connections routed.
Thu Jun 29 20:37:04 Total is now 65 out of 65 (100%).
Thu Jun 29 20:37:04 Saved as file SWEEP5.MAX
Thu Jul 13 19:42:43 Saved as file BACKUP1.MAX
Thu Jul 13 19:42:43 Saved as file E:\ORCAD\STEPMOTORDRIVER\STEPMOTORDRIVER.MAX
Thu Jul 13 19:42:44 UserDiv from Layout.INI for AutoECO: 60
Thu Jul 13 19:42:44 Loaded file E:\ORCAD\STEPMOTORDRIVER\STEPMOTORDRIVER.MAX
Thu Jul 13 19:42:45 Loaded file C:\PROGRAM FILES\ORCAD\LAYOUT_PLUS\library\BCON100T.llb
Thu Jul 13 19:42:45 Loaded file C:\PROGRAM FILES\ORCAD\LAYOUT_PLUS\library\BCON156T.llb
Thu Jul 13 19:42:46 Loaded file C:\PROGRAM FILES\ORCAD\LAYOUT_PLUS\library\BGA.llb
Thu Jul 13 19:42:46 Loaded file C:\PROGRAM FILES\ORCAD\LAYOUT_PLUS\library\CLCC.llb
Thu Jul 13 19:42:46 Loaded file C:\PROGRAM FILES\ORCAD\LAYOUT_PLUS\library\DCON050T.llb
Thu Jul 13 19:42:46 Loaded file C:\PROGRAM FILES\ORCAD\LAYOUT_PLUS\library\DCON085T.llb
Thu Jul 13 19:42:46 Loaded file C:\PROGRAM FILES\ORCAD\LAYOUT_PLUS\library\DIMM050F.llb
Thu Jul 13 19:42:46 Loaded file C:\PROGRAM FILES\ORCAD\LAYOUT_PLUS\library\DIMM050T.llb
Thu Jul 13 19:42:46 Loaded file C:\PROGRAM FILES\ORCAD\LAYOUT_PLUS\library\DIN.llb
Thu Jul 13 19:42:46 Loaded file C:\PROGRAM FILES\ORCAD\LAYOUT_PLUS\library\DIP100B.llb
Thu Jul 13 19:42:46 Loaded file C:\PROGRAM FILES\ORCAD\LAYOUT_PLUS\library\DIP100T.llb
Thu Jul 13 19:42:46 Loaded file C:\PROGRAM FILES\ORCAD\LAYOUT_PLUS\library\DSUBT.llb
Thu Jul 13 19:42:46 Loaded file C:\PROGRAM FILES\ORCAD\LAYOUT_PLUS\library\DSUBT_HD.LLB
Thu Jul 13 19:42:46 Loaded file C:\PROGRAM FILES\ORCAD\LAYOUT_PLUS\library\ECON100T.llb
Thu Jul 13 19:42:47 Loaded file C:\PROGRAM FILES\ORCAD\LAYOUT_PLUS\library\FBUS.llb
Thu Jul 13 19:42:47 Loaded file C:\PROGRAM FILES\ORCAD\LAYOUT_PLUS\library\ISA.llb
Thu Jul 13 19:42:47 Loaded file C:\PROGRAM FILES\ORCAD\LAYOUT_PLUS\library\JUMPER.LLB
Thu Jul 13 19:42:47 Loaded file C:\PROGRAM FILES\ORCAD\LAYOUT_PLUS\library\LAYOUT.llb
Thu Jul 13 19:42:47 Loaded file C:\PROGRAM FILES\ORCAD\LAYOUT_PLUS\library\LCON100T.llb
Thu Jul 13 19:42:47 Loaded file C:\PROGRAM FILES\ORCAD\LAYOUT_PLUS\library\PC104.llb
Thu Jul 13 19:42:47 Loaded file C:\PROGRAM FILES\ORCAD\LAYOUT_PLUS\library\PCI.llb
Thu Jul 13 19:42:47 Loaded file C:\PROGRAM FILES\ORCAD\LAYOUT_PLUS\library\PCON100T.llb
Thu Jul 13 19:42:47 Loaded file C:\PROGRAM FILES\ORCAD\LAYOUT_PLUS\library\PCON156T.llb
Thu Jul 13 19:42:48 Loaded file C:\PROGRAM FILES\ORCAD\LAYOUT_PLUS\library\PGA.llb
Thu Jul 13 19:42:48 Loaded file C:\PROGRAM FILES\ORCAD\LAYOUT_PLUS\library\PLCC.llb
Thu Jul 13 19:42:48 Loaded file C:\PROGRAM FILES\ORCAD\LAYOUT_PLUS\library\QUAD.llb
Thu Jul 13 19:42:48 Loaded file C:\PROGRAM FILES\ORCAD\LAYOUT_PLUS\library\QUADB.llb
Thu Jul 13 19:42:48 Loaded file C:\PROGRAM FILES\ORCAD\LAYOUT_PLUS\library\RELAY.llb
Thu Jul 13 19:42:48 Loaded file C:\PROGRAM FILES\ORCAD\LAYOUT_PLUS\library\RF.llb
Thu Jul 13 19:42:48 Loaded file C:\PROGRAM FILES\ORCAD\LAYOUT_PLUS\library\SBUS.llb
Thu Jul 13 19:42:49 Loaded file C:\PROGRAM FILES\ORCAD\LAYOUT_PLUS\library\SIMM050F.llb
Thu Jul 13 19:42:49 Loaded file C:\PROGRAM FILES\ORCAD\LAYOUT_PLUS\library\SIMM050T.llb
Thu Jul 13 19:42:49 Loaded file C:\PROGRAM FILES\ORCAD\LAYOUT_PLUS\library\SIMM100F.llb
Thu Jul 13 19:42:49 Loaded file C:\PROGRAM FILES\ORCAD\LAYOUT_PLUS\library\SIMM100T.llb
Thu Jul 13 19:42:49 Loaded file C:\PROGRAM FILES\ORCAD\LAYOUT_PLUS\library\SIP.llb
Thu Jul 13 19:42:49 Loaded file C:\PROGRAM FILES\ORCAD\LAYOUT_PLUS\library\SM.llb
Thu Jul 13 19:42:49 Loaded file C:\PROGRAM FILES\ORCAD\LAYOUT_PLUS\library\SOG.llb
Thu Jul 13 19:42:49 Loaded file C:\PROGRAM FILES\ORCAD\LAYOUT_PLUS\library\SOJ.llb
Thu Jul 13 19:42:49 Loaded file C:\PROGRAM FILES\ORCAD\LAYOUT_PLUS\library\STIFF.llb
Thu Jul 13 19:42:49 Loaded file C:\PROGRAM FILES\ORCAD\LAYOUT_PLUS\library\TELE.llb
Thu Jul 13 19:42:49 Loaded file C:\PROGRAM FILES\ORCAD\LAYOUT_PLUS\library\TM_AXIAL.llb
Thu Jul 13 19:42:49 Loaded file C:\PROGRAM FILES\ORCAD\LAYOUT_PLUS\library\TM_CAP_P.llb
Thu Jul 13 19:42:49 Loaded file C:\PROGRAM FILES\ORCAD\LAYOUT_PLUS\library\TM_CYLND.llb
Thu Jul 13 19:42:50 Loaded file C:\PROGRAM FILES\ORCAD\LAYOUT_PLUS\library\TM_DIODE.llb
Thu Jul 13 19:42:50 Loaded file C:\PROGRAM FILES\ORCAD\LAYOUT_PLUS\library\TM_DISC.llb
Thu Jul 13 19:42:50 Loaded file C:\PROGRAM FILES\ORCAD\LAYOUT_PLUS\library\TM_RAD.llb
Thu Jul 13 19:42:50 Loaded file C:\PROGRAM FILES\ORCAD\LAYOUT_PLUS\library\TO.llb
Thu Jul 13 19:42:50 Loaded file C:\PROGRAM FILES\ORCAD\LAYOUT_PLUS\library\TRAINING.LLB
Thu Jul 13 19:42:50 Loaded file C:\PROGRAM FILES\ORCAD\LAYOUT_PLUS\library\VRES.llb
Thu Jul 13 19:42:50 Loaded file C:\PROGRAM FILES\ORCAD\LAYOUT_PLUS\library\WCON100T.llb
Thu Jul 13 19:42:50 Loaded file C:\PROGRAM FILES\ORCAD\LAYOUT_PLUS\library\XT.llb
Thu Jul 13 19:42:50 Loaded file C:\PROGRAM FILES\ORCAD\LAYOUT_PLUS\library\ZIGZAG.llb
Thu Jul 13 19:42:51 Saved as file E:\ORCAD\STEPMOTORDRIVER\STEPMOTORDRIVER.MAX
Thu Jul 13 19:42:52 Loaded file E:\ORCAD\STEPMOTORDRIVER\STEPMOTORDRIVER.MAX
Thu Jul 13 19:44:09 Loaded file C:\PROGRAM FILES\ORCAD\LAYOUT_PLUS\data\template.imp
Thu Jul 13 19:44:09 Loaded file C:\PROGRAM FILES\ORCAD\LAYOUT_PLUS\data\template.imp
Thu Jul 13 19:45:50 Loaded file C:\PROGRAM FILES\ORCAD\LAYOUT_PLUS\library\TM_DISC.llb
Thu Jul 13 19:46:04 Loaded file C:\PROGRAM FILES\ORCAD\LAYOUT_PLUS\data\template.imp
Thu Jul 13 19:46:06 Loaded file C:\PROGRAM FILES\ORCAD\LAYOUT_PLUS\library\TM_RAD.llb
Thu Jul 13 19:46:07 Loaded file C:\PROGRAM FILES\ORCAD\LAYOUT_PLUS\data\template.imp
Thu Jul 13 19:46:12 Loaded file C:\PROGRAM FILES\ORCAD\LAYOUT_PLUS\library\ZIGZAG.llb
Thu Jul 13 19:46:13 Loaded file C:\PROGRAM FILES\ORCAD\LAYOUT_PLUS\data\template.imp
Thu Jul 13 19:46:15 Loaded file C:\PROGRAM FILES\ORCAD\LAYOUT_PLUS\library\XT.llb
Thu Jul 13 19:46:15 Loaded file C:\PROGRAM FILES\ORCAD\LAYOUT_PLUS\data\template.imp
Thu Jul 13 19:46:16 Loaded file C:\PROGRAM FILES\ORCAD\LAYOUT_PLUS\data\template.imp
Thu Jul 13 19:46:17 Loaded file C:\PROGRAM FILES\ORCAD\LAYOUT_PLUS\data\template.imp
Thu Jul 13 19:46:17 Loaded file C:\PROGRAM FILES\ORCAD\LAYOUT_PLUS\library\WCON100T.llb
Thu Jul 13 19:46:18 Loaded file C:\PROGRAM FILES\ORCAD\LAYOUT_PLUS\data\template.imp
Thu Jul 13 19:46:18 Loaded file C:\PROGRAM FILES\ORCAD\LAYOUT_PLUS\data\template.imp
Thu Jul 13 19:46:20 Loaded file C:\PROGRAM FILES\ORCAD\LAYOUT_PLUS\library\VRES.llb
Thu Jul 13 19:46:21 Loaded file C:\PROGRAM FILES\ORCAD\LAYOUT_PLUS\data\template.imp
Thu Jul 13 19:46:21 Loaded file C:\PROGRAM FILES\ORCAD\LAYOUT_PLUS\data\template.imp
Thu Jul 13 19:46:21 Loaded file C:\PROGRAM FILES\ORCAD\LAYOUT_PLUS\data\template.imp
Thu Jul 13 19:46:23 Loaded file C:\PROGRAM FILES\ORCAD\LAYOUT_PLUS\data\template.imp
Thu Jul 13 19:46:24 Loaded file C:\PROGRAM FILES\ORCAD\LAYOUT_PLUS\data\template.imp
Thu Jul 13 19:46:25 Loaded file C:\PROGRAM FILES\ORCAD\LAYOUT_PLUS\data\template.imp
Thu Jul 13 19:46:31 Loaded file C:\PROGRAM FILES\ORCAD\LAYOUT_PLUS\library\TRAINING.LLB
Thu Jul 13 19:46:32 Loaded file C:\PROGRAM FILES\ORCAD\LAYOUT_PLUS\data\template.imp
Thu Jul 13 19:46:33 Loaded file C:\PROGRAM FILES\ORCAD\LAYOUT_PLUS\data\template.imp
Thu Jul 13 19:46:34 Loaded file C:\PROGRAM FILES\ORCAD\LAYOUT_PLUS\data\template.imp
Thu Jul 13 19:46:46 Loaded file C:\PROGRAM FILES\ORCAD\LAYOUT_PLUS\library\TO.llb
Thu Jul 13 19:46:47 Loaded file C:\PROGRAM FILES\ORCAD\LAYOUT_PLUS\data\template.imp
Thu Jul 13 19:46:47 Loaded file C:\PROGRAM FILES\ORCAD\LAYOUT_PLUS\data\template.imp
Thu Jul 13 19:46:48 Loaded file C:\PROGRAM FILES\ORCAD\LAYOUT_PLUS\data\template.imp
Thu Jul 13 19:46:50 Loaded file C:\PROGRAM FILES\ORCAD\LAYOUT_PLUS\data\template.imp
Thu Jul 13 19:46:55 Loaded file C:\PROGRAM FILES\ORCAD\LAYOUT_PLUS\library\TRAINING.LLB
Thu Jul 13 19:46:56 Loaded file C:\PROGRAM FILES\ORCAD\LAYOUT_PLUS\data\template.imp
Thu Jul 13 19:46:57 Loaded file C:\PROGRAM FILES\ORCAD\LAYOUT_PLUS\data\template.imp
Thu Jul 13 19:46:58 Loaded file C:\PROGRAM FILES\ORCAD\LAYOUT_PLUS\data\template.imp
Thu Jul 13 19:47:00 Loaded file C:\PROGRAM FILES\ORCAD\LAYOUT_PLUS\library\TO.llb
Thu Jul 13 19:47:01 Loaded file C:\PROGRAM FILES\ORCAD\LAYOUT_PLUS\data\template.imp
Thu Jul 13 19:47:01 Loaded file C:\PROGRAM FILES\ORCAD\LAYOUT_PLUS\data\template.imp
Thu Jul 13 19:47:01 Loaded file C:\PROGRAM FILES\ORCAD\LAYOUT_PLUS\data\template.imp
Thu Jul 13 19:47:13 Loaded file C:\PROGRAM FILES\ORCAD\LAYOUT_PLUS\library\LAYOUT.llb
Thu Jul 13 19:47:16 Loaded file C:\PROGRAM FILES\ORCAD\LAYOUT_PLUS\data\template.imp
Thu Jul 13 19:47:16 Loaded file C:\PROGRAM FILES\ORCAD\LAYOUT_PLUS\data\template.imp
Thu Jul 13 19:47:17 Loaded file C:\PROGRAM FILES\ORCAD\LAYOUT_PLUS\data\template.imp
Thu Jul 13 19:47:28 Loaded file C:\PROGRAM FILES\ORCAD\LAYOUT_PLUS\data\template.imp
Thu Jul 13 19:47:29 Loaded file C:\PROGRAM FILES\ORCAD\LAYOUT_PLUS\data\template.imp
Thu Jul 13 19:47:29 Loaded file C:\PROGRAM FILES\ORCAD\LAYOUT_PLUS\data\template.imp
Thu Jul 13 19:47:31 Loaded file C:\PROGRAM FILES\ORCAD\LAYOUT_PLUS\data\template.imp
Thu Jul 13 19:47:31 Loaded file C:\PROGRAM FILES\ORCAD\LAYOUT_PLUS\data\template.imp
Thu Jul 13 19:47:33 Loaded file C:\PROGRAM FILES\ORCAD\LAYOUT_PLUS\data\template.imp
Thu Jul 13 19:47:34 Loaded file C:\PROGRAM FILES\ORCAD\LAYOUT_PLUS\data\template.imp
Thu Jul 13 19:47:34 Loaded file C:\PROGRAM FILES\ORCAD\LAYOUT_PLUS\data\template.imp
Thu Jul 13 19:47:36 Loaded file C:\PROGRAM FILES\ORCAD\LAYOUT_PLUS\data\template.imp
Thu Jul 13 19:47:36 Loaded file C:\PROGRAM FILES\ORCAD\LAYOUT_PLUS\data\template.imp
Thu Jul 13 19:47:37 Loaded file C:\PROGRAM FILES\ORCAD\LAYOUT_PLUS\data\template.imp
Thu Jul 13 19:47:38 Loaded file C:\PROGRAM FILES\ORCAD\LAYOUT_PLUS\data\template.imp
Thu Jul 13 19:48:20 Loaded file C:\PROGRAM FILES\ORCAD\LAYOUT_PLUS\data\template.imp
Thu Jul 13 19:48:20 Loaded file C:\PROGRAM FILES\ORCAD\LAYOUT_PLUS\data\template.imp
Thu Jul 13 19:48:26 Loaded file C:\PROGRAM FILES\ORCAD\LAYOUT_PLUS\library\LAYOUT.llb
Thu Jul 13 19:48:28 Loaded file C:\PROGRAM FILES\ORCAD\LAYOUT_PLUS\data\template.imp
Thu Jul 13 19:48:58 Loaded file C:\PROGRAM FILES\ORCAD\LAYOUT_PLUS\data\template.imp
Thu Jul 13 19:48:58 Loaded file C:\PROGRAM FILES\ORCAD\LAYOUT_PLUS\data\template.imp
Thu Jul 13 19:49:04 Loaded file C:\PROGRAM FILES\ORCAD\LAYOUT_PLUS\library\LAYOUT.llb
Thu Jul 13 19:49:06 Loaded file C:\PROGRAM FILES\ORCAD\LAYOUT_PLUS\data\template.imp
Thu Jul 13 19:49:32 Loaded file C:\PROGRAM FILES\ORCAD\LAYOUT_PLUS\data\template.imp
Thu Jul 13 19:49:32 Loaded file C:\PROGRAM FILES\ORCAD\LAYOUT_PLUS\data\template.imp
Thu Jul 13 19:49:38 Loaded file C:\PROGRAM FILES\ORCAD\LAYOUT_PLUS\library\LAYOUT.llb
Thu Jul 13 19:49:39 Loaded file C:\PROGRAM FILES\ORCAD\LAYOUT_PLUS\data\template.imp
Thu Jul 13 19:50:06 Loaded file C:\PROGRAM FILES\ORCAD\LAYOUT_PLUS\data\template.imp
Thu Jul 13 19:50:06 Loaded file C:\PROGRAM FILES\ORCAD\LAYOUT_PLUS\data\template.imp
Thu Jul 13 19:50:11 Loaded file C:\PROGRAM FILES\ORCAD\LAYOUT_PLUS\data\template.imp
Thu Jul 13 19:50:34 Saved as file BACKUP1.MAX
Thu Jul 13 19:51:19 Saved as file E:\ORCAD\STEPMOTORDRIVER\STEPMOTORDRIVER.MAX
Thu Jul 13 19:51:25 Saved as file E:\ORCAD\STEPMOTORDRIVER\STEPMOTORDRIVER.MAX
Thu Jul 13 19:51:36 Error code 5245.075 (8664)
Thu Jul 13 19:51:36 Saved as file Backup0.max
Thu Jul 13 19:51:36 Windows which were open at time of error:
Thu Jul 13 19:51:36 	ActiveWindow: &Design
Thu Jul 13 19:51:36 	Icon: &Components
Thu Jul 13 19:51:36 	Icon: &Nets
Thu Jul 13 19:51:36 	Icon: Post Proces&s
Thu Jul 13 19:51:36 End-of-list
Thu Jul 13 19:51:37 Error code 5245.075 (8664)
Thu Jul 13 19:51:37 Windows which were open at time of error:
Thu Jul 13 19:51:37 End-of-list
Thu Jul 13 19:52:45 Loaded file C:\PROGRAM FILES\ORCAD\LAYOUT_PLUS\data\template.imp
Thu Jul 13 19:52:45 Loaded file C:\PROGRAM FILES\ORCAD\LAYOUT_PLUS\data\template.imp
Thu Jul 13 19:52:57 Loaded file C:\PROGRAM FILES\ORCAD\LAYOUT_PLUS\library\LAYOUT.llb
Thu Jul 13 19:52:59 Loaded file C:\PROGRAM FILES\ORCAD\LAYOUT_PLUS\data\template.imp
Thu Jul 13 19:53:21 Loaded file C:\PROGRAM FILES\ORCAD\LAYOUT_PLUS\data\template.imp
Thu Jul 13 19:53:21 Loaded file C:\PROGRAM FILES\ORCAD\LAYOUT_PLUS\data\template.imp
Thu Jul 13 19:53:27 Loaded file C:\PROGRAM FILES\ORCAD\LAYOUT_PLUS\library\LAYOUT.llb
Thu Jul 13 19:53:29 Loaded file C:\PROGRAM FILES\ORCAD\LAYOUT_PLUS\data\template.imp
Thu Jul 13 19:54:03 Saved as file E:\ORCAD\STEPMOTORDRIVER\STEPMOTORDRIVER.MAX
Thu Jul 13 19:54:06 Saved as file E:\ORCAD\STEPMOTORDRIVER\STEPMOTORDRIVER.MAX
Thu Jul 13 19:54:10 Saved as file E:\ORCAD\STEPMOTORDRIVER\STEPMOTORDRIVER.MAX
Thu Jul 13 19:54:13 Saved as file E:\ORCAD\STEPMOTORDRIVER\STEPMOTORDRIVER.MAX
Thu Jul 13 19:55:00 Saved as file E:\ORCAD\STEPMOTORDRIVER\STEPMOTORDRIVER.MAX
Thu Jul 13 19:55:19 Saved as file E:\ORCAD\STEPMOTORDRIVER\STEPMOTORDRIVER.MAX
Thu Jul 13 19:55:25 Saved as file E:\ORCAD\STEPMOTORDRIVER\STEPMOTORDRIVER.MAX
Thu Jul 13 19:55:48 Saved as file E:\ORCAD\STEPMOTORDRIVER\STEPMOTORDRIVER.MAX
Thu Jul 13 19:56:00 Saved as file E:\ORCAD\STEPMOTORDRIVER\STEPMOTORDRIVER.MAX
Thu Jul 13 19:56:14 Loaded file C:\PROGRAM FILES\ORCAD\LAYOUT_PLUS\data\template.imp
Thu Jul 13 19:56:14 Loaded file C:\PROGRAM FILES\ORCAD\LAYOUT_PLUS\data\template.imp
Thu Jul 13 19:56:17 Loaded file C:\PROGRAM FILES\ORCAD\LAYOUT_PLUS\data\template.imp
Thu Jul 13 19:56:35 Saved as file E:\ORCAD\STEPMOTORDRIVER\STEPMOTORDRIVER.MAX
Thu Jul 13 19:56:38 Saved as file E:\ORCAD\STEPMOTORDRIVER\STEPMOTORDRIVER.MAX
Thu Jul 13 19:57:40 Saved as file E:\ORCAD\STEPMOTORDRIVER\STEPMOTORDRIVER.MAX
Thu Jul 13 20:01:22 Loaded file C:\PROGRAM FILES\ORCAD\LAYOUT_PLUS\data\template.imp
Thu Jul 13 20:01:22 Loaded file C:\PROGRAM FILES\ORCAD\LAYOUT_PLUS\data\template.imp
Thu Jul 13 20:01:23 Loaded file C:\PROGRAM FILES\ORCAD\LAYOUT_PLUS\data\template.imp
Thu Jul 13 20:01:23 Loaded file C:\PROGRAM FILES\ORCAD\LAYOUT_PLUS\data\template.imp
Thu Jul 13 20:01:28 Loaded file C:\PROGRAM FILES\ORCAD\LAYOUT_PLUS\data\template.imp
Thu Jul 13 20:01:30 Loaded file C:\PROGRAM FILES\ORCAD\LAYOUT_PLUS\data\template.imp
Thu Jul 13 20:01:32 Loaded file C:\PROGRAM FILES\ORCAD\LAYOUT_PLUS\data\template.imp
Thu Jul 13 20:01:34 Loaded file C:\PROGRAM FILES\ORCAD\LAYOUT_PLUS\data\template.imp
Thu Jul 13 20:01:34 Loaded file C:\PROGRAM FILES\ORCAD\LAYOUT_PLUS\data\template.imp
Thu Jul 13 20:02:12 Loaded file C:\PROGRAM FILES\ORCAD\LAYOUT_PLUS\library\TM_RAD.llb
Thu Jul 13 20:02:20 Loaded file C:\PROGRAM FILES\ORCAD\LAYOUT_PLUS\data\template.imp
Thu Jul 13 20:02:20 Loaded file C:\PROGRAM FILES\ORCAD\LAYOUT_PLUS\data\template.imp
Thu Jul 13 20:02:22 Loaded file C:\PROGRAM FILES\ORCAD\LAYOUT_PLUS\data\template.imp
Thu Jul 13 20:02:26 Loaded file C:\PROGRAM FILES\ORCAD\LAYOUT_PLUS\data\template.imp
Thu Jul 13 20:02:28 Loaded file C:\PROGRAM FILES\ORCAD\LAYOUT_PLUS\data\template.imp
Thu Jul 13 20:02:29 Loaded file C:\PROGRAM FILES\ORCAD\LAYOUT_PLUS\data\template.imp
Thu Jul 13 20:02:30 Loaded file C:\PROGRAM FILES\ORCAD\LAYOUT_PLUS\data\template.imp
Thu Jul 13 20:02:30 Loaded file C:\PROGRAM FILES\ORCAD\LAYOUT_PLUS\data\template.imp
Thu Jul 13 20:02:31 Loaded file C:\PROGRAM FILES\ORCAD\LAYOUT_PLUS\data\template.imp
Thu Jul 13 20:02:32 Loaded file C:\PROGRAM FILES\ORCAD\LAYOUT_PLUS\data\template.imp
Thu Jul 13 20:02:33 Loaded file C:\PROGRAM FILES\ORCAD\LAYOUT_PLUS\data\template.imp
Thu Jul 13 20:02:37 Loaded file C:\PROGRAM FILES\ORCAD\LAYOUT_PLUS\data\template.imp
Thu Jul 13 20:02:38 Loaded file C:\PROGRAM FILES\ORCAD\LAYOUT_PLUS\data\template.imp
Thu Jul 13 20:02:39 Loaded file C:\PROGRAM FILES\ORCAD\LAYOUT_PLUS\data\template.imp
Thu Jul 13 20:02:41 Loaded file C:\PROGRAM FILES\ORCAD\LAYOUT_PLUS\data\template.imp
Thu Jul 13 20:02:45 Loaded file C:\PROGRAM FILES\ORCAD\LAYOUT_PLUS\data\template.imp
Thu Jul 13 20:02:50 Loaded file C:\PROGRAM FILES\ORCAD\LAYOUT_PLUS\data\template.imp
Thu Jul 13 20:02:51 Loaded file C:\PROGRAM FILES\ORCAD\LAYOUT_PLUS\data\template.imp
Thu Jul 13 20:02:52 Loaded file C:\PROGRAM FILES\ORCAD\LAYOUT_PLUS\data\template.imp
Thu Jul 13 20:02:53 Loaded file C:\PROGRAM FILES\ORCAD\LAYOUT_PLUS\data\template.imp
Thu Jul 13 20:02:55 Loaded file C:\PROGRAM FILES\ORCAD\LAYOUT_PLUS\data\template.imp
Thu Jul 13 20:02:57 Loaded file C:\PROGRAM FILES\ORCAD\LAYOUT_PLUS\data\template.imp
Thu Jul 13 20:02:58 Loaded file C:\PROGRAM FILES\ORCAD\LAYOUT_PLUS\data\template.imp
Thu Jul 13 20:02:59 Loaded file C:\PROGRAM FILES\ORCAD\LAYOUT_PLUS\data\template.imp
Thu Jul 13 20:03:52 Saved as file E:\ORCAD\STEPMOTORDRIVER\STEPMOTORDRIVER.MAX
Thu Jul 13 20:05:35 Saved as file BACKUP1.MAX
Thu Jul 13 20:06:25 Saved as file E:\ORCAD\STEPMOTORDRIVER\STEPMOTORDRIVER.MAX
Thu Jul 13 20:06:27 Saved as file E:\ORCAD\STEPMOTORDRIVER\STEPMOTORDRIVER.MAX
Thu Jul 13 20:06:30 Saved as file E:\ORCAD\STEPMOTORDRIVER\STEPMOTORDRIVER.MAX
Thu Jul 13 20:06:33 Saved as file E:\ORCAD\STEPMOTORDRIVER\STEPMOTORDRIVER.MAX
Thu Jul 13 20:15:36 Saved as file BACKUP1.MAX
Thu Jul 13 20:25:36 Saved as file BACKUP1.MAX
Thu Jul 13 21:23:16 Saved as file E:\ORCAD\STEPMOTORDRIVER\STEPMOTORDRIVER.MAX
Thu Jul 13 21:23:16 Saved as file BACKUP1.MAX
Thu Jul 13 21:23:16 Saved as file E:\ORCAD\STEPMOTORDRIVER\STEPMOTORDRIVER.MAX
Thu Jul 13 21:23:16 UserDiv from Layout.INI for AutoECO: 60
Thu Jul 13 21:23:16 Loaded file E:\ORCAD\STEPMOTORDRIVER\STEPMOTORDRIVER.MAX
Thu Jul 13 21:23:17 Loaded file C:\PROGRAM FILES\ORCAD\LAYOUT_PLUS\library\BCON100T.llb
Thu Jul 13 21:23:18 Loaded file C:\PROGRAM FILES\ORCAD\LAYOUT_PLUS\library\BCON156T.llb
Thu Jul 13 21:23:19 Loaded file C:\PROGRAM FILES\ORCAD\LAYOUT_PLUS\library\BGA.llb
Thu Jul 13 21:23:19 Loaded file C:\PROGRAM FILES\ORCAD\LAYOUT_PLUS\library\CLCC.llb
Thu Jul 13 21:23:19 Loaded file C:\PROGRAM FILES\ORCAD\LAYOUT_PLUS\library\DCON050T.llb
Thu Jul 13 21:23:19 Loaded file C:\PROGRAM FILES\ORCAD\LAYOUT_PLUS\library\DCON085T.llb
Thu Jul 13 21:23:19 Loaded file C:\PROGRAM FILES\ORCAD\LAYOUT_PLUS\library\DIMM050F.llb
Thu Jul 13 21:23:19 Loaded file C:\PROGRAM FILES\ORCAD\LAYOUT_PLUS\library\DIMM050T.llb
Thu Jul 13 21:23:19 Loaded file C:\PROGRAM FILES\ORCAD\LAYOUT_PLUS\library\DIN.llb
Thu Jul 13 21:23:19 Loaded file C:\PROGRAM FILES\ORCAD\LAYOUT_PLUS\library\DIP100B.llb
Thu Jul 13 21:23:19 Loaded file C:\PROGRAM FILES\ORCAD\LAYOUT_PLUS\library\DIP100T.llb
Thu Jul 13 21:23:19 Loaded file C:\PROGRAM FILES\ORCAD\LAYOUT_PLUS\library\DSUBT.llb
Thu Jul 13 21:23:19 Loaded file C:\PROGRAM FILES\ORCAD\LAYOUT_PLUS\library\DSUBT_HD.LLB
Thu Jul 13 21:23:19 Loaded file C:\PROGRAM FILES\ORCAD\LAYOUT_PLUS\library\ECON100T.llb
Thu Jul 13 21:23:19 Loaded file C:\PROGRAM FILES\ORCAD\LAYOUT_PLUS\library\FBUS.llb
Thu Jul 13 21:23:19 Loaded file C:\PROGRAM FILES\ORCAD\LAYOUT_PLUS\library\ISA.llb
Thu Jul 13 21:23:19 Loaded file C:\PROGRAM FILES\ORCAD\LAYOUT_PLUS\library\JUMPER.LLB
Thu Jul 13 21:23:19 Loaded file C:\PROGRAM FILES\ORCAD\LAYOUT_PLUS\library\LAYOUT.llb
Thu Jul 13 21:23:19 Loaded file C:\PROGRAM FILES\ORCAD\LAYOUT_PLUS\library\LCON100T.llb
Thu Jul 13 21:23:19 Loaded file C:\PROGRAM FILES\ORCAD\LAYOUT_PLUS\library\PC104.llb
Thu Jul 13 21:23:19 Loaded file C:\PROGRAM FILES\ORCAD\LAYOUT_PLUS\library\PCI.llb
Thu Jul 13 21:23:19 Loaded file C:\PROGRAM FILES\ORCAD\LAYOUT_PLUS\library\PCON100T.llb
Thu Jul 13 21:23:20 Loaded file C:\PROGRAM FILES\ORCAD\LAYOUT_PLUS\library\PCON156T.llb
Thu Jul 13 21:23:20 Loaded file C:\PROGRAM FILES\ORCAD\LAYOUT_PLUS\library\PGA.llb
Thu Jul 13 21:23:20 Loaded file C:\PROGRAM FILES\ORCAD\LAYOUT_PLUS\library\PLCC.llb
Thu Jul 13 21:23:20 Loaded file C:\PROGRAM FILES\ORCAD\LAYOUT_PLUS\library\QUAD.llb
Thu Jul 13 21:23:20 Loaded file C:\PROGRAM FILES\ORCAD\LAYOUT_PLUS\library\QUADB.llb
Thu Jul 13 21:23:20 Loaded file C:\PROGRAM FILES\ORCAD\LAYOUT_PLUS\library\RELAY.llb
Thu Jul 13 21:23:20 Loaded file C:\PROGRAM FILES\ORCAD\LAYOUT_PLUS\library\RF.llb
Thu Jul 13 21:23:20 Loaded file C:\PROGRAM FILES\ORCAD\LAYOUT_PLUS\library\SBUS.llb
Thu Jul 13 21:23:21 Loaded file C:\PROGRAM FILES\ORCAD\LAYOUT_PLUS\library\SIMM050F.llb
Thu Jul 13 21:23:21 Loaded file C:\PROGRAM FILES\ORCAD\LAYOUT_PLUS\library\SIMM050T.llb
Thu Jul 13 21:23:21 Loaded file C:\PROGRAM FILES\ORCAD\LAYOUT_PLUS\library\SIMM100F.llb
Thu Jul 13 21:23:21 Loaded file C:\PROGRAM FILES\ORCAD\LAYOUT_PLUS\library\SIMM100T.llb
Thu Jul 13 21:23:21 Loaded file C:\PROGRAM FILES\ORCAD\LAYOUT_PLUS\library\SIP.llb
Thu Jul 13 21:23:21 Loaded file C:\PROGRAM FILES\ORCAD\LAYOUT_PLUS\library\SM.llb
Thu Jul 13 21:23:21 Loaded file C:\PROGRAM FILES\ORCAD\LAYOUT_PLUS\library\SOG.llb
Thu Jul 13 21:23:21 Loaded file C:\PROGRAM FILES\ORCAD\LAYOUT_PLUS\library\SOJ.llb
Thu Jul 13 21:23:21 Loaded file C:\PROGRAM FILES\ORCAD\LAYOUT_PLUS\library\STIFF.llb
Thu Jul 13 21:23:21 Loaded file C:\PROGRAM FILES\ORCAD\LAYOUT_PLUS\library\TELE.llb
Thu Jul 13 21:23:21 Loaded file C:\PROGRAM FILES\ORCAD\LAYOUT_PLUS\library\TM_AXIAL.llb
Thu Jul 13 21:23:21 Loaded file C:\PROGRAM FILES\ORCAD\LAYOUT_PLUS\library\TM_CAP_P.llb
Thu Jul 13 21:23:21 Loaded file C:\PROGRAM FILES\ORCAD\LAYOUT_PLUS\library\TM_CYLND.llb
Thu Jul 13 21:23:21 Loaded file C:\PROGRAM FILES\ORCAD\LAYOUT_PLUS\library\TM_DIODE.llb
Thu Jul 13 21:23:22 Loaded file C:\PROGRAM FILES\ORCAD\LAYOUT_PLUS\library\TM_DISC.llb
Thu Jul 13 21:23:22 Loaded file C:\PROGRAM FILES\ORCAD\LAYOUT_PLUS\library\TM_RAD.llb
Thu Jul 13 21:23:22 Loaded file C:\PROGRAM FILES\ORCAD\LAYOUT_PLUS\library\TO.llb
Thu Jul 13 21:23:22 Loaded file C:\PROGRAM FILES\ORCAD\LAYOUT_PLUS\library\TRAINING.LLB
Thu Jul 13 21:23:22 Loaded file C:\PROGRAM FILES\ORCAD\LAYOUT_PLUS\library\VRES.llb
Thu Jul 13 21:23:22 Loaded file C:\PROGRAM FILES\ORCAD\LAYOUT_PLUS\library\WCON100T.llb
Thu Jul 13 21:23:22 Loaded file C:\PROGRAM FILES\ORCAD\LAYOUT_PLUS\library\XT.llb
Thu Jul 13 21:23:22 Loaded file C:\PROGRAM FILES\ORCAD\LAYOUT_PLUS\library\ZIGZAG.llb
Thu Jul 13 21:23:23 Loaded file C:\PROGRAM FILES\ORCAD\LAYOUT_PLUS\library\DIP100B.llb
Thu Jul 13 21:23:23 Loaded file C:\PROGRAM FILES\ORCAD\LAYOUT_PLUS\library\TM_DIODE.llb
Thu Jul 13 21:23:33 Loaded file C:\PROGRAM FILES\ORCAD\LAYOUT_PLUS\data\template.imp
Thu Jul 13 21:23:33 Loaded file C:\PROGRAM FILES\ORCAD\LAYOUT_PLUS\data\template.imp
Thu Jul 13 21:23:37 Loaded file C:\PROGRAM FILES\ORCAD\LAYOUT_PLUS\library\PCON100T.llb
Thu Jul 13 21:23:37 Loaded file C:\PROGRAM FILES\ORCAD\LAYOUT_PLUS\library\PCON100T.llb
Thu Jul 13 21:23:37 Loaded file C:\PROGRAM FILES\ORCAD\LAYOUT_PLUS\library\TM_RAD.llb
Thu Jul 13 21:23:38 Loaded file C:\PROGRAM FILES\ORCAD\LAYOUT_PLUS\library\PCON100T.llb
Thu Jul 13 21:23:38 Loaded file C:\PROGRAM FILES\ORCAD\LAYOUT_PLUS\library\TM_RAD.llb
Thu Jul 13 21:23:38 Loaded file C:\PROGRAM FILES\ORCAD\LAYOUT_PLUS\library\TM_CYLND.llb
Thu Jul 13 21:23:39 Loaded file E:\ORCAD\STEPMOTORDRIVER\STEPMOTORDRIVER.MAX
Thu Jul 13 21:23:39 Saved as file E:\ORCAD\STEPMOTORDRIVER\STEPMOTORDRIVER.MAX
Thu Jul 13 21:23:39 Loaded file E:\ORCAD\STEPMOTORDRIVER\STEPMOTORDRIVER.MAX
Thu Jul 13 21:28:07 Saved as file E:\ORCAD\STEPMOTORDRIVER\STEPMOTORDRIVER.MAX
Thu Jul 13 21:28:07 Saved as file BACKUP1.MAX
Thu Jul 13 21:28:07 Saved as file E:\ORCAD\STEPMOTORDRIVER\STEPMOTORDRIVER.MAX
Thu Jul 13 21:28:08 UserDiv from Layout.INI for AutoECO: 60
Thu Jul 13 21:28:08 Loaded file E:\ORCAD\STEPMOTORDRIVER\STEPMOTORDRIVER.MAX
Thu Jul 13 21:28:09 Loaded file C:\PROGRAM FILES\ORCAD\LAYOUT_PLUS\library\BCON100T.llb
Thu Jul 13 21:28:09 Loaded file C:\PROGRAM FILES\ORCAD\LAYOUT_PLUS\library\BCON156T.llb
Thu Jul 13 21:28:09 Loaded file C:\PROGRAM FILES\ORCAD\LAYOUT_PLUS\library\BGA.llb
Thu Jul 13 21:28:09 Loaded file C:\PROGRAM FILES\ORCAD\LAYOUT_PLUS\library\CLCC.llb
Thu Jul 13 21:28:09 Loaded file C:\PROGRAM FILES\ORCAD\LAYOUT_PLUS\library\DCON050T.llb
Thu Jul 13 21:28:09 Loaded file C:\PROGRAM FILES\ORCAD\LAYOUT_PLUS\library\DCON085T.llb
Thu Jul 13 21:28:10 Loaded file C:\PROGRAM FILES\ORCAD\LAYOUT_PLUS\library\DIMM050F.llb
Thu Jul 13 21:28:10 Loaded file C:\PROGRAM FILES\ORCAD\LAYOUT_PLUS\library\DIMM050T.llb
Thu Jul 13 21:28:10 Loaded file C:\PROGRAM FILES\ORCAD\LAYOUT_PLUS\library\DIN.llb
Thu Jul 13 21:28:10 Loaded file C:\PROGRAM FILES\ORCAD\LAYOUT_PLUS\library\DIP100B.llb
Thu Jul 13 21:28:10 Loaded file C:\PROGRAM FILES\ORCAD\LAYOUT_PLUS\library\DIP100T.llb
Thu Jul 13 21:28:10 Loaded file C:\PROGRAM FILES\ORCAD\LAYOUT_PLUS\library\DSUBT.llb
Thu Jul 13 21:28:10 Loaded file C:\PROGRAM FILES\ORCAD\LAYOUT_PLUS\library\DSUBT_HD.LLB
Thu Jul 13 21:28:10 Loaded file C:\PROGRAM FILES\ORCAD\LAYOUT_PLUS\library\ECON100T.llb
Thu Jul 13 21:28:10 Loaded file C:\PROGRAM FILES\ORCAD\LAYOUT_PLUS\library\FBUS.llb
Thu Jul 13 21:28:10 Loaded file C:\PROGRAM FILES\ORCAD\LAYOUT_PLUS\library\ISA.llb
Thu Jul 13 21:28:10 Loaded file C:\PROGRAM FILES\ORCAD\LAYOUT_PLUS\library\JUMPER.LLB
Thu Jul 13 21:28:10 Loaded file C:\PROGRAM FILES\ORCAD\LAYOUT_PLUS\library\LAYOUT.llb
Thu Jul 13 21:28:10 Loaded file C:\PROGRAM FILES\ORCAD\LAYOUT_PLUS\library\LCON100T.llb
Thu Jul 13 21:28:10 Loaded file C:\PROGRAM FILES\ORCAD\LAYOUT_PLUS\library\PC104.llb
Thu Jul 13 21:28:10 Loaded file C:\PROGRAM FILES\ORCAD\LAYOUT_PLUS\library\PCI.llb
Thu Jul 13 21:28:10 Loaded file C:\PROGRAM FILES\ORCAD\LAYOUT_PLUS\library\PCON100T.llb
Thu Jul 13 21:28:10 Loaded file C:\PROGRAM FILES\ORCAD\LAYOUT_PLUS\library\PCON156T.llb
Thu Jul 13 21:28:10 Loaded file C:\PROGRAM FILES\ORCAD\LAYOUT_PLUS\library\PGA.llb
Thu Jul 13 21:28:10 Loaded file C:\PROGRAM FILES\ORCAD\LAYOUT_PLUS\library\PLCC.llb
Thu Jul 13 21:28:11 Loaded file C:\PROGRAM FILES\ORCAD\LAYOUT_PLUS\library\QUAD.llb
Thu Jul 13 21:28:11 Loaded file C:\PROGRAM FILES\ORCAD\LAYOUT_PLUS\library\QUADB.llb
Thu Jul 13 21:28:11 Loaded file C:\PROGRAM FILES\ORCAD\LAYOUT_PLUS\library\RELAY.llb
Thu Jul 13 21:28:11 Loaded file C:\PROGRAM FILES\ORCAD\LAYOUT_PLUS\library\RF.llb
Thu Jul 13 21:28:11 Loaded file C:\PROGRAM FILES\ORCAD\LAYOUT_PLUS\library\SBUS.llb
Thu Jul 13 21:28:11 Loaded file C:\PROGRAM FILES\ORCAD\LAYOUT_PLUS\library\SIMM050F.llb
Thu Jul 13 21:28:11 Loaded file C:\PROGRAM FILES\ORCAD\LAYOUT_PLUS\library\SIMM050T.llb
Thu Jul 13 21:28:11 Loaded file C:\PROGRAM FILES\ORCAD\LAYOUT_PLUS\library\SIMM100F.llb
Thu Jul 13 21:28:11 Loaded file C:\PROGRAM FILES\ORCAD\LAYOUT_PLUS\library\SIMM100T.llb
Thu Jul 13 21:28:11 Loaded file C:\PROGRAM FILES\ORCAD\LAYOUT_PLUS\library\SIP.llb
Thu Jul 13 21:28:12 Loaded file C:\PROGRAM FILES\ORCAD\LAYOUT_PLUS\library\SM.llb
Thu Jul 13 21:28:12 Loaded file C:\PROGRAM FILES\ORCAD\LAYOUT_PLUS\library\SOG.llb
Thu Jul 13 21:28:12 Loaded file C:\PROGRAM FILES\ORCAD\LAYOUT_PLUS\library\SOJ.llb
Thu Jul 13 21:28:12 Loaded file C:\PROGRAM FILES\ORCAD\LAYOUT_PLUS\library\STIFF.llb
Thu Jul 13 21:28:12 Loaded file C:\PROGRAM FILES\ORCAD\LAYOUT_PLUS\library\TELE.llb
Thu Jul 13 21:28:12 Loaded file C:\PROGRAM FILES\ORCAD\LAYOUT_PLUS\library\TM_AXIAL.llb
Thu Jul 13 21:28:12 Loaded file C:\PROGRAM FILES\ORCAD\LAYOUT_PLUS\library\TM_CAP_P.llb
Thu Jul 13 21:28:12 Loaded file C:\PROGRAM FILES\ORCAD\LAYOUT_PLUS\library\TM_CYLND.llb
Thu Jul 13 21:28:12 Loaded file C:\PROGRAM FILES\ORCAD\LAYOUT_PLUS\library\TM_DIODE.llb
Thu Jul 13 21:28:12 Loaded file C:\PROGRAM FILES\ORCAD\LAYOUT_PLUS\library\TM_DISC.llb
Thu Jul 13 21:28:12 Loaded file C:\PROGRAM FILES\ORCAD\LAYOUT_PLUS\library\TM_RAD.llb
Thu Jul 13 21:28:12 Loaded file C:\PROGRAM FILES\ORCAD\LAYOUT_PLUS\library\TO.llb
Thu Jul 13 21:28:13 Loaded file C:\PROGRAM FILES\ORCAD\LAYOUT_PLUS\library\TRAINING.LLB
Thu Jul 13 21:28:13 Loaded file C:\PROGRAM FILES\ORCAD\LAYOUT_PLUS\library\VRES.llb
Thu Jul 13 21:28:13 Loaded file C:\PROGRAM FILES\ORCAD\LAYOUT_PLUS\library\WCON100T.llb
Thu Jul 13 21:28:13 Loaded file C:\PROGRAM FILES\ORCAD\LAYOUT_PLUS\library\XT.llb
Thu Jul 13 21:28:13 Loaded file C:\PROGRAM FILES\ORCAD\LAYOUT_PLUS\library\ZIGZAG.llb
Thu Jul 13 21:28:14 Loaded file C:\PROGRAM FILES\ORCAD\LAYOUT_PLUS\library\DIP100B.llb
Thu Jul 13 21:28:14 Loaded file C:\PROGRAM FILES\ORCAD\LAYOUT_PLUS\library\TM_DIODE.llb
Thu Jul 13 21:28:17 Loaded file C:\PROGRAM FILES\ORCAD\LAYOUT_PLUS\library\PCON100T.llb
Thu Jul 13 21:28:18 Loaded file C:\PROGRAM FILES\ORCAD\LAYOUT_PLUS\library\PCON100T.llb
Thu Jul 13 21:28:18 Loaded file C:\PROGRAM FILES\ORCAD\LAYOUT_PLUS\library\TM_RAD.llb
Thu Jul 13 21:28:18 Loaded file C:\PROGRAM FILES\ORCAD\LAYOUT_PLUS\library\PCON100T.llb
Thu Jul 13 21:28:18 Loaded file C:\PROGRAM FILES\ORCAD\LAYOUT_PLUS\library\TM_RAD.llb
Thu Jul 13 21:28:18 Loaded file C:\PROGRAM FILES\ORCAD\LAYOUT_PLUS\library\TM_CYLND.llb
Thu Jul 13 21:28:20 Loaded file E:\ORCAD\STEPMOTORDRIVER\STEPMOTORDRIVER.MAX
Thu Jul 13 21:28:20 Saved as file E:\ORCAD\STEPMOTORDRIVER\STEPMOTORDRIVER.MAX
Thu Jul 13 21:28:20 Loaded file E:\ORCAD\STEPMOTORDRIVER\STEPMOTORDRIVER.MAX
Thu Jul 13 21:29:20 Error code 5200.306
Thu Jul 13 21:29:20 Saved as file Backup0.max
Thu Jul 13 21:29:20 Windows which were open at time of error:
Thu Jul 13 21:29:20 	ActiveWindow: Library Manager
Thu Jul 13 21:29:20 End-of-list
Thu Jul 13 21:29:21 Loaded file BACKUP0.MAX
Thu Jul 13 21:33:58 Saved as file E:\ORCAD\STEPMOTORDRIVER\STEPMOTORDRIVER.MAX
Thu Jul 13 21:33:58 Saved as file BACKUP1.MAX
Thu Jul 13 21:33:58 Saved as file E:\ORCAD\STEPMOTORDRIVER\STEPMOTORDRIVER.MAX
Thu Jul 13 21:33:59 UserDiv from Layout.INI for AutoECO: 60
Thu Jul 13 21:33:59 Loaded file E:\ORCAD\STEPMOTORDRIVER\STEPMOTORDRIVER.MAX
Thu Jul 13 21:33:59 Loaded file C:\PROGRAM FILES\ORCAD\LAYOUT_PLUS\library\BCON100T.llb
Thu Jul 13 21:33:59 Loaded file C:\PROGRAM FILES\ORCAD\LAYOUT_PLUS\library\BCON156T.llb
Thu Jul 13 21:34:00 Loaded file C:\PROGRAM FILES\ORCAD\LAYOUT_PLUS\library\BGA.llb
Thu Jul 13 21:34:00 Loaded file C:\PROGRAM FILES\ORCAD\LAYOUT_PLUS\library\CLCC.llb
Thu Jul 13 21:34:00 Loaded file C:\PROGRAM FILES\ORCAD\LAYOUT_PLUS\library\DCON050T.llb
Thu Jul 13 21:34:00 Loaded file C:\PROGRAM FILES\ORCAD\LAYOUT_PLUS\library\DCON085T.llb
Thu Jul 13 21:34:00 Loaded file C:\PROGRAM FILES\ORCAD\LAYOUT_PLUS\library\DIMM050F.llb
Thu Jul 13 21:34:00 Loaded file C:\PROGRAM FILES\ORCAD\LAYOUT_PLUS\library\DIMM050T.llb
Thu Jul 13 21:34:00 Loaded file C:\PROGRAM FILES\ORCAD\LAYOUT_PLUS\library\DIN.llb
Thu Jul 13 21:34:00 Loaded file C:\PROGRAM FILES\ORCAD\LAYOUT_PLUS\library\DIP100B.llb
Thu Jul 13 21:34:00 Loaded file C:\PROGRAM FILES\ORCAD\LAYOUT_PLUS\library\DIP100T.llb
Thu Jul 13 21:34:00 Loaded file C:\PROGRAM FILES\ORCAD\LAYOUT_PLUS\library\DSUBT.llb
Thu Jul 13 21:34:00 Loaded file C:\PROGRAM FILES\ORCAD\LAYOUT_PLUS\library\DSUBT_HD.LLB
Thu Jul 13 21:34:00 Loaded file C:\PROGRAM FILES\ORCAD\LAYOUT_PLUS\library\ECON100T.llb
Thu Jul 13 21:34:00 Loaded file C:\PROGRAM FILES\ORCAD\LAYOUT_PLUS\library\FBUS.llb
Thu Jul 13 21:34:00 Loaded file C:\PROGRAM FILES\ORCAD\LAYOUT_PLUS\library\ISA.llb
Thu Jul 13 21:34:00 Loaded file C:\PROGRAM FILES\ORCAD\LAYOUT_PLUS\library\JUMPER.LLB
Thu Jul 13 21:34:00 Loaded file C:\PROGRAM FILES\ORCAD\LAYOUT_PLUS\library\LAYOUT.llb
Thu Jul 13 21:34:00 Loaded file C:\PROGRAM FILES\ORCAD\LAYOUT_PLUS\library\LCON100T.llb
Thu Jul 13 21:34:00 Loaded file C:\PROGRAM FILES\ORCAD\LAYOUT_PLUS\library\PC104.llb
Thu Jul 13 21:34:00 Loaded file C:\PROGRAM FILES\ORCAD\LAYOUT_PLUS\library\PCI.llb
Thu Jul 13 21:34:01 Loaded file C:\PROGRAM FILES\ORCAD\LAYOUT_PLUS\library\PCON100T.llb
Thu Jul 13 21:34:01 Loaded file C:\PROGRAM FILES\ORCAD\LAYOUT_PLUS\library\PCON156T.llb
Thu Jul 13 21:34:01 Loaded file C:\PROGRAM FILES\ORCAD\LAYOUT_PLUS\library\PGA.llb
Thu Jul 13 21:34:01 Loaded file C:\PROGRAM FILES\ORCAD\LAYOUT_PLUS\library\PLCC.llb
Thu Jul 13 21:34:01 Loaded file C:\PROGRAM FILES\ORCAD\LAYOUT_PLUS\library\QUAD.llb
Thu Jul 13 21:34:01 Loaded file C:\PROGRAM FILES\ORCAD\LAYOUT_PLUS\library\QUADB.llb
Thu Jul 13 21:34:01 Loaded file C:\PROGRAM FILES\ORCAD\LAYOUT_PLUS\library\RELAY.llb
Thu Jul 13 21:34:01 Loaded file C:\PROGRAM FILES\ORCAD\LAYOUT_PLUS\library\RF.llb
Thu Jul 13 21:34:01 Loaded file C:\PROGRAM FILES\ORCAD\LAYOUT_PLUS\library\SBUS.llb
Thu Jul 13 21:34:01 Loaded file C:\PROGRAM FILES\ORCAD\LAYOUT_PLUS\library\SIMM050F.llb
Thu Jul 13 21:34:02 Loaded file C:\PROGRAM FILES\ORCAD\LAYOUT_PLUS\library\SIMM050T.llb
Thu Jul 13 21:34:02 Loaded file C:\PROGRAM FILES\ORCAD\LAYOUT_PLUS\library\SIMM100F.llb
Thu Jul 13 21:34:02 Loaded file C:\PROGRAM FILES\ORCAD\LAYOUT_PLUS\library\SIMM100T.llb
Thu Jul 13 21:34:02 Loaded file C:\PROGRAM FILES\ORCAD\LAYOUT_PLUS\library\SIP.llb
Thu Jul 13 21:34:02 Loaded file C:\PROGRAM FILES\ORCAD\LAYOUT_PLUS\library\SM.llb
Thu Jul 13 21:34:02 Loaded file C:\PROGRAM FILES\ORCAD\LAYOUT_PLUS\library\SOG.llb
Thu Jul 13 21:34:02 Loaded file C:\PROGRAM FILES\ORCAD\LAYOUT_PLUS\library\SOJ.llb
Thu Jul 13 21:34:02 Loaded file C:\PROGRAM FILES\ORCAD\LAYOUT_PLUS\library\STIFF.llb
Thu Jul 13 21:34:02 Loaded file C:\PROGRAM FILES\ORCAD\LAYOUT_PLUS\library\TELE.llb
Thu Jul 13 21:34:02 Loaded file C:\PROGRAM FILES\ORCAD\LAYOUT_PLUS\library\TM_AXIAL.llb
Thu Jul 13 21:34:02 Loaded file C:\PROGRAM FILES\ORCAD\LAYOUT_PLUS\library\TM_CAP_P.llb
Thu Jul 13 21:34:02 Loaded file C:\PROGRAM FILES\ORCAD\LAYOUT_PLUS\library\TM_CYLND.llb
Thu Jul 13 21:34:02 Loaded file C:\PROGRAM FILES\ORCAD\LAYOUT_PLUS\library\TM_DIODE.llb
Thu Jul 13 21:34:02 Loaded file C:\PROGRAM FILES\ORCAD\LAYOUT_PLUS\library\TM_DISC.llb
Thu Jul 13 21:34:02 Loaded file C:\PROGRAM FILES\ORCAD\LAYOUT_PLUS\library\TM_RAD.llb
Thu Jul 13 21:34:03 Loaded file C:\PROGRAM FILES\ORCAD\LAYOUT_PLUS\library\TO.llb
Thu Jul 13 21:34:03 Loaded file C:\PROGRAM FILES\ORCAD\LAYOUT_PLUS\library\TRAINING.LLB
Thu Jul 13 21:34:03 Loaded file C:\PROGRAM FILES\ORCAD\LAYOUT_PLUS\library\VRES.llb
Thu Jul 13 21:34:03 Loaded file C:\PROGRAM FILES\ORCAD\LAYOUT_PLUS\library\WCON100T.llb
Thu Jul 13 21:34:03 Loaded file C:\PROGRAM FILES\ORCAD\LAYOUT_PLUS\library\XT.llb
Thu Jul 13 21:34:03 Loaded file C:\PROGRAM FILES\ORCAD\LAYOUT_PLUS\library\ZIGZAG.llb
Thu Jul 13 21:34:04 Loaded file C:\PROGRAM FILES\ORCAD\LAYOUT_PLUS\library\DIP100B.llb
Thu Jul 13 21:34:04 Loaded file C:\PROGRAM FILES\ORCAD\LAYOUT_PLUS\library\TM_DIODE.llb
Thu Jul 13 21:34:04 Loaded file C:\PROGRAM FILES\ORCAD\LAYOUT_PLUS\library\PCON100T.llb
Thu Jul 13 21:34:04 Loaded file C:\PROGRAM FILES\ORCAD\LAYOUT_PLUS\library\PCON100T.llb
Thu Jul 13 21:34:04 Loaded file C:\PROGRAM FILES\ORCAD\LAYOUT_PLUS\library\TM_RAD.llb
Thu Jul 13 21:34:04 Loaded file C:\PROGRAM FILES\ORCAD\LAYOUT_PLUS\library\PCON100T.llb
Thu Jul 13 21:34:04 Loaded file C:\PROGRAM FILES\ORCAD\LAYOUT_PLUS\library\TM_RAD.llb
Thu Jul 13 21:34:05 Loaded file C:\PROGRAM FILES\ORCAD\LAYOUT_PLUS\library\TM_CYLND.llb
Thu Jul 13 21:34:05 Saved as file E:\ORCAD\STEPMOTORDRIVER\STEPMOTORDRIVER.MAX
Thu Jul 13 21:34:05 Loaded file E:\ORCAD\STEPMOTORDRIVER\STEPMOTORDRIVER.MAX
Thu Jul 13 21:44:06 Saved as file BACKUP1.MAX
Thu Jul 13 21:49:57 Saved as file E:\ORCAD\STEPMOTORDRIVER\STEPMOTORDRIVER.MAX
Thu Jul 13 21:50:07 Loaded file C:\PROGRAM FILES\ORCAD\LAYOUT_PLUS\data\template.imp
Thu Jul 13 21:50:07 Loaded file C:\PROGRAM FILES\ORCAD\LAYOUT_PLUS\data\template.imp
Thu Jul 13 21:50:14 Loaded file C:\PROGRAM FILES\ORCAD\LAYOUT_PLUS\library\LAYOUT.llb
Thu Jul 13 21:50:16 Loaded file C:\PROGRAM FILES\ORCAD\LAYOUT_PLUS\data\template.imp
Thu Jul 13 21:50:57 Loaded file C:\PROGRAM FILES\ORCAD\LAYOUT_PLUS\data\template.imp
Thu Jul 13 21:50:57 Loaded file C:\PROGRAM FILES\ORCAD\LAYOUT_PLUS\data\template.imp
Thu Jul 13 21:50:59 Loaded file C:\PROGRAM FILES\ORCAD\LAYOUT_PLUS\data\template.imp
Thu Jul 13 21:51:39 Saved as file E:\ORCAD\STEPMOTORDRIVER\STEPMOTORDRIVER.MAX
Thu Jul 13 21:52:38 Saved as file E:\ORCAD\STEPMOTORDRIVER\STEPMOTORDRIVER.MAX
Thu Jul 13 21:53:58 Saved as file E:\ORCAD\STEPMOTORDRIVER\STEPMOTORDRIVER.MAX
Thu Jul 13 21:54:37 Saved as file BACKUP1.MAX
Thu Jul 13 21:55:19 Saved as file E:\ORCAD\STEPMOTORDRIVER\STEPMOTORDRIVER.MAX
Thu Jul 13 21:57:15 Saved as file E:\ORCAD\STEPMOTORDRIVER\STEPMOTORDRIVER.MAX
Thu Jul 13 21:57:57 Saved as file E:\ORCAD\STEPMOTORDRIVER\STEPMOTORDRIVER.MAX
Thu Jul 13 22:05:07 Saved as file BACKUP1.MAX
Thu Jul 13 22:05:49 Saved as file E:\ORCAD\STEPMOTORDRIVER\STEPMOTORDRIVER.MAX
Thu Jul 13 22:09:44 Saved as file E:\ORCAD\STEPMOTORDRIVER\STEPMOTORDRIVER.MAX
Thu Jul 13 22:15:38 Saved as file BACKUP1.MAX
Thu Jul 13 22:18:05 Loaded file C:\PROGRAM FILES\ORCAD\LAYOUT_PLUS\data\template.imp
Thu Jul 13 22:18:05 Loaded file C:\PROGRAM FILES\ORCAD\LAYOUT_PLUS\data\template.imp
Thu Jul 13 22:18:11 Loaded file C:\PROGRAM FILES\ORCAD\LAYOUT_PLUS\library\LAYOUT.llb
Thu Jul 13 22:18:13 Loaded file C:\PROGRAM FILES\ORCAD\LAYOUT_PLUS\data\template.imp
Thu Jul 13 22:18:55 Saved as file E:\ORCAD\STEPMOTORDRIVER\STEPMOTORDRIVER.MAX
Thu Jul 13 22:18:58 Saved as file E:\ORCAD\STEPMOTORDRIVER\STEPMOTORDRIVER.MAX
Thu Jul 13 22:20:23 Saved as file E:\ORCAD\STEPMOTORDRIVER\STEPMOTORDRIVER.MAX
Thu Jul 13 22:21:24 Saved as file E:\ORCAD\STEPMOTORDRIVER\STEPMOTORDRIVER.MAX
Thu Jul 13 22:21:32 Saved as file E:\ORCAD\STEPMOTORDRIVER\STEPMOTORDRIVER.MAX
Thu Jul 13 22:22:26 Saved as file BACKUP1.MAX
Thu Jul 13 22:22:26 Routed 22 connections in 0 seconds.
Thu Jul 13 22:22:26 Total is now 22 out of 56 (39%).
Thu Jul 13 22:22:26 Saved as file SWEEP1.MAX
Thu Jul 13 22:22:30 Saved as file BACKUP1.MAX
Thu Jul 13 22:22:30 Routed 34 connections in 3 seconds.
Thu Jul 13 22:22:30 Total is now 56 out of 56 (100%).
Thu Jul 13 22:22:30 Saved as file SWEEP2.MAX
Thu Jul 13 22:22:30 No new connections routed.
Thu Jul 13 22:22:30 Total is now 56 out of 56 (100%).
Thu Jul 13 22:22:30 Saved as file SWEEP3.MAX
Thu Jul 13 22:22:30 No new connections routed.
Thu Jul 13 22:22:30 Total is now 56 out of 56 (100%).
Thu Jul 13 22:22:30 Saved as file SWEEP4.MAX
Thu Jul 13 22:22:31 No new connections routed.
Thu Jul 13 22:22:31 Total is now 56 out of 56 (100%).
Thu Jul 13 22:22:31 Saved as file SWEEP5.MAX
Thu Jul 13 22:22:48 Error code 5200.306
Thu Jul 13 22:22:48 Saved as file Backup0.max
Thu Jul 13 22:22:48 Windows which were open at time of error:
Thu Jul 13 22:22:48 	ActiveWindow: Library Manager
Thu Jul 13 22:22:48 End-of-list
Thu Jul 13 22:22:49 Loaded file BACKUP0.MAX
Thu Jul 13 22:23:20 Saved as file E:\ORCAD\STEPMOTORDRIVER\STEPMOTORDRIVER.MAX
Thu Jul 13 22:23:20 Saved as file BACKUP1.MAX
Thu Jul 13 22:23:20 Saved as file E:\ORCAD\STEPMOTORDRIVER\STEPMOTORDRIVER.MAX
Thu Jul 13 22:23:21 UserDiv from Layout.INI for AutoECO: 60
Thu Jul 13 22:23:21 Loaded file E:\ORCAD\STEPMOTORDRIVER\STEPMOTORDRIVER.MAX
Thu Jul 13 22:23:21 Loaded file C:\PROGRAM FILES\ORCAD\LAYOUT_PLUS\library\BCON100T.llb
Thu Jul 13 22:23:22 Loaded file C:\PROGRAM FILES\ORCAD\LAYOUT_PLUS\library\BCON156T.llb
Thu Jul 13 22:23:22 Loaded file C:\PROGRAM FILES\ORCAD\LAYOUT_PLUS\library\BGA.llb
Thu Jul 13 22:23:22 Loaded file C:\PROGRAM FILES\ORCAD\LAYOUT_PLUS\library\CLCC.llb
Thu Jul 13 22:23:22 Loaded file C:\PROGRAM FILES\ORCAD\LAYOUT_PLUS\library\DCON050T.llb
Thu Jul 13 22:23:22 Loaded file C:\PROGRAM FILES\ORCAD\LAYOUT_PLUS\library\DCON085T.llb
Thu Jul 13 22:23:22 Loaded file C:\PROGRAM FILES\ORCAD\LAYOUT_PLUS\library\DIMM050F.llb
Thu Jul 13 22:23:22 Loaded file C:\PROGRAM FILES\ORCAD\LAYOUT_PLUS\library\DIMM050T.llb
Thu Jul 13 22:23:23 Loaded file C:\PROGRAM FILES\ORCAD\LAYOUT_PLUS\library\DIN.llb
Thu Jul 13 22:23:23 Loaded file C:\PROGRAM FILES\ORCAD\LAYOUT_PLUS\library\DIP100B.llb
Thu Jul 13 22:23:23 Loaded file C:\PROGRAM FILES\ORCAD\LAYOUT_PLUS\library\DIP100T.llb
Thu Jul 13 22:23:23 Loaded file C:\PROGRAM FILES\ORCAD\LAYOUT_PLUS\library\DSUBT.llb
Thu Jul 13 22:23:23 Loaded file C:\PROGRAM FILES\ORCAD\LAYOUT_PLUS\library\DSUBT_HD.LLB
Thu Jul 13 22:23:23 Loaded file C:\PROGRAM FILES\ORCAD\LAYOUT_PLUS\library\ECON100T.llb
Thu Jul 13 22:23:23 Loaded file C:\PROGRAM FILES\ORCAD\LAYOUT_PLUS\library\FBUS.llb
Thu Jul 13 22:23:23 Loaded file C:\PROGRAM FILES\ORCAD\LAYOUT_PLUS\library\ISA.llb
Thu Jul 13 22:23:23 Loaded file C:\PROGRAM FILES\ORCAD\LAYOUT_PLUS\library\JUMPER.LLB
Thu Jul 13 22:23:23 Loaded file C:\PROGRAM FILES\ORCAD\LAYOUT_PLUS\library\LAYOUT.llb
Thu Jul 13 22:23:23 Loaded file C:\PROGRAM FILES\ORCAD\LAYOUT_PLUS\library\LCON100T.llb
Thu Jul 13 22:23:23 Loaded file C:\PROGRAM FILES\ORCAD\LAYOUT_PLUS\library\PC104.llb
Thu Jul 13 22:23:23 Loaded file C:\PROGRAM FILES\ORCAD\LAYOUT_PLUS\library\PCI.llb
Thu Jul 13 22:23:23 Loaded file C:\PROGRAM FILES\ORCAD\LAYOUT_PLUS\library\PCON100T.llb
Thu Jul 13 22:23:23 Loaded file C:\PROGRAM FILES\ORCAD\LAYOUT_PLUS\library\PCON156T.llb
Thu Jul 13 22:23:23 Loaded file C:\PROGRAM FILES\ORCAD\LAYOUT_PLUS\library\PGA.llb
Thu Jul 13 22:23:23 Loaded file C:\PROGRAM FILES\ORCAD\LAYOUT_PLUS\library\PLCC.llb
Thu Jul 13 22:23:24 Loaded file C:\PROGRAM FILES\ORCAD\LAYOUT_PLUS\library\QUAD.llb
Thu Jul 13 22:23:24 Loaded file C:\PROGRAM FILES\ORCAD\LAYOUT_PLUS\library\QUADB.llb
Thu Jul 13 22:23:24 Loaded file C:\PROGRAM FILES\ORCAD\LAYOUT_PLUS\library\RELAY.llb
Thu Jul 13 22:23:24 Loaded file C:\PROGRAM FILES\ORCAD\LAYOUT_PLUS\library\RF.llb
Thu Jul 13 22:23:24 Loaded file C:\PROGRAM FILES\ORCAD\LAYOUT_PLUS\library\SBUS.llb
Thu Jul 13 22:23:24 Loaded file C:\PROGRAM FILES\ORCAD\LAYOUT_PLUS\library\SIMM050F.llb
Thu Jul 13 22:23:24 Loaded file C:\PROGRAM FILES\ORCAD\LAYOUT_PLUS\library\SIMM050T.llb
Thu Jul 13 22:23:24 Loaded file C:\PROGRAM FILES\ORCAD\LAYOUT_PLUS\library\SIMM100F.llb
Thu Jul 13 22:23:24 Loaded file C:\PROGRAM FILES\ORCAD\LAYOUT_PLUS\library\SIMM100T.llb
Thu Jul 13 22:23:24 Loaded file C:\PROGRAM FILES\ORCAD\LAYOUT_PLUS\library\SIP.llb
Thu Jul 13 22:23:24 Loaded file C:\PROGRAM FILES\ORCAD\LAYOUT_PLUS\library\SM.llb
Thu Jul 13 22:23:25 Loaded file C:\PROGRAM FILES\ORCAD\LAYOUT_PLUS\library\SOG.llb
Thu Jul 13 22:23:25 Loaded file C:\PROGRAM FILES\ORCAD\LAYOUT_PLUS\library\SOJ.llb
Thu Jul 13 22:23:25 Loaded file C:\PROGRAM FILES\ORCAD\LAYOUT_PLUS\library\STIFF.llb
Thu Jul 13 22:23:25 Loaded file C:\PROGRAM FILES\ORCAD\LAYOUT_PLUS\library\TELE.llb
Thu Jul 13 22:23:25 Loaded file C:\PROGRAM FILES\ORCAD\LAYOUT_PLUS\library\TM_AXIAL.llb
Thu Jul 13 22:23:25 Loaded file C:\PROGRAM FILES\ORCAD\LAYOUT_PLUS\library\TM_CAP_P.llb
Thu Jul 13 22:23:25 Loaded file C:\PROGRAM FILES\ORCAD\LAYOUT_PLUS\library\TM_CYLND.llb
Thu Jul 13 22:23:25 Loaded file C:\PROGRAM FILES\ORCAD\LAYOUT_PLUS\library\TM_DIODE.llb
Thu Jul 13 22:23:25 Loaded file C:\PROGRAM FILES\ORCAD\LAYOUT_PLUS\library\TM_DISC.llb
Thu Jul 13 22:23:25 Loaded file C:\PROGRAM FILES\ORCAD\LAYOUT_PLUS\library\TM_RAD.llb
Thu Jul 13 22:23:25 Loaded file C:\PROGRAM FILES\ORCAD\LAYOUT_PLUS\library\TO.llb
Thu Jul 13 22:23:25 Loaded file C:\PROGRAM FILES\ORCAD\LAYOUT_PLUS\library\TRAINING.LLB
Thu Jul 13 22:23:25 Loaded file C:\PROGRAM FILES\ORCAD\LAYOUT_PLUS\library\VRES.llb
Thu Jul 13 22:23:25 Loaded file C:\PROGRAM FILES\ORCAD\LAYOUT_PLUS\library\WCON100T.llb
Thu Jul 13 22:23:26 Loaded file C:\PROGRAM FILES\ORCAD\LAYOUT_PLUS\library\XT.llb
Thu Jul 13 22:23:26 Loaded file C:\PROGRAM FILES\ORCAD\LAYOUT_PLUS\library\ZIGZAG.llb
Thu Jul 13 22:23:26 Loaded file C:\PROGRAM FILES\ORCAD\LAYOUT_PLUS\library\DIP100B.llb
Thu Jul 13 22:23:26 Loaded file C:\PROGRAM FILES\ORCAD\LAYOUT_PLUS\library\TM_DIODE.llb
Thu Jul 13 22:23:26 Loaded file C:\PROGRAM FILES\ORCAD\LAYOUT_PLUS\library\PCON100T.llb
Thu Jul 13 22:23:27 Loaded file C:\PROGRAM FILES\ORCAD\LAYOUT_PLUS\library\PCON100T.llb
Thu Jul 13 22:23:27 Loaded file C:\PROGRAM FILES\ORCAD\LAYOUT_PLUS\library\TM_RAD.llb
Thu Jul 13 22:23:27 Loaded file C:\PROGRAM FILES\ORCAD\LAYOUT_PLUS\library\PCON100T.llb
Thu Jul 13 22:23:27 Loaded file C:\PROGRAM FILES\ORCAD\LAYOUT_PLUS\library\TM_RAD.llb
Thu Jul 13 22:23:27 Loaded file C:\PROGRAM FILES\ORCAD\LAYOUT_PLUS\library\TM_CYLND.llb
Thu Jul 13 22:23:27 Saved as file E:\ORCAD\STEPMOTORDRIVER\STEPMOTORDRIVER.MAX
Thu Jul 13 22:23:27 Loaded file E:\ORCAD\STEPMOTORDRIVER\STEPMOTORDRIVER.MAX
Thu Jul 13 22:23:35 Loaded file C:\PROGRAM FILES\ORCAD\LAYOUT_PLUS\data\template.imp
Thu Jul 13 22:23:35 Loaded file C:\PROGRAM FILES\ORCAD\LAYOUT_PLUS\data\template.imp
Thu Jul 13 22:23:40 Loaded file C:\PROGRAM FILES\ORCAD\LAYOUT_PLUS\library\LAYOUT.llb
Thu Jul 13 22:23:42 Loaded file C:\PROGRAM FILES\ORCAD\LAYOUT_PLUS\data\template.imp
Thu Jul 13 22:23:53 Saved as file E:\ORCAD\STEPMOTORDRIVER\STEPMOTORDRIVER.MAX
Thu Jul 13 22:24:00 Saved as file E:\ORCAD\STEPMOTORDRIVER\STEPMOTORDRIVER.MAX
Thu Jul 13 22:24:18 Loaded file C:\PROGRAM FILES\ORCAD\LAYOUT_PLUS\data\template.imp
Thu Jul 13 22:24:18 Loaded file C:\PROGRAM FILES\ORCAD\LAYOUT_PLUS\data\template.imp
Thu Jul 13 22:24:30 Loaded file C:\PROGRAM FILES\ORCAD\LAYOUT_PLUS\library\LAYOUT.llb
Thu Jul 13 22:24:31 Loaded file C:\PROGRAM FILES\ORCAD\LAYOUT_PLUS\data\template.imp
Thu Jul 13 22:24:36 Loaded file C:\PROGRAM FILES\ORCAD\LAYOUT_PLUS\data\template.imp
Thu Jul 13 22:24:36 Loaded file C:\PROGRAM FILES\ORCAD\LAYOUT_PLUS\data\template.imp
Thu Jul 13 22:24:50 Saved as file E:\ORCAD\STEPMOTORDRIVER\STEPMOTORDRIVER.MAX
Thu Jul 13 22:25:07 Saved as file E:\ORCAD\STEPMOTORDRIVER\STEPMOTORDRIVER.MAX
Thu Jul 13 22:25:17 Saved as file E:\ORCAD\STEPMOTORDRIVER\STEPMOTORDRIVER.MAX
Thu Jul 13 22:25:24 Loaded file C:\PROGRAM FILES\ORCAD\LAYOUT_PLUS\data\template.imp
Thu Jul 13 22:25:24 Loaded file C:\PROGRAM FILES\ORCAD\LAYOUT_PLUS\data\template.imp
Thu Jul 13 22:25:32 Loaded file C:\PROGRAM FILES\ORCAD\LAYOUT_PLUS\library\LAYOUT.llb
Thu Jul 13 22:25:33 Loaded file C:\PROGRAM FILES\ORCAD\LAYOUT_PLUS\data\template.imp
Thu Jul 13 22:25:41 Saved as file E:\ORCAD\STEPMOTORDRIVER\STEPMOTORDRIVER.MAX
Thu Jul 13 22:26:02 Saved as file E:\ORCAD\STEPMOTORDRIVER\STEPMOTORDRIVER.MAX
Thu Jul 13 22:27:34 Saved as file E:\ORCAD\STEPMOTORDRIVER\STEPMOTORDRIVER.MAX
Thu Jul 13 22:27:50 Saved as file E:\ORCAD\STEPMOTORDRIVER\STEPMOTORDRIVER.MAX
Thu Jul 13 22:27:56 Saved as file E:\ORCAD\STEPMOTORDRIVER\STEPMOTORDRIVER.MAX
Thu Jul 13 22:33:40 Saved as file BACKUP1.MAX
Thu Jul 13 22:41:13 Saved as file E:\ORCAD\STEPMOTORDRIVER\STEPMOTORDRIVER.MAX
Thu Jul 13 22:42:58 Saved as file E:\ORCAD\STEPMOTORDRIVER\STEPMOTORDRIVER.MAX
Thu Jul 13 22:42:59 Saved as file E:\ORCAD\STEPMOTORDRIVER\STEPMOTORDRIVER.MAX
Thu Jul 13 22:43:40 Saved as file BACKUP1.MAX
Thu Jul 13 22:47:58 Saved as file BACKUP1.MAX
Thu Jul 13 22:47:58 Saved as file BACKUP1.MAX
Thu Jul 13 22:47:59 Saved as file BACKUP1.MAX
Thu Jul 13 22:47:59 Saved as file BACKUP1.MAX
Thu Jul 13 22:47:59 Saved as file BACKUP1.MAX
Thu Jul 13 22:47:59 Saved as file BACKUP1.MAX
Thu Jul 13 22:47:59 Routed 1 connections in 0 seconds.
Thu Jul 13 22:47:59 Total is now 1 out of 63 (1%).
Thu Jul 13 22:47:59 Saved as file SWEEP1.MAX
Thu Jul 13 22:48:03 Saved as file BACKUP1.MAX
Thu Jul 13 22:48:03 Saved as file BACKUP1.MAX
Thu Jul 13 22:48:03 Saved as file BACKUP1.MAX
Thu Jul 13 22:48:03 Saved as file BACKUP1.MAX
Thu Jul 13 22:48:03 Saved as file BACKUP1.MAX
Thu Jul 13 22:48:03 Saved as file BACKUP1.MAX
Thu Jul 13 22:48:03 Routed 33 connections in 4 seconds.
Thu Jul 13 22:48:03 Total is now 30 out of 63 (47%).
Thu Jul 13 22:48:03 Saved as file SWEEP2.MAX
Thu Jul 13 22:48:13 No new connections routed.
Thu Jul 13 22:48:13 Total is now 30 out of 63 (47%).
Thu Jul 13 22:48:13 Saved as file SWEEP3.MAX
Thu Jul 13 22:48:26 Routed 1 connections in 13 seconds.
Thu Jul 13 22:48:26 Total is now 30 out of 63 (47%).
Thu Jul 13 22:48:26 Saved as file SWEEP4.MAX
Thu Jul 13 22:48:41 Routed 1 connections in 14 seconds.
Thu Jul 13 22:48:41 Total is now 30 out of 63 (47%).
Thu Jul 13 22:48:41 Saved as file SWEEP5.MAX
Thu Jul 13 22:49:16 Saved as file E:\ORCAD\STEPMOTORDRIVER\STEPMOTORDRIVER.MAX
Thu Jul 13 22:49:22 Saved as file BACKUP1.MAX
Thu Jul 13 22:49:22 Routed 11 connections in 0 seconds.
Thu Jul 13 22:49:22 Total is now 11 out of 63 (17%).
Thu Jul 13 22:49:22 Saved as file SWEEP1.MAX
Thu Jul 13 22:49:24 Saved as file BACKUP1.MAX
Thu Jul 13 22:49:24 Routed 51 connections in 2 seconds.
Thu Jul 13 22:49:24 Total is now 62 out of 63 (98%).
Thu Jul 13 22:49:24 Saved as file SWEEP2.MAX
Thu Jul 13 22:49:25 No new connections routed.
Thu Jul 13 22:49:25 Total is now 62 out of 63 (98%).
Thu Jul 13 22:49:25 Saved as file SWEEP3.MAX
Thu Jul 13 22:49:26 Routed 1 connections in 0 seconds.
Thu Jul 13 22:49:26 Total is now 63 out of 63 (100%).
Thu Jul 13 22:49:26 Saved as file SWEEP4.MAX
Thu Jul 13 22:49:26 No new connections routed.
Thu Jul 13 22:49:26 Total is now 63 out of 63 (100%).
Thu Jul 13 22:49:26 Saved as file SWEEP5.MAX
Thu Jul 13 22:50:54 Saved as file BACKUP1.MAX
Thu Jul 13 22:50:54 Routed 4 connections in 0 seconds.
Thu Jul 13 22:50:54 Total is now 30 out of 63 (47%).
Thu Jul 13 22:50:54 Saved as file SWEEP1.MAX
Thu Jul 13 22:50:56 Saved as file BACKUP1.MAX
Thu Jul 13 22:50:56 Routed 32 connections in 1 seconds.
Thu Jul 13 22:50:56 Total is now 62 out of 63 (98%).
Thu Jul 13 22:50:56 Saved as file SWEEP2.MAX
Thu Jul 13 22:50:57 Routed 1 connections in 0 seconds.
Thu Jul 13 22:50:57 Total is now 63 out of 63 (100%).
Thu Jul 13 22:50:57 Saved as file SWEEP3.MAX
Thu Jul 13 22:50:57 No new connections routed.
Thu Jul 13 22:50:57 Total is now 63 out of 63 (100%).
Thu Jul 13 22:50:57 Saved as file SWEEP4.MAX
Thu Jul 13 22:50:57 No new connections routed.
Thu Jul 13 22:50:57 Total is now 63 out of 63 (100%).
Thu Jul 13 22:50:57 Saved as file SWEEP5.MAX
Thu Jul 13 22:53:41 Saved as file BACKUP1.MAX
Thu Jul 13 22:59:17 Saved as file E:\ORCAD\STEPMOTORDRIVER\STEPMOTORDRIVER.MAX
Thu Jul 13 22:59:20 Saved as file BACKUP1.MAX
Thu Jul 13 22:59:20 Routed 14 connections in 0 seconds.
Thu Jul 13 22:59:20 Total is now 14 out of 63 (22%).
Thu Jul 13 22:59:20 Saved as file SWEEP1.MAX
Thu Jul 13 22:59:23 Saved as file BACKUP1.MAX
Thu Jul 13 22:59:23 Routed 46 connections in 2 seconds.
Thu Jul 13 22:59:23 Total is now 60 out of 63 (95%).
Thu Jul 13 22:59:23 Saved as file SWEEP2.MAX
Thu Jul 13 22:59:24 Routed 3 connections in 1 seconds.
Thu Jul 13 22:59:24 Total is now 63 out of 63 (100%).
Thu Jul 13 22:59:24 Saved as file SWEEP3.MAX
Thu Jul 13 22:59:24 No new connections routed.
Thu Jul 13 22:59:24 Total is now 63 out of 63 (100%).
Thu Jul 13 22:59:24 Saved as file SWEEP4.MAX
Thu Jul 13 22:59:25 No new connections routed.
Thu Jul 13 22:59:25 Total is now 63 out of 63 (100%).
Thu Jul 13 22:59:25 Saved as file SWEEP5.MAX
Thu Jul 13 22:59:52 Saved as file BACKUP1.MAX
Thu Jul 13 22:59:52 Routed 14 connections in 0 seconds.
Thu Jul 13 22:59:52 Total is now 14 out of 63 (22%).
Thu Jul 13 22:59:52 Saved as file SWEEP1.MAX
Thu Jul 13 22:59:54 Saved as file BACKUP1.MAX
Thu Jul 13 22:59:54 Routed 49 connections in 2 seconds.
Thu Jul 13 22:59:54 Total is now 63 out of 63 (100%).
Thu Jul 13 22:59:54 Saved as file SWEEP2.MAX
Thu Jul 13 22:59:55 No new connections routed.
Thu Jul 13 22:59:55 Total is now 63 out of 63 (100%).
Thu Jul 13 22:59:55 Saved as file SWEEP3.MAX
Thu Jul 13 22:59:55 No new connections routed.
Thu Jul 13 22:59:55 Total is now 63 out of 63 (100%).
Thu Jul 13 22:59:55 Saved as file SWEEP4.MAX
Thu Jul 13 22:59:55 No new connections routed.
Thu Jul 13 22:59:55 Total is now 63 out of 63 (100%).
Thu Jul 13 22:59:55 Saved as file SWEEP5.MAX
Thu Jul 13 23:06:02 Saved as file E:\ORCAD\STEPMOTORDRIVER\STEPMOTORDRIVER.MAX
Thu Jul 13 23:06:06 Saved as file BACKUP1.MAX
Thu Jul 13 23:06:06 Routed 14 connections in 0 seconds.
Thu Jul 13 23:06:06 Total is now 14 out of 63 (22%).
Thu Jul 13 23:06:06 Saved as file SWEEP1.MAX
Thu Jul 13 23:06:08 Saved as file BACKUP1.MAX
Thu Jul 13 23:06:08 Routed 48 connections in 2 seconds.
Thu Jul 13 23:06:08 Total is now 62 out of 63 (98%).
Thu Jul 13 23:06:08 Saved as file SWEEP2.MAX
Thu Jul 13 23:06:09 Routed 1 connections in 0 seconds.
Thu Jul 13 23:06:09 Total is now 63 out of 63 (100%).
Thu Jul 13 23:06:09 Saved as file SWEEP3.MAX
Thu Jul 13 23:06:10 No new connections routed.
Thu Jul 13 23:06:10 Total is now 63 out of 63 (100%).
Thu Jul 13 23:06:10 Saved as file SWEEP4.MAX
Thu Jul 13 23:06:10 No new connections routed.
Thu Jul 13 23:06:10 Total is now 63 out of 63 (100%).
Thu Jul 13 23:06:10 Saved as file SWEEP5.MAX
Thu Jul 13 23:07:03 Saved as file BACKUP1.MAX
Thu Jul 13 23:07:03 Routed 14 connections in 0 seconds.
Thu Jul 13 23:07:03 Total is now 14 out of 63 (22%).
Thu Jul 13 23:07:03 Saved as file SWEEP1.MAX
Thu Jul 13 23:07:06 Saved as file BACKUP1.MAX
Thu Jul 13 23:07:06 Routed 48 connections in 3 seconds.
Thu Jul 13 23:07:06 Total is now 62 out of 63 (98%).
Thu Jul 13 23:07:06 Saved as file SWEEP2.MAX
Thu Jul 13 23:07:07 Routed 1 connections in 0 seconds.
Thu Jul 13 23:07:07 Total is now 63 out of 63 (100%).
Thu Jul 13 23:07:07 Saved as file SWEEP3.MAX
Thu Jul 13 23:07:07 No new connections routed.
Thu Jul 13 23:07:07 Total is now 63 out of 63 (100%).
Thu Jul 13 23:07:07 Saved as file SWEEP4.MAX
Thu Jul 13 23:07:07 No new connections routed.
Thu Jul 13 23:07:07 Total is now 63 out of 63 (100%).
Thu Jul 13 23:07:07 Saved as file SWEEP5.MAX
Thu Jul 13 23:07:10 Saved as file E:\ORCAD\STEPMOTORDRIVER\STEPMOTORDRIVER.MAX
Thu Jul 13 23:07:53 Saved as file E:\ORCAD\STEPMOTORDRIVER\STEPMOTORDRIVER.MAX
Thu Jul 13 23:07:54 Saved as file E:\ORCAD\STEPMOTORDRIVER\STEPMOTORDRIVER.MAX
Thu Jul 13 23:07:59 Saved as file E:\ORCAD\STEPMOTORDRIVER\STEPMOTORDRIVER.MAX
Thu Jul 13 23:09:12 Saved as file BACKUP1.MAX
Thu Jul 13 23:09:17 Saved as file E:\ORCAD\STEPMOTORDRIVER\STEPMOTORDRIVER.MAX
Thu Jul 13 23:09:30 Saved as file E:\ORCAD\STEPMOTORDRIVER\STEPMOTORDRIVER.MAX
Thu Jul 13 23:10:38 Saved as file E:\ORCAD\STEPMOTORDRIVER\STEPMOTORDRIVER.MAX
Thu Jul 13 23:10:50 Saved as file E:\ORCAD\STEPMOTORDRIVER\STEPMOTORDRIVER.MAX
Thu Jul 13 23:11:05 Saved as file E:\ORCAD\STEPMOTORDRIVER\STEPMOTORDRIVER.MAX
Thu Jul 13 23:11:34 Saved as file E:\ORCAD\STEPMOTORDRIVER\STEPMOTORDRIVER.MAX
Thu Jul 13 23:12:39 Saved as file E:\ORCAD\STEPMOTORDRIVER\STEPMOTORDRIVER.MAX
Thu Jul 13 23:13:13 Saved as file E:\ORCAD\STEPMOTORDRIVER\STEPMOTORDRIVER.MAX
Thu Jul 13 23:13:38 Saved as file E:\ORCAD\STEPMOTORDRIVER\STEPMOTORDRIVER.MAX
Thu Jul 13 23:19:12 Saved as file BACKUP1.MAX
Thu Jul 13 23:30:05 Saved as file E:\ORCAD\STEPMOTORDRIVER\STEPMOTORDRIVER.MAX
Thu Jul 13 23:35:43 Saved as file BACKUP1.MAX
Thu Jul 13 23:39:12 Saved as file E:\ORCAD\STEPMOTORDRIVER\STEPMOTORDRIVER.MAX
Fri Jul 14 01:42:14 Saved as file E:\ORCAD\STEPMOTORDRIVER\STEPMOTORDRIVER.MAX
Fri Jul 14 01:42:21 Saved as file E:\ORCAD\STEPMOTORDRIVER\STEPMOTORDRIVER.MAX
Thu Jul 20 23:52:23 Saved as file E:\ORCAD\STEPMO~1\STEPMO~1.MAX
Thu Jul 20 23:53:38 Saved as file BACKUP1.MAX
Fri Jul 21 00:03:39 Saved as file BACKUP1.MAX
Fri Jul 21 00:13:39 Saved as file BACKUP1.MAX
Fri Jul 21 00:23:39 Saved as file BACKUP1.MAX
Fri Jul 21 00:33:40 Saved as file BACKUP1.MAX
Fri Jul 21 00:43:41 Saved as file BACKUP1.MAX
Fri Jul 21 00:50:14 Saved as file E:\ORCAD\STEPMO~1\STEPMO~1.MAX
Fri Jul 21 00:50:15 Saved as file E:\ORCAD\STEPMO~1\STEPMO~1.MAX
Fri Jul 21 00:54:11 Saved as file BACKUP1.MAX
Fri Jul 21 01:04:12 Saved as file BACKUP1.MAX
Sun Jul 23 17:10:58 Saved as file E:\ORCAD\STEPMOTORDRIVER\STEPMOTORDRIVER.MAX
Sun Jul 23 17:11:06 Saved as file E:\ORCAD\STEPMOTORDRIVER\STEPMOTORDRIVER.MAX
Sun Jul 23 17:11:07 Saved as file E:\ORCAD\STEPMOTORDRIVER\STEPMOTORDRIVER.MAX
