AutoECO Report
FILE-A: E:\ORCAD\STEPMOTORDRIVER\STEPMOTORDRIVER.MAX
FILE-B: E:\ORCAD\STEPMOTORDRIVER\STEPMOTORDRIVER.MNL
If "*EOF*" immediately follows, no changes were made
Adding footprint DIP.100B/16/W.300/L.900
Adding footprint DAX/.425X.100/.040
Adding footprint POLCON.100/VH/TM1SQS/W.300/3
Adding footprint POLCON.100/VH/TM1SQS/W.300/6
Adding footprint R10W
Adding footprint POLCON.100/VH/TM1SQS/W.300/5
Adding footprint RAD/.450X.225/LS.300/.034
Adding footprint CYL/D.150/LS.100/.031
Adding package UCN5804B
Adding package DIODE_0
Adding package DIODE_1
Adding package DIODE_2
Adding package DIODE_3
Adding package DIODE_4
Adding package DIODE_6
Adding package DIODE_7
Adding package DIODE_8
Adding package CON3_2
Adding package CON6_1
Adding package R
Adding package CON5_1
Adding package LED
Adding component U1
Adding component U2
Adding component D1
Adding component D2
Adding component D3
Adding component D4
Adding component D5
Adding component D6
Adding component D7
Adding component D8
Adding component CON1
Adding component CON4
Adding component CON5
Adding component R3
Adding component CON3
Adding component R1
Adding component R2
Adding component CON2
Adding component D9
Adding component D10
Adding component D11
Adding component D12
Adding component D13
Adding component D14
Adding component D15
Adding component D16
Adding net N00062
Adding net N00068
Adding net N00059
Adding net N00065
Adding net N00099
Adding net N00102
Adding net N00105
Adding net N00111
Adding net N00108
Adding net GND
Adding net N04568
Adding net VDD
Adding net OE1
Adding net OE2
Adding net DIR1
Adding net DIR2
Adding net STEP_IN1
Adding net STEP_IN2
Adding net HALF_STEP1
Adding net HALF_STEP2
Adding net ONE_PHASE1
Adding net ONE_PHASE2
Adding net N00333
Adding net N00291
Adding net O2D
Adding net O1C
Adding net O1A
Adding net O2B
Adding net O1D
Adding net O2A
Adding net O2C
Adding net O1B
Adding net VM
Deleting net DEFAULT
*EOF*
No errors found
