!"ADMINISTRATOR"."FACULTY"!tab1.ixf!tab1.msg!
!"ADMINISTRATOR"."DEPARTMENT"!tab2.ixf!tab2.msg!
!"ADMINISTRATOR"."MAJOR"!tab3.ixf!tab3.msg!
!"ADMINISTRATOR"."MINOR"!tab4.ixf!tab4.msg!
!"ADMINISTRATOR"."REGISTRAR"!tab5.ixf!tab5.msg!
!"ADMINISTRATOR"."TIME_SCHEDULE"!tab6.ixf!tab6.msg!
!"ADMINISTRATOR"."SUBJECT"!tab7.ixf!tab7.msg!
!"ADMINISTRATOR"."REGISTER"!tab8.ixf!tab8.msg!
!"ADMINISTRATOR"."SECTION"!tab9.ixf!tab9.msg!
!"ADMINISTRATOR"."STUDENT"!tab10.ixf!tab10.msg!
!"ADMINISTRATOR"."GRADE"!tab11.ixf!tab11.msg!
!"ADMINISTRATOR"."LECTURER"!tab12.ixf!tab12.msg!
!"ADMINISTRATOR"."PREREQUISITE"!tab13.ixf!tab13.msg!
!"ADMINISTRATOR"."TEACH"!tab14.ixf!tab14.msg!
!"ADMINISTRATOR"."THESIS"!tab15.ixf!tab15.msg!
!"ADMINISTRATOR"."SUPERVISE"!tab16.ixf!tab16.msg!
!"ADMINISTRATOR"."COST"!tab17.ixf!tab17.msg!
!"ADMINISTRATOR"."COURSE"!tab18.ixf!tab18.msg!
!"ADMINISTRATOR"."SUBCOURSE"!tab19.ixf!tab19.msg!
!"ADMINISTRATOR"."COURSEWORK"!tab20.ixf!tab20.msg!
!"ADMINISTRATOR"."TABLE1"!tab21.ixf!tab21.msg!
!"ADMINISTRATOR"."TABLE2"!tab22.ixf!tab22.msg!
!"ADMINISTRATOR"."EXAMTHESIS"!tab23.ixf!tab23.msg!
