<?xml version="1.0" encoding="utf-8"?>
<UpgradeLog>
    <Settings>
        <Setting
            Name = "LogFile"
            Value = "Project1.log"
        />
        <Setting
            Name = "GenerateInterfacesForClasses"
            Value = "FALSE"
        />
        <Setting
            Name = "ProjectName"
            Value = "Project1"
        />
        <Setting
            Name = "OutputName"
            Value = "Project1.vbproj"
        />
        <Setting
            Name = "OutputDir"
            Value = "C:\Documents and Settings\Administrator\Desktop\Final Project\SampleSearch"
        />
        <Setting
            Name = "ProjectPath"
            Value = "D:\SDK\TmgX V3.08 (Release 04-04-29)\Sample\sample search\Project1.vbp"
        />
        <Setting
            Name = "MigrateProjectTo"
            Value = "0"
        />
    </Settings>
    <File
        OldPath = "D:\SDK\TmgX V3.08 (Release 04-04-29)\Sample\sample search\Form1.frm"
        NewPath = "C:\Documents and Settings\Administrator\Desktop\Final Project\SampleSearch\Form1.vb"
        FileType = "Form"
        Upgraded = "True"
    >
        <Section Name = "Command10_Click" >
            <Issue
                Type = "Runtime"
                Number = "1037"
            >Couldn't resolve default property of object i.</Issue>
        </Section>
        <Section Name = "Command6_Click" >
            <Issue
                Type = "Runtime"
                Number = "1037"
            >Couldn't resolve default property of object i.</Issue>
        </Section>
        <Section Name = "Command7_Click" >
            <Issue
                Type = "Runtime"
                Number = "1037"
            >Couldn't resolve default property of object i.</Issue>
        </Section>
    </File>
</UpgradeLog>

